RocksDB:    version 8.10.2
Date:       Fri Aug  7 21:04:38 2026
CPU:        4 * AMD EPYC 9V74 80-Core Processor
CPUCache:   1024 KB
Set seed to 1786136678265733 because --seed was 0
Initializing RocksDB Options from the specified file
Initializing RocksDB Options from command-line flags
Integrated BlobDB: blob cache disabled
Keys:       8 bytes each (+ 0 bytes user-defined timestamp)
Values:     50 bytes each (25 bytes after compression)
Entries:    100000000
Prefix:    0 bytes
Keys per prefix:    0
RawSize:    5531.3 MB (estimated)
FileSize:   3147.1 MB (estimated)
Write rate: 0 bytes/second
Read rate: 0 ops/second
Compression: Snappy
Compression sampling rate: 0
Memtablerep: CSPPMemTabFactory
Perf Level: 1
------------------------------------------------
DB path: [/dev/shm/db_bench_enterprise]
nextwithkey  :    0.019189 micros/op 52111180 ops/sec 1.919 seconds 100000000 operations;  397.6 MB/s
DB path: [/dev/shm/db_bench_enterprise]
nextwithkey  :    0.019148 micros/op 52222484 ops/sec 1.915 seconds 100000000 operations;  398.4 MB/s
DB path: [/dev/shm/db_bench_enterprise]
nextwithkey  :    0.019161 micros/op 52187627 ops/sec 1.916 seconds 100000000 operations;  398.2 MB/s
DB path: [/dev/shm/db_bench_enterprise]
readseq      :    0.019870 micros/op 50327278 ops/sec 1.987 seconds 100000000 operations;  384.0 MB/s
DB path: [/dev/shm/db_bench_enterprise]
readseq      :    0.019855 micros/op 50363904 ops/sec 1.986 seconds 100000000 operations;  384.2 MB/s
DB path: [/dev/shm/db_bench_enterprise]
readseq      :    0.019850 micros/op 50376209 ops/sec 1.985 seconds 100000000 operations;  384.3 MB/s
