RocksDB:    version 8.10.2
Date:       Fri Aug  7 21:02:31 2026
CPU:        4 * AMD EPYC 9V74 80-Core Processor
CPUCache:   1024 KB
Set seed to 1786136551477741 because --seed was 0
Initializing RocksDB Options from the specified file
Initializing RocksDB Options from command-line flags
Integrated BlobDB: blob cache disabled
Keys:       8 bytes each (+ 0 bytes user-defined timestamp)
Values:     50 bytes each (25 bytes after compression)
Entries:    100000000
Prefix:    0 bytes
Keys per prefix:    0
RawSize:    5531.3 MB (estimated)
FileSize:   3147.1 MB (estimated)
Write rate: 0 bytes/second
Read rate: 0 ops/second
Compression: Snappy
Compression sampling rate: 0
Memtablerep: CSPPMemTabFactory
Perf Level: 1
------------------------------------------------
DB path: [/dev/shm/db_bench_enterprise]
nextwithkey  :    0.026993 micros/op 37046422 ops/sec 2.699 seconds 100000000 operations;  282.6 MB/s
DB path: [/dev/shm/db_bench_enterprise]
nextwithkey  :    0.025973 micros/op 38500809 ops/sec 2.597 seconds 100000000 operations;  293.7 MB/s
DB path: [/dev/shm/db_bench_enterprise]
nextwithkey  :    0.025829 micros/op 38714732 ops/sec 2.583 seconds 100000000 operations;  295.4 MB/s
DB path: [/dev/shm/db_bench_enterprise]
readseq      :    0.026733 micros/op 37405606 ops/sec 2.673 seconds 100000000 operations;  285.4 MB/s
DB path: [/dev/shm/db_bench_enterprise]
readseq      :    0.027145 micros/op 36838097 ops/sec 2.715 seconds 100000000 operations;  281.1 MB/s
DB path: [/dev/shm/db_bench_enterprise]
readseq      :    0.027314 micros/op 36610149 ops/sec 2.731 seconds 100000000 operations;  279.3 MB/s
