RocksDB:    version 11.9.0
Date:       Sat Aug 15 10:59:47 2026
CPU:        4 * AMD EPYC 7763 64-Core Processor
CPUCache:   512 KB
Set seed to 1786791587680997 because --seed was 0
Initializing RocksDB Options from the specified file
Initializing RocksDB Options from command-line flags
Integrated BlobDB: blob cache disabled
Keys:       8 bytes each (+ 0 bytes user-defined timestamp)
Values:     50 bytes each (25 bytes after compression)
Entries:    100000000
Prefix:    0 bytes
Keys per prefix:    0
RawSize:    5531.3 MB (estimated)
FileSize:   3147.1 MB (estimated)
Write rate: 0 bytes/second
Read rate: 0 ops/second
Compression: Snappy
Compression sampling rate: 0
Memtablerep: SkipListFactory
Perf Level: 1
------------------------------------------------
Initializing RocksDB Options from the specified file
Initializing RocksDB Options from command-line flags
Integrated BlobDB: blob cache disabled
DB path: [/dev/shm/db_bench_rocksdb_master]
2026-08-15T10:59:47.693949Z fillrandom   :       1.534 micros/op 651706 ops/sec 153.443 seconds 100000000 operations;   36.0 MB/s
flush memtable
DB path: [/dev/shm/db_bench_rocksdb_master]
2026-08-15T11:02:21.438371Z compact      : 52995595.000 micros/op 0 ops/sec 52.996 seconds 1 operations;
DB path: [/dev/shm/db_bench_rocksdb_master]
2026-08-15T11:03:14.434162Z readseq      :       0.182 micros/op 5504562 ops/sec 11.484 seconds 63214991 operations;  304.5 MB/s
DB path: [/dev/shm/db_bench_rocksdb_master]
2026-08-15T11:03:25.918542Z readseq      :       0.135 micros/op 7415688 ops/sec 8.524 seconds 63214991 operations;  410.2 MB/s
DB path: [/dev/shm/db_bench_rocksdb_master]
2026-08-15T11:03:34.443306Z readseq      :       0.134 micros/op 7452023 ops/sec 8.483 seconds 63214991 operations;  412.2 MB/s
DB path: [/dev/shm/db_bench_rocksdb_master]
2026-08-15T11:03:42.926473Z readrandom   :       2.834 micros/op 352846 ops/sec 283.410 seconds 100000000 operations;   12.3 MB/s (63214394 of 100000000 found)

