$ /home/runner/work/toplingdb/toplingdb/_run_prefix/topling/bin/db_bench -json logs/zipkeyvalue/db_bench-fillseq.yaml -num=200000000 -key_size=8 -value_size=50 -batch_size=1000 -benchmarks=nextwithkey,nextwithkey,nextwithkey,readseq,readseq,readseq -scan_omit_key -scan_omit_value -use_existing_db=1 -enable_zero_copy -progress_reports=false
RocksDB:    version 8.10.2
Date:       Sun Aug 23 14:27:44 2026
CPU:        4 * AMD EPYC 9V74 80-Core Processor
CPUCache:   1024 KB
Set seed to 1787495264523115 because --seed was 0
Initializing RocksDB Options from the specified file
Initializing RocksDB Options from command-line flags
Integrated BlobDB: blob cache disabled
Keys:       8 bytes each (+ 0 bytes user-defined timestamp)
Values:     50 bytes each (25 bytes after compression)
Entries:    200000000
Prefix:    0 bytes
Keys per prefix:    0
RawSize:    11062.6 MB (estimated)
FileSize:   6294.3 MB (estimated)
Write rate: 0 bytes/second
Read rate: 0 ops/second
Compression: Snappy
Compression sampling rate: 0
Memtablerep: CSPPMemTabFactory
Perf Level: 1
------------------------------------------------
DB path: [/dev/shm/db_bench_enterprise]
nextwithkey  :    0.019157 micros/op 52198673 ops/sec 3.832 seconds 200000000 operations;  398.2 MB/s
DB path: [/dev/shm/db_bench_enterprise]
nextwithkey  :    0.019119 micros/op 52304209 ops/sec 3.824 seconds 200000000 operations;  399.0 MB/s
DB path: [/dev/shm/db_bench_enterprise]
nextwithkey  :    0.019115 micros/op 52314306 ops/sec 3.823 seconds 200000000 operations;  399.1 MB/s
DB path: [/dev/shm/db_bench_enterprise]
readseq      :    0.019841 micros/op 50398869 ops/sec 3.968 seconds 200000000 operations;  384.5 MB/s
DB path: [/dev/shm/db_bench_enterprise]
readseq      :    0.019837 micros/op 50410073 ops/sec 3.967 seconds 200000000 operations;  384.6 MB/s
DB path: [/dev/shm/db_bench_enterprise]
readseq      :    0.019841 micros/op 50398843 ops/sec 3.968 seconds 200000000 operations;  384.5 MB/s
