$ /home/runner/work/toplingdb/toplingdb/_run_prefix/topling/bin/db_bench -json logs/zipkeyvalue/db_bench-fillrandom.yaml -num=200000000 -key_size=8 -value_size=50 -batch_size=1000 -benchmarks=fillrandom,flush,compact,readseq,readseq,readseq,readrandom -enable_zero_copy -progress_reports=false -report_bench_start_time -compact_target_level=6
RocksDB:    version 8.10.2
Date:       Sun Aug 23 14:08:14 2026
CPU:        4 * AMD EPYC 9V74 80-Core Processor
CPUCache:   1024 KB
Set seed to 1787494094725527 because --seed was 0
Initializing RocksDB Options from the specified file
Initializing RocksDB Options from command-line flags
Integrated BlobDB: blob cache disabled
Keys:       8 bytes each (+ 0 bytes user-defined timestamp)
Values:     50 bytes each (25 bytes after compression)
Entries:    200000000
Prefix:    0 bytes
Keys per prefix:    0
RawSize:    11062.6 MB (estimated)
FileSize:   6294.3 MB (estimated)
Write rate: 0 bytes/second
Read rate: 0 ops/second
Compression: Snappy
Compression sampling rate: 0
Memtablerep: CSPPMemTabFactory
Perf Level: 1
------------------------------------------------
Initializing RocksDB Options from the specified file
Initializing RocksDB Options from command-line flags
Integrated BlobDB: blob cache disabled
DB path: [/dev/shm/db_bench_enterprise]
2026-08-23T14:08:16.762435Z fillrandom   :    1.170146 micros/op 854593 ops/sec 234.029 seconds 200000000 operations;   47.3 MB/s
start step[ordinal=0, threadno=0, live_fibers=1]: ZipInputData
start step[ordinal=0, threadno=1, live_fibers=1]: ZipInputData
start step[ordinal=0, threadno=3, live_fibers=1]: ZipInputData
start step[ordinal=0, threadno=2, live_fibers=1]: ZipInputData
start step[ordinal=1, threadno=0, live_fibers=1]: WriteZipData
flush memtable
DB path: [/dev/shm/db_bench_enterprise]
2026-08-23T14:12:14.563862Z compact      : 152631488.000000 micros/op 0 ops/sec 152.632 seconds 1 operations;
DB path: [/dev/shm/db_bench_enterprise]
2026-08-23T14:14:47.195623Z readseq      :    0.059136 micros/op 16910198 ops/sec 11.827 seconds 200000000 operations;  935.4 MB/s
DB path: [/dev/shm/db_bench_enterprise]
2026-08-23T14:14:59.023068Z readseq      :    0.059203 micros/op 16890880 ops/sec 11.841 seconds 200000000 operations;  934.3 MB/s
DB path: [/dev/shm/db_bench_enterprise]
2026-08-23T14:15:10.864038Z readseq      :    0.059008 micros/op 16946778 ops/sec 11.802 seconds 200000000 operations;  937.4 MB/s
DB path: [/dev/shm/db_bench_enterprise]
2026-08-23T14:15:22.665905Z readrandom   :    0.773829 micros/op 1292275 ops/sec 154.766 seconds 200000000 operations;   45.2 MB/s (126424735 of 200000000 found)

ended step[ordinal=0, threadno=2, live_fibers=1]: ZipInputData
ended step[ordinal=0, threadno=3, live_fibers=1]: ZipInputData
ended step[ordinal=0, threadno=0, live_fibers=1]: ZipInputData
ended step[ordinal=0, threadno=1, live_fibers=1]: ZipInputData
ended step[ordinal=1, threadno=0, live_fibers=1]: WriteZipData
