$ /home/runner/work/toplingdb/toplingdb/_run_prefix/topling/bin/db_bench -json logs/zipkeyvalue/db_bench-fillrandom.yaml -num=200000000 -key_size=8 -value_size=50 -batch_size=1000 -benchmarks=nextwithkey,nextwithkey,nextwithkey,readseq,readseq,readseq -scan_omit_key -scan_omit_value -use_existing_db=1 -enable_zero_copy -progress_reports=false
RocksDB:    version 8.10.2
Date:       Sun Aug 23 14:17:59 2026
CPU:        4 * AMD EPYC 9V74 80-Core Processor
CPUCache:   1024 KB
Set seed to 1787494679441463 because --seed was 0
Initializing RocksDB Options from the specified file
Initializing RocksDB Options from command-line flags
Integrated BlobDB: blob cache disabled
Keys:       8 bytes each (+ 0 bytes user-defined timestamp)
Values:     50 bytes each (25 bytes after compression)
Entries:    200000000
Prefix:    0 bytes
Keys per prefix:    0
RawSize:    11062.6 MB (estimated)
FileSize:   6294.3 MB (estimated)
Write rate: 0 bytes/second
Read rate: 0 ops/second
Compression: Snappy
Compression sampling rate: 0
Memtablerep: CSPPMemTabFactory
Perf Level: 1
------------------------------------------------
DB path: [/dev/shm/db_bench_enterprise]
nextwithkey  :    0.025988 micros/op 38479838 ops/sec 5.198 seconds 200000000 operations;  293.6 MB/s
DB path: [/dev/shm/db_bench_enterprise]
nextwithkey  :    0.026143 micros/op 38251193 ops/sec 5.229 seconds 200000000 operations;  291.8 MB/s
DB path: [/dev/shm/db_bench_enterprise]
nextwithkey  :    0.025977 micros/op 38494836 ops/sec 5.196 seconds 200000000 operations;  293.7 MB/s
DB path: [/dev/shm/db_bench_enterprise]
readseq      :    0.026854 micros/op 37237935 ops/sec 5.371 seconds 200000000 operations;  284.1 MB/s
DB path: [/dev/shm/db_bench_enterprise]
readseq      :    0.027423 micros/op 36465248 ops/sec 5.485 seconds 200000000 operations;  278.2 MB/s
DB path: [/dev/shm/db_bench_enterprise]
readseq      :    0.027373 micros/op 36531949 ops/sec 5.475 seconds 200000000 operations;  278.7 MB/s
