$ /home/runner/work/toplingdb/toplingdb/_run_prefix/topling/bin/db_bench -json logs/zipkeyvalue/db_bench-fillseq-cspp.yaml -num=50000000 -key_size=8 -value_size=50 -batch_size=1000 -benchmarks=nextwithkey,nextwithkey,nextwithkey,readseq,readseq,readseq -scan_omit_key -scan_omit_value -use_existing_db=1 -enable_zero_copy -progress_reports=false
RocksDB:    version 8.10.2
Date:       Tue Sep 15 06:41:14 2026
CPU:        4 * AMD EPYC 7763 64-Core Processor
CPUCache:   512 KB
Set seed to 1789454474644109 because --seed was 0
Initializing RocksDB Options from the specified file
Initializing RocksDB Options from command-line flags
Integrated BlobDB: blob cache disabled
Keys:       8 bytes each (+ 0 bytes user-defined timestamp)
Values:     50 bytes each (25 bytes after compression)
Entries:    50000000
Prefix:    0 bytes
Keys per prefix:    0
RawSize:    2765.7 MB (estimated)
FileSize:   1573.6 MB (estimated)
Write rate: 0 bytes/second
Read rate: 0 ops/second
Compression: Snappy
Compression sampling rate: 0
Memtablerep: CSPPMemTabFactory
Perf Level: 1
------------------------------------------------
DB path: [/dev/shm/db_bench_enterprise]
nextwithkey  :    0.019228 micros/op 52006407 ops/sec 0.961 seconds 50000000 operations;  396.8 MB/s
DB path: [/dev/shm/db_bench_enterprise]
nextwithkey  :    0.019225 micros/op 52011871 ops/sec 0.961 seconds 50000000 operations;  396.8 MB/s
DB path: [/dev/shm/db_bench_enterprise]
nextwithkey  :    0.019278 micros/op 51867166 ops/sec 0.964 seconds 50000000 operations;  395.7 MB/s
DB path: [/dev/shm/db_bench_enterprise]
readseq      :    0.019605 micros/op 51004170 ops/sec 0.980 seconds 50000000 operations;  389.1 MB/s
DB path: [/dev/shm/db_bench_enterprise]
readseq      :    0.019720 micros/op 50705053 ops/sec 0.986 seconds 50000000 operations;  386.8 MB/s
DB path: [/dev/shm/db_bench_enterprise]
readseq      :    0.019597 micros/op 51024885 ops/sec 0.980 seconds 50000000 operations;  389.3 MB/s
