$ /home/runner/work/toplingdb/toplingdb/_run_prefix/topling/bin/db_bench -json logs/zipkeyvalue/db_bench-fillseq-cspp.yaml -num=50000000 -key_size=8 -value_size=50 -batch_size=1000 -benchmarks=fillseq,flush,compact,readseq,readseq,readseq,readrandom -enable_zero_copy -progress_reports=false -report_bench_start_time -compact_target_level=6
RocksDB:    version 8.10.2
Date:       Tue Sep 15 06:39:06 2026
CPU:        4 * AMD EPYC 7763 64-Core Processor
CPUCache:   512 KB
Set seed to 1789454346395049 because --seed was 0
Initializing RocksDB Options from the specified file
Initializing RocksDB Options from command-line flags
Integrated BlobDB: blob cache disabled
Keys:       8 bytes each (+ 0 bytes user-defined timestamp)
Values:     50 bytes each (25 bytes after compression)
Entries:    50000000
Prefix:    0 bytes
Keys per prefix:    0
RawSize:    2765.7 MB (estimated)
FileSize:   1573.6 MB (estimated)
Write rate: 0 bytes/second
Read rate: 0 ops/second
Compression: Snappy
Compression sampling rate: 0
Memtablerep: CSPPMemTabFactory
Perf Level: 1
------------------------------------------------
Initializing RocksDB Options from the specified file
Initializing RocksDB Options from command-line flags
Integrated BlobDB: blob cache disabled
DB path: [/dev/shm/db_bench_enterprise]
2026-09-15T06:39:08.425525Z fillseq      :    0.299673 micros/op 3336748 ops/sec 14.985 seconds 50000000 operations;  184.6 MB/s
start step[ordinal=0, threadno=0, live_fibers=1]: ZipInputData
start step[ordinal=0, threadno=1, live_fibers=1]: ZipInputData
start step[ordinal=0, threadno=2, live_fibers=1]: ZipInputData
start step[ordinal=0, threadno=3, live_fibers=1]: ZipInputData
start step[ordinal=1, threadno=0, live_fibers=1]: WriteZipData
flush memtable
DB path: [/dev/shm/db_bench_enterprise]
2026-09-15T06:39:23.459259Z compact      : 65448938.000000 micros/op 0 ops/sec 65.449 seconds 1 operations;
DB path: [/dev/shm/db_bench_enterprise]
2026-09-15T06:40:28.908442Z readseq      :    0.048836 micros/op 20476563 ops/sec 2.442 seconds 50000000 operations; 1132.6 MB/s
DB path: [/dev/shm/db_bench_enterprise]
2026-09-15T06:40:31.350554Z readseq      :    0.048320 micros/op 20694858 ops/sec 2.416 seconds 50000000 operations; 1144.7 MB/s
DB path: [/dev/shm/db_bench_enterprise]
2026-09-15T06:40:33.766845Z readseq      :    0.048469 micros/op 20631326 ops/sec 2.423 seconds 50000000 operations; 1141.2 MB/s
DB path: [/dev/shm/db_bench_enterprise]
2026-09-15T06:40:36.190625Z readrandom   :    0.759184 micros/op 1317202 ops/sec 37.959 seconds 50000000 operations;   72.9 MB/s (50000000 of 50000000 found)

ended step[ordinal=0, threadno=3, live_fibers=1]: ZipInputData
ended step[ordinal=0, threadno=0, live_fibers=1]: ZipInputData
ended step[ordinal=0, threadno=2, live_fibers=1]: ZipInputData
ended step[ordinal=0, threadno=1, live_fibers=1]: ZipInputData
ended step[ordinal=1, threadno=0, live_fibers=1]: WriteZipData
