$ /home/runner/work/toplingdb/toplingdb/_run_prefix/topling/bin/db_bench -json logs/zipkeyvalue/db_bench-fillseq.yaml -num=50000000 -key_size=8 -value_size=50 -batch_size=1000 -benchmarks=fillseq,flush,compact,readseq,readseq,readseq,readrandom -enable_zero_copy -progress_reports=false -report_bench_start_time -compact_target_level=6
RocksDB:    version 8.10.2
Date:       Tue Sep 15 06:36:55 2026
CPU:        4 * AMD EPYC 7763 64-Core Processor
CPUCache:   512 KB
Set seed to 1789454215792813 because --seed was 0
Initializing RocksDB Options from the specified file
Initializing RocksDB Options from command-line flags
Integrated BlobDB: blob cache disabled
Keys:       8 bytes each (+ 0 bytes user-defined timestamp)
Values:     50 bytes each (25 bytes after compression)
Entries:    50000000
Prefix:    0 bytes
Keys per prefix:    0
RawSize:    2765.7 MB (estimated)
FileSize:   1573.6 MB (estimated)
Write rate: 0 bytes/second
Read rate: 0 ops/second
Compression: Snappy
Compression sampling rate: 0
Memtablerep: OffsetSkipList
Perf Level: 1
------------------------------------------------
Initializing RocksDB Options from the specified file
Initializing RocksDB Options from command-line flags
Integrated BlobDB: blob cache disabled
DB path: [/dev/shm/db_bench_enterprise]
2026-09-15T06:36:57.823638Z fillseq      :    0.273720 micros/op 3653355 ops/sec 13.686 seconds 50000000 operations;  202.1 MB/s
start step[ordinal=0, threadno=0, live_fibers=1]: ZipInputData
start step[ordinal=0, threadno=1, live_fibers=1]: ZipInputData
start step[ordinal=0, threadno=2, live_fibers=1]: ZipInputData
start step[ordinal=0, threadno=3, live_fibers=1]: ZipInputData
start step[ordinal=1, threadno=0, live_fibers=1]: WriteZipData
flush memtable
DB path: [/dev/shm/db_bench_enterprise]
2026-09-15T06:37:11.531753Z compact      : 64223141.000000 micros/op 0 ops/sec 64.223 seconds 1 operations;
DB path: [/dev/shm/db_bench_enterprise]
2026-09-15T06:38:15.755172Z readseq      :    0.048914 micros/op 20443902 ops/sec 2.446 seconds 50000000 operations; 1130.8 MB/s
DB path: [/dev/shm/db_bench_enterprise]
2026-09-15T06:38:18.201180Z readseq      :    0.047647 micros/op 20987248 ops/sec 2.382 seconds 50000000 operations; 1160.9 MB/s
DB path: [/dev/shm/db_bench_enterprise]
2026-09-15T06:38:20.583806Z readseq      :    0.047801 micros/op 20919696 ops/sec 2.390 seconds 50000000 operations; 1157.1 MB/s
DB path: [/dev/shm/db_bench_enterprise]
2026-09-15T06:38:22.974116Z readrandom   :    0.706112 micros/op 1416203 ops/sec 35.306 seconds 50000000 operations;   78.3 MB/s (50000000 of 50000000 found)

ended step[ordinal=0, threadno=1, live_fibers=1]: ZipInputData
ended step[ordinal=0, threadno=0, live_fibers=1]: ZipInputData
ended step[ordinal=0, threadno=3, live_fibers=1]: ZipInputData
ended step[ordinal=0, threadno=2, live_fibers=1]: ZipInputData
ended step[ordinal=1, threadno=0, live_fibers=1]: WriteZipData
