$ /home/runner/work/toplingdb/toplingdb/_run_prefix/topling/bin/db_bench -json logs/zipkeyvalue/db_bench-fillrandom.yaml -num=50000000 -key_size=8 -value_size=50 -batch_size=1000 -benchmarks=nextwithkey,nextwithkey,nextwithkey,readseq,readseq,readseq -scan_omit_key -scan_omit_value -use_existing_db=1 -enable_zero_copy -progress_reports=false
RocksDB:    version 8.10.2
Date:       Tue Sep 15 06:36:47 2026
CPU:        4 * AMD EPYC 7763 64-Core Processor
CPUCache:   512 KB
Set seed to 1789454207508671 because --seed was 0
Initializing RocksDB Options from the specified file
Initializing RocksDB Options from command-line flags
Integrated BlobDB: blob cache disabled
Keys:       8 bytes each (+ 0 bytes user-defined timestamp)
Values:     50 bytes each (25 bytes after compression)
Entries:    50000000
Prefix:    0 bytes
Keys per prefix:    0
RawSize:    2765.7 MB (estimated)
FileSize:   1573.6 MB (estimated)
Write rate: 0 bytes/second
Read rate: 0 ops/second
Compression: Snappy
Compression sampling rate: 0
Memtablerep: CSPPMemTabFactory
Perf Level: 1
------------------------------------------------
DB path: [/dev/shm/db_bench_enterprise]
nextwithkey  :    0.025227 micros/op 39638245 ops/sec 1.261 seconds 50000000 operations;  302.4 MB/s
DB path: [/dev/shm/db_bench_enterprise]
nextwithkey  :    0.025200 micros/op 39680681 ops/sec 1.260 seconds 50000000 operations;  302.7 MB/s
DB path: [/dev/shm/db_bench_enterprise]
nextwithkey  :    0.024955 micros/op 40069046 ops/sec 1.248 seconds 50000000 operations;  305.7 MB/s
DB path: [/dev/shm/db_bench_enterprise]
readseq      :    0.026212 micros/op 38148806 ops/sec 1.311 seconds 50000000 operations;  291.1 MB/s
DB path: [/dev/shm/db_bench_enterprise]
readseq      :    0.025786 micros/op 38777665 ops/sec 1.289 seconds 50000000 operations;  295.9 MB/s
DB path: [/dev/shm/db_bench_enterprise]
readseq      :    0.025799 micros/op 38758608 ops/sec 1.290 seconds 50000000 operations;  295.7 MB/s
