$ /home/runner/work/toplingdb/toplingdb/_run_prefix/topling/bin/db_bench -json logs/zipkeyvalue/db_bench-fillrandom.yaml -num=50000000 -key_size=8 -value_size=50 -batch_size=1000 -benchmarks=fillrandom,flush,compact,readseq,readseq,readseq,readrandom -enable_zero_copy -progress_reports=false -report_bench_start_time -compact_target_level=6
RocksDB:    version 8.10.2
Date:       Tue Sep 15 06:35:01 2026
CPU:        4 * AMD EPYC 7763 64-Core Processor
CPUCache:   512 KB
Set seed to 1789454101306923 because --seed was 0
Initializing RocksDB Options from the specified file
Initializing RocksDB Options from command-line flags
Integrated BlobDB: blob cache disabled
Keys:       8 bytes each (+ 0 bytes user-defined timestamp)
Values:     50 bytes each (25 bytes after compression)
Entries:    50000000
Prefix:    0 bytes
Keys per prefix:    0
RawSize:    2765.7 MB (estimated)
FileSize:   1573.6 MB (estimated)
Write rate: 0 bytes/second
Read rate: 0 ops/second
Compression: Snappy
Compression sampling rate: 0
Memtablerep: CSPPMemTabFactory
Perf Level: 1
------------------------------------------------
Initializing RocksDB Options from the specified file
Initializing RocksDB Options from command-line flags
Integrated BlobDB: blob cache disabled
DB path: [/dev/shm/db_bench_enterprise]
2026-09-15T06:35:03.328726Z fillrandom   :    0.602404 micros/op 1660002 ops/sec 30.120 seconds 50000000 operations;   91.8 MB/s
start step[ordinal=0, threadno=0, live_fibers=1]: ZipInputData
start step[ordinal=0, threadno=1, live_fibers=1]: ZipInputData
start step[ordinal=0, threadno=2, live_fibers=1]: ZipInputData
start step[ordinal=0, threadno=3, live_fibers=1]: ZipInputData
start step[ordinal=1, threadno=0, live_fibers=1]: WriteZipData
flush memtable
DB path: [/dev/shm/db_bench_enterprise]
2026-09-15T06:35:33.470707Z compact      : 34628239.000000 micros/op 0 ops/sec 34.628 seconds 1 operations;
DB path: [/dev/shm/db_bench_enterprise]
2026-09-15T06:36:08.099236Z readseq      :    0.059414 micros/op 16830930 ops/sec 2.971 seconds 50000000 operations;  931.0 MB/s
DB path: [/dev/shm/db_bench_enterprise]
2026-09-15T06:36:11.070318Z readseq      :    0.058653 micros/op 17049228 ops/sec 2.933 seconds 50000000 operations;  943.0 MB/s
DB path: [/dev/shm/db_bench_enterprise]
2026-09-15T06:36:14.003262Z readseq      :    0.059044 micros/op 16936378 ops/sec 2.952 seconds 50000000 operations;  936.8 MB/s
DB path: [/dev/shm/db_bench_enterprise]
2026-09-15T06:36:16.955818Z readrandom   :    0.576178 micros/op 1735572 ops/sec 28.809 seconds 50000000 operations;   60.7 MB/s (31608041 of 50000000 found)

ended step[ordinal=0, threadno=1, live_fibers=1]: ZipInputData
ended step[ordinal=0, threadno=2, live_fibers=1]: ZipInputData
ended step[ordinal=0, threadno=0, live_fibers=1]: ZipInputData
ended step[ordinal=0, threadno=3, live_fibers=1]: ZipInputData
ended step[ordinal=1, threadno=0, live_fibers=1]: WriteZipData
