$ /home/runner/work/toplingdb/toplingdb/_run_prefix/topling/bin/db_bench -json logs/zipkeyvalue/db_bench-fillseq.yaml -num=50000000 -key_size=8 -value_size=50 -batch_size=1000 -benchmarks=nextwithkey,nextwithkey,nextwithkey,readseq,readseq,readseq -scan_omit_key -scan_omit_value -use_existing_db=1 -enable_zero_copy -progress_reports=false
RocksDB:    version 8.10.2
Date:       Tue Sep 15 06:39:00 2026
CPU:        4 * AMD EPYC 7763 64-Core Processor
CPUCache:   512 KB
Set seed to 1789454340045894 because --seed was 0
Initializing RocksDB Options from the specified file
Initializing RocksDB Options from command-line flags
Integrated BlobDB: blob cache disabled
Keys:       8 bytes each (+ 0 bytes user-defined timestamp)
Values:     50 bytes each (25 bytes after compression)
Entries:    50000000
Prefix:    0 bytes
Keys per prefix:    0
RawSize:    2765.7 MB (estimated)
FileSize:   1573.6 MB (estimated)
Write rate: 0 bytes/second
Read rate: 0 ops/second
Compression: Snappy
Compression sampling rate: 0
Memtablerep: OffsetSkipList
Perf Level: 1
------------------------------------------------
DB path: [/dev/shm/db_bench_enterprise]
nextwithkey  :    0.019280 micros/op 51864314 ops/sec 0.964 seconds 50000000 operations;  395.7 MB/s
DB path: [/dev/shm/db_bench_enterprise]
nextwithkey  :    0.019344 micros/op 51691233 ops/sec 0.967 seconds 50000000 operations;  394.4 MB/s
DB path: [/dev/shm/db_bench_enterprise]
nextwithkey  :    0.019186 micros/op 52117481 ops/sec 0.959 seconds 50000000 operations;  397.6 MB/s
DB path: [/dev/shm/db_bench_enterprise]
readseq      :    0.019598 micros/op 51022490 ops/sec 0.980 seconds 50000000 operations;  389.3 MB/s
DB path: [/dev/shm/db_bench_enterprise]
readseq      :    0.019627 micros/op 50946431 ops/sec 0.981 seconds 50000000 operations;  388.7 MB/s
DB path: [/dev/shm/db_bench_enterprise]
readseq      :    0.019671 micros/op 50832586 ops/sec 0.984 seconds 50000000 operations;  387.8 MB/s
