RocksDB:    version 11.9.0
Date:       Sat Aug  8 08:48:22 2026
CPU:        4 * AMD EPYC 7763 64-Core Processor
CPUCache:   512 KB
Set seed to 1786178902622704 because --seed was 0
Initializing RocksDB Options from the specified file
Initializing RocksDB Options from command-line flags
Integrated BlobDB: blob cache disabled
Keys:       8 bytes each (+ 0 bytes user-defined timestamp)
Values:     50 bytes each (25 bytes after compression)
Entries:    100000000
Prefix:    0 bytes
Keys per prefix:    0
RawSize:    5531.3 MB (estimated)
FileSize:   3147.1 MB (estimated)
Write rate: 0 bytes/second
Read rate: 0 ops/second
Compression: Snappy
Compression sampling rate: 0
Memtablerep: SkipListFactory
Perf Level: 1
------------------------------------------------
Initializing RocksDB Options from the specified file
Initializing RocksDB Options from command-line flags
Integrated BlobDB: blob cache disabled
DB path: [/dev/shm/db_bench_rocksdb_master]
2026-08-08T08:48:22.639488Z fillrandom   :       1.568 micros/op 637878 ops/sec 156.770 seconds 100000000 operations;   35.3 MB/s
flush memtable
DB path: [/dev/shm/db_bench_rocksdb_master]
2026-08-08T08:50:59.718739Z compact      : 48897749.000 micros/op 0 ops/sec 48.898 seconds 1 operations;
DB path: [/dev/shm/db_bench_rocksdb_master]
2026-08-08T08:51:48.616696Z readseq      :       0.170 micros/op 5868315 ops/sec 10.772 seconds 63213248 operations;  324.6 MB/s
DB path: [/dev/shm/db_bench_rocksdb_master]
2026-08-08T08:51:59.388935Z readseq      :       0.123 micros/op 8126317 ops/sec 7.779 seconds 63213248 operations;  449.5 MB/s
DB path: [/dev/shm/db_bench_rocksdb_master]
2026-08-08T08:52:07.168143Z readseq      :       0.123 micros/op 8153776 ops/sec 7.753 seconds 63213248 operations;  451.0 MB/s
DB path: [/dev/shm/db_bench_rocksdb_master]
2026-08-08T08:52:14.921137Z readrandom   :       2.654 micros/op 376761 ops/sec 265.420 seconds 100000000 operations;   13.2 MB/s (63214762 of 100000000 found)

