RocksDB:    version 8.10.2
Date:       Sat Aug 15 16:59:53 2026
CPU:        4 * AMD EPYC 9V74 80-Core Processor
CPUCache:   1024 KB
Set seed to 1786813193788859 because --seed was 0
Initializing RocksDB Options from the specified file
Initializing RocksDB Options from command-line flags
Integrated BlobDB: blob cache disabled
Keys:       8 bytes each (+ 0 bytes user-defined timestamp)
Values:     50 bytes each (25 bytes after compression)
Entries:    50000000
Prefix:    0 bytes
Keys per prefix:    0
RawSize:    2765.7 MB (estimated)
FileSize:   1573.6 MB (estimated)
Write rate: 0 bytes/second
Read rate: 0 ops/second
Compression: Snappy
Compression sampling rate: 0
Memtablerep: CSPPMemTabFactory
Perf Level: 1
------------------------------------------------
DB path: [/dev/shm/db_bench_enterprise]
nextwithkey  :    0.019254 micros/op 51936126 ops/sec 0.963 seconds 50000000 operations;  396.2 MB/s
DB path: [/dev/shm/db_bench_enterprise]
nextwithkey  :    0.019186 micros/op 52118947 ops/sec 0.959 seconds 50000000 operations;  397.6 MB/s
DB path: [/dev/shm/db_bench_enterprise]
nextwithkey  :    0.019194 micros/op 52095706 ops/sec 0.960 seconds 50000000 operations;  397.5 MB/s
DB path: [/dev/shm/db_bench_enterprise]
readseq      :    0.019907 micros/op 50231365 ops/sec 0.995 seconds 50000000 operations;  383.2 MB/s
DB path: [/dev/shm/db_bench_enterprise]
readseq      :    0.020825 micros/op 48015564 ops/sec 1.041 seconds 50000000 operations;  366.3 MB/s
DB path: [/dev/shm/db_bench_enterprise]
readseq      :    0.019921 micros/op 50195057 ops/sec 0.996 seconds 50000000 operations;  383.0 MB/s
