RocksDB:    version 8.10.2
Date:       Sat Aug 15 16:58:57 2026
CPU:        4 * AMD EPYC 9V74 80-Core Processor
CPUCache:   1024 KB
Set seed to 1786813137665617 because --seed was 0
Initializing RocksDB Options from the specified file
Initializing RocksDB Options from command-line flags
Integrated BlobDB: blob cache disabled
Keys:       8 bytes each (+ 0 bytes user-defined timestamp)
Values:     50 bytes each (25 bytes after compression)
Entries:    50000000
Prefix:    0 bytes
Keys per prefix:    0
RawSize:    2765.7 MB (estimated)
FileSize:   1573.6 MB (estimated)
Write rate: 0 bytes/second
Read rate: 0 ops/second
Compression: Snappy
Compression sampling rate: 0
Memtablerep: CSPPMemTabFactory
Perf Level: 1
------------------------------------------------
Initializing RocksDB Options from the specified file
Initializing RocksDB Options from command-line flags
Integrated BlobDB: blob cache disabled
DB path: [/dev/shm/db_bench_enterprise]
2026-08-15T16:58:59.691039Z fillseq      :    0.406804 micros/op 2458183 ops/sec 20.340 seconds 50000000 operations;  136.0 MB/s
flush memtable
DB path: [/dev/shm/db_bench_enterprise]
2026-08-15T16:59:20.036003Z compact      : 19475328.000000 micros/op 0 ops/sec 19.475 seconds 1 operations;
DB path: [/dev/shm/db_bench_enterprise]
2026-08-15T16:59:39.511536Z readseq      :    0.032817 micros/op 30471175 ops/sec 1.641 seconds 50000000 operations; 1685.5 MB/s
DB path: [/dev/shm/db_bench_enterprise]
2026-08-15T16:59:41.152713Z readseq      :    0.032861 micros/op 30430339 ops/sec 1.643 seconds 50000000 operations; 1683.2 MB/s
DB path: [/dev/shm/db_bench_enterprise]
2026-08-15T16:59:42.796058Z readseq      :    0.032888 micros/op 30405690 ops/sec 1.644 seconds 50000000 operations; 1681.8 MB/s
DB path: [/dev/shm/db_bench_enterprise]
2026-08-15T16:59:44.440722Z readrandom   :    0.147350 micros/op 6786512 ops/sec 7.368 seconds 50000000 operations;  375.4 MB/s (50000000 of 50000000 found)

