RocksDB:    version 8.10.2
Date:       Sat Aug 15 16:58:49 2026
CPU:        4 * AMD EPYC 9V74 80-Core Processor
CPUCache:   1024 KB
Set seed to 1786813129307489 because --seed was 0
Initializing RocksDB Options from the specified file
Initializing RocksDB Options from command-line flags
Integrated BlobDB: blob cache disabled
Keys:       8 bytes each (+ 0 bytes user-defined timestamp)
Values:     50 bytes each (25 bytes after compression)
Entries:    50000000
Prefix:    0 bytes
Keys per prefix:    0
RawSize:    2765.7 MB (estimated)
FileSize:   1573.6 MB (estimated)
Write rate: 0 bytes/second
Read rate: 0 ops/second
Compression: Snappy
Compression sampling rate: 0
Memtablerep: CSPPMemTabFactory
Perf Level: 1
------------------------------------------------
DB path: [/dev/shm/db_bench_enterprise]
nextwithkey  :    0.026282 micros/op 38047436 ops/sec 1.314 seconds 50000000 operations;  290.3 MB/s
DB path: [/dev/shm/db_bench_enterprise]
nextwithkey  :    0.026126 micros/op 38274406 ops/sec 1.306 seconds 50000000 operations;  292.0 MB/s
DB path: [/dev/shm/db_bench_enterprise]
nextwithkey  :    0.026137 micros/op 38258093 ops/sec 1.307 seconds 50000000 operations;  291.9 MB/s
DB path: [/dev/shm/db_bench_enterprise]
readseq      :    0.026926 micros/op 37137252 ops/sec 1.346 seconds 50000000 operations;  283.3 MB/s
DB path: [/dev/shm/db_bench_enterprise]
readseq      :    0.026977 micros/op 37067322 ops/sec 1.349 seconds 50000000 operations;  282.8 MB/s
DB path: [/dev/shm/db_bench_enterprise]
readseq      :    0.026943 micros/op 37114234 ops/sec 1.347 seconds 50000000 operations;  283.2 MB/s
