$ /home/runner/work/toplingdb/toplingdb/_run_prefix/rocksdb-master/bin/db_bench -db=/dev/shm/db_bench_rocksdb_master -num=50000000 -key_size=8 -value_size=50 -batch_size=1000 -cache_size=8383207424 -benchmarks=fillseq,flush,compact,readseq,readseq,readseq,readrandom -progress_reports=false -report_bench_start_time -compact_target_level=6 -options_file=.github/bench-conf/rocksdb_db_bench.ini
RocksDB:    version 11.11.0
Date:       Tue Sep 15 07:04:09 2026
CPU:        4 * AMD EPYC 7763 64-Core Processor
CPUCache:   512 KB
Set seed to 1789455849529442 because --seed was 0
Initializing RocksDB Options from the specified file
Keys:       8 bytes each (+ 0 bytes user-defined timestamp)
Values:     50 bytes each (25 bytes after compression)
Entries:    50000000
Prefix:    0 bytes
Keys per prefix:    0
RawSize:    2765.7 MB (estimated)
FileSize:   1573.6 MB (estimated)
Write rate: 0 bytes/second
Read rate: 0 ops/second
Compression: Snappy
Compression sampling rate: 0
Memtablerep: SkipListFactory
Perf Level: 1
------------------------------------------------
Initializing RocksDB Options from the specified file
DB path: [/dev/shm/db_bench_rocksdb_master]
2026-09-15T07:04:09.542841Z fillseq      :       0.419 micros/op 2384858 ops/sec 20.966 seconds 50000000 operations;  131.9 MB/s
flush memtable
DB path: [/dev/shm/db_bench_rocksdb_master]
2026-09-15T07:04:30.703958Z compact      : 21320501.000 micros/op 0 ops/sec 21.321 seconds 1 operations;
DB path: [/dev/shm/db_bench_rocksdb_master]
2026-09-15T07:04:52.024676Z readseq      :       0.201 micros/op 4971286 ops/sec 10.058 seconds 50000000 operations;  275.0 MB/s
DB path: [/dev/shm/db_bench_rocksdb_master]
2026-09-15T07:05:02.082687Z readseq      :       0.134 micros/op 7437142 ops/sec 6.723 seconds 50000000 operations;  411.4 MB/s
DB path: [/dev/shm/db_bench_rocksdb_master]
2026-09-15T07:05:08.805933Z readseq      :       0.134 micros/op 7463595 ops/sec 6.699 seconds 50000000 operations;  412.8 MB/s
DB path: [/dev/shm/db_bench_rocksdb_master]
2026-09-15T07:05:15.505384Z readrandom   :       2.771 micros/op 360922 ops/sec 138.534 seconds 50000000 operations;   20.0 MB/s (50000000 of 50000000 found)

