$ /home/runner/work/toplingdb/toplingdb/_run_prefix/rocksdb-master/bin/db_bench -db=/dev/shm/db_bench_rocksdb_master -num=50000000 -key_size=8 -value_size=50 -batch_size=1000 -cache_size=8383207424 -benchmarks=fillrandom,flush,compact,readseq,readseq,readseq,readrandom -progress_reports=false -report_bench_start_time -compact_target_level=6 -options_file=.github/bench-conf/rocksdb_db_bench.ini
RocksDB:    version 11.11.0
Date:       Tue Sep 15 06:59:59 2026
CPU:        4 * AMD EPYC 7763 64-Core Processor
CPUCache:   512 KB
Set seed to 1789455599595177 because --seed was 0
Initializing RocksDB Options from the specified file
Keys:       8 bytes each (+ 0 bytes user-defined timestamp)
Values:     50 bytes each (25 bytes after compression)
Entries:    50000000
Prefix:    0 bytes
Keys per prefix:    0
RawSize:    2765.7 MB (estimated)
FileSize:   1573.6 MB (estimated)
Write rate: 0 bytes/second
Read rate: 0 ops/second
Compression: Snappy
Compression sampling rate: 0
Memtablerep: SkipListFactory
Perf Level: 1
------------------------------------------------
Initializing RocksDB Options from the specified file
DB path: [/dev/shm/db_bench_rocksdb_master]
2026-09-15T06:59:59.609068Z fillrandom   :       1.340 micros/op 746169 ops/sec 67.009 seconds 50000000 operations;   41.3 MB/s
flush memtable
DB path: [/dev/shm/db_bench_rocksdb_master]
2026-09-15T07:01:06.878979Z compact      : 36160491.000 micros/op 0 ops/sec 36.161 seconds 1 operations;
DB path: [/dev/shm/db_bench_rocksdb_master]
2026-09-15T07:01:43.039733Z readseq      :       0.181 micros/op 5521585 ops/sec 5.724 seconds 31607861 operations;  305.4 MB/s
DB path: [/dev/shm/db_bench_rocksdb_master]
2026-09-15T07:01:48.764447Z readseq      :       0.134 micros/op 7444718 ops/sec 4.246 seconds 31607861 operations;  411.8 MB/s
DB path: [/dev/shm/db_bench_rocksdb_master]
2026-09-15T07:01:53.010427Z readseq      :       0.134 micros/op 7480132 ops/sec 4.226 seconds 31607861 operations;  413.7 MB/s
DB path: [/dev/shm/db_bench_rocksdb_master]
2026-09-15T07:01:57.236264Z readrandom   :       2.639 micros/op 378878 ops/sec 131.969 seconds 50000000 operations;   13.2 MB/s (31606830 of 50000000 found)

