$ /home/runner/work/toplingdb/toplingdb/_run_prefix/topling/bin/db_bench -json logs/zipkeyonly/db_bench-fillseq.yaml -num=100000000 -key_size=8 -value_size=50 -batch_size=1000 -benchmarks=nextwithkey,nextwithkey,nextwithkey,readseq,readseq,readseq -scan_omit_key -scan_omit_value -use_existing_db=1 -enable_zero_copy -progress_reports=false
RocksDB:    version 8.10.2
Date:       Sat Sep 12 14:23:13 2026
CPU:        4 * AMD EPYC 7763 64-Core Processor
CPUCache:   512 KB
Set seed to 1789222993112520 because --seed was 0
Initializing RocksDB Options from the specified file
Initializing RocksDB Options from command-line flags
Integrated BlobDB: blob cache disabled
Keys:       8 bytes each (+ 0 bytes user-defined timestamp)
Values:     50 bytes each (25 bytes after compression)
Entries:    100000000
Prefix:    0 bytes
Keys per prefix:    0
RawSize:    5531.3 MB (estimated)
FileSize:   3147.1 MB (estimated)
Write rate: 0 bytes/second
Read rate: 0 ops/second
Compression: Snappy
Compression sampling rate: 0
Memtablerep: OffsetSkipList
Perf Level: 1
------------------------------------------------
DB path: [/dev/shm/db_bench_enterprise]
nextwithkey  :    0.019069 micros/op 52438604 ops/sec 1.907 seconds 100000000 operations;  400.1 MB/s
DB path: [/dev/shm/db_bench_enterprise]
nextwithkey  :    0.019053 micros/op 52484153 ops/sec 1.905 seconds 100000000 operations;  400.4 MB/s
DB path: [/dev/shm/db_bench_enterprise]
nextwithkey  :    0.019213 micros/op 52046846 ops/sec 1.921 seconds 100000000 operations;  397.1 MB/s
DB path: [/dev/shm/db_bench_enterprise]
readseq      :    0.019457 micros/op 51393588 ops/sec 1.946 seconds 100000000 operations;  392.1 MB/s
DB path: [/dev/shm/db_bench_enterprise]
readseq      :    0.019460 micros/op 51386458 ops/sec 1.946 seconds 100000000 operations;  392.0 MB/s
DB path: [/dev/shm/db_bench_enterprise]
readseq      :    0.019448 micros/op 51416736 ops/sec 1.945 seconds 100000000 operations;  392.3 MB/s
