$ /home/runner/work/toplingdb/toplingdb/_run_prefix/topling/bin/db_bench -json logs/zipkeyonly/db_bench-fillseq.yaml -num=100000000 -key_size=8 -value_size=50 -batch_size=1000 -benchmarks=fillseq,flush,compact,readseq,readseq,readseq,readrandom -enable_zero_copy -progress_reports=false -report_bench_start_time -compact_target_level=6
RocksDB:    version 8.10.2
Date:       Sat Sep 12 14:21:28 2026
CPU:        4 * AMD EPYC 7763 64-Core Processor
CPUCache:   512 KB
Set seed to 1789222888930213 because --seed was 0
Initializing RocksDB Options from the specified file
Initializing RocksDB Options from command-line flags
Integrated BlobDB: blob cache disabled
Keys:       8 bytes each (+ 0 bytes user-defined timestamp)
Values:     50 bytes each (25 bytes after compression)
Entries:    100000000
Prefix:    0 bytes
Keys per prefix:    0
RawSize:    5531.3 MB (estimated)
FileSize:   3147.1 MB (estimated)
Write rate: 0 bytes/second
Read rate: 0 ops/second
Compression: Snappy
Compression sampling rate: 0
Memtablerep: OffsetSkipList
Perf Level: 1
------------------------------------------------
Initializing RocksDB Options from the specified file
Initializing RocksDB Options from command-line flags
Integrated BlobDB: blob cache disabled
DB path: [/dev/shm/db_bench_enterprise]
2026-09-12T14:21:30.958164Z fillseq      :    0.334603 micros/op 2988610 ops/sec 33.460 seconds 100000000 operations;  165.3 MB/s
flush memtable
DB path: [/dev/shm/db_bench_enterprise]
2026-09-12T14:22:04.426990Z compact      : 40803861.000000 micros/op 0 ops/sec 40.804 seconds 1 operations;
DB path: [/dev/shm/db_bench_enterprise]
2026-09-12T14:22:45.231071Z readseq      :    0.032503 micros/op 30766504 ops/sec 3.250 seconds 100000000 operations; 1701.8 MB/s
DB path: [/dev/shm/db_bench_enterprise]
2026-09-12T14:22:48.481588Z readseq      :    0.032958 micros/op 30341610 ops/sec 3.296 seconds 100000000 operations; 1678.3 MB/s
DB path: [/dev/shm/db_bench_enterprise]
2026-09-12T14:22:51.777583Z readseq      :    0.032955 micros/op 30344206 ops/sec 3.296 seconds 100000000 operations; 1678.4 MB/s
DB path: [/dev/shm/db_bench_enterprise]
2026-09-12T14:22:55.073296Z readrandom   :    0.164390 micros/op 6083062 ops/sec 16.439 seconds 100000000 operations;  336.5 MB/s (100000000 of 100000000 found)

