$ /home/runner/work/toplingdb/toplingdb/_run_prefix/topling/bin/db_bench -json logs/zipkeyonly/db_bench-fillrandom.yaml -num=100000000 -key_size=8 -value_size=50 -batch_size=1000 -benchmarks=nextwithkey,nextwithkey,nextwithkey,readseq,readseq,readseq -scan_omit_key -scan_omit_value -use_existing_db=1 -enable_zero_copy -progress_reports=false
RocksDB:    version 8.10.2
Date:       Sat Sep 12 14:21:12 2026
CPU:        4 * AMD EPYC 7763 64-Core Processor
CPUCache:   512 KB
Set seed to 1789222872192259 because --seed was 0
Initializing RocksDB Options from the specified file
Initializing RocksDB Options from command-line flags
Integrated BlobDB: blob cache disabled
Keys:       8 bytes each (+ 0 bytes user-defined timestamp)
Values:     50 bytes each (25 bytes after compression)
Entries:    100000000
Prefix:    0 bytes
Keys per prefix:    0
RawSize:    5531.3 MB (estimated)
FileSize:   3147.1 MB (estimated)
Write rate: 0 bytes/second
Read rate: 0 ops/second
Compression: Snappy
Compression sampling rate: 0
Memtablerep: CSPPMemTabFactory
Perf Level: 1
------------------------------------------------
DB path: [/dev/shm/db_bench_enterprise]
nextwithkey  :    0.025073 micros/op 39883715 ops/sec 2.507 seconds 100000000 operations;  304.3 MB/s
DB path: [/dev/shm/db_bench_enterprise]
nextwithkey  :    0.025111 micros/op 39822994 ops/sec 2.511 seconds 100000000 operations;  303.8 MB/s
DB path: [/dev/shm/db_bench_enterprise]
nextwithkey  :    0.025127 micros/op 39796211 ops/sec 2.513 seconds 100000000 operations;  303.6 MB/s
DB path: [/dev/shm/db_bench_enterprise]
readseq      :    0.025648 micros/op 38987889 ops/sec 2.565 seconds 100000000 operations;  297.5 MB/s
DB path: [/dev/shm/db_bench_enterprise]
readseq      :    0.025645 micros/op 38993636 ops/sec 2.565 seconds 100000000 operations;  297.5 MB/s
DB path: [/dev/shm/db_bench_enterprise]
readseq      :    0.025809 micros/op 38744447 ops/sec 2.581 seconds 100000000 operations;  295.6 MB/s
