RocksDB:    version 8.10.2
Date:       Sat Aug 15 17:14:47 2026
CPU:        4 * AMD EPYC 9V74 80-Core Processor
CPUCache:   1024 KB
Set seed to 1786814087608211 because --seed was 0
Initializing RocksDB Options from the specified file
Initializing RocksDB Options from command-line flags
Integrated BlobDB: blob cache disabled
Keys:       8 bytes each (+ 0 bytes user-defined timestamp)
Values:     50 bytes each (25 bytes after compression)
Entries:    50000000
Prefix:    0 bytes
Keys per prefix:    0
RawSize:    2765.7 MB (estimated)
FileSize:   1573.6 MB (estimated)
Write rate: 0 bytes/second
Read rate: 0 ops/second
Compression: Snappy
Compression sampling rate: 0
Memtablerep: CSPPMemTabFactory
Perf Level: 1
------------------------------------------------
Initializing RocksDB Options from the specified file
Initializing RocksDB Options from command-line flags
Integrated BlobDB: blob cache disabled
DB path: [/dev/shm/db_bench_enterprise]
2026-08-15T17:14:49.636031Z fillrandom   :    0.848012 micros/op 1179223 ops/sec 42.401 seconds 50000000 operations;   65.2 MB/s
start step[ordinal=0, threadno=0, live_fibers=1]: ZipInputData
start step[ordinal=0, threadno=1, live_fibers=1]: ZipInputData
start step[ordinal=0, threadno=2, live_fibers=1]: ZipInputData
start step[ordinal=0, threadno=3, live_fibers=1]: ZipInputData
start step[ordinal=1, threadno=0, live_fibers=1]: WriteZipData
flush memtable
DB path: [/dev/shm/db_bench_enterprise]
2026-08-15T17:15:32.050496Z compact      : 42374512.000000 micros/op 0 ops/sec 42.375 seconds 1 operations;
DB path: [/dev/shm/db_bench_enterprise]
2026-08-15T17:16:14.425304Z readseq      :    0.059529 micros/op 16798309 ops/sec 2.976 seconds 50000000 operations;  929.2 MB/s
DB path: [/dev/shm/db_bench_enterprise]
2026-08-15T17:16:17.402053Z readseq      :    0.059009 micros/op 16946240 ops/sec 2.951 seconds 50000000 operations;  937.3 MB/s
DB path: [/dev/shm/db_bench_enterprise]
2026-08-15T17:16:20.352797Z readseq      :    0.059075 micros/op 16927256 ops/sec 2.954 seconds 50000000 operations;  936.3 MB/s
DB path: [/dev/shm/db_bench_enterprise]
2026-08-15T17:16:23.306847Z readrandom   :    0.502433 micros/op 1990310 ops/sec 25.122 seconds 50000000 operations;   69.6 MB/s (31604995 of 50000000 found)

ended step[ordinal=0, threadno=3, live_fibers=1]: ZipInputData
ended step[ordinal=0, threadno=0, live_fibers=1]: ZipInputData
ended step[ordinal=0, threadno=1, live_fibers=1]: ZipInputData
ended step[ordinal=0, threadno=2, live_fibers=1]: ZipInputData
ended step[ordinal=1, threadno=0, live_fibers=1]: WriteZipData
