RocksDB:    version 8.10.2
Date:       Sat Aug 15 17:16:58 2026
CPU:        4 * AMD EPYC 9V74 80-Core Processor
CPUCache:   1024 KB
Set seed to 1786814218031909 because --seed was 0
Initializing RocksDB Options from the specified file
Initializing RocksDB Options from command-line flags
Integrated BlobDB: blob cache disabled
Keys:       8 bytes each (+ 0 bytes user-defined timestamp)
Values:     50 bytes each (25 bytes after compression)
Entries:    50000000
Prefix:    0 bytes
Keys per prefix:    0
RawSize:    2765.7 MB (estimated)
FileSize:   1573.6 MB (estimated)
Write rate: 0 bytes/second
Read rate: 0 ops/second
Compression: Snappy
Compression sampling rate: 0
Memtablerep: CSPPMemTabFactory
Perf Level: 1
------------------------------------------------
Initializing RocksDB Options from the specified file
Initializing RocksDB Options from command-line flags
Integrated BlobDB: blob cache disabled
DB path: [/dev/shm/db_bench_enterprise]
2026-08-15T17:17:00.059391Z fillseq      :    0.405846 micros/op 2463983 ops/sec 20.292 seconds 50000000 operations;  136.3 MB/s
start step[ordinal=0, threadno=0, live_fibers=1]: ZipInputData
start step[ordinal=0, threadno=1, live_fibers=1]: ZipInputData
start step[ordinal=0, threadno=2, live_fibers=1]: ZipInputData
start step[ordinal=0, threadno=3, live_fibers=1]: ZipInputData
start step[ordinal=1, threadno=0, live_fibers=1]: WriteZipData
flush memtable
DB path: [/dev/shm/db_bench_enterprise]
2026-08-15T17:17:20.355942Z compact      : 62036603.000000 micros/op 0 ops/sec 62.037 seconds 1 operations;
DB path: [/dev/shm/db_bench_enterprise]
2026-08-15T17:18:22.392778Z readseq      :    0.049791 micros/op 20083523 ops/sec 2.490 seconds 50000000 operations; 1110.9 MB/s
DB path: [/dev/shm/db_bench_enterprise]
2026-08-15T17:18:24.882604Z readseq      :    0.048533 micros/op 20604188 ops/sec 2.427 seconds 50000000 operations; 1139.7 MB/s
DB path: [/dev/shm/db_bench_enterprise]
2026-08-15T17:18:27.309519Z readseq      :    0.048441 micros/op 20643226 ops/sec 2.422 seconds 50000000 operations; 1141.8 MB/s
DB path: [/dev/shm/db_bench_enterprise]
2026-08-15T17:18:29.731870Z readrandom   :    0.664017 micros/op 1505982 ops/sec 33.201 seconds 50000000 operations;   83.3 MB/s (50000000 of 50000000 found)

ended step[ordinal=0, threadno=0, live_fibers=1]: ZipInputData
ended step[ordinal=0, threadno=3, live_fibers=1]: ZipInputData
ended step[ordinal=0, threadno=2, live_fibers=1]: ZipInputData
ended step[ordinal=0, threadno=1, live_fibers=1]: ZipInputData
ended step[ordinal=1, threadno=0, live_fibers=1]: WriteZipData
