RocksDB:    version 8.10.2
Date:       Sat Aug 15 17:19:04 2026
CPU:        4 * AMD EPYC 9V74 80-Core Processor
CPUCache:   1024 KB
Set seed to 1786814344274745 because --seed was 0
Initializing RocksDB Options from the specified file
Initializing RocksDB Options from command-line flags
Integrated BlobDB: blob cache disabled
Keys:       8 bytes each (+ 0 bytes user-defined timestamp)
Values:     50 bytes each (25 bytes after compression)
Entries:    50000000
Prefix:    0 bytes
Keys per prefix:    0
RawSize:    2765.7 MB (estimated)
FileSize:   1573.6 MB (estimated)
Write rate: 0 bytes/second
Read rate: 0 ops/second
Compression: Snappy
Compression sampling rate: 0
Memtablerep: CSPPMemTabFactory
Perf Level: 1
------------------------------------------------
DB path: [/dev/shm/db_bench_enterprise]
nextwithkey  :    0.019233 micros/op 51991643 ops/sec 0.962 seconds 50000000 operations;  396.7 MB/s
DB path: [/dev/shm/db_bench_enterprise]
nextwithkey  :    0.019167 micros/op 52169195 ops/sec 0.958 seconds 50000000 operations;  398.0 MB/s
DB path: [/dev/shm/db_bench_enterprise]
nextwithkey  :    0.019215 micros/op 52038666 ops/sec 0.961 seconds 50000000 operations;  397.0 MB/s
DB path: [/dev/shm/db_bench_enterprise]
readseq      :    0.019912 micros/op 50218601 ops/sec 0.996 seconds 50000000 operations;  383.1 MB/s
DB path: [/dev/shm/db_bench_enterprise]
readseq      :    0.020418 micros/op 48972843 ops/sec 1.021 seconds 50000000 operations;  373.6 MB/s
DB path: [/dev/shm/db_bench_enterprise]
readseq      :    0.019900 micros/op 50247822 ops/sec 0.995 seconds 50000000 operations;  383.4 MB/s
