$ /home/runner/work/toplingdb/toplingdb/_run_prefix/rocksdb-v8.10/bin/db_bench -db=/dev/shm/db_bench_rocksdb_v810 -num=100000000 -key_size=8 -value_size=50 -batch_size=1000 -cache_size=8383209472 -benchmarks=fillseq,flush,compact,readseq,readseq,readseq,readrandom -progress_reports=false -report_bench_start_time -compact_target_level=6 -options_file=.github/bench-conf/rocksdb_db_bench.ini
RocksDB:    version 8.10.2
Date:       Sun Aug 16 04:01:31 2026
CPU:        4 * AMD EPYC 7763 64-Core Processor
CPUCache:   512 KB
Set seed to 1786852891444861 because --seed was 0
Initializing RocksDB Options from the specified file
Keys:       8 bytes each (+ 0 bytes user-defined timestamp)
Values:     50 bytes each (25 bytes after compression)
Entries:    100000000
Prefix:    0 bytes
Keys per prefix:    0
RawSize:    5531.3 MB (estimated)
FileSize:   3147.1 MB (estimated)
Write rate: 0 bytes/second
Read rate: 0 ops/second
Compression: Snappy
Compression sampling rate: 0
Memtablerep: SkipListFactory
Perf Level: 1
------------------------------------------------
Initializing RocksDB Options from the specified file
DB path: [/dev/shm/db_bench_rocksdb_v810]
2026-08-16T04:01:31.457416Z fillseq      :       0.395 micros/op 2530624 ops/sec 39.516 seconds 100000000 operations;  140.0 MB/s
flush memtable
DB path: [/dev/shm/db_bench_rocksdb_v810]
2026-08-16T04:02:11.239507Z compact      : 37444683.000 micros/op 0 ops/sec 37.445 seconds 1 operations;
DB path: [/dev/shm/db_bench_rocksdb_v810]
2026-08-16T04:02:48.684511Z readseq      :       0.157 micros/op 6357682 ops/sec 15.729 seconds 100000000 operations;  351.7 MB/s
DB path: [/dev/shm/db_bench_rocksdb_v810]
2026-08-16T04:03:04.413740Z readseq      :       0.093 micros/op 10800781 ops/sec 9.259 seconds 100000000 operations;  597.4 MB/s
DB path: [/dev/shm/db_bench_rocksdb_v810]
2026-08-16T04:03:13.672613Z readseq      :       0.093 micros/op 10724546 ops/sec 9.324 seconds 100000000 operations;  593.2 MB/s
DB path: [/dev/shm/db_bench_rocksdb_v810]
2026-08-16T04:03:22.997261Z readrandom   :       3.024 micros/op 330682 ops/sec 302.405 seconds 100000000 operations;   18.3 MB/s (100000000 of 100000000 found)

