$ /home/runner/work/toplingdb/toplingdb/_run_prefix/topling/bin/db_bench -json logs/zipkeyonly/db_bench-fillseq.yaml -num=200000000 -key_size=8 -value_size=50 -batch_size=1000 -benchmarks=fillseq,flush,compact,readseq,readseq,readseq,readrandom -enable_zero_copy -progress_reports=false -report_bench_start_time -compact_target_level=6
RocksDB:    version 8.10.2
Date:       Sun Aug 23 13:49:30 2026
CPU:        4 * AMD EPYC 9V74 80-Core Processor
CPUCache:   1024 KB
Set seed to 1787492970508990 because --seed was 0
Initializing RocksDB Options from the specified file
Initializing RocksDB Options from command-line flags
Integrated BlobDB: blob cache disabled
Keys:       8 bytes each (+ 0 bytes user-defined timestamp)
Values:     50 bytes each (25 bytes after compression)
Entries:    200000000
Prefix:    0 bytes
Keys per prefix:    0
RawSize:    11062.6 MB (estimated)
FileSize:   6294.3 MB (estimated)
Write rate: 0 bytes/second
Read rate: 0 ops/second
Compression: Snappy
Compression sampling rate: 0
Memtablerep: CSPPMemTabFactory
Perf Level: 1
------------------------------------------------
Initializing RocksDB Options from the specified file
Initializing RocksDB Options from command-line flags
Integrated BlobDB: blob cache disabled
DB path: [/dev/shm/db_bench_enterprise]
2026-08-23T13:49:32.535949Z fillseq      :    0.433573 micros/op 2306413 ops/sec 86.715 seconds 200000000 operations;  127.6 MB/s
flush memtable
DB path: [/dev/shm/db_bench_enterprise]
2026-08-23T13:50:59.264105Z compact      : 77219803.000000 micros/op 0 ops/sec 77.220 seconds 1 operations;
DB path: [/dev/shm/db_bench_enterprise]
2026-08-23T13:52:16.484151Z readseq      :    0.032600 micros/op 30674352 ops/sec 6.520 seconds 200000000 operations; 1696.7 MB/s
DB path: [/dev/shm/db_bench_enterprise]
2026-08-23T13:52:23.004511Z readseq      :    0.033130 micros/op 30184410 ops/sec 6.626 seconds 200000000 operations; 1669.6 MB/s
DB path: [/dev/shm/db_bench_enterprise]
2026-08-23T13:52:29.630746Z readseq      :    0.032508 micros/op 30761142 ops/sec 6.502 seconds 200000000 operations; 1701.5 MB/s
DB path: [/dev/shm/db_bench_enterprise]
2026-08-23T13:52:36.132706Z readrandom   :    0.163049 micros/op 6133124 ops/sec 32.610 seconds 200000000 operations;  339.2 MB/s (200000000 of 200000000 found)

