$ /home/runner/work/toplingdb/toplingdb/_run_prefix/topling/bin/db_bench -json logs/zipkeyonly/db_bench-fillrandom.yaml -num=200000000 -key_size=8 -value_size=50 -batch_size=1000 -benchmarks=nextwithkey,nextwithkey,nextwithkey,readseq,readseq,readseq -scan_omit_key -scan_omit_value -use_existing_db=1 -enable_zero_copy -progress_reports=false
RocksDB:    version 8.10.2
Date:       Sun Aug 23 13:48:57 2026
CPU:        4 * AMD EPYC 9V74 80-Core Processor
CPUCache:   1024 KB
Set seed to 1787492937332435 because --seed was 0
Initializing RocksDB Options from the specified file
Initializing RocksDB Options from command-line flags
Integrated BlobDB: blob cache disabled
Keys:       8 bytes each (+ 0 bytes user-defined timestamp)
Values:     50 bytes each (25 bytes after compression)
Entries:    200000000
Prefix:    0 bytes
Keys per prefix:    0
RawSize:    11062.6 MB (estimated)
FileSize:   6294.3 MB (estimated)
Write rate: 0 bytes/second
Read rate: 0 ops/second
Compression: Snappy
Compression sampling rate: 0
Memtablerep: CSPPMemTabFactory
Perf Level: 1
------------------------------------------------
DB path: [/dev/shm/db_bench_enterprise]
nextwithkey  :    0.026278 micros/op 38054885 ops/sec 5.256 seconds 200000000 operations;  290.3 MB/s
DB path: [/dev/shm/db_bench_enterprise]
nextwithkey  :    0.026119 micros/op 38285909 ops/sec 5.224 seconds 200000000 operations;  292.1 MB/s
DB path: [/dev/shm/db_bench_enterprise]
nextwithkey  :    0.026137 micros/op 38259740 ops/sec 5.227 seconds 200000000 operations;  291.9 MB/s
DB path: [/dev/shm/db_bench_enterprise]
readseq      :    0.026966 micros/op 37082765 ops/sec 5.393 seconds 200000000 operations;  282.9 MB/s
DB path: [/dev/shm/db_bench_enterprise]
readseq      :    0.026983 micros/op 37059251 ops/sec 5.397 seconds 200000000 operations;  282.7 MB/s
DB path: [/dev/shm/db_bench_enterprise]
readseq      :    0.026957 micros/op 37095077 ops/sec 5.392 seconds 200000000 operations;  283.0 MB/s
