$ /home/runner/work/toplingdb/toplingdb/_run_prefix/topling/bin/db_bench -json logs/zipkeyonly/db_bench-fillseq.yaml -num=200000000 -key_size=8 -value_size=50 -batch_size=1000 -benchmarks=nextwithkey,nextwithkey,nextwithkey,readseq,readseq,readseq -scan_omit_key -scan_omit_value -use_existing_db=1 -enable_zero_copy -progress_reports=false
RocksDB:    version 8.10.2
Date:       Sun Aug 23 13:53:10 2026
CPU:        4 * AMD EPYC 9V74 80-Core Processor
CPUCache:   1024 KB
Set seed to 1787493190795476 because --seed was 0
Initializing RocksDB Options from the specified file
Initializing RocksDB Options from command-line flags
Integrated BlobDB: blob cache disabled
Keys:       8 bytes each (+ 0 bytes user-defined timestamp)
Values:     50 bytes each (25 bytes after compression)
Entries:    200000000
Prefix:    0 bytes
Keys per prefix:    0
RawSize:    11062.6 MB (estimated)
FileSize:   6294.3 MB (estimated)
Write rate: 0 bytes/second
Read rate: 0 ops/second
Compression: Snappy
Compression sampling rate: 0
Memtablerep: CSPPMemTabFactory
Perf Level: 1
------------------------------------------------
DB path: [/dev/shm/db_bench_enterprise]
nextwithkey  :    0.019202 micros/op 52077176 ops/sec 3.840 seconds 200000000 operations;  397.3 MB/s
DB path: [/dev/shm/db_bench_enterprise]
nextwithkey  :    0.019132 micros/op 52267153 ops/sec 3.826 seconds 200000000 operations;  398.8 MB/s
DB path: [/dev/shm/db_bench_enterprise]
nextwithkey  :    0.019137 micros/op 52253756 ops/sec 3.827 seconds 200000000 operations;  398.7 MB/s
DB path: [/dev/shm/db_bench_enterprise]
readseq      :    0.019872 micros/op 50320503 ops/sec 3.975 seconds 200000000 operations;  383.9 MB/s
DB path: [/dev/shm/db_bench_enterprise]
readseq      :    0.019856 micros/op 50360886 ops/sec 3.971 seconds 200000000 operations;  384.2 MB/s
DB path: [/dev/shm/db_bench_enterprise]
readseq      :    0.019880 micros/op 50300368 ops/sec 3.976 seconds 200000000 operations;  383.8 MB/s
