$ /home/runner/work/toplingdb/toplingdb/_run_prefix/topling/bin/db_bench -json logs/zipkeyonly/db_bench-fillrandom.yaml -num=200000000 -key_size=8 -value_size=50 -batch_size=1000 -benchmarks=fillrandom,flush,compact,readseq,readseq,readseq,readrandom -enable_zero_copy -progress_reports=false -report_bench_start_time -compact_target_level=6
RocksDB:    version 8.10.2
Date:       Sun Aug 23 13:42:42 2026
CPU:        4 * AMD EPYC 9V74 80-Core Processor
CPUCache:   1024 KB
Set seed to 1787492562912253 because --seed was 0
Initializing RocksDB Options from the specified file
Initializing RocksDB Options from command-line flags
Integrated BlobDB: blob cache disabled
Keys:       8 bytes each (+ 0 bytes user-defined timestamp)
Values:     50 bytes each (25 bytes after compression)
Entries:    200000000
Prefix:    0 bytes
Keys per prefix:    0
RawSize:    11062.6 MB (estimated)
FileSize:   6294.3 MB (estimated)
Write rate: 0 bytes/second
Read rate: 0 ops/second
Compression: Snappy
Compression sampling rate: 0
Memtablerep: CSPPMemTabFactory
Perf Level: 1
------------------------------------------------
Initializing RocksDB Options from the specified file
Initializing RocksDB Options from command-line flags
Integrated BlobDB: blob cache disabled
DB path: [/dev/shm/db_bench_enterprise]
2026-08-23T13:42:44.939327Z fillrandom   :    1.166832 micros/op 857021 ops/sec 233.366 seconds 200000000 operations;   47.4 MB/s
flush memtable
DB path: [/dev/shm/db_bench_enterprise]
2026-08-23T13:46:38.308744Z compact      : 53004195.000000 micros/op 0 ops/sec 53.004 seconds 1 operations;
DB path: [/dev/shm/db_bench_enterprise]
2026-08-23T13:47:31.313167Z readseq      :    0.042303 micros/op 23638770 ops/sec 8.461 seconds 200000000 operations; 1307.5 MB/s
DB path: [/dev/shm/db_bench_enterprise]
2026-08-23T13:47:39.774137Z readseq      :    0.042178 micros/op 23708649 ops/sec 8.436 seconds 200000000 operations; 1311.4 MB/s
DB path: [/dev/shm/db_bench_enterprise]
2026-08-23T13:47:48.210138Z readseq      :    0.042193 micros/op 23700479 ops/sec 8.439 seconds 200000000 operations; 1310.9 MB/s
DB path: [/dev/shm/db_bench_enterprise]
2026-08-23T13:47:56.649071Z readrandom   :    0.302736 micros/op 3303206 ops/sec 60.547 seconds 200000000 operations;  115.5 MB/s (126416077 of 200000000 found)

