Running as unit: run-ra4a13f3570384faea73ecf182342e645.scope; invocation ID: eaa6ce62803f430c8ba4111f28e7e82e
RocksDB:    version 8.10.2
Date:       Sun Aug  9 16:48:48 2026
CPU:        4 * Intel(R) Xeon(R) Platinum 8370C CPU @ 2.80GHz
CPUCache:   49152 KB
Set seed to 1786294128451031 because --seed was 0
Initializing RocksDB Options from the specified file
Initializing RocksDB Options from command-line flags
Integrated BlobDB: blob cache disabled
Keys:       8 bytes each (+ 0 bytes user-defined timestamp)
Values:     50 bytes each (25 bytes after compression)
Entries:    100000000
Prefix:    0 bytes
Keys per prefix:    0
RawSize:    5531.3 MB (estimated)
FileSize:   3147.1 MB (estimated)
Write rate: 0 bytes/second
Read rate: 0 ops/second
Compression: Snappy
Compression sampling rate: 0
Memtablerep: CSPPMemTabFactory
Perf Level: 1
------------------------------------------------
Initializing RocksDB Options from the specified file
Initializing RocksDB Options from command-line flags
Integrated BlobDB: blob cache disabled
DB path: [/dev/shm/db_bench_enterprise]
2026-08-09T16:48:50.475820Z fillrandom   :    1.505155 micros/op 664376 ops/sec 150.517 seconds 100000000 operations;   36.7 MB/s
flush memtable
DB path: [/dev/shm/db_bench_enterprise]
2026-08-09T16:51:23.452944Z compact      : 75049781.000000 micros/op 0 ops/sec 75.050 seconds 1 operations;
DB path: [/dev/shm/db_bench_enterprise]
2026-08-09T16:52:38.502879Z readseq      :    0.048922 micros/op 20440241 ops/sec 4.892 seconds 100000000 operations; 1130.6 MB/s
DB path: [/dev/shm/db_bench_enterprise]
2026-08-09T16:52:43.395390Z readseq      :    0.048768 micros/op 20504938 ops/sec 4.877 seconds 100000000 operations; 1134.2 MB/s
DB path: [/dev/shm/db_bench_enterprise]
2026-08-09T16:52:48.272477Z readseq      :    0.048790 micros/op 20495894 ops/sec 4.879 seconds 100000000 operations; 1133.7 MB/s
DB path: [/dev/shm/db_bench_enterprise]
2026-08-09T16:52:53.151720Z readrandom   :    0.545373 micros/op 1833600 ops/sec 54.538 seconds 100000000 operations;   64.1 MB/s (63207078 of 100000000 found)

