RocksDB:    version 8.10.2
Date:       Sat Aug 15 05:34:29 2026
CPU:        4 * AMD EPYC 9V74 80-Core Processor
CPUCache:   1024 KB
Set seed to 1786772069702793 because --seed was 0
Initializing RocksDB Options from the specified file
Initializing RocksDB Options from command-line flags
Integrated BlobDB: blob cache disabled
Keys:       8 bytes each (+ 0 bytes user-defined timestamp)
Values:     50 bytes each (25 bytes after compression)
Entries:    50000000
Prefix:    0 bytes
Keys per prefix:    0
RawSize:    2765.7 MB (estimated)
FileSize:   1573.6 MB (estimated)
Write rate: 0 bytes/second
Read rate: 0 ops/second
Compression: Snappy
Compression sampling rate: 0
Memtablerep: CSPPMemTabFactory
Perf Level: 1
------------------------------------------------
DB path: [/dev/shm/db_bench_enterprise]
nextwithkey  :    0.019277 micros/op 51874376 ops/sec 0.964 seconds 50000000 operations;  395.8 MB/s
DB path: [/dev/shm/db_bench_enterprise]
nextwithkey  :    0.019171 micros/op 52159290 ops/sec 0.959 seconds 50000000 operations;  397.9 MB/s
DB path: [/dev/shm/db_bench_enterprise]
nextwithkey  :    0.019151 micros/op 52213377 ops/sec 0.958 seconds 50000000 operations;  398.4 MB/s
DB path: [/dev/shm/db_bench_enterprise]
readseq      :    0.019889 micros/op 50276015 ops/sec 0.995 seconds 50000000 operations;  383.6 MB/s
DB path: [/dev/shm/db_bench_enterprise]
readseq      :    0.019848 micros/op 50380676 ops/sec 0.992 seconds 50000000 operations;  384.4 MB/s
DB path: [/dev/shm/db_bench_enterprise]
readseq      :    0.019867 micros/op 50331381 ops/sec 0.993 seconds 50000000 operations;  384.0 MB/s
