RocksDB:    version 8.10.2
Date:       Sat Aug 15 05:29:50 2026
CPU:        4 * AMD EPYC 9V74 80-Core Processor
CPUCache:   1024 KB
Set seed to 1786771790977232 because --seed was 0
Initializing RocksDB Options from the specified file
Initializing RocksDB Options from command-line flags
Integrated BlobDB: blob cache disabled
Keys:       8 bytes each (+ 0 bytes user-defined timestamp)
Values:     50 bytes each (25 bytes after compression)
Entries:    50000000
Prefix:    0 bytes
Keys per prefix:    0
RawSize:    2765.7 MB (estimated)
FileSize:   1573.6 MB (estimated)
Write rate: 0 bytes/second
Read rate: 0 ops/second
Compression: Snappy
Compression sampling rate: 0
Memtablerep: CSPPMemTabFactory
Perf Level: 1
------------------------------------------------
Initializing RocksDB Options from the specified file
Initializing RocksDB Options from command-line flags
Integrated BlobDB: blob cache disabled
DB path: [/dev/shm/db_bench_enterprise]
2026-08-15T05:29:53.007031Z fillrandom   :    0.868105 micros/op 1151933 ops/sec 43.405 seconds 50000000 operations;   63.7 MB/s
start step[ordinal=0, threadno=0, live_fibers=1]: ZipInputData
start step[ordinal=0, threadno=1, live_fibers=1]: ZipInputData
start step[ordinal=0, threadno=2, live_fibers=1]: ZipInputData
start step[ordinal=0, threadno=3, live_fibers=1]: ZipInputData
start step[ordinal=1, threadno=0, live_fibers=1]: WriteZipData
flush memtable
DB path: [/dev/shm/db_bench_enterprise]
2026-08-15T05:30:36.422717Z compact      : 40146626.000000 micros/op 0 ops/sec 40.147 seconds 1 operations;
DB path: [/dev/shm/db_bench_enterprise]
2026-08-15T05:31:16.569601Z readseq      :    0.060205 micros/op 16609551 ops/sec 3.010 seconds 50000000 operations;  918.7 MB/s
DB path: [/dev/shm/db_bench_enterprise]
2026-08-15T05:31:19.580155Z readseq      :    0.059827 micros/op 16714503 ops/sec 2.991 seconds 50000000 operations;  924.5 MB/s
DB path: [/dev/shm/db_bench_enterprise]
2026-08-15T05:31:22.571889Z readseq      :    0.059306 micros/op 16861410 ops/sec 2.965 seconds 50000000 operations;  932.7 MB/s
DB path: [/dev/shm/db_bench_enterprise]
2026-08-15T05:31:25.537503Z readrandom   :    0.697663 micros/op 1433355 ops/sec 34.883 seconds 50000000 operations;   50.1 MB/s (31603762 of 50000000 found)

ended step[ordinal=0, threadno=2, live_fibers=1]: ZipInputData
ended step[ordinal=0, threadno=3, live_fibers=1]: ZipInputData
ended step[ordinal=0, threadno=0, live_fibers=1]: ZipInputData
ended step[ordinal=0, threadno=1, live_fibers=1]: ZipInputData
ended step[ordinal=1, threadno=0, live_fibers=1]: WriteZipData
