RocksDB:    version 8.10.2
Date:       Sat Aug 15 05:32:09 2026
CPU:        4 * AMD EPYC 9V74 80-Core Processor
CPUCache:   1024 KB
Set seed to 1786771929435718 because --seed was 0
Initializing RocksDB Options from the specified file
Initializing RocksDB Options from command-line flags
Integrated BlobDB: blob cache disabled
Keys:       8 bytes each (+ 0 bytes user-defined timestamp)
Values:     50 bytes each (25 bytes after compression)
Entries:    50000000
Prefix:    0 bytes
Keys per prefix:    0
RawSize:    2765.7 MB (estimated)
FileSize:   1573.6 MB (estimated)
Write rate: 0 bytes/second
Read rate: 0 ops/second
Compression: Snappy
Compression sampling rate: 0
Memtablerep: CSPPMemTabFactory
Perf Level: 1
------------------------------------------------
Initializing RocksDB Options from the specified file
Initializing RocksDB Options from command-line flags
Integrated BlobDB: blob cache disabled
DB path: [/dev/shm/db_bench_enterprise]
2026-08-15T05:32:11.468056Z fillseq      :    0.407220 micros/op 2455673 ops/sec 20.361 seconds 50000000 operations;  135.8 MB/s
start step[ordinal=0, threadno=0, live_fibers=1]: ZipInputData
start step[ordinal=0, threadno=1, live_fibers=1]: ZipInputData
start step[ordinal=0, threadno=2, live_fibers=1]: ZipInputData
start step[ordinal=0, threadno=3, live_fibers=1]: ZipInputData
start step[ordinal=1, threadno=0, live_fibers=1]: WriteZipData
flush memtable
DB path: [/dev/shm/db_bench_enterprise]
2026-08-15T05:32:31.833988Z compact      : 65634098.000000 micros/op 0 ops/sec 65.634 seconds 1 operations;
DB path: [/dev/shm/db_bench_enterprise]
2026-08-15T05:33:37.468382Z readseq      :    0.050597 micros/op 19763462 ops/sec 2.530 seconds 50000000 operations; 1093.2 MB/s
DB path: [/dev/shm/db_bench_enterprise]
2026-08-15T05:33:39.998593Z readseq      :    0.048861 micros/op 20465818 ops/sec 2.443 seconds 50000000 operations; 1132.0 MB/s
DB path: [/dev/shm/db_bench_enterprise]
2026-08-15T05:33:42.441925Z readseq      :    0.048604 micros/op 20574209 ops/sec 2.430 seconds 50000000 operations; 1138.0 MB/s
DB path: [/dev/shm/db_bench_enterprise]
2026-08-15T05:33:44.872372Z readrandom   :    0.878777 micros/op 1137944 ops/sec 43.939 seconds 50000000 operations;   62.9 MB/s (50000000 of 50000000 found)

ended step[ordinal=0, threadno=0, live_fibers=1]: ZipInputData
ended step[ordinal=0, threadno=1, live_fibers=1]: ZipInputData
ended step[ordinal=0, threadno=2, live_fibers=1]: ZipInputData
ended step[ordinal=0, threadno=3, live_fibers=1]: ZipInputData
ended step[ordinal=1, threadno=0, live_fibers=1]: WriteZipData
