RocksDB:    version 8.10.2
Date:       Sat Aug 15 05:32:01 2026
CPU:        4 * AMD EPYC 9V74 80-Core Processor
CPUCache:   1024 KB
Set seed to 1786771921211838 because --seed was 0
Initializing RocksDB Options from the specified file
Initializing RocksDB Options from command-line flags
Integrated BlobDB: blob cache disabled
Keys:       8 bytes each (+ 0 bytes user-defined timestamp)
Values:     50 bytes each (25 bytes after compression)
Entries:    50000000
Prefix:    0 bytes
Keys per prefix:    0
RawSize:    2765.7 MB (estimated)
FileSize:   1573.6 MB (estimated)
Write rate: 0 bytes/second
Read rate: 0 ops/second
Compression: Snappy
Compression sampling rate: 0
Memtablerep: CSPPMemTabFactory
Perf Level: 1
------------------------------------------------
DB path: [/dev/shm/db_bench_enterprise]
nextwithkey  :    0.026133 micros/op 38263773 ops/sec 1.307 seconds 50000000 operations;  291.9 MB/s
DB path: [/dev/shm/db_bench_enterprise]
nextwithkey  :    0.026002 micros/op 38456598 ops/sec 1.300 seconds 50000000 operations;  293.4 MB/s
DB path: [/dev/shm/db_bench_enterprise]
nextwithkey  :    0.026010 micros/op 38446544 ops/sec 1.301 seconds 50000000 operations;  293.3 MB/s
DB path: [/dev/shm/db_bench_enterprise]
readseq      :    0.026959 micros/op 37090777 ops/sec 1.348 seconds 50000000 operations;  283.0 MB/s
DB path: [/dev/shm/db_bench_enterprise]
readseq      :    0.026962 micros/op 37087448 ops/sec 1.348 seconds 50000000 operations;  283.0 MB/s
DB path: [/dev/shm/db_bench_enterprise]
readseq      :    0.026905 micros/op 37165215 ops/sec 1.345 seconds 50000000 operations;  283.5 MB/s
