Running as unit: run-r1284c291643446e08f8c5af024d0e9ec.scope; invocation ID: 56c9230b3cd147c5b409d5ec38d47c5a
RocksDB:    version 8.10.2
Date:       Sat Aug  8 10:14:17 2026
CPU:        4 * AMD EPYC 7763 64-Core Processor
CPUCache:   512 KB
Set seed to 1786184057612685 because --seed was 0
Initializing RocksDB Options from the specified file
Initializing RocksDB Options from command-line flags
Integrated BlobDB: blob cache disabled
Keys:       8 bytes each (+ 0 bytes user-defined timestamp)
Values:     50 bytes each (25 bytes after compression)
Entries:    100000000
Prefix:    0 bytes
Keys per prefix:    0
RawSize:    5531.3 MB (estimated)
FileSize:   3147.1 MB (estimated)
Write rate: 0 bytes/second
Read rate: 0 ops/second
Compression: Snappy
Compression sampling rate: 0
Memtablerep: CSPPMemTabFactory
Perf Level: 1
------------------------------------------------
Initializing RocksDB Options from the specified file
Initializing RocksDB Options from command-line flags
Integrated BlobDB: blob cache disabled
DB path: [/dev/shm/db_bench_enterprise]
2026-08-08T10:14:19.650708Z fillseq      :    1.800703 micros/op 555081 ops/sec 180.154 seconds 100000000 operations;   30.7 MB/s
flush memtable
DB path: [/dev/shm/db_bench_enterprise]
2026-08-08T10:17:19.810498Z compact      : 89513450.000000 micros/op 0 ops/sec 89.514 seconds 1 operations;
DB path: [/dev/shm/db_bench_enterprise]
2026-08-08T10:18:49.324237Z readseq      :    0.085061 micros/op 11756158 ops/sec 8.506 seconds 100000000 operations;  650.3 MB/s
DB path: [/dev/shm/db_bench_enterprise]
2026-08-08T10:18:57.830673Z readseq      :    0.084770 micros/op 11796538 ops/sec 8.477 seconds 100000000 operations;  652.5 MB/s
DB path: [/dev/shm/db_bench_enterprise]
2026-08-08T10:19:06.307999Z readseq      :    0.085145 micros/op 11744643 ops/sec 8.515 seconds 100000000 operations;  649.6 MB/s
DB path: [/dev/shm/db_bench_enterprise]
2026-08-08T10:19:14.822771Z readrandom   :    0.340249 micros/op 2939023 ops/sec 34.025 seconds 100000000 operations;  162.6 MB/s (100000000 of 100000000 found)

