RocksDB:    version 8.10.2
Date:       Sat Aug 15 13:23:12 2026
CPU:        4 * AMD EPYC 7763 64-Core Processor
CPUCache:   512 KB
Set seed to 1786800192885271 because --seed was 0
Initializing RocksDB Options from the specified file
Initializing RocksDB Options from command-line flags
Integrated BlobDB: blob cache disabled
Keys:       8 bytes each (+ 0 bytes user-defined timestamp)
Values:     50 bytes each (25 bytes after compression)
Entries:    50000000
Prefix:    0 bytes
Keys per prefix:    0
RawSize:    2765.7 MB (estimated)
FileSize:   1573.6 MB (estimated)
Write rate: 0 bytes/second
Read rate: 0 ops/second
Compression: Snappy
Compression sampling rate: 0
Memtablerep: CSPPMemTabFactory
Perf Level: 1
------------------------------------------------
Initializing RocksDB Options from the specified file
Initializing RocksDB Options from command-line flags
Integrated BlobDB: blob cache disabled
DB path: [/dev/shm/db_bench_enterprise]
2026-08-15T13:23:14.915229Z fillrandom   :    0.811291 micros/op 1232597 ops/sec 40.565 seconds 50000000 operations;   68.2 MB/s
start step[ordinal=0, threadno=0, live_fibers=1]: ZipInputData
start step[ordinal=0, threadno=1, live_fibers=1]: ZipInputData
start step[ordinal=0, threadno=2, live_fibers=1]: ZipInputData
start step[ordinal=0, threadno=3, live_fibers=1]: ZipInputData
start step[ordinal=1, threadno=0, live_fibers=1]: WriteZipData
flush memtable
DB path: [/dev/shm/db_bench_enterprise]
2026-08-15T13:23:55.490491Z compact      : 40499398.000000 micros/op 0 ops/sec 40.499 seconds 1 operations;
DB path: [/dev/shm/db_bench_enterprise]
2026-08-15T13:24:35.990086Z readseq      :    0.059692 micros/op 16752528 ops/sec 2.985 seconds 50000000 operations;  926.6 MB/s
DB path: [/dev/shm/db_bench_enterprise]
2026-08-15T13:24:38.974958Z readseq      :    0.059308 micros/op 16861103 ops/sec 2.965 seconds 50000000 operations;  932.6 MB/s
DB path: [/dev/shm/db_bench_enterprise]
2026-08-15T13:24:41.940580Z readseq      :    0.059889 micros/op 16697133 ops/sec 2.995 seconds 50000000 operations;  923.6 MB/s
DB path: [/dev/shm/db_bench_enterprise]
2026-08-15T13:24:44.935347Z readrandom   :    0.443231 micros/op 2256155 ops/sec 22.162 seconds 50000000 operations;   78.9 MB/s (31608347 of 50000000 found)

ended step[ordinal=0, threadno=3, live_fibers=1]: ZipInputData
ended step[ordinal=0, threadno=1, live_fibers=1]: ZipInputData
ended step[ordinal=0, threadno=2, live_fibers=1]: ZipInputData
ended step[ordinal=0, threadno=0, live_fibers=1]: ZipInputData
ended step[ordinal=1, threadno=0, live_fibers=1]: WriteZipData
