RocksDB:    version 8.10.2
Date:       Sat Aug 15 13:25:09 2026
CPU:        4 * AMD EPYC 7763 64-Core Processor
CPUCache:   512 KB
Set seed to 1786800309105494 because --seed was 0
Initializing RocksDB Options from the specified file
Initializing RocksDB Options from command-line flags
Integrated BlobDB: blob cache disabled
Keys:       8 bytes each (+ 0 bytes user-defined timestamp)
Values:     50 bytes each (25 bytes after compression)
Entries:    50000000
Prefix:    0 bytes
Keys per prefix:    0
RawSize:    2765.7 MB (estimated)
FileSize:   1573.6 MB (estimated)
Write rate: 0 bytes/second
Read rate: 0 ops/second
Compression: Snappy
Compression sampling rate: 0
Memtablerep: CSPPMemTabFactory
Perf Level: 1
------------------------------------------------
DB path: [/dev/shm/db_bench_enterprise]
nextwithkey  :    0.025241 micros/op 39617328 ops/sec 1.262 seconds 50000000 operations;  302.3 MB/s
DB path: [/dev/shm/db_bench_enterprise]
nextwithkey  :    0.025258 micros/op 39588846 ops/sec 1.263 seconds 50000000 operations;  302.0 MB/s
DB path: [/dev/shm/db_bench_enterprise]
nextwithkey  :    0.024918 micros/op 40130439 ops/sec 1.246 seconds 50000000 operations;  306.2 MB/s
DB path: [/dev/shm/db_bench_enterprise]
readseq      :    0.025604 micros/op 39055268 ops/sec 1.280 seconds 50000000 operations;  298.0 MB/s
DB path: [/dev/shm/db_bench_enterprise]
readseq      :    0.025820 micros/op 38727957 ops/sec 1.291 seconds 50000000 operations;  295.5 MB/s
DB path: [/dev/shm/db_bench_enterprise]
readseq      :    0.025660 micros/op 38969278 ops/sec 1.283 seconds 50000000 operations;  297.3 MB/s
