RocksDB:    version 8.10.2
Date:       Sat Aug 15 13:27:21 2026
CPU:        4 * AMD EPYC 7763 64-Core Processor
CPUCache:   512 KB
Set seed to 1786800441534193 because --seed was 0
Initializing RocksDB Options from the specified file
Initializing RocksDB Options from command-line flags
Integrated BlobDB: blob cache disabled
Keys:       8 bytes each (+ 0 bytes user-defined timestamp)
Values:     50 bytes each (25 bytes after compression)
Entries:    50000000
Prefix:    0 bytes
Keys per prefix:    0
RawSize:    2765.7 MB (estimated)
FileSize:   1573.6 MB (estimated)
Write rate: 0 bytes/second
Read rate: 0 ops/second
Compression: Snappy
Compression sampling rate: 0
Memtablerep: CSPPMemTabFactory
Perf Level: 1
------------------------------------------------
DB path: [/dev/shm/db_bench_enterprise]
nextwithkey  :    0.019070 micros/op 52435800 ops/sec 0.954 seconds 50000000 operations;  400.1 MB/s
DB path: [/dev/shm/db_bench_enterprise]
nextwithkey  :    0.019258 micros/op 51923560 ops/sec 0.963 seconds 50000000 operations;  396.1 MB/s
DB path: [/dev/shm/db_bench_enterprise]
nextwithkey  :    0.019168 micros/op 52167507 ops/sec 0.958 seconds 50000000 operations;  398.0 MB/s
DB path: [/dev/shm/db_bench_enterprise]
readseq      :    0.019449 micros/op 51412877 ops/sec 0.973 seconds 50000000 operations;  392.2 MB/s
DB path: [/dev/shm/db_bench_enterprise]
readseq      :    0.019502 micros/op 51274741 ops/sec 0.975 seconds 50000000 operations;  391.2 MB/s
DB path: [/dev/shm/db_bench_enterprise]
readseq      :    0.019456 micros/op 51395067 ops/sec 0.973 seconds 50000000 operations;  392.1 MB/s
