$ /home/runner/work/toplingdb/toplingdb/_run_prefix/rocksdb-master/bin/db_bench -db=/dev/shm/db_bench_rocksdb_master -num=100000000 -key_size=8 -value_size=50 -batch_size=1000 -cache_size=8383207424 -benchmarks=fillrandom,flush,compact,readseq,readseq,readseq,readrandom -progress_reports=false -report_bench_start_time -compact_target_level=6 -options_file=.github/bench-conf/rocksdb_db_bench.ini
RocksDB:    version 11.11.0
Date:       Mon Sep 14 06:29:07 2026
CPU:        4 * AMD EPYC 7763 64-Core Processor
CPUCache:   512 KB
Set seed to 1789367347187977 because --seed was 0
Initializing RocksDB Options from the specified file
Keys:       8 bytes each (+ 0 bytes user-defined timestamp)
Values:     50 bytes each (25 bytes after compression)
Entries:    100000000
Prefix:    0 bytes
Keys per prefix:    0
RawSize:    5531.3 MB (estimated)
FileSize:   3147.1 MB (estimated)
Write rate: 0 bytes/second
Read rate: 0 ops/second
Compression: Snappy
Compression sampling rate: 0
Memtablerep: SkipListFactory
Perf Level: 1
------------------------------------------------
Initializing RocksDB Options from the specified file
DB path: [/dev/shm/db_bench_rocksdb_master]
2026-09-14T06:29:07.201656Z fillrandom   :       1.538 micros/op 650137 ops/sec 153.814 seconds 100000000 operations;   36.0 MB/s
flush memtable
DB path: [/dev/shm/db_bench_rocksdb_master]
2026-09-14T06:31:41.268222Z compact      : 49999898.000 micros/op 0 ops/sec 50.000 seconds 1 operations;
DB path: [/dev/shm/db_bench_rocksdb_master]
2026-09-14T06:32:31.268343Z readseq      :       0.179 micros/op 5595840 ops/sec 11.297 seconds 63215493 operations;  309.5 MB/s
DB path: [/dev/shm/db_bench_rocksdb_master]
2026-09-14T06:32:42.565437Z readseq      :       0.134 micros/op 7442301 ops/sec 8.494 seconds 63215493 operations;  411.7 MB/s
DB path: [/dev/shm/db_bench_rocksdb_master]
2026-09-14T06:32:51.059750Z readseq      :       0.134 micros/op 7439246 ops/sec 8.498 seconds 63215493 operations;  411.5 MB/s
DB path: [/dev/shm/db_bench_rocksdb_master]
2026-09-14T06:32:59.557537Z readrandom   :       2.816 micros/op 355143 ops/sec 281.577 seconds 100000000 operations;   12.4 MB/s (63224187 of 100000000 found)

