$ /home/runner/work/toplingdb/toplingdb/_run_prefix/rocksdb-master/bin/db_bench -db=/dev/shm/db_bench_rocksdb_master -num=100000000 -key_size=8 -value_size=50 -batch_size=1000 -cache_size=8383207424 -benchmarks=fillseq,flush,compact,readseq,readseq,readseq,readrandom -progress_reports=false -report_bench_start_time -compact_target_level=6 -options_file=.github/bench-conf/rocksdb_db_bench.ini
RocksDB:    version 11.11.0
Date:       Mon Sep 14 06:37:41 2026
CPU:        4 * AMD EPYC 7763 64-Core Processor
CPUCache:   512 KB
Set seed to 1789367861736059 because --seed was 0
Initializing RocksDB Options from the specified file
Keys:       8 bytes each (+ 0 bytes user-defined timestamp)
Values:     50 bytes each (25 bytes after compression)
Entries:    100000000
Prefix:    0 bytes
Keys per prefix:    0
RawSize:    5531.3 MB (estimated)
FileSize:   3147.1 MB (estimated)
Write rate: 0 bytes/second
Read rate: 0 ops/second
Compression: Snappy
Compression sampling rate: 0
Memtablerep: SkipListFactory
Perf Level: 1
------------------------------------------------
Initializing RocksDB Options from the specified file
DB path: [/dev/shm/db_bench_rocksdb_master]
2026-09-14T06:37:41.750059Z fillseq      :       0.425 micros/op 2351354 ops/sec 42.529 seconds 100000000 operations;  130.1 MB/s
flush memtable
DB path: [/dev/shm/db_bench_rocksdb_master]
2026-09-14T06:38:24.476366Z compact      : 42940490.000 micros/op 0 ops/sec 42.941 seconds 1 operations;
DB path: [/dev/shm/db_bench_rocksdb_master]
2026-09-14T06:39:07.417067Z readseq      :       0.201 micros/op 4981170 ops/sec 20.076 seconds 100000000 operations;  275.5 MB/s
DB path: [/dev/shm/db_bench_rocksdb_master]
2026-09-14T06:39:27.492944Z readseq      :       0.131 micros/op 7622506 ops/sec 13.119 seconds 100000000 operations;  421.6 MB/s
DB path: [/dev/shm/db_bench_rocksdb_master]
2026-09-14T06:39:40.612260Z readseq      :       0.131 micros/op 7650936 ops/sec 13.070 seconds 100000000 operations;  423.2 MB/s
DB path: [/dev/shm/db_bench_rocksdb_master]
2026-09-14T06:39:53.682799Z readrandom   :       3.113 micros/op 321211 ops/sec 311.321 seconds 100000000 operations;   17.8 MB/s (100000000 of 100000000 found)

