RocksDB:    version 11.9.0
Date:       Fri Aug 14 09:54:52 2026
CPU:        4 * AMD EPYC 7763 64-Core Processor
CPUCache:   512 KB
Set seed to 1786701292293593 because --seed was 0
Initializing RocksDB Options from the specified file
Initializing RocksDB Options from command-line flags
Integrated BlobDB: blob cache disabled
Keys:       8 bytes each (+ 0 bytes user-defined timestamp)
Values:     50 bytes each (25 bytes after compression)
Entries:    50000000
Prefix:    0 bytes
Keys per prefix:    0
RawSize:    2765.7 MB (estimated)
FileSize:   1573.6 MB (estimated)
Write rate: 0 bytes/second
Read rate: 0 ops/second
Compression: Snappy
Compression sampling rate: 0
Memtablerep: SkipListFactory
Perf Level: 1
------------------------------------------------
Initializing RocksDB Options from the specified file
Initializing RocksDB Options from command-line flags
Integrated BlobDB: blob cache disabled
DB path: [/dev/shm/db_bench_rocksdb_master]
2026-08-14T09:54:52.308032Z fillrandom   :       1.671 micros/op 598320 ops/sec 83.567 seconds 50000000 operations;   33.1 MB/s
flush memtable
DB path: [/dev/shm/db_bench_rocksdb_master]
2026-08-14T09:56:16.172952Z compact      : 22675605.000 micros/op 0 ops/sec 22.676 seconds 1 operations;
DB path: [/dev/shm/db_bench_rocksdb_master]
2026-08-14T09:56:38.848769Z readseq      :       0.175 micros/op 5704257 ops/sec 5.541 seconds 31606403 operations;  315.5 MB/s
DB path: [/dev/shm/db_bench_rocksdb_master]
2026-08-14T09:56:44.389906Z readseq      :       0.124 micros/op 8060538 ops/sec 3.921 seconds 31606403 operations;  445.9 MB/s
DB path: [/dev/shm/db_bench_rocksdb_master]
2026-08-14T09:56:48.311228Z readseq      :       0.123 micros/op 8104715 ops/sec 3.900 seconds 31606403 operations;  448.3 MB/s
DB path: [/dev/shm/db_bench_rocksdb_master]
2026-08-14T09:56:52.211239Z readrandom   :       3.126 micros/op 319927 ops/sec 156.286 seconds 50000000 operations;   11.2 MB/s (31602618 of 50000000 found)

