RocksDB:    version 11.9.0
Date:       Fri Aug 14 13:32:52 2026
CPU:        4 * AMD EPYC 9V74 80-Core Processor
CPUCache:   1024 KB
Set seed to 1786714372276582 because --seed was 0
Initializing RocksDB Options from the specified file
Initializing RocksDB Options from command-line flags
Integrated BlobDB: blob cache disabled
Keys:       8 bytes each (+ 0 bytes user-defined timestamp)
Values:     50 bytes each (25 bytes after compression)
Entries:    100000000
Prefix:    0 bytes
Keys per prefix:    0
RawSize:    5531.3 MB (estimated)
FileSize:   3147.1 MB (estimated)
Write rate: 0 bytes/second
Read rate: 0 ops/second
Compression: Snappy
Compression sampling rate: 0
Memtablerep: SkipListFactory
Perf Level: 1
------------------------------------------------
Initializing RocksDB Options from the specified file
Initializing RocksDB Options from command-line flags
Integrated BlobDB: blob cache disabled
DB path: [/dev/shm/db_bench_rocksdb_master]
2026-08-14T13:32:52.289825Z fillrandom   :       1.518 micros/op 658866 ops/sec 151.776 seconds 100000000 operations;   36.4 MB/s
flush memtable
DB path: [/dev/shm/db_bench_rocksdb_master]
2026-08-14T13:35:24.386784Z compact      : 48282146.000 micros/op 0 ops/sec 48.282 seconds 1 operations;
DB path: [/dev/shm/db_bench_rocksdb_master]
2026-08-14T13:36:12.669188Z readseq      :       0.172 micros/op 5814421 ops/sec 10.871 seconds 63207032 operations;  321.6 MB/s
DB path: [/dev/shm/db_bench_rocksdb_master]
2026-08-14T13:36:23.540112Z readseq      :       0.118 micros/op 8465669 ops/sec 7.466 seconds 63207032 operations;  468.3 MB/s
DB path: [/dev/shm/db_bench_rocksdb_master]
2026-08-14T13:36:31.006601Z readseq      :       0.119 micros/op 8408548 ops/sec 7.517 seconds 63207032 operations;  465.1 MB/s
DB path: [/dev/shm/db_bench_rocksdb_master]
2026-08-14T13:36:38.523826Z readrandom   :       3.045 micros/op 328411 ops/sec 304.496 seconds 100000000 operations;   11.5 MB/s (63207464 of 100000000 found)

