Running as unit: run-rf5e97bd54f7a435692f6d7bb4f3c0415.scope; invocation ID: 31ff1167881e4853be9240ab69d7a145
RocksDB:    version 8.10.2
Date:       Sat Aug 15 11:26:53 2026
CPU:        4 * AMD EPYC 7763 64-Core Processor
CPUCache:   512 KB
Set seed to 1786793213826094 because --seed was 0
Initializing RocksDB Options from the specified file
Initializing RocksDB Options from command-line flags
Integrated BlobDB: blob cache disabled
Keys:       8 bytes each (+ 0 bytes user-defined timestamp)
Values:     50 bytes each (25 bytes after compression)
Entries:    100000000
Prefix:    0 bytes
Keys per prefix:    0
RawSize:    5531.3 MB (estimated)
FileSize:   3147.1 MB (estimated)
Write rate: 0 bytes/second
Read rate: 0 ops/second
Compression: Snappy
Compression sampling rate: 0
Memtablerep: CSPPMemTabFactory
Perf Level: 1
------------------------------------------------
Initializing RocksDB Options from the specified file
Initializing RocksDB Options from command-line flags
Integrated BlobDB: blob cache disabled
DB path: [/dev/shm/db_bench_enterprise]
2026-08-15T11:26:55.858441Z fillrandom   :    4.107259 micros/op 243471 ops/sec 410.726 seconds 100000000 operations;   13.5 MB/s
flush memtable
DB path: [/dev/shm/db_bench_enterprise]
2026-08-15T11:33:49.783376Z compact      : 53011139.000000 micros/op 0 ops/sec 53.011 seconds 1 operations;
DB path: [/dev/shm/db_bench_enterprise]
2026-08-15T11:34:42.794714Z readseq      :    0.088951 micros/op 11242123 ops/sec 8.895 seconds 100000000 operations;  621.8 MB/s
DB path: [/dev/shm/db_bench_enterprise]
2026-08-15T11:34:51.690033Z readseq      :    0.088953 micros/op 11241839 ops/sec 8.895 seconds 100000000 operations;  621.8 MB/s
DB path: [/dev/shm/db_bench_enterprise]
2026-08-15T11:35:00.585653Z readseq      :    0.089296 micros/op 11198657 ops/sec 8.930 seconds 100000000 operations;  619.4 MB/s
DB path: [/dev/shm/db_bench_enterprise]
2026-08-15T11:35:09.515521Z readrandom   :    0.468872 micros/op 2132776 ops/sec 46.887 seconds 100000000 operations;   74.6 MB/s (63204243 of 100000000 found)

