$ /home/runner/work/toplingdb/toplingdb/_run_prefix/topling/bin/db_bench -json logs/zipkeyvalue/db_bench-fillseq.yaml -num=50000000 -key_size=8 -value_size=50 -batch_size=1000 -benchmarks=fillseq,flush,compact,readseq,readseq,readseq,readrandom -enable_zero_copy -progress_reports=false -report_bench_start_time -compact_target_level=6
RocksDB:    version 8.10.2
Date:       Tue Oct  6 12:51:49 2026
CPU:        4 * Intel(R) Xeon(R) 6973P-C
CPUCache:   491520 KB
Set seed to 1791291109835713 because --seed was 0
Initializing RocksDB Options from the specified file
Initializing RocksDB Options from command-line flags
Integrated BlobDB: blob cache disabled
Keys:       8 bytes each (+ 0 bytes user-defined timestamp)
Values:     50 bytes each (25 bytes after compression)
Entries:    50000000
Prefix:    0 bytes
Keys per prefix:    0
RawSize:    2765.7 MB (estimated)
FileSize:   1573.6 MB (estimated)
Write rate: 0 bytes/second
Read rate: 0 ops/second
Compression: Snappy
Compression sampling rate: 0
Memtablerep: OffsetSkipList
Perf Level: 1
------------------------------------------------
Initializing RocksDB Options from the specified file
Initializing RocksDB Options from command-line flags
Integrated BlobDB: blob cache disabled
DB path: [/dev/shm/db_bench_enterprise]
2026-10-06T12:51:51.859648Z fillseq      :    0.234845 micros/op 4258047 ops/sec 11.742 seconds 50000000 operations;  235.5 MB/s
start step[ordinal=0, threadno=0, live_fibers=1]: ZipInputData
start step[ordinal=0, threadno=1, live_fibers=1]: ZipInputData
start step[ordinal=0, threadno=2, live_fibers=1]: ZipInputData
start step[ordinal=0, threadno=3, live_fibers=1]: ZipInputData
start step[ordinal=1, threadno=0, live_fibers=1]: WriteZipData
flush memtable
DB path: [/dev/shm/db_bench_enterprise]
2026-10-06T12:52:03.617935Z compact      : 62857786.000000 micros/op 0 ops/sec 62.858 seconds 1 operations;
DB path: [/dev/shm/db_bench_enterprise]
2026-10-06T12:53:06.476008Z readseq      :    0.032116 micros/op 31136817 ops/sec 1.606 seconds 50000000 operations; 1722.3 MB/s
DB path: [/dev/shm/db_bench_enterprise]
2026-10-06T12:53:08.082147Z readseq      :    0.031553 micros/op 31691763 ops/sec 1.578 seconds 50000000 operations; 1753.0 MB/s
DB path: [/dev/shm/db_bench_enterprise]
2026-10-06T12:53:09.660130Z readseq      :    0.031814 micros/op 31432386 ops/sec 1.591 seconds 50000000 operations; 1738.6 MB/s
DB path: [/dev/shm/db_bench_enterprise]
2026-10-06T12:53:11.251118Z readrandom   :    0.737206 micros/op 1356471 ops/sec 36.860 seconds 50000000 operations;   75.0 MB/s (50000000 of 50000000 found)

ended step[ordinal=0, threadno=3, live_fibers=1]: ZipInputData
ended step[ordinal=0, threadno=1, live_fibers=1]: ZipInputData
ended step[ordinal=0, threadno=0, live_fibers=1]: ZipInputData
ended step[ordinal=0, threadno=2, live_fibers=1]: ZipInputData
ended step[ordinal=1, threadno=0, live_fibers=1]: WriteZipData
