$ /home/runner/work/toplingdb/toplingdb/_run_prefix/topling/bin/db_bench -json logs/zipkeyvalue/db_bench-fillseq.yaml -num=50000000 -key_size=8 -value_size=50 -batch_size=1000 -benchmarks=nextwithkey,nextwithkey,nextwithkey,readseq,readseq,readseq -scan_omit_key -scan_omit_value -use_existing_db=1 -enable_zero_copy -progress_reports=false
RocksDB:    version 8.10.2
Date:       Tue Oct  6 12:53:50 2026
CPU:        4 * Intel(R) Xeon(R) 6973P-C
CPUCache:   491520 KB
Set seed to 1791291230069367 because --seed was 0
Initializing RocksDB Options from the specified file
Initializing RocksDB Options from command-line flags
Integrated BlobDB: blob cache disabled
Keys:       8 bytes each (+ 0 bytes user-defined timestamp)
Values:     50 bytes each (25 bytes after compression)
Entries:    50000000
Prefix:    0 bytes
Keys per prefix:    0
RawSize:    2765.7 MB (estimated)
FileSize:   1573.6 MB (estimated)
Write rate: 0 bytes/second
Read rate: 0 ops/second
Compression: Snappy
Compression sampling rate: 0
Memtablerep: OffsetSkipList
Perf Level: 1
------------------------------------------------
DB path: [/dev/shm/db_bench_enterprise]
nextwithkey  :    0.012943 micros/op 77251813 ops/sec 0.647 seconds 50000000 operations;  589.4 MB/s
DB path: [/dev/shm/db_bench_enterprise]
nextwithkey  :    0.012912 micros/op 77437260 ops/sec 0.646 seconds 50000000 operations;  590.8 MB/s
DB path: [/dev/shm/db_bench_enterprise]
nextwithkey  :    0.012915 micros/op 77425868 ops/sec 0.646 seconds 50000000 operations;  590.7 MB/s
DB path: [/dev/shm/db_bench_enterprise]
readseq      :    0.013826 micros/op 72321221 ops/sec 0.691 seconds 50000000 operations;  551.8 MB/s
DB path: [/dev/shm/db_bench_enterprise]
readseq      :    0.014236 micros/op 70235372 ops/sec 0.712 seconds 50000000 operations;  535.9 MB/s
DB path: [/dev/shm/db_bench_enterprise]
readseq      :    0.013888 micros/op 72000771 ops/sec 0.694 seconds 50000000 operations;  549.3 MB/s
