$ /home/runner/work/toplingdb/toplingdb/_run_prefix/topling/bin/db_bench -json logs/zipkeyvalue/db_bench-fillseq-cspp.yaml -num=50000000 -key_size=8 -value_size=50 -batch_size=1000 -benchmarks=nextwithkey,nextwithkey,nextwithkey,readseq,readseq,readseq -scan_omit_key -scan_omit_value -use_existing_db=1 -enable_zero_copy -progress_reports=false
RocksDB:    version 8.10.2
Date:       Tue Oct  6 12:55:54 2026
CPU:        4 * Intel(R) Xeon(R) 6973P-C
CPUCache:   491520 KB
Set seed to 1791291354505279 because --seed was 0
Initializing RocksDB Options from the specified file
Initializing RocksDB Options from command-line flags
Integrated BlobDB: blob cache disabled
Keys:       8 bytes each (+ 0 bytes user-defined timestamp)
Values:     50 bytes each (25 bytes after compression)
Entries:    50000000
Prefix:    0 bytes
Keys per prefix:    0
RawSize:    2765.7 MB (estimated)
FileSize:   1573.6 MB (estimated)
Write rate: 0 bytes/second
Read rate: 0 ops/second
Compression: Snappy
Compression sampling rate: 0
Memtablerep: CSPPMemTabFactory
Perf Level: 1
------------------------------------------------
DB path: [/dev/shm/db_bench_enterprise]
nextwithkey  :    0.013017 micros/op 76780501 ops/sec 0.651 seconds 50000000 operations;  585.8 MB/s
DB path: [/dev/shm/db_bench_enterprise]
nextwithkey  :    0.012851 micros/op 77804421 ops/sec 0.643 seconds 50000000 operations;  593.6 MB/s
DB path: [/dev/shm/db_bench_enterprise]
nextwithkey  :    0.012833 micros/op 77921187 ops/sec 0.642 seconds 50000000 operations;  594.5 MB/s
DB path: [/dev/shm/db_bench_enterprise]
readseq      :    0.013817 micros/op 72355549 ops/sec 0.691 seconds 50000000 operations;  552.0 MB/s
DB path: [/dev/shm/db_bench_enterprise]
readseq      :    0.013836 micros/op 72267493 ops/sec 0.692 seconds 50000000 operations;  551.4 MB/s
DB path: [/dev/shm/db_bench_enterprise]
readseq      :    0.014036 micros/op 71241004 ops/sec 0.702 seconds 50000000 operations;  543.5 MB/s
