$ /home/runner/work/toplingdb/toplingdb/_run_prefix/topling/bin/db_bench -json logs/zipkeyvalue/db_bench-fillrandom.yaml -num=50000000 -key_size=8 -value_size=50 -batch_size=1000 -benchmarks=fillrandom,flush,compact,readseq,readseq,readseq,readrandom -enable_zero_copy -progress_reports=false -report_bench_start_time -compact_target_level=6
RocksDB:    version 8.10.2
Date:       Tue Oct  6 12:50:03 2026
CPU:        4 * Intel(R) Xeon(R) 6973P-C
CPUCache:   491520 KB
Set seed to 1791291003511507 because --seed was 0
Initializing RocksDB Options from the specified file
Initializing RocksDB Options from command-line flags
Integrated BlobDB: blob cache disabled
Keys:       8 bytes each (+ 0 bytes user-defined timestamp)
Values:     50 bytes each (25 bytes after compression)
Entries:    50000000
Prefix:    0 bytes
Keys per prefix:    0
RawSize:    2765.7 MB (estimated)
FileSize:   1573.6 MB (estimated)
Write rate: 0 bytes/second
Read rate: 0 ops/second
Compression: Snappy
Compression sampling rate: 0
Memtablerep: CSPPMemTabFactory
Perf Level: 1
------------------------------------------------
Initializing RocksDB Options from the specified file
Initializing RocksDB Options from command-line flags
Integrated BlobDB: blob cache disabled
DB path: [/dev/shm/db_bench_enterprise]
2026-10-06T12:50:05.532083Z fillrandom   :    0.505487 micros/op 1978285 ops/sec 25.274 seconds 50000000 operations;  109.4 MB/s
start step[ordinal=0, threadno=0, live_fibers=1]: ZipInputData
start step[ordinal=0, threadno=2, live_fibers=1]: ZipInputData
start step[ordinal=0, threadno=1, live_fibers=1]: ZipInputData
start step[ordinal=0, threadno=3, live_fibers=1]: ZipInputData
start step[ordinal=1, threadno=0, live_fibers=1]: WriteZipData
flush memtable
DB path: [/dev/shm/db_bench_enterprise]
2026-10-06T12:50:30.821008Z compact      : 35649102.000000 micros/op 0 ops/sec 35.649 seconds 1 operations;
DB path: [/dev/shm/db_bench_enterprise]
2026-10-06T12:51:06.470375Z readseq      :    0.038582 micros/op 25918257 ops/sec 1.929 seconds 50000000 operations; 1433.6 MB/s
DB path: [/dev/shm/db_bench_enterprise]
2026-10-06T12:51:08.399783Z readseq      :    0.037757 micros/op 26484397 ops/sec 1.888 seconds 50000000 operations; 1464.9 MB/s
DB path: [/dev/shm/db_bench_enterprise]
2026-10-06T12:51:10.287950Z readseq      :    0.037845 micros/op 26423081 ops/sec 1.892 seconds 50000000 operations; 1461.5 MB/s
DB path: [/dev/shm/db_bench_enterprise]
2026-10-06T12:51:12.180538Z readrandom   :    0.608169 micros/op 1644276 ops/sec 30.409 seconds 50000000 operations;   57.5 MB/s (31598249 of 50000000 found)

ended step[ordinal=0, threadno=2, live_fibers=1]: ZipInputData
ended step[ordinal=0, threadno=1, live_fibers=1]: ZipInputData
ended step[ordinal=0, threadno=3, live_fibers=1]: ZipInputData
ended step[ordinal=0, threadno=0, live_fibers=1]: ZipInputData
ended step[ordinal=1, threadno=0, live_fibers=1]: WriteZipData

$ /home/runner/work/toplingdb/toplingdb/_run_prefix/topling/bin/db_bench -json logs/zipkeyvalue/db_bench-fillrandom.yaml -num=50000000 -key_size=8 -value_size=50 -batch_size=1000 -benchmarks=nextwithkey,nextwithkey,nextwithkey,readseq,readseq,readseq -scan_omit_key -scan_omit_value -use_existing_db=1 -enable_zero_copy -progress_reports=false
RocksDB:    version 8.10.2
Date:       Tue Oct  6 12:51:43 2026
CPU:        4 * Intel(R) Xeon(R) 6973P-C
CPUCache:   491520 KB
Set seed to 1791291103708685 because --seed was 0
Initializing RocksDB Options from the specified file
Initializing RocksDB Options from command-line flags
Integrated BlobDB: blob cache disabled
Keys:       8 bytes each (+ 0 bytes user-defined timestamp)
Values:     50 bytes each (25 bytes after compression)
Entries:    50000000
Prefix:    0 bytes
Keys per prefix:    0
RawSize:    2765.7 MB (estimated)
FileSize:   1573.6 MB (estimated)
Write rate: 0 bytes/second
Read rate: 0 ops/second
Compression: Snappy
Compression sampling rate: 0
Memtablerep: CSPPMemTabFactory
Perf Level: 1
------------------------------------------------
DB path: [/dev/shm/db_bench_enterprise]
nextwithkey  :    0.019672 micros/op 50828556 ops/sec 0.984 seconds 50000000 operations;  387.8 MB/s
DB path: [/dev/shm/db_bench_enterprise]
nextwithkey  :    0.019552 micros/op 51140902 ops/sec 0.978 seconds 50000000 operations;  390.2 MB/s
DB path: [/dev/shm/db_bench_enterprise]
nextwithkey  :    0.019654 micros/op 50876189 ops/sec 0.983 seconds 50000000 operations;  388.2 MB/s
DB path: [/dev/shm/db_bench_enterprise]
readseq      :    0.020342 micros/op 49157054 ops/sec 1.017 seconds 50000000 operations;  375.0 MB/s
DB path: [/dev/shm/db_bench_enterprise]
readseq      :    0.020261 micros/op 49353566 ops/sec 1.013 seconds 50000000 operations;  376.5 MB/s
DB path: [/dev/shm/db_bench_enterprise]
readseq      :    0.020475 micros/op 48837472 ops/sec 1.024 seconds 50000000 operations;  372.6 MB/s

$ /home/runner/work/toplingdb/toplingdb/_run_prefix/topling/bin/db_bench -json logs/zipkeyvalue/db_bench-fillseq.yaml -num=50000000 -key_size=8 -value_size=50 -batch_size=1000 -benchmarks=fillseq,flush,compact,readseq,readseq,readseq,readrandom -enable_zero_copy -progress_reports=false -report_bench_start_time -compact_target_level=6
RocksDB:    version 8.10.2
Date:       Tue Oct  6 12:51:49 2026
CPU:        4 * Intel(R) Xeon(R) 6973P-C
CPUCache:   491520 KB
Set seed to 1791291109835713 because --seed was 0
Initializing RocksDB Options from the specified file
Initializing RocksDB Options from command-line flags
Integrated BlobDB: blob cache disabled
Keys:       8 bytes each (+ 0 bytes user-defined timestamp)
Values:     50 bytes each (25 bytes after compression)
Entries:    50000000
Prefix:    0 bytes
Keys per prefix:    0
RawSize:    2765.7 MB (estimated)
FileSize:   1573.6 MB (estimated)
Write rate: 0 bytes/second
Read rate: 0 ops/second
Compression: Snappy
Compression sampling rate: 0
Memtablerep: OffsetSkipList
Perf Level: 1
------------------------------------------------
Initializing RocksDB Options from the specified file
Initializing RocksDB Options from command-line flags
Integrated BlobDB: blob cache disabled
DB path: [/dev/shm/db_bench_enterprise]
2026-10-06T12:51:51.859648Z fillseq      :    0.234845 micros/op 4258047 ops/sec 11.742 seconds 50000000 operations;  235.5 MB/s
start step[ordinal=0, threadno=0, live_fibers=1]: ZipInputData
start step[ordinal=0, threadno=1, live_fibers=1]: ZipInputData
start step[ordinal=0, threadno=2, live_fibers=1]: ZipInputData
start step[ordinal=0, threadno=3, live_fibers=1]: ZipInputData
start step[ordinal=1, threadno=0, live_fibers=1]: WriteZipData
flush memtable
DB path: [/dev/shm/db_bench_enterprise]
2026-10-06T12:52:03.617935Z compact      : 62857786.000000 micros/op 0 ops/sec 62.858 seconds 1 operations;
DB path: [/dev/shm/db_bench_enterprise]
2026-10-06T12:53:06.476008Z readseq      :    0.032116 micros/op 31136817 ops/sec 1.606 seconds 50000000 operations; 1722.3 MB/s
DB path: [/dev/shm/db_bench_enterprise]
2026-10-06T12:53:08.082147Z readseq      :    0.031553 micros/op 31691763 ops/sec 1.578 seconds 50000000 operations; 1753.0 MB/s
DB path: [/dev/shm/db_bench_enterprise]
2026-10-06T12:53:09.660130Z readseq      :    0.031814 micros/op 31432386 ops/sec 1.591 seconds 50000000 operations; 1738.6 MB/s
DB path: [/dev/shm/db_bench_enterprise]
2026-10-06T12:53:11.251118Z readrandom   :    0.737206 micros/op 1356471 ops/sec 36.860 seconds 50000000 operations;   75.0 MB/s (50000000 of 50000000 found)

ended step[ordinal=0, threadno=3, live_fibers=1]: ZipInputData
ended step[ordinal=0, threadno=1, live_fibers=1]: ZipInputData
ended step[ordinal=0, threadno=0, live_fibers=1]: ZipInputData
ended step[ordinal=0, threadno=2, live_fibers=1]: ZipInputData
ended step[ordinal=1, threadno=0, live_fibers=1]: WriteZipData

$ /home/runner/work/toplingdb/toplingdb/_run_prefix/topling/bin/db_bench -json logs/zipkeyvalue/db_bench-fillseq.yaml -num=50000000 -key_size=8 -value_size=50 -batch_size=1000 -benchmarks=nextwithkey,nextwithkey,nextwithkey,readseq,readseq,readseq -scan_omit_key -scan_omit_value -use_existing_db=1 -enable_zero_copy -progress_reports=false
RocksDB:    version 8.10.2
Date:       Tue Oct  6 12:53:50 2026
CPU:        4 * Intel(R) Xeon(R) 6973P-C
CPUCache:   491520 KB
Set seed to 1791291230069367 because --seed was 0
Initializing RocksDB Options from the specified file
Initializing RocksDB Options from command-line flags
Integrated BlobDB: blob cache disabled
Keys:       8 bytes each (+ 0 bytes user-defined timestamp)
Values:     50 bytes each (25 bytes after compression)
Entries:    50000000
Prefix:    0 bytes
Keys per prefix:    0
RawSize:    2765.7 MB (estimated)
FileSize:   1573.6 MB (estimated)
Write rate: 0 bytes/second
Read rate: 0 ops/second
Compression: Snappy
Compression sampling rate: 0
Memtablerep: OffsetSkipList
Perf Level: 1
------------------------------------------------
DB path: [/dev/shm/db_bench_enterprise]
nextwithkey  :    0.012943 micros/op 77251813 ops/sec 0.647 seconds 50000000 operations;  589.4 MB/s
DB path: [/dev/shm/db_bench_enterprise]
nextwithkey  :    0.012912 micros/op 77437260 ops/sec 0.646 seconds 50000000 operations;  590.8 MB/s
DB path: [/dev/shm/db_bench_enterprise]
nextwithkey  :    0.012915 micros/op 77425868 ops/sec 0.646 seconds 50000000 operations;  590.7 MB/s
DB path: [/dev/shm/db_bench_enterprise]
readseq      :    0.013826 micros/op 72321221 ops/sec 0.691 seconds 50000000 operations;  551.8 MB/s
DB path: [/dev/shm/db_bench_enterprise]
readseq      :    0.014236 micros/op 70235372 ops/sec 0.712 seconds 50000000 operations;  535.9 MB/s
DB path: [/dev/shm/db_bench_enterprise]
readseq      :    0.013888 micros/op 72000771 ops/sec 0.694 seconds 50000000 operations;  549.3 MB/s

$ /home/runner/work/toplingdb/toplingdb/_run_prefix/topling/bin/db_bench -json logs/zipkeyvalue/db_bench-fillseq-cspp.yaml -num=50000000 -key_size=8 -value_size=50 -batch_size=1000 -benchmarks=fillseq,flush,compact,readseq,readseq,readseq,readrandom -enable_zero_copy -progress_reports=false -report_bench_start_time -compact_target_level=6
RocksDB:    version 8.10.2
Date:       Tue Oct  6 12:53:56 2026
CPU:        4 * Intel(R) Xeon(R) 6973P-C
CPUCache:   491520 KB
Set seed to 1791291236274548 because --seed was 0
Initializing RocksDB Options from the specified file
Initializing RocksDB Options from command-line flags
Integrated BlobDB: blob cache disabled
Keys:       8 bytes each (+ 0 bytes user-defined timestamp)
Values:     50 bytes each (25 bytes after compression)
Entries:    50000000
Prefix:    0 bytes
Keys per prefix:    0
RawSize:    2765.7 MB (estimated)
FileSize:   1573.6 MB (estimated)
Write rate: 0 bytes/second
Read rate: 0 ops/second
Compression: Snappy
Compression sampling rate: 0
Memtablerep: CSPPMemTabFactory
Perf Level: 1
------------------------------------------------
Initializing RocksDB Options from the specified file
Initializing RocksDB Options from command-line flags
Integrated BlobDB: blob cache disabled
DB path: [/dev/shm/db_bench_enterprise]
2026-10-06T12:53:58.296838Z fillseq      :    0.207503 micros/op 4819182 ops/sec 10.375 seconds 50000000 operations;  266.6 MB/s
start step[ordinal=0, threadno=0, live_fibers=1]: ZipInputData
start step[ordinal=0, threadno=1, live_fibers=1]: ZipInputData
start step[ordinal=0, threadno=2, live_fibers=1]: ZipInputData
start step[ordinal=0, threadno=3, live_fibers=1]: ZipInputData
start step[ordinal=1, threadno=0, live_fibers=1]: WriteZipData
flush memtable
DB path: [/dev/shm/db_bench_enterprise]
2026-10-06T12:54:08.695445Z compact      : 62079863.000000 micros/op 0 ops/sec 62.080 seconds 1 operations;
DB path: [/dev/shm/db_bench_enterprise]
2026-10-06T12:55:10.775586Z readseq      :    0.032526 micros/op 30743803 ops/sec 1.626 seconds 50000000 operations; 1700.5 MB/s
DB path: [/dev/shm/db_bench_enterprise]
2026-10-06T12:55:12.402241Z readseq      :    0.032274 micros/op 30983714 ops/sec 1.614 seconds 50000000 operations; 1713.8 MB/s
DB path: [/dev/shm/db_bench_enterprise]
2026-10-06T12:55:14.016280Z readseq      :    0.031611 micros/op 31633737 ops/sec 1.581 seconds 50000000 operations; 1749.8 MB/s
DB path: [/dev/shm/db_bench_enterprise]
2026-10-06T12:55:15.597177Z readrandom   :    0.738633 micros/op 1353851 ops/sec 36.932 seconds 50000000 operations;   74.9 MB/s (50000000 of 50000000 found)

ended step[ordinal=0, threadno=3, live_fibers=1]: ZipInputData
ended step[ordinal=0, threadno=1, live_fibers=1]: ZipInputData
ended step[ordinal=0, threadno=2, live_fibers=1]: ZipInputData
ended step[ordinal=0, threadno=0, live_fibers=1]: ZipInputData
ended step[ordinal=1, threadno=0, live_fibers=1]: WriteZipData

$ /home/runner/work/toplingdb/toplingdb/_run_prefix/topling/bin/db_bench -json logs/zipkeyvalue/db_bench-fillseq-cspp.yaml -num=50000000 -key_size=8 -value_size=50 -batch_size=1000 -benchmarks=nextwithkey,nextwithkey,nextwithkey,readseq,readseq,readseq -scan_omit_key -scan_omit_value -use_existing_db=1 -enable_zero_copy -progress_reports=false
RocksDB:    version 8.10.2
Date:       Tue Oct  6 12:55:54 2026
CPU:        4 * Intel(R) Xeon(R) 6973P-C
CPUCache:   491520 KB
Set seed to 1791291354505279 because --seed was 0
Initializing RocksDB Options from the specified file
Initializing RocksDB Options from command-line flags
Integrated BlobDB: blob cache disabled
Keys:       8 bytes each (+ 0 bytes user-defined timestamp)
Values:     50 bytes each (25 bytes after compression)
Entries:    50000000
Prefix:    0 bytes
Keys per prefix:    0
RawSize:    2765.7 MB (estimated)
FileSize:   1573.6 MB (estimated)
Write rate: 0 bytes/second
Read rate: 0 ops/second
Compression: Snappy
Compression sampling rate: 0
Memtablerep: CSPPMemTabFactory
Perf Level: 1
------------------------------------------------
DB path: [/dev/shm/db_bench_enterprise]
nextwithkey  :    0.013017 micros/op 76780501 ops/sec 0.651 seconds 50000000 operations;  585.8 MB/s
DB path: [/dev/shm/db_bench_enterprise]
nextwithkey  :    0.012851 micros/op 77804421 ops/sec 0.643 seconds 50000000 operations;  593.6 MB/s
DB path: [/dev/shm/db_bench_enterprise]
nextwithkey  :    0.012833 micros/op 77921187 ops/sec 0.642 seconds 50000000 operations;  594.5 MB/s
DB path: [/dev/shm/db_bench_enterprise]
readseq      :    0.013817 micros/op 72355549 ops/sec 0.691 seconds 50000000 operations;  552.0 MB/s
DB path: [/dev/shm/db_bench_enterprise]
readseq      :    0.013836 micros/op 72267493 ops/sec 0.692 seconds 50000000 operations;  551.4 MB/s
DB path: [/dev/shm/db_bench_enterprise]
readseq      :    0.014036 micros/op 71241004 ops/sec 0.702 seconds 50000000 operations;  543.5 MB/s
