$ /home/runner/work/toplingdb/toplingdb/_run_prefix/topling/bin/db_bench -json logs/zipkeyvalue/db_bench-fillseq-cspp.yaml -num=50000000 -key_size=8 -value_size=50 -batch_size=1000 -benchmarks=fillseq,flush,compact,readseq,readseq,readseq,readrandom -enable_zero_copy -progress_reports=false -report_bench_start_time -compact_target_level=6
RocksDB:    version 8.10.2
Date:       Tue Oct  6 12:53:56 2026
CPU:        4 * Intel(R) Xeon(R) 6973P-C
CPUCache:   491520 KB
Set seed to 1791291236274548 because --seed was 0
Initializing RocksDB Options from the specified file
Initializing RocksDB Options from command-line flags
Integrated BlobDB: blob cache disabled
Keys:       8 bytes each (+ 0 bytes user-defined timestamp)
Values:     50 bytes each (25 bytes after compression)
Entries:    50000000
Prefix:    0 bytes
Keys per prefix:    0
RawSize:    2765.7 MB (estimated)
FileSize:   1573.6 MB (estimated)
Write rate: 0 bytes/second
Read rate: 0 ops/second
Compression: Snappy
Compression sampling rate: 0
Memtablerep: CSPPMemTabFactory
Perf Level: 1
------------------------------------------------
Initializing RocksDB Options from the specified file
Initializing RocksDB Options from command-line flags
Integrated BlobDB: blob cache disabled
DB path: [/dev/shm/db_bench_enterprise]
2026-10-06T12:53:58.296838Z fillseq      :    0.207503 micros/op 4819182 ops/sec 10.375 seconds 50000000 operations;  266.6 MB/s
start step[ordinal=0, threadno=0, live_fibers=1]: ZipInputData
start step[ordinal=0, threadno=1, live_fibers=1]: ZipInputData
start step[ordinal=0, threadno=2, live_fibers=1]: ZipInputData
start step[ordinal=0, threadno=3, live_fibers=1]: ZipInputData
start step[ordinal=1, threadno=0, live_fibers=1]: WriteZipData
flush memtable
DB path: [/dev/shm/db_bench_enterprise]
2026-10-06T12:54:08.695445Z compact      : 62079863.000000 micros/op 0 ops/sec 62.080 seconds 1 operations;
DB path: [/dev/shm/db_bench_enterprise]
2026-10-06T12:55:10.775586Z readseq      :    0.032526 micros/op 30743803 ops/sec 1.626 seconds 50000000 operations; 1700.5 MB/s
DB path: [/dev/shm/db_bench_enterprise]
2026-10-06T12:55:12.402241Z readseq      :    0.032274 micros/op 30983714 ops/sec 1.614 seconds 50000000 operations; 1713.8 MB/s
DB path: [/dev/shm/db_bench_enterprise]
2026-10-06T12:55:14.016280Z readseq      :    0.031611 micros/op 31633737 ops/sec 1.581 seconds 50000000 operations; 1749.8 MB/s
DB path: [/dev/shm/db_bench_enterprise]
2026-10-06T12:55:15.597177Z readrandom   :    0.738633 micros/op 1353851 ops/sec 36.932 seconds 50000000 operations;   74.9 MB/s (50000000 of 50000000 found)

ended step[ordinal=0, threadno=3, live_fibers=1]: ZipInputData
ended step[ordinal=0, threadno=1, live_fibers=1]: ZipInputData
ended step[ordinal=0, threadno=2, live_fibers=1]: ZipInputData
ended step[ordinal=0, threadno=0, live_fibers=1]: ZipInputData
ended step[ordinal=1, threadno=0, live_fibers=1]: WriteZipData
