$ /home/runner/work/toplingdb/toplingdb/_run_prefix/topling/bin/db_bench -json logs/zipkeyvalue/db_bench-fillrandom.yaml -num=50000000 -key_size=8 -value_size=50 -batch_size=1000 -benchmarks=fillrandom,flush,compact,readseq,readseq,readseq,readrandom -enable_zero_copy -progress_reports=false -report_bench_start_time -compact_target_level=6
RocksDB:    version 8.10.2
Date:       Tue Oct  6 12:50:03 2026
CPU:        4 * Intel(R) Xeon(R) 6973P-C
CPUCache:   491520 KB
Set seed to 1791291003511507 because --seed was 0
Initializing RocksDB Options from the specified file
Initializing RocksDB Options from command-line flags
Integrated BlobDB: blob cache disabled
Keys:       8 bytes each (+ 0 bytes user-defined timestamp)
Values:     50 bytes each (25 bytes after compression)
Entries:    50000000
Prefix:    0 bytes
Keys per prefix:    0
RawSize:    2765.7 MB (estimated)
FileSize:   1573.6 MB (estimated)
Write rate: 0 bytes/second
Read rate: 0 ops/second
Compression: Snappy
Compression sampling rate: 0
Memtablerep: CSPPMemTabFactory
Perf Level: 1
------------------------------------------------
Initializing RocksDB Options from the specified file
Initializing RocksDB Options from command-line flags
Integrated BlobDB: blob cache disabled
DB path: [/dev/shm/db_bench_enterprise]
2026-10-06T12:50:05.532083Z fillrandom   :    0.505487 micros/op 1978285 ops/sec 25.274 seconds 50000000 operations;  109.4 MB/s
start step[ordinal=0, threadno=0, live_fibers=1]: ZipInputData
start step[ordinal=0, threadno=2, live_fibers=1]: ZipInputData
start step[ordinal=0, threadno=1, live_fibers=1]: ZipInputData
start step[ordinal=0, threadno=3, live_fibers=1]: ZipInputData
start step[ordinal=1, threadno=0, live_fibers=1]: WriteZipData
flush memtable
DB path: [/dev/shm/db_bench_enterprise]
2026-10-06T12:50:30.821008Z compact      : 35649102.000000 micros/op 0 ops/sec 35.649 seconds 1 operations;
DB path: [/dev/shm/db_bench_enterprise]
2026-10-06T12:51:06.470375Z readseq      :    0.038582 micros/op 25918257 ops/sec 1.929 seconds 50000000 operations; 1433.6 MB/s
DB path: [/dev/shm/db_bench_enterprise]
2026-10-06T12:51:08.399783Z readseq      :    0.037757 micros/op 26484397 ops/sec 1.888 seconds 50000000 operations; 1464.9 MB/s
DB path: [/dev/shm/db_bench_enterprise]
2026-10-06T12:51:10.287950Z readseq      :    0.037845 micros/op 26423081 ops/sec 1.892 seconds 50000000 operations; 1461.5 MB/s
DB path: [/dev/shm/db_bench_enterprise]
2026-10-06T12:51:12.180538Z readrandom   :    0.608169 micros/op 1644276 ops/sec 30.409 seconds 50000000 operations;   57.5 MB/s (31598249 of 50000000 found)

ended step[ordinal=0, threadno=2, live_fibers=1]: ZipInputData
ended step[ordinal=0, threadno=1, live_fibers=1]: ZipInputData
ended step[ordinal=0, threadno=3, live_fibers=1]: ZipInputData
ended step[ordinal=0, threadno=0, live_fibers=1]: ZipInputData
ended step[ordinal=1, threadno=0, live_fibers=1]: WriteZipData
