$ /home/runner/work/toplingdb/toplingdb/_run_prefix/topling/bin/db_bench -json logs/zipkeyvalue/db_bench-fillrandom.yaml -num=50000000 -key_size=8 -value_size=50 -batch_size=1000 -benchmarks=nextwithkey,nextwithkey,nextwithkey,readseq,readseq,readseq -scan_omit_key -scan_omit_value -use_existing_db=1 -enable_zero_copy -progress_reports=false
RocksDB:    version 8.10.2
Date:       Tue Oct  6 12:51:43 2026
CPU:        4 * Intel(R) Xeon(R) 6973P-C
CPUCache:   491520 KB
Set seed to 1791291103708685 because --seed was 0
Initializing RocksDB Options from the specified file
Initializing RocksDB Options from command-line flags
Integrated BlobDB: blob cache disabled
Keys:       8 bytes each (+ 0 bytes user-defined timestamp)
Values:     50 bytes each (25 bytes after compression)
Entries:    50000000
Prefix:    0 bytes
Keys per prefix:    0
RawSize:    2765.7 MB (estimated)
FileSize:   1573.6 MB (estimated)
Write rate: 0 bytes/second
Read rate: 0 ops/second
Compression: Snappy
Compression sampling rate: 0
Memtablerep: CSPPMemTabFactory
Perf Level: 1
------------------------------------------------
DB path: [/dev/shm/db_bench_enterprise]
nextwithkey  :    0.019672 micros/op 50828556 ops/sec 0.984 seconds 50000000 operations;  387.8 MB/s
DB path: [/dev/shm/db_bench_enterprise]
nextwithkey  :    0.019552 micros/op 51140902 ops/sec 0.978 seconds 50000000 operations;  390.2 MB/s
DB path: [/dev/shm/db_bench_enterprise]
nextwithkey  :    0.019654 micros/op 50876189 ops/sec 0.983 seconds 50000000 operations;  388.2 MB/s
DB path: [/dev/shm/db_bench_enterprise]
readseq      :    0.020342 micros/op 49157054 ops/sec 1.017 seconds 50000000 operations;  375.0 MB/s
DB path: [/dev/shm/db_bench_enterprise]
readseq      :    0.020261 micros/op 49353566 ops/sec 1.013 seconds 50000000 operations;  376.5 MB/s
DB path: [/dev/shm/db_bench_enterprise]
readseq      :    0.020475 micros/op 48837472 ops/sec 1.024 seconds 50000000 operations;  372.6 MB/s
