Running as unit: run-r6aa05deccd1649b6bf67089f2aa4c994.scope; invocation ID: 8efed69dd731433481b0a2a1782541a8
Set seed to 1786795236673465 because --seed was 0
Initializing RocksDB Options from the specified file
Initializing RocksDB Options from command-line flags
Integrated BlobDB: blob cache disabled
CompactionService spool: /dev/shm/rocksdb-cs-spool-v810
RocksDB:    version 8.10.2
Date:       Sat Aug 15 12:00:36 2026
CPU:        4 * AMD EPYC 7763 64-Core Processor
CPUCache:   512 KB
Keys:       8 bytes each (+ 0 bytes user-defined timestamp)
Values:     50 bytes each (25 bytes after compression)
Entries:    100000000
Prefix:    0 bytes
Keys per prefix:    0
RawSize:    5531.3 MB (estimated)
FileSize:   3147.1 MB (estimated)
Write rate: 0 bytes/second
Read rate: 0 ops/second
Compression: Snappy
Compression sampling rate: 0
Memtablerep: SkipListFactory
Perf Level: 1
------------------------------------------------
Initializing RocksDB Options from the specified file
Initializing RocksDB Options from command-line flags
Integrated BlobDB: blob cache disabled
CompactionService spool: /dev/shm/rocksdb-cs-spool-v810
DB path: [/dev/shm/db_bench_rocksdb_v810]
2026-08-15T12:00:36.685723Z fillrandom   :       4.207 micros/op 237708 ops/sec 420.684 seconds 100000000 operations;   13.1 MB/s
flush memtable
DB path: [/dev/shm/db_bench_rocksdb_v810]
2026-08-15T12:07:38.076004Z compact      : 55507346.000 micros/op 0 ops/sec 55.507 seconds 1 operations;
DB path: [/dev/shm/db_bench_rocksdb_v810]
2026-08-15T12:08:33.583513Z readseq      :       0.294 micros/op 3399754 ops/sec 18.592 seconds 63207883 operations;  188.1 MB/s
DB path: [/dev/shm/db_bench_rocksdb_v810]
2026-08-15T12:08:52.175592Z readseq      :       0.208 micros/op 4818069 ops/sec 13.119 seconds 63207883 operations;  266.5 MB/s
DB path: [/dev/shm/db_bench_rocksdb_v810]
2026-08-15T12:09:05.295411Z readseq      :       0.208 micros/op 4801322 ops/sec 13.165 seconds 63207883 operations;  265.6 MB/s
DB path: [/dev/shm/db_bench_rocksdb_v810]
2026-08-15T12:09:18.460262Z readrandom   :       6.217 micros/op 160846 ops/sec 621.709 seconds 100000000 operations;    5.6 MB/s (63204431 of 100000000 found)

