RocksDB:    version 8.10.2
Date:       Sat Aug 15 13:09:59 2026
CPU:        4 * AMD EPYC 7763 64-Core Processor
CPUCache:   512 KB
Set seed to 1786799399339282 because --seed was 0
Initializing RocksDB Options from the specified file
Initializing RocksDB Options from command-line flags
Integrated BlobDB: blob cache disabled
Keys:       8 bytes each (+ 0 bytes user-defined timestamp)
Values:     50 bytes each (25 bytes after compression)
Entries:    50000000
Prefix:    0 bytes
Keys per prefix:    0
RawSize:    2765.7 MB (estimated)
FileSize:   1573.6 MB (estimated)
Write rate: 0 bytes/second
Read rate: 0 ops/second
Compression: Snappy
Compression sampling rate: 0
Memtablerep: CSPPMemTabFactory
Perf Level: 1
------------------------------------------------
Initializing RocksDB Options from the specified file
Initializing RocksDB Options from command-line flags
Integrated BlobDB: blob cache disabled
DB path: [/dev/shm/db_bench_enterprise]
2026-08-15T13:10:01.367850Z fillrandom   :    0.808897 micros/op 1236238 ops/sec 40.445 seconds 50000000 operations;   68.4 MB/s
flush memtable
DB path: [/dev/shm/db_bench_enterprise]
2026-08-15T13:10:41.831631Z compact      : 32276179.000000 micros/op 0 ops/sec 32.276 seconds 1 operations;
DB path: [/dev/shm/db_bench_enterprise]
2026-08-15T13:11:14.107984Z readseq      :    0.040957 micros/op 24415147 ops/sec 2.048 seconds 50000000 operations; 1350.5 MB/s
DB path: [/dev/shm/db_bench_enterprise]
2026-08-15T13:11:16.156148Z readseq      :    0.041036 micros/op 24368098 ops/sec 2.052 seconds 50000000 operations; 1347.9 MB/s
DB path: [/dev/shm/db_bench_enterprise]
2026-08-15T13:11:18.208187Z readseq      :    0.041189 micros/op 24277925 ops/sec 2.059 seconds 50000000 operations; 1342.9 MB/s
DB path: [/dev/shm/db_bench_enterprise]
2026-08-15T13:11:20.267873Z readrandom   :    0.168250 micros/op 5943500 ops/sec 8.413 seconds 50000000 operations;  207.8 MB/s (31608871 of 50000000 found)

