RocksDB:    version 8.10.2
Date:       Sat Aug 15 13:12:35 2026
CPU:        4 * AMD EPYC 7763 64-Core Processor
CPUCache:   512 KB
Set seed to 1786799555973367 because --seed was 0
Initializing RocksDB Options from the specified file
Initializing RocksDB Options from command-line flags
Integrated BlobDB: blob cache disabled
Keys:       8 bytes each (+ 0 bytes user-defined timestamp)
Values:     50 bytes each (25 bytes after compression)
Entries:    50000000
Prefix:    0 bytes
Keys per prefix:    0
RawSize:    2765.7 MB (estimated)
FileSize:   1573.6 MB (estimated)
Write rate: 0 bytes/second
Read rate: 0 ops/second
Compression: Snappy
Compression sampling rate: 0
Memtablerep: CSPPMemTabFactory
Perf Level: 1
------------------------------------------------
DB path: [/dev/shm/db_bench_enterprise]
nextwithkey  :    0.019172 micros/op 52155155 ops/sec 0.959 seconds 50000000 operations;  397.9 MB/s
DB path: [/dev/shm/db_bench_enterprise]
nextwithkey  :    0.019089 micros/op 52383391 ops/sec 0.955 seconds 50000000 operations;  399.7 MB/s
DB path: [/dev/shm/db_bench_enterprise]
nextwithkey  :    0.019001 micros/op 52625430 ops/sec 0.950 seconds 50000000 operations;  401.5 MB/s
DB path: [/dev/shm/db_bench_enterprise]
readseq      :    0.019468 micros/op 51362334 ops/sec 0.973 seconds 50000000 operations;  391.9 MB/s
DB path: [/dev/shm/db_bench_enterprise]
readseq      :    0.019451 micros/op 51409282 ops/sec 0.973 seconds 50000000 operations;  392.2 MB/s
DB path: [/dev/shm/db_bench_enterprise]
readseq      :    0.019469 micros/op 51360751 ops/sec 0.974 seconds 50000000 operations;  391.9 MB/s
