RocksDB:    version 8.10.2
Date:       Sat Aug 15 13:11:37 2026
CPU:        4 * AMD EPYC 7763 64-Core Processor
CPUCache:   512 KB
Set seed to 1786799497850080 because --seed was 0
Initializing RocksDB Options from the specified file
Initializing RocksDB Options from command-line flags
Integrated BlobDB: blob cache disabled
Keys:       8 bytes each (+ 0 bytes user-defined timestamp)
Values:     50 bytes each (25 bytes after compression)
Entries:    50000000
Prefix:    0 bytes
Keys per prefix:    0
RawSize:    2765.7 MB (estimated)
FileSize:   1573.6 MB (estimated)
Write rate: 0 bytes/second
Read rate: 0 ops/second
Compression: Snappy
Compression sampling rate: 0
Memtablerep: CSPPMemTabFactory
Perf Level: 1
------------------------------------------------
Initializing RocksDB Options from the specified file
Initializing RocksDB Options from command-line flags
Integrated BlobDB: blob cache disabled
DB path: [/dev/shm/db_bench_enterprise]
2026-08-15T13:11:39.877760Z fillseq      :    0.419214 micros/op 2385411 ops/sec 20.961 seconds 50000000 operations;  131.9 MB/s
flush memtable
DB path: [/dev/shm/db_bench_enterprise]
2026-08-15T13:12:00.842018Z compact      : 21066301.000000 micros/op 0 ops/sec 21.066 seconds 1 operations;
DB path: [/dev/shm/db_bench_enterprise]
2026-08-15T13:12:21.908525Z readseq      :    0.032591 micros/op 30682037 ops/sec 1.630 seconds 50000000 operations; 1697.1 MB/s
DB path: [/dev/shm/db_bench_enterprise]
2026-08-15T13:12:23.538333Z readseq      :    0.032580 micros/op 30692490 ops/sec 1.629 seconds 50000000 operations; 1697.7 MB/s
DB path: [/dev/shm/db_bench_enterprise]
2026-08-15T13:12:25.167625Z readseq      :    0.032575 micros/op 30697615 ops/sec 1.629 seconds 50000000 operations; 1698.0 MB/s
DB path: [/dev/shm/db_bench_enterprise]
2026-08-15T13:12:26.796675Z readrandom   :    0.144327 micros/op 6928636 ops/sec 7.216 seconds 50000000 operations;  383.2 MB/s (50000000 of 50000000 found)

