$ /home/runner/work/toplingdb/toplingdb/_run_prefix/rocksdb-v8.10/bin/db_bench -db=/dev/shm/db_bench_rocksdb_v810 -num=100000000 -key_size=8 -value_size=50 -batch_size=1000 -cache_size=8383205376 -benchmarks=fillrandom,flush,compact,readseq,readseq,readseq,readrandom -progress_reports=false -report_bench_start_time -compact_target_level=6 -options_file=.github/bench-conf/rocksdb_db_bench.ini
RocksDB:    version 8.10.2
Date:       Sat Sep 12 14:52:15 2026
CPU:        4 * AMD EPYC 7763 64-Core Processor
CPUCache:   512 KB
Set seed to 1789224735098183 because --seed was 0
Initializing RocksDB Options from the specified file
Keys:       8 bytes each (+ 0 bytes user-defined timestamp)
Values:     50 bytes each (25 bytes after compression)
Entries:    100000000
Prefix:    0 bytes
Keys per prefix:    0
RawSize:    5531.3 MB (estimated)
FileSize:   3147.1 MB (estimated)
Write rate: 0 bytes/second
Read rate: 0 ops/second
Compression: Snappy
Compression sampling rate: 0
Memtablerep: SkipListFactory
Perf Level: 1
------------------------------------------------
Initializing RocksDB Options from the specified file
DB path: [/dev/shm/db_bench_rocksdb_v810]
2026-09-12T14:52:15.111281Z fillrandom   :       1.434 micros/op 697158 ops/sec 143.439 seconds 100000000 operations;   38.6 MB/s
flush memtable
DB path: [/dev/shm/db_bench_rocksdb_v810]
2026-09-12T14:54:46.283555Z compact      : 64530047.000 micros/op 0 ops/sec 64.530 seconds 1 operations;
DB path: [/dev/shm/db_bench_rocksdb_v810]
2026-09-12T14:55:50.813851Z readseq      :       0.133 micros/op 7540211 ops/sec 8.383 seconds 63207523 operations;  417.1 MB/s
DB path: [/dev/shm/db_bench_rocksdb_v810]
2026-09-12T14:55:59.196787Z readseq      :       0.092 micros/op 10818630 ops/sec 5.842 seconds 63207523 operations;  598.4 MB/s
DB path: [/dev/shm/db_bench_rocksdb_v810]
2026-09-12T14:56:05.039479Z readseq      :       0.092 micros/op 10820626 ops/sec 5.841 seconds 63207523 operations;  598.5 MB/s
DB path: [/dev/shm/db_bench_rocksdb_v810]
2026-09-12T14:56:10.881124Z readrandom   :       2.869 micros/op 348512 ops/sec 286.934 seconds 100000000 operations;   12.2 MB/s (63218827 of 100000000 found)

