$ /home/runner/work/toplingdb/toplingdb/_run_prefix/topling/bin/db_bench -json logs/zipkeyonly/db_bench-fillseq.yaml -num=50000000 -key_size=8 -value_size=50 -batch_size=1000 -benchmarks=nextwithkey,nextwithkey,nextwithkey,readseq,readseq,readseq -scan_omit_key -scan_omit_value -use_existing_db=1 -enable_zero_copy -progress_reports=false
RocksDB:    version 8.10.2
Date:       Sun Aug 30 10:19:05 2026
CPU:        4 * AMD EPYC 7763 64-Core Processor
CPUCache:   512 KB
Set seed to 1788085145063650 because --seed was 0
Initializing RocksDB Options from the specified file
Initializing RocksDB Options from command-line flags
Integrated BlobDB: blob cache disabled
Keys:       8 bytes each (+ 0 bytes user-defined timestamp)
Values:     50 bytes each (25 bytes after compression)
Entries:    50000000
Prefix:    0 bytes
Keys per prefix:    0
RawSize:    2765.7 MB (estimated)
FileSize:   1573.6 MB (estimated)
Write rate: 0 bytes/second
Read rate: 0 ops/second
Compression: Snappy
Compression sampling rate: 0
Memtablerep: CSPPMemTabFactory
Perf Level: 1
------------------------------------------------
DB path: [/dev/shm/db_bench_enterprise]
nextwithkey  :    0.020015 micros/op 49959982 ops/sec 1.001 seconds 50000000 operations;  381.2 MB/s
DB path: [/dev/shm/db_bench_enterprise]
nextwithkey  :    0.019818 micros/op 50458923 ops/sec 0.991 seconds 50000000 operations;  385.0 MB/s
DB path: [/dev/shm/db_bench_enterprise]
nextwithkey  :    0.019540 micros/op 51172725 ops/sec 0.977 seconds 50000000 operations;  390.4 MB/s
DB path: [/dev/shm/db_bench_enterprise]
readseq      :    0.019798 micros/op 50507091 ops/sec 0.990 seconds 50000000 operations;  385.3 MB/s
DB path: [/dev/shm/db_bench_enterprise]
readseq      :    0.019803 micros/op 50493115 ops/sec 0.990 seconds 50000000 operations;  385.2 MB/s
DB path: [/dev/shm/db_bench_enterprise]
readseq      :    0.019889 micros/op 50275914 ops/sec 0.995 seconds 50000000 operations;  383.6 MB/s
