$ /home/runner/work/toplingdb/toplingdb/_run_prefix/topling/bin/db_bench -json logs/zipkeyonly/db_bench-fillseq.yaml -num=50000000 -key_size=8 -value_size=50 -batch_size=1000 -benchmarks=fillseq,flush,compact,readseq,readseq,readseq,readrandom -enable_zero_copy -progress_reports=false -report_bench_start_time -compact_target_level=6
RocksDB:    version 8.10.2
Date:       Sun Aug 30 10:18:06 2026
CPU:        4 * AMD EPYC 7763 64-Core Processor
CPUCache:   512 KB
Set seed to 1788085086939344 because --seed was 0
Initializing RocksDB Options from the specified file
Initializing RocksDB Options from command-line flags
Integrated BlobDB: blob cache disabled
Keys:       8 bytes each (+ 0 bytes user-defined timestamp)
Values:     50 bytes each (25 bytes after compression)
Entries:    50000000
Prefix:    0 bytes
Keys per prefix:    0
RawSize:    2765.7 MB (estimated)
FileSize:   1573.6 MB (estimated)
Write rate: 0 bytes/second
Read rate: 0 ops/second
Compression: Snappy
Compression sampling rate: 0
Memtablerep: CSPPMemTabFactory
Perf Level: 1
------------------------------------------------
Initializing RocksDB Options from the specified file
Initializing RocksDB Options from command-line flags
Integrated BlobDB: blob cache disabled
DB path: [/dev/shm/db_bench_enterprise]
2026-08-30T10:18:08.968760Z fillseq      :    0.431176 micros/op 2319236 ops/sec 21.559 seconds 50000000 operations;  128.3 MB/s
flush memtable
DB path: [/dev/shm/db_bench_enterprise]
2026-08-30T10:18:30.531602Z compact      : 20903542.000000 micros/op 0 ops/sec 20.904 seconds 1 operations;
DB path: [/dev/shm/db_bench_enterprise]
2026-08-30T10:18:51.435384Z readseq      :    0.033651 micros/op 29715986 ops/sec 1.683 seconds 50000000 operations; 1643.7 MB/s
DB path: [/dev/shm/db_bench_enterprise]
2026-08-30T10:18:53.118262Z readseq      :    0.033578 micros/op 29780482 ops/sec 1.679 seconds 50000000 operations; 1647.3 MB/s
DB path: [/dev/shm/db_bench_enterprise]
2026-08-30T10:18:54.797400Z readseq      :    0.033819 micros/op 29568530 ops/sec 1.691 seconds 50000000 operations; 1635.5 MB/s
DB path: [/dev/shm/db_bench_enterprise]
2026-08-30T10:18:56.488588Z readrandom   :    0.143407 micros/op 6973090 ops/sec 7.170 seconds 50000000 operations;  385.7 MB/s (50000000 of 50000000 found)

