$ /home/runner/work/toplingdb/toplingdb/_run_prefix/topling/bin/db_bench -json logs/zipkeyonly/db_bench-fillrandom.yaml -num=50000000 -key_size=8 -value_size=50 -batch_size=1000 -benchmarks=nextwithkey,nextwithkey,nextwithkey,readseq,readseq,readseq -scan_omit_key -scan_omit_value -use_existing_db=1 -enable_zero_copy -progress_reports=false
RocksDB:    version 8.10.2
Date:       Sun Aug 30 10:17:58 2026
CPU:        4 * AMD EPYC 7763 64-Core Processor
CPUCache:   512 KB
Set seed to 1788085078558236 because --seed was 0
Initializing RocksDB Options from the specified file
Initializing RocksDB Options from command-line flags
Integrated BlobDB: blob cache disabled
Keys:       8 bytes each (+ 0 bytes user-defined timestamp)
Values:     50 bytes each (25 bytes after compression)
Entries:    50000000
Prefix:    0 bytes
Keys per prefix:    0
RawSize:    2765.7 MB (estimated)
FileSize:   1573.6 MB (estimated)
Write rate: 0 bytes/second
Read rate: 0 ops/second
Compression: Snappy
Compression sampling rate: 0
Memtablerep: CSPPMemTabFactory
Perf Level: 1
------------------------------------------------
DB path: [/dev/shm/db_bench_enterprise]
nextwithkey  :    0.025450 micros/op 39291372 ops/sec 1.273 seconds 50000000 operations;  299.8 MB/s
DB path: [/dev/shm/db_bench_enterprise]
nextwithkey  :    0.025411 micros/op 39350744 ops/sec 1.271 seconds 50000000 operations;  300.2 MB/s
DB path: [/dev/shm/db_bench_enterprise]
nextwithkey  :    0.025672 micros/op 38950820 ops/sec 1.284 seconds 50000000 operations;  297.2 MB/s
DB path: [/dev/shm/db_bench_enterprise]
readseq      :    0.027246 micros/op 36700210 ops/sec 1.362 seconds 50000000 operations;  280.0 MB/s
DB path: [/dev/shm/db_bench_enterprise]
readseq      :    0.027326 micros/op 36593148 ops/sec 1.366 seconds 50000000 operations;  279.2 MB/s
DB path: [/dev/shm/db_bench_enterprise]
readseq      :    0.027500 micros/op 36361309 ops/sec 1.375 seconds 50000000 operations;  277.4 MB/s
