Running as unit: run-r61ca8566985947b099345ba488b2054b.scope; invocation ID: 479a8794cb18430fb4641c004a7ee695
Set seed to 1786783799493554 because --seed was 0
Initializing RocksDB Options from the specified file
Initializing RocksDB Options from command-line flags
Integrated BlobDB: blob cache disabled
CompactionService spool: /dev/shm/rocksdb-cs-spool-v810
RocksDB:    version 8.10.2
Date:       Sat Aug 15 08:49:59 2026
CPU:        4 * AMD EPYC 7763 64-Core Processor
CPUCache:   512 KB
Keys:       8 bytes each (+ 0 bytes user-defined timestamp)
Values:     50 bytes each (25 bytes after compression)
Entries:    100000000
Prefix:    0 bytes
Keys per prefix:    0
RawSize:    5531.3 MB (estimated)
FileSize:   3147.1 MB (estimated)
Write rate: 0 bytes/second
Read rate: 0 ops/second
Compression: Snappy
Compression sampling rate: 0
Memtablerep: SkipListFactory
Perf Level: 1
------------------------------------------------
Initializing RocksDB Options from the specified file
Initializing RocksDB Options from command-line flags
Integrated BlobDB: blob cache disabled
CompactionService spool: /dev/shm/rocksdb-cs-spool-v810
DB path: [/dev/shm/db_bench_rocksdb_v810]
2026-08-15T08:49:59.506467Z fillrandom   :       4.790 micros/op 208776 ops/sec 478.982 seconds 100000000 operations;   11.5 MB/s
flush memtable
DB path: [/dev/shm/db_bench_rocksdb_v810]
2026-08-15T08:57:59.277776Z compact      : 52724435.000 micros/op 0 ops/sec 52.724 seconds 1 operations;
DB path: [/dev/shm/db_bench_rocksdb_v810]
2026-08-15T08:58:52.002447Z readseq      :       0.301 micros/op 3325329 ops/sec 19.007 seconds 63205867 operations;  183.9 MB/s
DB path: [/dev/shm/db_bench_rocksdb_v810]
2026-08-15T08:59:11.010052Z readseq      :       0.210 micros/op 4754324 ops/sec 13.294 seconds 63205867 operations;  263.0 MB/s
DB path: [/dev/shm/db_bench_rocksdb_v810]
2026-08-15T08:59:24.304704Z readseq      :       0.212 micros/op 4725284 ops/sec 13.376 seconds 63205867 operations;  261.4 MB/s
DB path: [/dev/shm/db_bench_rocksdb_v810]
2026-08-15T08:59:37.680987Z readrandom   :       7.544 micros/op 132555 ops/sec 754.404 seconds 100000000 operations;    4.6 MB/s (63202038 of 100000000 found)

