RocksDB:    version 8.10.2
Date:       Fri Aug  7 17:11:48 2026
CPU:        4 * AMD EPYC 9V74 80-Core Processor
CPUCache:   1024 KB
Set seed to 1786122708761344 because --seed was 0
Initializing RocksDB Options from the specified file
Initializing RocksDB Options from command-line flags
Integrated BlobDB: blob cache disabled
Keys:       8 bytes each (+ 0 bytes user-defined timestamp)
Values:     50 bytes each (25 bytes after compression)
Entries:    50000000
Prefix:    0 bytes
Keys per prefix:    0
RawSize:    2765.7 MB (estimated)
FileSize:   1573.6 MB (estimated)
Write rate: 0 bytes/second
Read rate: 0 ops/second
Compression: Snappy
Compression sampling rate: 0
Memtablerep: CSPPMemTabFactory
Perf Level: 1
------------------------------------------------
Initializing RocksDB Options from the specified file
Initializing RocksDB Options from command-line flags
Integrated BlobDB: blob cache disabled
DB path: [/dev/shm/db_bench_enterprise]
2026-08-07T17:11:50.790777Z fillseq      :    0.408592 micros/op 2447427 ops/sec 20.430 seconds 50000000 operations;  135.4 MB/s
start step[ordinal=0, threadno=0, live_fibers=1]: ZipInputData
start step[ordinal=0, threadno=1, live_fibers=1]: ZipInputData
start step[ordinal=0, threadno=2, live_fibers=1]: ZipInputData
start step[ordinal=0, threadno=3, live_fibers=1]: ZipInputData
start step[ordinal=1, threadno=0, live_fibers=1]: WriteZipData
flush memtable
DB path: [/dev/shm/db_bench_enterprise]
2026-08-07T17:12:11.225905Z compact      : 62200321.000000 micros/op 0 ops/sec 62.200 seconds 1 operations;
DB path: [/dev/shm/db_bench_enterprise]
2026-08-07T17:13:13.426472Z readseq      :    0.049226 micros/op 20314022 ops/sec 2.461 seconds 50000000 operations; 1123.6 MB/s
DB path: [/dev/shm/db_bench_enterprise]
2026-08-07T17:13:15.888066Z readseq      :    0.048233 micros/op 20732074 ops/sec 2.412 seconds 50000000 operations; 1146.8 MB/s
DB path: [/dev/shm/db_bench_enterprise]
2026-08-07T17:13:18.300090Z readseq      :    0.048511 micros/op 20613498 ops/sec 2.426 seconds 50000000 operations; 1140.2 MB/s
DB path: [/dev/shm/db_bench_enterprise]
2026-08-07T17:13:20.725958Z readrandom   :    0.692659 micros/op 1443711 ops/sec 34.633 seconds 50000000 operations;   79.9 MB/s (50000000 of 50000000 found)

ended step[ordinal=0, threadno=1, live_fibers=1]: ZipInputData
ended step[ordinal=0, threadno=3, live_fibers=1]: ZipInputData
ended step[ordinal=0, threadno=2, live_fibers=1]: ZipInputData
ended step[ordinal=0, threadno=0, live_fibers=1]: ZipInputData
ended step[ordinal=1, threadno=0, live_fibers=1]: WriteZipData
