RocksDB:    version 8.10.2
Date:       Fri Aug  7 17:09:30 2026
CPU:        4 * AMD EPYC 9V74 80-Core Processor
CPUCache:   1024 KB
Set seed to 1786122570315333 because --seed was 0
Initializing RocksDB Options from the specified file
Initializing RocksDB Options from command-line flags
Integrated BlobDB: blob cache disabled
Keys:       8 bytes each (+ 0 bytes user-defined timestamp)
Values:     50 bytes each (25 bytes after compression)
Entries:    50000000
Prefix:    0 bytes
Keys per prefix:    0
RawSize:    2765.7 MB (estimated)
FileSize:   1573.6 MB (estimated)
Write rate: 0 bytes/second
Read rate: 0 ops/second
Compression: Snappy
Compression sampling rate: 0
Memtablerep: CSPPMemTabFactory
Perf Level: 1
------------------------------------------------
Initializing RocksDB Options from the specified file
Initializing RocksDB Options from command-line flags
Integrated BlobDB: blob cache disabled
DB path: [/dev/shm/db_bench_enterprise]
2026-08-07T17:09:32.345404Z fillrandom   :    0.886534 micros/op 1127904 ops/sec 44.330 seconds 50000000 operations;   62.4 MB/s
start step[ordinal=0, threadno=0, live_fibers=1]: ZipInputData
start step[ordinal=0, threadno=1, live_fibers=1]: ZipInputData
start step[ordinal=0, threadno=2, live_fibers=1]: ZipInputData
start step[ordinal=0, threadno=3, live_fibers=1]: ZipInputData
start step[ordinal=1, threadno=0, live_fibers=1]: WriteZipData
flush memtable
DB path: [/dev/shm/db_bench_enterprise]
2026-08-07T17:10:16.697211Z compact      : 39191205.000000 micros/op 0 ops/sec 39.191 seconds 1 operations;
DB path: [/dev/shm/db_bench_enterprise]
2026-08-07T17:10:55.888638Z readseq      :    0.059392 micros/op 16837035 ops/sec 2.970 seconds 50000000 operations;  931.3 MB/s
DB path: [/dev/shm/db_bench_enterprise]
2026-08-07T17:10:58.858559Z readseq      :    0.058951 micros/op 16962918 ops/sec 2.948 seconds 50000000 operations;  938.3 MB/s
DB path: [/dev/shm/db_bench_enterprise]
2026-08-07T17:11:01.806445Z readseq      :    0.058735 micros/op 17025461 ops/sec 2.937 seconds 50000000 operations;  941.7 MB/s
DB path: [/dev/shm/db_bench_enterprise]
2026-08-07T17:11:04.743489Z readrandom   :    0.666848 micros/op 1499588 ops/sec 33.342 seconds 50000000 operations;   52.4 MB/s (31603628 of 50000000 found)

ended step[ordinal=0, threadno=3, live_fibers=1]: ZipInputData
ended step[ordinal=0, threadno=2, live_fibers=1]: ZipInputData
ended step[ordinal=0, threadno=0, live_fibers=1]: ZipInputData
ended step[ordinal=0, threadno=1, live_fibers=1]: ZipInputData
ended step[ordinal=1, threadno=0, live_fibers=1]: WriteZipData
