RocksDB:    version 8.10.2
Date:       Fri Aug  7 17:13:57 2026
CPU:        4 * AMD EPYC 9V74 80-Core Processor
CPUCache:   1024 KB
Set seed to 1786122837011091 because --seed was 0
Initializing RocksDB Options from the specified file
Initializing RocksDB Options from command-line flags
Integrated BlobDB: blob cache disabled
Keys:       8 bytes each (+ 0 bytes user-defined timestamp)
Values:     50 bytes each (25 bytes after compression)
Entries:    50000000
Prefix:    0 bytes
Keys per prefix:    0
RawSize:    2765.7 MB (estimated)
FileSize:   1573.6 MB (estimated)
Write rate: 0 bytes/second
Read rate: 0 ops/second
Compression: Snappy
Compression sampling rate: 0
Memtablerep: CSPPMemTabFactory
Perf Level: 1
------------------------------------------------
DB path: [/dev/shm/db_bench_enterprise]
nextwithkey  :    0.019231 micros/op 51997212 ops/sec 0.962 seconds 50000000 operations;  396.7 MB/s
DB path: [/dev/shm/db_bench_enterprise]
nextwithkey  :    0.019212 micros/op 52049609 ops/sec 0.961 seconds 50000000 operations;  397.1 MB/s
DB path: [/dev/shm/db_bench_enterprise]
nextwithkey  :    0.024438 micros/op 40918505 ops/sec 1.222 seconds 50000000 operations;  312.2 MB/s
DB path: [/dev/shm/db_bench_enterprise]
readseq      :    0.019895 micros/op 50262268 ops/sec 0.995 seconds 50000000 operations;  383.5 MB/s
DB path: [/dev/shm/db_bench_enterprise]
readseq      :    0.019895 micros/op 50260197 ops/sec 0.995 seconds 50000000 operations;  383.5 MB/s
DB path: [/dev/shm/db_bench_enterprise]
readseq      :    0.019873 micros/op 50315528 ops/sec 0.994 seconds 50000000 operations;  383.9 MB/s
