RocksDB:    version 8.10.2
Date:       Fri Aug  7 17:11:38 2026
CPU:        4 * AMD EPYC 9V74 80-Core Processor
CPUCache:   1024 KB
Set seed to 1786122698577573 because --seed was 0
Initializing RocksDB Options from the specified file
Initializing RocksDB Options from command-line flags
Integrated BlobDB: blob cache disabled
Keys:       8 bytes each (+ 0 bytes user-defined timestamp)
Values:     50 bytes each (25 bytes after compression)
Entries:    50000000
Prefix:    0 bytes
Keys per prefix:    0
RawSize:    2765.7 MB (estimated)
FileSize:   1573.6 MB (estimated)
Write rate: 0 bytes/second
Read rate: 0 ops/second
Compression: Snappy
Compression sampling rate: 0
Memtablerep: CSPPMemTabFactory
Perf Level: 1
------------------------------------------------
DB path: [/dev/shm/db_bench_enterprise]
nextwithkey  :    0.026144 micros/op 38247528 ops/sec 1.307 seconds 50000000 operations;  291.8 MB/s
DB path: [/dev/shm/db_bench_enterprise]
nextwithkey  :    0.026388 micros/op 37894089 ops/sec 1.319 seconds 50000000 operations;  289.1 MB/s
DB path: [/dev/shm/db_bench_enterprise]
nextwithkey  :    0.026105 micros/op 38304225 ops/sec 1.305 seconds 50000000 operations;  292.2 MB/s
DB path: [/dev/shm/db_bench_enterprise]
readseq      :    0.027241 micros/op 36708239 ops/sec 1.362 seconds 50000000 operations;  280.1 MB/s
DB path: [/dev/shm/db_bench_enterprise]
readseq      :    0.027795 micros/op 35975726 ops/sec 1.390 seconds 50000000 operations;  274.5 MB/s
DB path: [/dev/shm/db_bench_enterprise]
readseq      :    0.027789 micros/op 35984322 ops/sec 1.389 seconds 50000000 operations;  274.5 MB/s
