$ /home/runner/work/toplingdb/toplingdb/_run_prefix/rocksdb-v8.10/bin/db_bench -db=/dev/shm/db_bench_rocksdb_v810 -num=50000000 -key_size=8 -value_size=50 -batch_size=1000 -cache_size=8383207424 -benchmarks=fillrandom,flush,compact,readseq,readseq,readseq,readrandom -progress_reports=false -report_bench_start_time -compact_target_level=6 -options_file=.github/bench-conf/rocksdb_db_bench.ini
RocksDB:    version 8.10.2
Date:       Thu Oct  8 09:21:12 2026
CPU:        4 * AMD EPYC 7763 64-Core Processor
CPUCache:   512 KB
Set seed to 1791451272172929 because --seed was 0
Initializing RocksDB Options from the specified file
Keys:       8 bytes each (+ 0 bytes user-defined timestamp)
Values:     50 bytes each (25 bytes after compression)
Entries:    50000000
Prefix:    0 bytes
Keys per prefix:    0
RawSize:    2765.7 MB (estimated)
FileSize:   1573.6 MB (estimated)
Write rate: 0 bytes/second
Read rate: 0 ops/second
Compression: Snappy
Compression sampling rate: 0
Memtablerep: SkipListFactory
Perf Level: 1
------------------------------------------------
Initializing RocksDB Options from the specified file
DB path: [/dev/shm/db_bench_rocksdb_v810]
2026-10-08T09:21:12.185736Z fillrandom   :       1.248 micros/op 801313 ops/sec 62.398 seconds 50000000 operations;   44.3 MB/s
flush memtable
DB path: [/dev/shm/db_bench_rocksdb_v810]
2026-10-08T09:22:14.833316Z compact      : 30237748.000 micros/op 0 ops/sec 30.238 seconds 1 operations;
DB path: [/dev/shm/db_bench_rocksdb_v810]
2026-10-08T09:22:45.071282Z readseq      :       0.133 micros/op 7542493 ops/sec 4.190 seconds 31606519 operations;  417.2 MB/s
DB path: [/dev/shm/db_bench_rocksdb_v810]
2026-10-08T09:22:49.261987Z readseq      :       0.093 micros/op 10740506 ops/sec 2.943 seconds 31606519 operations;  594.1 MB/s
DB path: [/dev/shm/db_bench_rocksdb_v810]
2026-10-08T09:22:52.204926Z readseq      :       0.093 micros/op 10751547 ops/sec 2.940 seconds 31606519 operations;  594.7 MB/s
DB path: [/dev/shm/db_bench_rocksdb_v810]
2026-10-08T09:22:55.144854Z readrandom   :       2.498 micros/op 400316 ops/sec 124.901 seconds 50000000 operations;   14.0 MB/s (31608024 of 50000000 found)

