RocksDB:    version 8.10.2
Date:       Sat Aug  8 08:31:43 2026
CPU:        4 * AMD EPYC 7763 64-Core Processor
CPUCache:   512 KB
Set seed to 1786177903188417 because --seed was 0
Initializing RocksDB Options from the specified file
Initializing RocksDB Options from command-line flags
Integrated BlobDB: blob cache disabled
Keys:       8 bytes each (+ 0 bytes user-defined timestamp)
Values:     50 bytes each (25 bytes after compression)
Entries:    100000000
Prefix:    0 bytes
Keys per prefix:    0
RawSize:    5531.3 MB (estimated)
FileSize:   3147.1 MB (estimated)
Write rate: 0 bytes/second
Read rate: 0 ops/second
Compression: Snappy
Compression sampling rate: 0
Memtablerep: SkipListFactory
Perf Level: 1
------------------------------------------------
Initializing RocksDB Options from the specified file
Initializing RocksDB Options from command-line flags
Integrated BlobDB: blob cache disabled
DB path: [/dev/shm/db_bench_rocksdb_v810]
2026-08-08T08:31:43.200271Z fillseq      :       0.265 micros/op 3776957 ops/sec 26.476 seconds 100000000 operations;  208.9 MB/s
flush memtable
DB path: [/dev/shm/db_bench_rocksdb_v810]
2026-08-08T08:32:09.892337Z compact      : 37953453.000 micros/op 0 ops/sec 37.953 seconds 1 operations;
DB path: [/dev/shm/db_bench_rocksdb_v810]
2026-08-08T08:32:47.846172Z readseq      :       0.156 micros/op 6403010 ops/sec 15.618 seconds 100000000 operations;  354.2 MB/s
DB path: [/dev/shm/db_bench_rocksdb_v810]
2026-08-08T08:33:03.464176Z readseq      :       0.093 micros/op 10806070 ops/sec 9.254 seconds 100000000 operations;  597.7 MB/s
DB path: [/dev/shm/db_bench_rocksdb_v810]
2026-08-08T08:33:12.718501Z readseq      :       0.093 micros/op 10808806 ops/sec 9.252 seconds 100000000 operations;  597.9 MB/s
DB path: [/dev/shm/db_bench_rocksdb_v810]
2026-08-08T08:33:21.970507Z readrandom   :       3.054 micros/op 327487 ops/sec 305.355 seconds 100000000 operations;   18.1 MB/s (100000000 of 100000000 found)

