$ /home/runner/work/toplingdb/toplingdb/_run_prefix/topling/bin/db_bench -json logs/zipkeyvalue/db_bench-fillrandom.yaml -num=100000000 -key_size=8 -value_size=50 -batch_size=1000 -benchmarks=fillrandom,flush,compact,readseq,readseq,readseq,readrandom -enable_zero_copy -progress_reports=false -report_bench_start_time -compact_target_level=6
RocksDB:    version 8.10.2
Date:       Sat Sep 12 18:06:52 2026
CPU:        4 * AMD EPYC 9V74 80-Core Processor
CPUCache:   1024 KB
Set seed to 1789236412070142 because --seed was 0
Initializing RocksDB Options from the specified file
Initializing RocksDB Options from command-line flags
Integrated BlobDB: blob cache disabled
Keys:       8 bytes each (+ 0 bytes user-defined timestamp)
Values:     50 bytes each (25 bytes after compression)
Entries:    100000000
Prefix:    0 bytes
Keys per prefix:    0
RawSize:    5531.3 MB (estimated)
FileSize:   3147.1 MB (estimated)
Write rate: 0 bytes/second
Read rate: 0 ops/second
Compression: Snappy
Compression sampling rate: 0
Memtablerep: CSPPMemTabFactory
Perf Level: 1
------------------------------------------------
Initializing RocksDB Options from the specified file
Initializing RocksDB Options from command-line flags
Integrated BlobDB: blob cache disabled
DB path: [/dev/shm/db_bench_enterprise]
2026-09-12T18:06:54.097977Z fillrandom   :    0.710148 micros/op 1408154 ops/sec 71.015 seconds 100000000 operations;   77.9 MB/s
start step[ordinal=0, threadno=0, live_fibers=1]: ZipInputData
start step[ordinal=0, threadno=1, live_fibers=1]: ZipInputData
start step[ordinal=0, threadno=2, live_fibers=1]: ZipInputData
start step[ordinal=0, threadno=3, live_fibers=1]: ZipInputData
start step[ordinal=1, threadno=0, live_fibers=1]: WriteZipData
flush memtable
DB path: [/dev/shm/db_bench_enterprise]
2026-09-12T18:08:05.158938Z compact      : 68088969.000000 micros/op 0 ops/sec 68.089 seconds 1 operations;
DB path: [/dev/shm/db_bench_enterprise]
2026-09-12T18:09:13.248215Z readseq      :    0.059793 micros/op 16724346 ops/sec 5.979 seconds 100000000 operations;  925.1 MB/s
DB path: [/dev/shm/db_bench_enterprise]
2026-09-12T18:09:19.227772Z readseq      :    0.060316 micros/op 16579288 ops/sec 6.032 seconds 100000000 operations;  917.1 MB/s
DB path: [/dev/shm/db_bench_enterprise]
2026-09-12T18:09:25.259647Z readseq      :    0.058397 micros/op 17124167 ops/sec 5.840 seconds 100000000 operations;  947.2 MB/s
DB path: [/dev/shm/db_bench_enterprise]
2026-09-12T18:09:31.099559Z readrandom   :    0.632480 micros/op 1581075 ops/sec 63.248 seconds 100000000 operations;   55.3 MB/s (63212322 of 100000000 found)

ended step[ordinal=0, threadno=2, live_fibers=1]: ZipInputData
ended step[ordinal=0, threadno=0, live_fibers=1]: ZipInputData
ended step[ordinal=0, threadno=3, live_fibers=1]: ZipInputData
ended step[ordinal=0, threadno=1, live_fibers=1]: ZipInputData
ended step[ordinal=1, threadno=0, live_fibers=1]: WriteZipData
