$ /home/runner/work/toplingdb/toplingdb/_run_prefix/topling/bin/db_bench -json logs/zipkeyvalue/db_bench-fillseq.yaml -num=100000000 -key_size=8 -value_size=50 -batch_size=1000 -benchmarks=nextwithkey,nextwithkey,nextwithkey,readseq,readseq,readseq -scan_omit_key -scan_omit_value -use_existing_db=1 -enable_zero_copy -progress_reports=false
RocksDB:    version 8.10.2
Date:       Sat Sep 12 18:15:09 2026
CPU:        4 * AMD EPYC 9V74 80-Core Processor
CPUCache:   1024 KB
Set seed to 1789236909230736 because --seed was 0
Initializing RocksDB Options from the specified file
Initializing RocksDB Options from command-line flags
Integrated BlobDB: blob cache disabled
Keys:       8 bytes each (+ 0 bytes user-defined timestamp)
Values:     50 bytes each (25 bytes after compression)
Entries:    100000000
Prefix:    0 bytes
Keys per prefix:    0
RawSize:    5531.3 MB (estimated)
FileSize:   3147.1 MB (estimated)
Write rate: 0 bytes/second
Read rate: 0 ops/second
Compression: Snappy
Compression sampling rate: 0
Memtablerep: OffsetSkipList
Perf Level: 1
------------------------------------------------
DB path: [/dev/shm/db_bench_enterprise]
nextwithkey  :    0.019196 micros/op 52093155 ops/sec 1.920 seconds 100000000 operations;  397.4 MB/s
DB path: [/dev/shm/db_bench_enterprise]
nextwithkey  :    0.019140 micros/op 52245812 ops/sec 1.914 seconds 100000000 operations;  398.6 MB/s
DB path: [/dev/shm/db_bench_enterprise]
nextwithkey  :    0.019145 micros/op 52229821 ops/sec 1.915 seconds 100000000 operations;  398.5 MB/s
DB path: [/dev/shm/db_bench_enterprise]
readseq      :    0.019904 micros/op 50239365 ops/sec 1.990 seconds 100000000 operations;  383.3 MB/s
DB path: [/dev/shm/db_bench_enterprise]
readseq      :    0.019879 micros/op 50303809 ops/sec 1.988 seconds 100000000 operations;  383.8 MB/s
DB path: [/dev/shm/db_bench_enterprise]
readseq      :    0.020146 micros/op 49635600 ops/sec 2.015 seconds 100000000 operations;  378.7 MB/s
