$ /home/runner/work/toplingdb/toplingdb/_run_prefix/topling/bin/db_bench -json logs/zipkeyvalue/db_bench-fillseq.yaml -num=100000000 -key_size=8 -value_size=50 -batch_size=1000 -benchmarks=fillseq,flush,compact,readseq,readseq,readseq,readrandom -enable_zero_copy -progress_reports=false -report_bench_start_time -compact_target_level=6
RocksDB:    version 8.10.2
Date:       Sat Sep 12 18:10:54 2026
CPU:        4 * AMD EPYC 9V74 80-Core Processor
CPUCache:   1024 KB
Set seed to 1789236654823993 because --seed was 0
Initializing RocksDB Options from the specified file
Initializing RocksDB Options from command-line flags
Integrated BlobDB: blob cache disabled
Keys:       8 bytes each (+ 0 bytes user-defined timestamp)
Values:     50 bytes each (25 bytes after compression)
Entries:    100000000
Prefix:    0 bytes
Keys per prefix:    0
RawSize:    5531.3 MB (estimated)
FileSize:   3147.1 MB (estimated)
Write rate: 0 bytes/second
Read rate: 0 ops/second
Compression: Snappy
Compression sampling rate: 0
Memtablerep: OffsetSkipList
Perf Level: 1
------------------------------------------------
Initializing RocksDB Options from the specified file
Initializing RocksDB Options from command-line flags
Integrated BlobDB: blob cache disabled
DB path: [/dev/shm/db_bench_enterprise]
2026-09-12T18:10:56.849954Z fillseq      :    0.310226 micros/op 3223450 ops/sec 31.023 seconds 100000000 operations;  178.3 MB/s
start step[ordinal=0, threadno=0, live_fibers=1]: ZipInputData
start step[ordinal=0, threadno=1, live_fibers=1]: ZipInputData
start step[ordinal=0, threadno=2, live_fibers=1]: ZipInputData
start step[ordinal=0, threadno=3, live_fibers=1]: ZipInputData
start step[ordinal=1, threadno=0, live_fibers=1]: WriteZipData
flush memtable
DB path: [/dev/shm/db_bench_enterprise]
2026-09-12T18:11:27.881574Z compact      : 125811508.000000 micros/op 0 ops/sec 125.812 seconds 1 operations;
DB path: [/dev/shm/db_bench_enterprise]
2026-09-12T18:13:33.693348Z readseq      :    0.049419 micros/op 20234771 ops/sec 4.942 seconds 100000000 operations; 1119.2 MB/s
DB path: [/dev/shm/db_bench_enterprise]
2026-09-12T18:13:38.635589Z readseq      :    0.049870 micros/op 20051797 ops/sec 4.987 seconds 100000000 operations; 1109.1 MB/s
DB path: [/dev/shm/db_bench_enterprise]
2026-09-12T18:13:43.622913Z readseq      :    0.048538 micros/op 20602083 ops/sec 4.854 seconds 100000000 operations; 1139.6 MB/s
DB path: [/dev/shm/db_bench_enterprise]
2026-09-12T18:13:48.477041Z readrandom   :    0.789327 micros/op 1266901 ops/sec 78.933 seconds 100000000 operations;   70.1 MB/s (100000000 of 100000000 found)

ended step[ordinal=0, threadno=0, live_fibers=1]: ZipInputData
ended step[ordinal=0, threadno=3, live_fibers=1]: ZipInputData
ended step[ordinal=0, threadno=2, live_fibers=1]: ZipInputData
ended step[ordinal=0, threadno=1, live_fibers=1]: ZipInputData
ended step[ordinal=1, threadno=0, live_fibers=1]: WriteZipData
