RocksDB:    version 8.10.2
Date:       Sat Aug  8 02:48:10 2026
CPU:        4 * AMD EPYC 7763 64-Core Processor
CPUCache:   512 KB
Set seed to 1786157290269338 because --seed was 0
Initializing RocksDB Options from the specified file
Initializing RocksDB Options from command-line flags
Integrated BlobDB: blob cache disabled
Keys:       8 bytes each (+ 0 bytes user-defined timestamp)
Values:     50 bytes each (25 bytes after compression)
Entries:    100000000
Prefix:    0 bytes
Keys per prefix:    0
RawSize:    5531.3 MB (estimated)
FileSize:   3147.1 MB (estimated)
Write rate: 0 bytes/second
Read rate: 0 ops/second
Compression: Snappy
Compression sampling rate: 0
Memtablerep: CSPPMemTabFactory
Perf Level: 1
------------------------------------------------
Initializing RocksDB Options from the specified file
Initializing RocksDB Options from command-line flags
Integrated BlobDB: blob cache disabled
DB path: [/dev/shm/db_bench_enterprise]
2026-08-08T02:48:12.297286Z fillseq      :    0.451400 micros/op 2215326 ops/sec 45.140 seconds 100000000 operations;  122.5 MB/s
start step[ordinal=0, threadno=0, live_fibers=1]: ZipInputData
start step[ordinal=0, threadno=1, live_fibers=1]: ZipInputData
start step[ordinal=0, threadno=2, live_fibers=1]: ZipInputData
start step[ordinal=0, threadno=3, live_fibers=1]: ZipInputData
start step[ordinal=1, threadno=0, live_fibers=1]: WriteZipData
flush memtable
DB path: [/dev/shm/db_bench_enterprise]
2026-08-08T02:48:57.444313Z compact      : 122975854.000000 micros/op 0 ops/sec 122.976 seconds 1 operations;
DB path: [/dev/shm/db_bench_enterprise]
2026-08-08T02:51:00.420439Z readseq      :    0.049051 micros/op 20386960 ops/sec 4.905 seconds 100000000 operations; 1127.7 MB/s
DB path: [/dev/shm/db_bench_enterprise]
2026-08-08T02:51:05.325804Z readseq      :    0.048275 micros/op 20714591 ops/sec 4.828 seconds 100000000 operations; 1145.8 MB/s
DB path: [/dev/shm/db_bench_enterprise]
2026-08-08T02:51:10.153529Z readseq      :    0.049057 micros/op 20384180 ops/sec 4.906 seconds 100000000 operations; 1127.5 MB/s
DB path: [/dev/shm/db_bench_enterprise]
2026-08-08T02:51:15.059516Z readrandom   :    0.741118 micros/op 1349312 ops/sec 74.112 seconds 100000000 operations;   74.6 MB/s (100000000 of 100000000 found)

ended step[ordinal=0, threadno=0, live_fibers=1]: ZipInputData
ended step[ordinal=0, threadno=3, live_fibers=1]: ZipInputData
ended step[ordinal=0, threadno=1, live_fibers=1]: ZipInputData
ended step[ordinal=0, threadno=2, live_fibers=1]: ZipInputData
ended step[ordinal=1, threadno=0, live_fibers=1]: WriteZipData
