RocksDB:    version 8.10.2
Date:       Sat Aug  8 02:47:54 2026
CPU:        4 * AMD EPYC 7763 64-Core Processor
CPUCache:   512 KB
Set seed to 1786157274036038 because --seed was 0
Initializing RocksDB Options from the specified file
Initializing RocksDB Options from command-line flags
Integrated BlobDB: blob cache disabled
Keys:       8 bytes each (+ 0 bytes user-defined timestamp)
Values:     50 bytes each (25 bytes after compression)
Entries:    100000000
Prefix:    0 bytes
Keys per prefix:    0
RawSize:    5531.3 MB (estimated)
FileSize:   3147.1 MB (estimated)
Write rate: 0 bytes/second
Read rate: 0 ops/second
Compression: Snappy
Compression sampling rate: 0
Memtablerep: CSPPMemTabFactory
Perf Level: 1
------------------------------------------------
DB path: [/dev/shm/db_bench_enterprise]
nextwithkey  :    0.025483 micros/op 39240584 ops/sec 2.548 seconds 100000000 operations;  299.4 MB/s
DB path: [/dev/shm/db_bench_enterprise]
nextwithkey  :    0.025238 micros/op 39621692 ops/sec 2.524 seconds 100000000 operations;  302.3 MB/s
DB path: [/dev/shm/db_bench_enterprise]
nextwithkey  :    0.025322 micros/op 39489838 ops/sec 2.532 seconds 100000000 operations;  301.3 MB/s
DB path: [/dev/shm/db_bench_enterprise]
readseq      :    0.025945 micros/op 38543042 ops/sec 2.595 seconds 100000000 operations;  294.1 MB/s
DB path: [/dev/shm/db_bench_enterprise]
readseq      :    0.025773 micros/op 38800023 ops/sec 2.577 seconds 100000000 operations;  296.0 MB/s
DB path: [/dev/shm/db_bench_enterprise]
readseq      :    0.025803 micros/op 38753936 ops/sec 2.580 seconds 100000000 operations;  295.7 MB/s
