RocksDB:    version 8.10.2
Date:       Fri Aug 14 13:04:07 2026
CPU:        4 * AMD EPYC 9V74 80-Core Processor
CPUCache:   1024 KB
Set seed to 1786712647202772 because --seed was 0
Initializing RocksDB Options from the specified file
Initializing RocksDB Options from command-line flags
Integrated BlobDB: blob cache disabled
Keys:       8 bytes each (+ 0 bytes user-defined timestamp)
Values:     50 bytes each (25 bytes after compression)
Entries:    100000000
Prefix:    0 bytes
Keys per prefix:    0
RawSize:    5531.3 MB (estimated)
FileSize:   3147.1 MB (estimated)
Write rate: 0 bytes/second
Read rate: 0 ops/second
Compression: Snappy
Compression sampling rate: 0
Memtablerep: CSPPMemTabFactory
Perf Level: 1
------------------------------------------------
DB path: [/dev/shm/db_bench_enterprise]
nextwithkey  :    0.019190 micros/op 52110175 ops/sec 1.919 seconds 100000000 operations;  397.6 MB/s
DB path: [/dev/shm/db_bench_enterprise]
nextwithkey  :    0.019135 micros/op 52259218 ops/sec 1.914 seconds 100000000 operations;  398.7 MB/s
DB path: [/dev/shm/db_bench_enterprise]
nextwithkey  :    0.019154 micros/op 52207134 ops/sec 1.915 seconds 100000000 operations;  398.3 MB/s
DB path: [/dev/shm/db_bench_enterprise]
readseq      :    0.019862 micros/op 50346357 ops/sec 1.986 seconds 100000000 operations;  384.1 MB/s
DB path: [/dev/shm/db_bench_enterprise]
readseq      :    0.020029 micros/op 49925112 ops/sec 2.003 seconds 100000000 operations;  380.9 MB/s
DB path: [/dev/shm/db_bench_enterprise]
readseq      :    0.019865 micros/op 50337462 ops/sec 1.987 seconds 100000000 operations;  384.0 MB/s
