RocksDB:    version 8.10.2
Date:       Fri Aug 14 12:59:34 2026
CPU:        4 * AMD EPYC 9V74 80-Core Processor
CPUCache:   1024 KB
Set seed to 1786712374803967 because --seed was 0
Initializing RocksDB Options from the specified file
Initializing RocksDB Options from command-line flags
Integrated BlobDB: blob cache disabled
Keys:       8 bytes each (+ 0 bytes user-defined timestamp)
Values:     50 bytes each (25 bytes after compression)
Entries:    100000000
Prefix:    0 bytes
Keys per prefix:    0
RawSize:    5531.3 MB (estimated)
FileSize:   3147.1 MB (estimated)
Write rate: 0 bytes/second
Read rate: 0 ops/second
Compression: Snappy
Compression sampling rate: 0
Memtablerep: CSPPMemTabFactory
Perf Level: 1
------------------------------------------------
Initializing RocksDB Options from the specified file
Initializing RocksDB Options from command-line flags
Integrated BlobDB: blob cache disabled
DB path: [/dev/shm/db_bench_enterprise]
2026-08-14T12:59:36.832067Z fillseq      :    0.424884 micros/op 2353582 ops/sec 42.488 seconds 100000000 operations;  130.2 MB/s
start step[ordinal=0, threadno=0, live_fibers=1]: ZipInputData
start step[ordinal=0, threadno=1, live_fibers=1]: ZipInputData
start step[ordinal=0, threadno=2, live_fibers=1]: ZipInputData
start step[ordinal=0, threadno=3, live_fibers=1]: ZipInputData
start step[ordinal=1, threadno=0, live_fibers=1]: WriteZipData
flush memtable
DB path: [/dev/shm/db_bench_enterprise]
2026-08-14T13:00:19.330424Z compact      : 125406571.000000 micros/op 0 ops/sec 125.407 seconds 1 operations;
DB path: [/dev/shm/db_bench_enterprise]
2026-08-14T13:02:24.737282Z readseq      :    0.052090 micros/op 19197347 ops/sec 5.209 seconds 100000000 operations; 1061.9 MB/s
DB path: [/dev/shm/db_bench_enterprise]
2026-08-14T13:02:29.946605Z readseq      :    0.048168 micros/op 20760438 ops/sec 4.817 seconds 100000000 operations; 1148.3 MB/s
DB path: [/dev/shm/db_bench_enterprise]
2026-08-14T13:02:34.763695Z readseq      :    0.048261 micros/op 20720505 ops/sec 4.826 seconds 100000000 operations; 1146.1 MB/s
DB path: [/dev/shm/db_bench_enterprise]
2026-08-14T13:02:39.590068Z readrandom   :    0.863346 micros/op 1158283 ops/sec 86.335 seconds 100000000 operations;   64.1 MB/s (100000000 of 100000000 found)

ended step[ordinal=0, threadno=3, live_fibers=1]: ZipInputData
ended step[ordinal=0, threadno=1, live_fibers=1]: ZipInputData
ended step[ordinal=0, threadno=2, live_fibers=1]: ZipInputData
ended step[ordinal=0, threadno=0, live_fibers=1]: ZipInputData
ended step[ordinal=1, threadno=0, live_fibers=1]: WriteZipData
