RocksDB:    version 11.9.0
Date:       Sun Aug  9 07:08:43 2026
CPU:        4 * AMD EPYC 9V74 80-Core Processor
CPUCache:   1024 KB
Set seed to 1786259323647047 because --seed was 0
Initializing RocksDB Options from the specified file
Initializing RocksDB Options from command-line flags
Integrated BlobDB: blob cache disabled
Keys:       8 bytes each (+ 0 bytes user-defined timestamp)
Values:     50 bytes each (25 bytes after compression)
Entries:    100000000
Prefix:    0 bytes
Keys per prefix:    0
RawSize:    5531.3 MB (estimated)
FileSize:   3147.1 MB (estimated)
Write rate: 0 bytes/second
Read rate: 0 ops/second
Compression: Snappy
Compression sampling rate: 0
Memtablerep: SkipListFactory
Perf Level: 1
------------------------------------------------
Initializing RocksDB Options from the specified file
Initializing RocksDB Options from command-line flags
Integrated BlobDB: blob cache disabled
DB path: [/dev/shm/db_bench_rocksdb_master]
2026-08-09T07:08:43.660754Z fillrandom   :       2.033 micros/op 491847 ops/sec 203.315 seconds 100000000 operations;   27.2 MB/s
flush memtable
DB path: [/dev/shm/db_bench_rocksdb_master]
2026-08-09T07:12:07.318157Z compact      : 59645982.000 micros/op 0 ops/sec 59.646 seconds 1 operations;
DB path: [/dev/shm/db_bench_rocksdb_master]
2026-08-09T07:13:06.964351Z readseq      :       0.177 micros/op 5660466 ops/sec 11.167 seconds 63212822 operations;  313.1 MB/s
DB path: [/dev/shm/db_bench_rocksdb_master]
2026-08-09T07:13:18.131987Z readseq      :       0.120 micros/op 8313831 ops/sec 7.603 seconds 63212822 operations;  459.9 MB/s
DB path: [/dev/shm/db_bench_rocksdb_master]
2026-08-09T07:13:25.735533Z readseq      :       0.119 micros/op 8384320 ops/sec 7.539 seconds 63212822 operations;  463.8 MB/s
DB path: [/dev/shm/db_bench_rocksdb_master]
2026-08-09T07:13:33.275194Z readrandom   :       3.276 micros/op 305270 ops/sec 327.578 seconds 100000000 operations;   10.7 MB/s (63221458 of 100000000 found)

