RocksDB:    version 11.9.0
Date:       Sun Aug 16 01:47:51 2026
CPU:        4 * AMD EPYC 9V74 80-Core Processor
CPUCache:   1024 KB
Set seed to 1786844871505466 because --seed was 0
Initializing RocksDB Options from the specified file
Keys:       8 bytes each (+ 0 bytes user-defined timestamp)
Values:     50 bytes each (25 bytes after compression)
Entries:    100000000
Prefix:    0 bytes
Keys per prefix:    0
RawSize:    5531.3 MB (estimated)
FileSize:   3147.1 MB (estimated)
Write rate: 0 bytes/second
Read rate: 0 ops/second
Compression: Snappy
Compression sampling rate: 0
Memtablerep: SkipListFactory
Perf Level: 1
------------------------------------------------
Initializing RocksDB Options from the specified file
DB path: [/dev/shm/db_bench_rocksdb_master]
2026-08-16T01:47:51.518864Z fillseq      :       0.368 micros/op 2714850 ops/sec 36.834 seconds 100000000 operations;  150.2 MB/s
flush memtable
DB path: [/dev/shm/db_bench_rocksdb_master]
2026-08-16T01:48:28.506414Z compact      : 37083328.000 micros/op 0 ops/sec 37.083 seconds 1 operations;
DB path: [/dev/shm/db_bench_rocksdb_master]
2026-08-16T01:49:05.589950Z readseq      :       0.196 micros/op 5109871 ops/sec 19.570 seconds 100000000 operations;  282.6 MB/s
DB path: [/dev/shm/db_bench_rocksdb_master]
2026-08-16T01:49:25.160213Z readseq      :       0.119 micros/op 8369231 ops/sec 11.949 seconds 100000000 operations;  462.9 MB/s
DB path: [/dev/shm/db_bench_rocksdb_master]
2026-08-16T01:49:37.108972Z readseq      :       0.120 micros/op 8342763 ops/sec 11.986 seconds 100000000 operations;  461.5 MB/s
DB path: [/dev/shm/db_bench_rocksdb_master]
2026-08-16T01:49:49.095658Z readrandom   :       3.242 micros/op 308447 ops/sec 324.205 seconds 100000000 operations;   17.1 MB/s (100000000 of 100000000 found)

