RocksDB:    version 8.10.2
Date:       Sun Aug  9 06:47:19 2026
CPU:        4 * AMD EPYC 9V74 80-Core Processor
CPUCache:   1024 KB
sample_statm_fdcache: cachestat failed: Operation not permitted
Set seed to 1786258039461368 because --seed was 0
Initializing RocksDB Options from the specified file
Initializing RocksDB Options from command-line flags
Integrated BlobDB: blob cache disabled
Keys:       8 bytes each (+ 0 bytes user-defined timestamp)
Values:     50 bytes each (25 bytes after compression)
Entries:    100000000
Prefix:    0 bytes
Keys per prefix:    0
RawSize:    5531.3 MB (estimated)
FileSize:   3147.1 MB (estimated)
Write rate: 0 bytes/second
Read rate: 0 ops/second
Compression: Snappy
Compression sampling rate: 0
Memtablerep: SkipListFactory
Perf Level: 1
------------------------------------------------
Initializing RocksDB Options from the specified file
Initializing RocksDB Options from command-line flags
Integrated BlobDB: blob cache disabled
DB path: [/dev/shm/db_bench_rocksdb_v810]
2026-08-09T06:47:19.473732Z fillseq      :       0.247 micros/op 4046183 ops/sec 24.715 seconds 100000000 operations;  223.8 MB/s
flush memtable
DB path: [/dev/shm/db_bench_rocksdb_v810]
2026-08-09T06:47:44.399038Z compact      : 35961502.000 micros/op 0 ops/sec 35.962 seconds 1 operations;
DB path: [/dev/shm/db_bench_rocksdb_v810]
2026-08-09T06:48:20.360856Z readseq      :       0.172 micros/op 5810854 ops/sec 17.209 seconds 100000000 operations;  321.4 MB/s
DB path: [/dev/shm/db_bench_rocksdb_v810]
2026-08-09T06:48:37.570376Z readseq      :       0.100 micros/op 9954596 ops/sec 10.046 seconds 100000000 operations;  550.6 MB/s
DB path: [/dev/shm/db_bench_rocksdb_v810]
2026-08-09T06:48:47.616207Z readseq      :       0.101 micros/op 9864337 ops/sec 10.138 seconds 100000000 operations;  545.6 MB/s
DB path: [/dev/shm/db_bench_rocksdb_v810]
2026-08-09T06:48:57.753976Z readrandom   :       3.376 micros/op 296239 ops/sec 337.564 seconds 100000000 operations;   16.4 MB/s (100000000 of 100000000 found)

