$ /home/runner/work/toplingdb/toplingdb/_run_prefix/rocksdb-v8.10/bin/db_bench -db=/dev/shm/db_bench_rocksdb_v810 -num=100000000 -key_size=8 -value_size=50 -batch_size=1000 -cache_size=8383207424 -benchmarks=fillrandom,flush,compact,readseq,readseq,readseq,readrandom -progress_reports=false -report_bench_start_time -compact_target_level=6 -options_file=.github/bench-conf/rocksdb_db_bench.ini
RocksDB:    version 8.10.2
Date:       Tue Aug 18 14:55:08 2026
CPU:        4 * AMD EPYC 7763 64-Core Processor
CPUCache:   512 KB
Set seed to 1787064908487155 because --seed was 0
Initializing RocksDB Options from the specified file
Keys:       8 bytes each (+ 0 bytes user-defined timestamp)
Values:     50 bytes each (25 bytes after compression)
Entries:    100000000
Prefix:    0 bytes
Keys per prefix:    0
RawSize:    5531.3 MB (estimated)
FileSize:   3147.1 MB (estimated)
Write rate: 0 bytes/second
Read rate: 0 ops/second
Compression: Snappy
Compression sampling rate: 0
Memtablerep: SkipListFactory
Perf Level: 1
------------------------------------------------
Initializing RocksDB Options from the specified file
DB path: [/dev/shm/db_bench_rocksdb_v810]
2026-08-18T14:55:08.500638Z fillrandom   :       1.738 micros/op 575467 ops/sec 173.772 seconds 100000000 operations;   31.8 MB/s
flush memtable
DB path: [/dev/shm/db_bench_rocksdb_v810]
2026-08-18T14:58:02.545852Z compact      : 61355493.000 micros/op 0 ops/sec 61.356 seconds 1 operations;
DB path: [/dev/shm/db_bench_rocksdb_v810]
2026-08-18T14:59:03.901587Z readseq      :       0.137 micros/op 7293193 ops/sec 8.667 seconds 63213413 operations;  403.4 MB/s
DB path: [/dev/shm/db_bench_rocksdb_v810]
2026-08-18T14:59:12.569322Z readseq      :       0.096 micros/op 10380365 ops/sec 6.090 seconds 63213413 operations;  574.2 MB/s
DB path: [/dev/shm/db_bench_rocksdb_v810]
2026-08-18T14:59:18.659264Z readseq      :       0.096 micros/op 10394918 ops/sec 6.081 seconds 63213413 operations;  575.0 MB/s
DB path: [/dev/shm/db_bench_rocksdb_v810]
2026-08-18T14:59:24.740712Z readrandom   :       3.308 micros/op 302292 ops/sec 330.806 seconds 100000000 operations;   10.6 MB/s (63218706 of 100000000 found)

$ /home/runner/work/toplingdb/toplingdb/_run_prefix/rocksdb-v8.10/bin/db_bench -db=/dev/shm/db_bench_rocksdb_v810 -num=100000000 -key_size=8 -value_size=50 -batch_size=1000 -cache_size=8383207424 -benchmarks=fillseq,flush,compact,readseq,readseq,readseq,readrandom -progress_reports=false -report_bench_start_time -compact_target_level=6 -options_file=.github/bench-conf/rocksdb_db_bench.ini
RocksDB:    version 8.10.2
Date:       Tue Aug 18 15:04:56 2026
CPU:        4 * AMD EPYC 7763 64-Core Processor
CPUCache:   512 KB
Set seed to 1787065496156572 because --seed was 0
Initializing RocksDB Options from the specified file
Keys:       8 bytes each (+ 0 bytes user-defined timestamp)
Values:     50 bytes each (25 bytes after compression)
Entries:    100000000
Prefix:    0 bytes
Keys per prefix:    0
RawSize:    5531.3 MB (estimated)
FileSize:   3147.1 MB (estimated)
Write rate: 0 bytes/second
Read rate: 0 ops/second
Compression: Snappy
Compression sampling rate: 0
Memtablerep: SkipListFactory
Perf Level: 1
------------------------------------------------
Initializing RocksDB Options from the specified file
DB path: [/dev/shm/db_bench_rocksdb_v810]
2026-08-18T15:04:56.169673Z fillseq      :       0.385 micros/op 2598438 ops/sec 38.485 seconds 100000000 operations;  143.7 MB/s
flush memtable
DB path: [/dev/shm/db_bench_rocksdb_v810]
2026-08-18T15:05:34.924033Z compact      : 38347455.000 micros/op 0 ops/sec 38.347 seconds 1 operations;
DB path: [/dev/shm/db_bench_rocksdb_v810]
2026-08-18T15:06:13.271801Z readseq      :       0.162 micros/op 6190937 ops/sec 16.153 seconds 100000000 operations;  342.4 MB/s
DB path: [/dev/shm/db_bench_rocksdb_v810]
2026-08-18T15:06:29.424698Z readseq      :       0.095 micros/op 10513321 ops/sec 9.512 seconds 100000000 operations;  581.5 MB/s
DB path: [/dev/shm/db_bench_rocksdb_v810]
2026-08-18T15:06:38.936751Z readseq      :       0.095 micros/op 10487156 ops/sec 9.535 seconds 100000000 operations;  580.1 MB/s
DB path: [/dev/shm/db_bench_rocksdb_v810]
2026-08-18T15:06:48.472596Z readrandom   :       3.632 micros/op 275302 ops/sec 363.237 seconds 100000000 operations;   15.2 MB/s (100000000 of 100000000 found)
