$ /home/runner/work/toplingdb/toplingdb/_run_prefix/topling/bin/db_bench -json logs/zipkeyonly/db_bench-fillseq.yaml -num=50000000 -key_size=8 -value_size=50 -batch_size=1000 -benchmarks=nextwithkey,nextwithkey,nextwithkey,readseq,readseq,readseq -scan_omit_key -scan_omit_value -use_existing_db=1 -enable_zero_copy -progress_reports=false
RocksDB:    version 8.10.2
Date:       Tue Sep 15 06:12:21 2026
CPU:        4 * AMD EPYC 7763 64-Core Processor
CPUCache:   512 KB
Set seed to 1789452741900762 because --seed was 0
Initializing RocksDB Options from the specified file
Initializing RocksDB Options from command-line flags
Integrated BlobDB: blob cache disabled
Keys:       8 bytes each (+ 0 bytes user-defined timestamp)
Values:     50 bytes each (25 bytes after compression)
Entries:    50000000
Prefix:    0 bytes
Keys per prefix:    0
RawSize:    2765.7 MB (estimated)
FileSize:   1573.6 MB (estimated)
Write rate: 0 bytes/second
Read rate: 0 ops/second
Compression: Snappy
Compression sampling rate: 0
Memtablerep: OffsetSkipList
Perf Level: 1
------------------------------------------------
DB path: [/dev/shm/db_bench_enterprise]
nextwithkey  :    0.019553 micros/op 51142523 ops/sec 0.978 seconds 50000000 operations;  390.2 MB/s
DB path: [/dev/shm/db_bench_enterprise]
nextwithkey  :    0.019289 micros/op 51840331 ops/sec 0.964 seconds 50000000 operations;  395.5 MB/s
DB path: [/dev/shm/db_bench_enterprise]
nextwithkey  :    0.019672 micros/op 50830571 ops/sec 0.984 seconds 50000000 operations;  387.8 MB/s
DB path: [/dev/shm/db_bench_enterprise]
readseq      :    0.019614 micros/op 50981027 ops/sec 0.981 seconds 50000000 operations;  389.0 MB/s
DB path: [/dev/shm/db_bench_enterprise]
readseq      :    0.019645 micros/op 50898770 ops/sec 0.982 seconds 50000000 operations;  388.3 MB/s
DB path: [/dev/shm/db_bench_enterprise]
readseq      :    0.019698 micros/op 50763895 ops/sec 0.985 seconds 50000000 operations;  387.3 MB/s
