$ /home/runner/work/toplingdb/toplingdb/_run_prefix/topling/bin/db_bench -json logs/zipkeyonly/db_bench-fillseq-cspp.yaml -num=50000000 -key_size=8 -value_size=50 -batch_size=1000 -benchmarks=nextwithkey,nextwithkey,nextwithkey,readseq,readseq,readseq -scan_omit_key -scan_omit_value -use_existing_db=1 -enable_zero_copy -progress_reports=false
RocksDB:    version 8.10.2
Date:       Tue Sep 15 06:13:20 2026
CPU:        4 * AMD EPYC 7763 64-Core Processor
CPUCache:   512 KB
Set seed to 1789452800618037 because --seed was 0
Initializing RocksDB Options from the specified file
Initializing RocksDB Options from command-line flags
Integrated BlobDB: blob cache disabled
Keys:       8 bytes each (+ 0 bytes user-defined timestamp)
Values:     50 bytes each (25 bytes after compression)
Entries:    50000000
Prefix:    0 bytes
Keys per prefix:    0
RawSize:    2765.7 MB (estimated)
FileSize:   1573.6 MB (estimated)
Write rate: 0 bytes/second
Read rate: 0 ops/second
Compression: Snappy
Compression sampling rate: 0
Memtablerep: CSPPMemTabFactory
Perf Level: 1
------------------------------------------------
DB path: [/dev/shm/db_bench_enterprise]
nextwithkey  :    0.019515 micros/op 51241268 ops/sec 0.976 seconds 50000000 operations;  390.9 MB/s
DB path: [/dev/shm/db_bench_enterprise]
nextwithkey  :    0.021701 micros/op 46076706 ops/sec 1.085 seconds 50000000 operations;  351.5 MB/s
DB path: [/dev/shm/db_bench_enterprise]
nextwithkey  :    0.019351 micros/op 51673658 ops/sec 0.968 seconds 50000000 operations;  394.2 MB/s
DB path: [/dev/shm/db_bench_enterprise]
readseq      :    0.022200 micros/op 45042082 ops/sec 1.110 seconds 50000000 operations;  343.6 MB/s
DB path: [/dev/shm/db_bench_enterprise]
readseq      :    0.019629 micros/op 50941916 ops/sec 0.982 seconds 50000000 operations;  388.7 MB/s
DB path: [/dev/shm/db_bench_enterprise]
readseq      :    0.019611 micros/op 50987994 ops/sec 0.981 seconds 50000000 operations;  389.0 MB/s
