$ /home/runner/work/toplingdb/toplingdb/_run_prefix/topling/bin/db_bench -json logs/zipkeyonly/db_bench-fillrandom.yaml -num=50000000 -key_size=8 -value_size=50 -batch_size=1000 -benchmarks=fillrandom,flush,compact,readseq,readseq,readseq,readrandom -enable_zero_copy -progress_reports=false -report_bench_start_time -compact_target_level=6
RocksDB:    version 8.10.2
Date:       Tue Sep 15 06:10:09 2026
CPU:        4 * AMD EPYC 7763 64-Core Processor
CPUCache:   512 KB
Set seed to 1789452609146166 because --seed was 0
Initializing RocksDB Options from the specified file
Initializing RocksDB Options from command-line flags
Integrated BlobDB: blob cache disabled
Keys:       8 bytes each (+ 0 bytes user-defined timestamp)
Values:     50 bytes each (25 bytes after compression)
Entries:    50000000
Prefix:    0 bytes
Keys per prefix:    0
RawSize:    2765.7 MB (estimated)
FileSize:   1573.6 MB (estimated)
Write rate: 0 bytes/second
Read rate: 0 ops/second
Compression: Snappy
Compression sampling rate: 0
Memtablerep: CSPPMemTabFactory
Perf Level: 1
------------------------------------------------
Initializing RocksDB Options from the specified file
Initializing RocksDB Options from command-line flags
Integrated BlobDB: blob cache disabled
DB path: [/dev/shm/db_bench_enterprise]
2026-09-15T06:10:11.174413Z fillrandom   :    0.603805 micros/op 1656161 ops/sec 30.190 seconds 50000000 operations;   91.6 MB/s
flush memtable
DB path: [/dev/shm/db_bench_enterprise]
2026-09-15T06:10:41.386070Z compact      : 24573660.000000 micros/op 0 ops/sec 24.574 seconds 1 operations;
DB path: [/dev/shm/db_bench_enterprise]
2026-09-15T06:11:05.959984Z readseq      :    0.039614 micros/op 25242708 ops/sec 1.981 seconds 50000000 operations; 1396.3 MB/s
DB path: [/dev/shm/db_bench_enterprise]
2026-09-15T06:11:07.941004Z readseq      :    0.039405 micros/op 25377052 ops/sec 1.970 seconds 50000000 operations; 1403.7 MB/s
DB path: [/dev/shm/db_bench_enterprise]
2026-09-15T06:11:09.911486Z readseq      :    0.039366 micros/op 25401586 ops/sec 1.968 seconds 50000000 operations; 1405.0 MB/s
DB path: [/dev/shm/db_bench_enterprise]
2026-09-15T06:11:11.880081Z readrandom   :    0.211830 micros/op 4720755 ops/sec 10.592 seconds 50000000 operations;  165.1 MB/s (31612420 of 50000000 found)

