$ /home/runner/work/toplingdb/toplingdb/_run_prefix/topling/bin/db_bench -json logs/zipkeyonly/db_bench-fillrandom.yaml -num=50000000 -key_size=8 -value_size=50 -batch_size=1000 -benchmarks=nextwithkey,nextwithkey,nextwithkey,readseq,readseq,readseq -scan_omit_key -scan_omit_value -use_existing_db=1 -enable_zero_copy -progress_reports=false
RocksDB:    version 8.10.2
Date:       Tue Sep 15 06:11:23 2026
CPU:        4 * AMD EPYC 7763 64-Core Processor
CPUCache:   512 KB
Set seed to 1789452683302301 because --seed was 0
Initializing RocksDB Options from the specified file
Initializing RocksDB Options from command-line flags
Integrated BlobDB: blob cache disabled
Keys:       8 bytes each (+ 0 bytes user-defined timestamp)
Values:     50 bytes each (25 bytes after compression)
Entries:    50000000
Prefix:    0 bytes
Keys per prefix:    0
RawSize:    2765.7 MB (estimated)
FileSize:   1573.6 MB (estimated)
Write rate: 0 bytes/second
Read rate: 0 ops/second
Compression: Snappy
Compression sampling rate: 0
Memtablerep: CSPPMemTabFactory
Perf Level: 1
------------------------------------------------
DB path: [/dev/shm/db_bench_enterprise]
nextwithkey  :    0.025339 micros/op 39464108 ops/sec 1.267 seconds 50000000 operations;  301.1 MB/s
DB path: [/dev/shm/db_bench_enterprise]
nextwithkey  :    0.025260 micros/op 39586150 ops/sec 1.263 seconds 50000000 operations;  302.0 MB/s
DB path: [/dev/shm/db_bench_enterprise]
nextwithkey  :    0.025135 micros/op 39781868 ops/sec 1.257 seconds 50000000 operations;  303.5 MB/s
DB path: [/dev/shm/db_bench_enterprise]
readseq      :    0.025852 micros/op 38680499 ops/sec 1.293 seconds 50000000 operations;  295.1 MB/s
DB path: [/dev/shm/db_bench_enterprise]
readseq      :    0.025860 micros/op 38667756 ops/sec 1.293 seconds 50000000 operations;  295.0 MB/s
DB path: [/dev/shm/db_bench_enterprise]
readseq      :    0.025894 micros/op 38617105 ops/sec 1.295 seconds 50000000 operations;  294.6 MB/s
