$ /home/runner/work/toplingdb/toplingdb/_run_prefix/topling/bin/db_bench -json logs/zipkeyonly/db_bench-fillseq.yaml -num=100000000 -key_size=8 -value_size=50 -batch_size=1000 -benchmarks=nextwithkey,nextwithkey,nextwithkey,readseq,readseq,readseq -scan_omit_key -scan_omit_value -use_existing_db=1 -enable_zero_copy -progress_reports=false
RocksDB:    version 8.10.2
Date:       Sat Sep 12 17:40:52 2026
CPU:        4 * AMD EPYC 9V74 80-Core Processor
CPUCache:   1024 KB
Set seed to 1789234852003118 because --seed was 0
Initializing RocksDB Options from the specified file
Initializing RocksDB Options from command-line flags
Integrated BlobDB: blob cache disabled
Keys:       8 bytes each (+ 0 bytes user-defined timestamp)
Values:     50 bytes each (25 bytes after compression)
Entries:    100000000
Prefix:    0 bytes
Keys per prefix:    0
RawSize:    5531.3 MB (estimated)
FileSize:   3147.1 MB (estimated)
Write rate: 0 bytes/second
Read rate: 0 ops/second
Compression: Snappy
Compression sampling rate: 0
Memtablerep: OffsetSkipList
Perf Level: 1
------------------------------------------------
DB path: [/dev/shm/db_bench_enterprise]
nextwithkey  :    0.019171 micros/op 52161466 ops/sec 1.917 seconds 100000000 operations;  398.0 MB/s
DB path: [/dev/shm/db_bench_enterprise]
nextwithkey  :    0.019169 micros/op 52164215 ops/sec 1.917 seconds 100000000 operations;  398.0 MB/s
DB path: [/dev/shm/db_bench_enterprise]
nextwithkey  :    0.019156 micros/op 52202665 ops/sec 1.916 seconds 100000000 operations;  398.3 MB/s
DB path: [/dev/shm/db_bench_enterprise]
readseq      :    0.020047 micros/op 49880784 ops/sec 2.005 seconds 100000000 operations;  380.6 MB/s
DB path: [/dev/shm/db_bench_enterprise]
readseq      :    0.019882 micros/op 50294980 ops/sec 1.988 seconds 100000000 operations;  383.7 MB/s
DB path: [/dev/shm/db_bench_enterprise]
readseq      :    0.019922 micros/op 50195738 ops/sec 1.992 seconds 100000000 operations;  383.0 MB/s
