$ /home/runner/work/toplingdb/toplingdb/_run_prefix/topling/bin/db_bench -json logs/zipkeyonly/db_bench-fillrandom.yaml -num=100000000 -key_size=8 -value_size=50 -batch_size=1000 -benchmarks=nextwithkey,nextwithkey,nextwithkey,readseq,readseq,readseq -scan_omit_key -scan_omit_value -use_existing_db=1 -enable_zero_copy -progress_reports=false
RocksDB:    version 8.10.2
Date:       Sat Sep 12 17:38:57 2026
CPU:        4 * AMD EPYC 9V74 80-Core Processor
CPUCache:   1024 KB
Set seed to 1789234737065828 because --seed was 0
Initializing RocksDB Options from the specified file
Initializing RocksDB Options from command-line flags
Integrated BlobDB: blob cache disabled
Keys:       8 bytes each (+ 0 bytes user-defined timestamp)
Values:     50 bytes each (25 bytes after compression)
Entries:    100000000
Prefix:    0 bytes
Keys per prefix:    0
RawSize:    5531.3 MB (estimated)
FileSize:   3147.1 MB (estimated)
Write rate: 0 bytes/second
Read rate: 0 ops/second
Compression: Snappy
Compression sampling rate: 0
Memtablerep: CSPPMemTabFactory
Perf Level: 1
------------------------------------------------
DB path: [/dev/shm/db_bench_enterprise]
nextwithkey  :    0.025923 micros/op 38575038 ops/sec 2.592 seconds 100000000 operations;  294.3 MB/s
DB path: [/dev/shm/db_bench_enterprise]
nextwithkey  :    0.025904 micros/op 38602660 ops/sec 2.590 seconds 100000000 operations;  294.5 MB/s
DB path: [/dev/shm/db_bench_enterprise]
nextwithkey  :    0.026006 micros/op 38451038 ops/sec 2.601 seconds 100000000 operations;  293.4 MB/s
DB path: [/dev/shm/db_bench_enterprise]
readseq      :    0.027163 micros/op 36813741 ops/sec 2.716 seconds 100000000 operations;  280.9 MB/s
DB path: [/dev/shm/db_bench_enterprise]
readseq      :    0.027179 micros/op 36792124 ops/sec 2.718 seconds 100000000 operations;  280.7 MB/s
DB path: [/dev/shm/db_bench_enterprise]
readseq      :    0.027212 micros/op 36747196 ops/sec 2.721 seconds 100000000 operations;  280.4 MB/s
