RocksDB:    version 11.9.0
Date:       Fri Aug  7 17:33:48 2026
CPU:        4 * AMD EPYC 9V74 80-Core Processor
CPUCache:   1024 KB
Set seed to 1786124028540305 because --seed was 0
Initializing RocksDB Options from the specified file
Initializing RocksDB Options from command-line flags
Integrated BlobDB: blob cache disabled
Keys:       8 bytes each (+ 0 bytes user-defined timestamp)
Values:     50 bytes each (25 bytes after compression)
Entries:    50000000
Prefix:    0 bytes
Keys per prefix:    0
RawSize:    2765.7 MB (estimated)
FileSize:   1573.6 MB (estimated)
Write rate: 0 bytes/second
Read rate: 0 ops/second
Compression: Snappy
Compression sampling rate: 0
Memtablerep: SkipListFactory
Perf Level: 1
------------------------------------------------
Initializing RocksDB Options from the specified file
Initializing RocksDB Options from command-line flags
Integrated BlobDB: blob cache disabled
DB path: [/dev/shm/db_bench_rocksdb_master]
2026-08-07T17:33:48.554750Z fillrandom   :       1.569 micros/op 637495 ops/sec 78.432 seconds 50000000 operations;   35.3 MB/s
flush memtable
DB path: [/dev/shm/db_bench_rocksdb_master]
2026-08-07T17:35:07.299618Z compact      : 22178417.000 micros/op 0 ops/sec 22.178 seconds 1 operations;
DB path: [/dev/shm/db_bench_rocksdb_master]
2026-08-07T17:35:29.478249Z readseq      :       0.173 micros/op 5767577 ops/sec 5.480 seconds 31605925 operations;  319.0 MB/s
DB path: [/dev/shm/db_bench_rocksdb_master]
2026-08-07T17:35:34.958476Z readseq      :       0.119 micros/op 8426994 ops/sec 3.751 seconds 31605925 operations;  466.1 MB/s
DB path: [/dev/shm/db_bench_rocksdb_master]
2026-08-07T17:35:38.709237Z readseq      :       0.118 micros/op 8475599 ops/sec 3.729 seconds 31605925 operations;  468.8 MB/s
DB path: [/dev/shm/db_bench_rocksdb_master]
2026-08-07T17:35:42.438536Z readrandom   :       2.810 micros/op 355908 ops/sec 140.486 seconds 50000000 operations;   12.4 MB/s (31598316 of 50000000 found)

