RocksDB:    version 8.10.2
Date:       Sat Aug 15 10:30:39 2026
CPU:        4 * AMD EPYC 7763 64-Core Processor
CPUCache:   512 KB
Set seed to 1786789839723053 because --seed was 0
Initializing RocksDB Options from the specified file
Initializing RocksDB Options from command-line flags
Integrated BlobDB: blob cache disabled
Keys:       8 bytes each (+ 0 bytes user-defined timestamp)
Values:     50 bytes each (25 bytes after compression)
Entries:    100000000
Prefix:    0 bytes
Keys per prefix:    0
RawSize:    5531.3 MB (estimated)
FileSize:   3147.1 MB (estimated)
Write rate: 0 bytes/second
Read rate: 0 ops/second
Compression: Snappy
Compression sampling rate: 0
Memtablerep: CSPPMemTabFactory
Perf Level: 1
------------------------------------------------
DB path: [/dev/shm/db_bench_enterprise]
nextwithkey  :    0.025090 micros/op 39855102 ops/sec 2.509 seconds 100000000 operations;  304.1 MB/s
DB path: [/dev/shm/db_bench_enterprise]
nextwithkey  :    0.025140 micros/op 39776709 ops/sec 2.514 seconds 100000000 operations;  303.5 MB/s
DB path: [/dev/shm/db_bench_enterprise]
nextwithkey  :    0.025099 micros/op 39841367 ops/sec 2.510 seconds 100000000 operations;  304.0 MB/s
DB path: [/dev/shm/db_bench_enterprise]
readseq      :    0.025643 micros/op 38995370 ops/sec 2.564 seconds 100000000 operations;  297.5 MB/s
DB path: [/dev/shm/db_bench_enterprise]
readseq      :    0.025763 micros/op 38813442 ops/sec 2.576 seconds 100000000 operations;  296.1 MB/s
DB path: [/dev/shm/db_bench_enterprise]
readseq      :    0.025561 micros/op 39121334 ops/sec 2.556 seconds 100000000 operations;  298.5 MB/s
