RocksDB:    version 8.10.2
Date:       Sat Aug 15 10:35:06 2026
CPU:        4 * AMD EPYC 7763 64-Core Processor
CPUCache:   512 KB
Set seed to 1786790106352141 because --seed was 0
Initializing RocksDB Options from the specified file
Initializing RocksDB Options from command-line flags
Integrated BlobDB: blob cache disabled
Keys:       8 bytes each (+ 0 bytes user-defined timestamp)
Values:     50 bytes each (25 bytes after compression)
Entries:    100000000
Prefix:    0 bytes
Keys per prefix:    0
RawSize:    5531.3 MB (estimated)
FileSize:   3147.1 MB (estimated)
Write rate: 0 bytes/second
Read rate: 0 ops/second
Compression: Snappy
Compression sampling rate: 0
Memtablerep: CSPPMemTabFactory
Perf Level: 1
------------------------------------------------
DB path: [/dev/shm/db_bench_enterprise]
nextwithkey  :    0.019154 micros/op 52207134 ops/sec 1.915 seconds 100000000 operations;  398.3 MB/s
DB path: [/dev/shm/db_bench_enterprise]
nextwithkey  :    0.018981 micros/op 52683680 ops/sec 1.898 seconds 100000000 operations;  401.9 MB/s
DB path: [/dev/shm/db_bench_enterprise]
nextwithkey  :    0.018944 micros/op 52786799 ops/sec 1.894 seconds 100000000 operations;  402.7 MB/s
DB path: [/dev/shm/db_bench_enterprise]
readseq      :    0.019419 micros/op 51494976 ops/sec 1.942 seconds 100000000 operations;  392.9 MB/s
DB path: [/dev/shm/db_bench_enterprise]
readseq      :    0.019444 micros/op 51428318 ops/sec 1.944 seconds 100000000 operations;  392.4 MB/s
DB path: [/dev/shm/db_bench_enterprise]
readseq      :    0.019484 micros/op 51323873 ops/sec 1.948 seconds 100000000 operations;  391.6 MB/s
