RocksDB:    version 8.10.2
Date:       Sat Aug 15 17:23:22 2026
CPU:        4 * AMD EPYC 9V74 80-Core Processor
CPUCache:   1024 KB
Set seed to 1786814602092616 because --seed was 0
Initializing RocksDB Options from the specified file
Keys:       8 bytes each (+ 0 bytes user-defined timestamp)
Values:     50 bytes each (25 bytes after compression)
Entries:    50000000
Prefix:    0 bytes
Keys per prefix:    0
RawSize:    2765.7 MB (estimated)
FileSize:   1573.6 MB (estimated)
Write rate: 0 bytes/second
Read rate: 0 ops/second
Compression: Snappy
Compression sampling rate: 0
Memtablerep: SkipListFactory
Perf Level: 1
------------------------------------------------
Initializing RocksDB Options from the specified file
DB path: [/dev/shm/db_bench_rocksdb_v810]
2026-08-15T17:23:22.106040Z fillseq      :       0.354 micros/op 2824299 ops/sec 17.704 seconds 50000000 operations;  156.2 MB/s
flush memtable
DB path: [/dev/shm/db_bench_rocksdb_v810]
2026-08-15T17:23:39.982833Z compact      : 18078245.000 micros/op 0 ops/sec 18.078 seconds 1 operations;
DB path: [/dev/shm/db_bench_rocksdb_v810]
2026-08-15T17:23:58.061332Z readseq      :       0.167 micros/op 5977439 ops/sec 8.365 seconds 50000000 operations;  330.6 MB/s
DB path: [/dev/shm/db_bench_rocksdb_v810]
2026-08-15T17:24:06.426359Z readseq      :       0.102 micros/op 9823221 ops/sec 5.090 seconds 50000000 operations;  543.4 MB/s
DB path: [/dev/shm/db_bench_rocksdb_v810]
2026-08-15T17:24:11.516597Z readseq      :       0.102 micros/op 9824280 ops/sec 5.089 seconds 50000000 operations;  543.4 MB/s
DB path: [/dev/shm/db_bench_rocksdb_v810]
2026-08-15T17:24:16.606269Z readrandom   :       2.986 micros/op 334846 ops/sec 149.322 seconds 50000000 operations;   18.5 MB/s (50000000 of 50000000 found)

