RocksDB:    version 8.10.2
Date:       Sat Aug 15 10:09:13 2026
CPU:        4 * AMD EPYC 7763 64-Core Processor
CPUCache:   512 KB
Set seed to 1786788552990958 because --seed was 0
Initializing RocksDB Options from the specified file
Initializing RocksDB Options from command-line flags
Integrated BlobDB: blob cache disabled
Keys:       8 bytes each (+ 0 bytes user-defined timestamp)
Values:     50 bytes each (25 bytes after compression)
Entries:    100000000
Prefix:    0 bytes
Keys per prefix:    0
RawSize:    5531.3 MB (estimated)
FileSize:   3147.1 MB (estimated)
Write rate: 0 bytes/second
Read rate: 0 ops/second
Compression: Snappy
Compression sampling rate: 0
Memtablerep: CSPPMemTabFactory
Perf Level: 1
------------------------------------------------
Initializing RocksDB Options from the specified file
Initializing RocksDB Options from command-line flags
Integrated BlobDB: blob cache disabled
DB path: [/dev/shm/db_bench_enterprise]
2026-08-15T10:09:15.019761Z fillrandom   :    1.032035 micros/op 968956 ops/sec 103.204 seconds 100000000 operations;   53.6 MB/s
flush memtable
DB path: [/dev/shm/db_bench_enterprise]
2026-08-15T10:10:58.238538Z compact      : 30776639.000000 micros/op 0 ops/sec 30.777 seconds 1 operations;
DB path: [/dev/shm/db_bench_enterprise]
2026-08-15T10:11:29.015363Z readseq      :    0.040048 micros/op 24970073 ops/sec 4.005 seconds 100000000 operations; 1381.2 MB/s
DB path: [/dev/shm/db_bench_enterprise]
2026-08-15T10:11:33.020373Z readseq      :    0.039968 micros/op 25019784 ops/sec 3.997 seconds 100000000 operations; 1383.9 MB/s
DB path: [/dev/shm/db_bench_enterprise]
2026-08-15T10:11:37.017427Z readseq      :    0.040123 micros/op 24923279 ops/sec 4.012 seconds 100000000 operations; 1378.6 MB/s
DB path: [/dev/shm/db_bench_enterprise]
2026-08-15T10:11:41.030008Z readrandom   :    0.254054 micros/op 3936168 ops/sec 25.405 seconds 100000000 operations;  137.6 MB/s (63209132 of 100000000 found)

