RocksDB:    version 8.10.2
Date:       Sun Aug  9 06:10:29 2026
CPU:        4 * AMD EPYC 9V74 80-Core Processor
CPUCache:   1024 KB
Set seed to 1786255829697906 because --seed was 0
Initializing RocksDB Options from the specified file
Initializing RocksDB Options from command-line flags
Integrated BlobDB: blob cache disabled
Keys:       8 bytes each (+ 0 bytes user-defined timestamp)
Values:     50 bytes each (25 bytes after compression)
Entries:    100000000
Prefix:    0 bytes
Keys per prefix:    0
RawSize:    5531.3 MB (estimated)
FileSize:   3147.1 MB (estimated)
Write rate: 0 bytes/second
Read rate: 0 ops/second
Compression: Snappy
Compression sampling rate: 0
Memtablerep: CSPPMemTabFactory
Perf Level: 1
------------------------------------------------
Initializing RocksDB Options from the specified file
Initializing RocksDB Options from command-line flags
Integrated BlobDB: blob cache disabled
DB path: [/dev/shm/db_bench_enterprise]
2026-08-09T06:10:31.726340Z fillseq      :    0.426833 micros/op 2342831 ops/sec 42.683 seconds 100000000 operations;  129.6 MB/s
flush memtable
DB path: [/dev/shm/db_bench_enterprise]
2026-08-09T06:11:14.417122Z compact      : 38821872.000000 micros/op 0 ops/sec 38.822 seconds 1 operations;
DB path: [/dev/shm/db_bench_enterprise]
2026-08-09T06:11:53.239235Z readseq      :    0.032583 micros/op 30689824 ops/sec 3.258 seconds 100000000 operations; 1697.5 MB/s
DB path: [/dev/shm/db_bench_enterprise]
2026-08-09T06:11:56.497918Z readseq      :    0.033215 micros/op 30106299 ops/sec 3.322 seconds 100000000 operations; 1665.3 MB/s
DB path: [/dev/shm/db_bench_enterprise]
2026-08-09T06:11:59.819748Z readseq      :    0.032837 micros/op 30453247 ops/sec 3.284 seconds 100000000 operations; 1684.5 MB/s
DB path: [/dev/shm/db_bench_enterprise]
2026-08-09T06:12:03.103720Z readrandom   :    0.153382 micros/op 6519655 ops/sec 15.338 seconds 100000000 operations;  360.6 MB/s (100000000 of 100000000 found)

