RocksDB:    version 8.10.2
Date:       Sun Aug  9 06:10:11 2026
CPU:        4 * AMD EPYC 9V74 80-Core Processor
CPUCache:   1024 KB
Set seed to 1786255811039094 because --seed was 0
Initializing RocksDB Options from the specified file
Initializing RocksDB Options from command-line flags
Integrated BlobDB: blob cache disabled
Keys:       8 bytes each (+ 0 bytes user-defined timestamp)
Values:     50 bytes each (25 bytes after compression)
Entries:    100000000
Prefix:    0 bytes
Keys per prefix:    0
RawSize:    5531.3 MB (estimated)
FileSize:   3147.1 MB (estimated)
Write rate: 0 bytes/second
Read rate: 0 ops/second
Compression: Snappy
Compression sampling rate: 0
Memtablerep: CSPPMemTabFactory
Perf Level: 1
------------------------------------------------
DB path: [/dev/shm/db_bench_enterprise]
nextwithkey  :    0.026503 micros/op 37730581 ops/sec 2.650 seconds 100000000 operations;  287.9 MB/s
DB path: [/dev/shm/db_bench_enterprise]
nextwithkey  :    0.027961 micros/op 35763741 ops/sec 2.796 seconds 100000000 operations;  272.9 MB/s
DB path: [/dev/shm/db_bench_enterprise]
nextwithkey  :    0.026186 micros/op 38186697 ops/sec 2.619 seconds 100000000 operations;  291.3 MB/s
DB path: [/dev/shm/db_bench_enterprise]
readseq      :    0.027942 micros/op 35788098 ops/sec 2.794 seconds 100000000 operations;  273.0 MB/s
DB path: [/dev/shm/db_bench_enterprise]
readseq      :    0.027374 micros/op 36530507 ops/sec 2.737 seconds 100000000 operations;  278.7 MB/s
DB path: [/dev/shm/db_bench_enterprise]
readseq      :    0.027199 micros/op 36764814 ops/sec 2.720 seconds 100000000 operations;  280.5 MB/s
