RocksDB:    version 8.10.2
Date:       Sun Aug  9 06:12:19 2026
CPU:        4 * AMD EPYC 9V74 80-Core Processor
CPUCache:   1024 KB
Set seed to 1786255939870585 because --seed was 0
Initializing RocksDB Options from the specified file
Initializing RocksDB Options from command-line flags
Integrated BlobDB: blob cache disabled
Keys:       8 bytes each (+ 0 bytes user-defined timestamp)
Values:     50 bytes each (25 bytes after compression)
Entries:    100000000
Prefix:    0 bytes
Keys per prefix:    0
RawSize:    5531.3 MB (estimated)
FileSize:   3147.1 MB (estimated)
Write rate: 0 bytes/second
Read rate: 0 ops/second
Compression: Snappy
Compression sampling rate: 0
Memtablerep: CSPPMemTabFactory
Perf Level: 1
------------------------------------------------
DB path: [/dev/shm/db_bench_enterprise]
nextwithkey  :    0.019188 micros/op 52114520 ops/sec 1.919 seconds 100000000 operations;  397.6 MB/s
DB path: [/dev/shm/db_bench_enterprise]
nextwithkey  :    0.019162 micros/op 52184141 ops/sec 1.916 seconds 100000000 operations;  398.1 MB/s
DB path: [/dev/shm/db_bench_enterprise]
nextwithkey  :    0.019290 micros/op 51839364 ops/sec 1.929 seconds 100000000 operations;  395.5 MB/s
DB path: [/dev/shm/db_bench_enterprise]
readseq      :    0.019857 micros/op 50358020 ops/sec 1.986 seconds 100000000 operations;  384.2 MB/s
DB path: [/dev/shm/db_bench_enterprise]
readseq      :    0.019954 micros/op 50112979 ops/sec 1.995 seconds 100000000 operations;  382.3 MB/s
DB path: [/dev/shm/db_bench_enterprise]
readseq      :    0.019858 micros/op 50355636 ops/sec 1.986 seconds 100000000 operations;  384.2 MB/s
