$ /home/runner/work/toplingdb/toplingdb/_run_prefix/topling/bin/db_bench -json logs/zipkeyvalue/db_bench-fillseq.yaml -num=100000000 -key_size=8 -value_size=50 -batch_size=1000 -benchmarks=nextwithkey,nextwithkey,nextwithkey,readseq,readseq,readseq -scan_omit_key -scan_omit_value -use_existing_db=1 -enable_zero_copy -progress_reports=false
RocksDB:    version 8.10.2
Date:       Sat Sep 12 23:04:28 2026
CPU:        4 * AMD EPYC 9V74 80-Core Processor
CPUCache:   1024 KB
Set seed to 1789254268427489 because --seed was 0
Initializing RocksDB Options from the specified file
Initializing RocksDB Options from command-line flags
Integrated BlobDB: blob cache disabled
Keys:       8 bytes each (+ 0 bytes user-defined timestamp)
Values:     50 bytes each (25 bytes after compression)
Entries:    100000000
Prefix:    0 bytes
Keys per prefix:    0
RawSize:    5531.3 MB (estimated)
FileSize:   3147.1 MB (estimated)
Write rate: 0 bytes/second
Read rate: 0 ops/second
Compression: Snappy
Compression sampling rate: 0
Memtablerep: OffsetSkipList
Perf Level: 1
------------------------------------------------
DB path: [/dev/shm/db_bench_enterprise]
nextwithkey  :    0.019253 micros/op 51938878 ops/sec 1.925 seconds 100000000 operations;  396.3 MB/s
DB path: [/dev/shm/db_bench_enterprise]
nextwithkey  :    0.019082 micros/op 52405930 ops/sec 1.908 seconds 100000000 operations;  399.8 MB/s
DB path: [/dev/shm/db_bench_enterprise]
nextwithkey  :    0.019484 micros/op 51323215 ops/sec 1.948 seconds 100000000 operations;  391.6 MB/s
DB path: [/dev/shm/db_bench_enterprise]
readseq      :    0.019932 micros/op 50170252 ops/sec 1.993 seconds 100000000 operations;  382.8 MB/s
DB path: [/dev/shm/db_bench_enterprise]
readseq      :    0.019996 micros/op 50008526 ops/sec 2.000 seconds 100000000 operations;  381.5 MB/s
DB path: [/dev/shm/db_bench_enterprise]
readseq      :    0.019932 micros/op 50167987 ops/sec 1.993 seconds 100000000 operations;  382.8 MB/s
