$ /home/runner/work/toplingdb/toplingdb/_run_prefix/topling/bin/db_bench -json logs/zipkeyvalue/db_bench-fillrandom.yaml -num=100000000 -key_size=8 -value_size=50 -batch_size=1000 -benchmarks=fillrandom,flush,compact,readseq,readseq,readseq,readrandom -enable_zero_copy -progress_reports=false -report_bench_start_time -compact_target_level=6
RocksDB:    version 8.10.2
Date:       Sat Sep 12 22:56:13 2026
CPU:        4 * AMD EPYC 9V74 80-Core Processor
CPUCache:   1024 KB
Set seed to 1789253773351472 because --seed was 0
Initializing RocksDB Options from the specified file
Initializing RocksDB Options from command-line flags
Integrated BlobDB: blob cache disabled
Keys:       8 bytes each (+ 0 bytes user-defined timestamp)
Values:     50 bytes each (25 bytes after compression)
Entries:    100000000
Prefix:    0 bytes
Keys per prefix:    0
RawSize:    5531.3 MB (estimated)
FileSize:   3147.1 MB (estimated)
Write rate: 0 bytes/second
Read rate: 0 ops/second
Compression: Snappy
Compression sampling rate: 0
Memtablerep: CSPPMemTabFactory
Perf Level: 1
------------------------------------------------
Initializing RocksDB Options from the specified file
Initializing RocksDB Options from command-line flags
Integrated BlobDB: blob cache disabled
DB path: [/dev/shm/db_bench_enterprise]
2026-09-12T22:56:15.379674Z fillrandom   :    0.726194 micros/op 1377036 ops/sec 72.620 seconds 100000000 operations;   76.2 MB/s
start step[ordinal=0, threadno=0, live_fibers=1]: ZipInputData
start step[ordinal=0, threadno=1, live_fibers=1]: ZipInputData
start step[ordinal=0, threadno=2, live_fibers=1]: ZipInputData
start step[ordinal=0, threadno=3, live_fibers=1]: ZipInputData
start step[ordinal=1, threadno=0, live_fibers=1]: WriteZipData
flush memtable
DB path: [/dev/shm/db_bench_enterprise]
2026-09-12T22:57:28.043279Z compact      : 59697146.000000 micros/op 0 ops/sec 59.697 seconds 1 operations;
DB path: [/dev/shm/db_bench_enterprise]
2026-09-12T22:58:27.740667Z readseq      :    0.059163 micros/op 16902433 ops/sec 5.916 seconds 100000000 operations;  934.9 MB/s
DB path: [/dev/shm/db_bench_enterprise]
2026-09-12T22:58:33.657266Z readseq      :    0.057968 micros/op 17250891 ops/sec 5.797 seconds 100000000 operations;  954.2 MB/s
DB path: [/dev/shm/db_bench_enterprise]
2026-09-12T22:58:39.454308Z readseq      :    0.058136 micros/op 17200770 ops/sec 5.814 seconds 100000000 operations;  951.4 MB/s
DB path: [/dev/shm/db_bench_enterprise]
2026-09-12T22:58:45.268240Z readrandom   :    0.618149 micros/op 1617730 ops/sec 61.815 seconds 100000000 operations;   56.6 MB/s (63203434 of 100000000 found)

ended step[ordinal=0, threadno=2, live_fibers=1]: ZipInputData
ended step[ordinal=0, threadno=0, live_fibers=1]: ZipInputData
ended step[ordinal=0, threadno=3, live_fibers=1]: ZipInputData
ended step[ordinal=0, threadno=1, live_fibers=1]: ZipInputData
ended step[ordinal=1, threadno=0, live_fibers=1]: WriteZipData
