$ /home/runner/work/toplingdb/toplingdb/_run_prefix/topling/bin/db_bench -json logs/zipkeyvalue/db_bench-fillseq.yaml -num=100000000 -key_size=8 -value_size=50 -batch_size=1000 -benchmarks=fillseq,flush,compact,readseq,readseq,readseq,readrandom -enable_zero_copy -progress_reports=false -report_bench_start_time -compact_target_level=6
RocksDB:    version 8.10.2
Date:       Sat Sep 12 23:00:04 2026
CPU:        4 * AMD EPYC 9V74 80-Core Processor
CPUCache:   1024 KB
Set seed to 1789254004024097 because --seed was 0
Initializing RocksDB Options from the specified file
Initializing RocksDB Options from command-line flags
Integrated BlobDB: blob cache disabled
Keys:       8 bytes each (+ 0 bytes user-defined timestamp)
Values:     50 bytes each (25 bytes after compression)
Entries:    100000000
Prefix:    0 bytes
Keys per prefix:    0
RawSize:    5531.3 MB (estimated)
FileSize:   3147.1 MB (estimated)
Write rate: 0 bytes/second
Read rate: 0 ops/second
Compression: Snappy
Compression sampling rate: 0
Memtablerep: OffsetSkipList
Perf Level: 1
------------------------------------------------
Initializing RocksDB Options from the specified file
Initializing RocksDB Options from command-line flags
Integrated BlobDB: blob cache disabled
DB path: [/dev/shm/db_bench_enterprise]
2026-09-12T23:00:06.049903Z fillseq      :    0.310330 micros/op 3222359 ops/sec 31.033 seconds 100000000 operations;  178.2 MB/s
start step[ordinal=0, threadno=0, live_fibers=1]: ZipInputData
start step[ordinal=0, threadno=1, live_fibers=1]: ZipInputData
start step[ordinal=0, threadno=2, live_fibers=1]: ZipInputData
start step[ordinal=0, threadno=3, live_fibers=1]: ZipInputData
start step[ordinal=1, threadno=0, live_fibers=1]: WriteZipData
flush memtable
DB path: [/dev/shm/db_bench_enterprise]
2026-09-12T23:00:37.092238Z compact      : 125794836.000000 micros/op 0 ops/sec 125.795 seconds 1 operations;
DB path: [/dev/shm/db_bench_enterprise]
2026-09-12T23:02:42.887347Z readseq      :    0.049494 micros/op 20204412 ops/sec 4.949 seconds 100000000 operations; 1117.6 MB/s
DB path: [/dev/shm/db_bench_enterprise]
2026-09-12T23:02:47.837084Z readseq      :    0.048772 micros/op 20503336 ops/sec 4.877 seconds 100000000 operations; 1134.1 MB/s
DB path: [/dev/shm/db_bench_enterprise]
2026-09-12T23:02:52.714578Z readseq      :    0.048507 micros/op 20615283 ops/sec 4.851 seconds 100000000 operations; 1140.3 MB/s
DB path: [/dev/shm/db_bench_enterprise]
2026-09-12T23:02:57.565642Z readrandom   :    0.895949 micros/op 1116134 ops/sec 89.595 seconds 100000000 operations;   61.7 MB/s (100000000 of 100000000 found)

ended step[ordinal=0, threadno=3, live_fibers=1]: ZipInputData
ended step[ordinal=0, threadno=2, live_fibers=1]: ZipInputData
ended step[ordinal=0, threadno=0, live_fibers=1]: ZipInputData
ended step[ordinal=0, threadno=1, live_fibers=1]: ZipInputData
ended step[ordinal=1, threadno=0, live_fibers=1]: WriteZipData
