Running as unit: run-re17eed16bc7440c3bbd76cc05dd76141.scope; invocation ID: f7e80e5a3b8849cbafdd9d0ccc68b336
RocksDB:    version 8.10.2
Date:       Sat Aug 15 08:29:35 2026
CPU:        4 * AMD EPYC 7763 64-Core Processor
CPUCache:   512 KB
Set seed to 1786782575749016 because --seed was 0
Initializing RocksDB Options from the specified file
Initializing RocksDB Options from command-line flags
Integrated BlobDB: blob cache disabled
Keys:       8 bytes each (+ 0 bytes user-defined timestamp)
Values:     50 bytes each (25 bytes after compression)
Entries:    100000000
Prefix:    0 bytes
Keys per prefix:    0
RawSize:    5531.3 MB (estimated)
FileSize:   3147.1 MB (estimated)
Write rate: 0 bytes/second
Read rate: 0 ops/second
Compression: Snappy
Compression sampling rate: 0
Memtablerep: CSPPMemTabFactory
Perf Level: 1
------------------------------------------------
Initializing RocksDB Options from the specified file
Initializing RocksDB Options from command-line flags
Integrated BlobDB: blob cache disabled
DB path: [/dev/shm/db_bench_enterprise]
2026-08-15T08:29:37.779575Z fillrandom   :    4.268176 micros/op 234291 ops/sec 426.818 seconds 100000000 operations;   13.0 MB/s
flush memtable
DB path: [/dev/shm/db_bench_enterprise]
2026-08-15T08:36:45.331673Z compact      : 85769658.000000 micros/op 0 ops/sec 85.770 seconds 1 operations;
DB path: [/dev/shm/db_bench_enterprise]
2026-08-15T08:38:11.101501Z readseq      :    0.125358 micros/op 7977146 ops/sec 12.536 seconds 100000000 operations;  441.2 MB/s
DB path: [/dev/shm/db_bench_enterprise]
2026-08-15T08:38:23.637544Z readseq      :    0.125860 micros/op 7945344 ops/sec 12.586 seconds 100000000 operations;  439.5 MB/s
DB path: [/dev/shm/db_bench_enterprise]
2026-08-15T08:38:36.223879Z readseq      :    0.125883 micros/op 7943856 ops/sec 12.588 seconds 100000000 operations;  439.4 MB/s
DB path: [/dev/shm/db_bench_enterprise]
2026-08-15T08:38:48.812432Z readrandom   :    1.402188 micros/op 713170 ops/sec 140.219 seconds 100000000 operations;   24.9 MB/s (63209482 of 100000000 found)

