RocksDB:    version 8.10.2
Date:       Sat Aug 15 05:39:22 2026
CPU:        4 * AMD EPYC 9V74 80-Core Processor
CPUCache:   1024 KB
Set seed to 1786772362380744 because --seed was 0
Initializing RocksDB Options from the specified file
Initializing RocksDB Options from command-line flags
Integrated BlobDB: blob cache disabled
Keys:       8 bytes each (+ 0 bytes user-defined timestamp)
Values:     50 bytes each (25 bytes after compression)
Entries:    50000000
Prefix:    0 bytes
Keys per prefix:    0
RawSize:    2765.7 MB (estimated)
FileSize:   1573.6 MB (estimated)
Write rate: 0 bytes/second
Read rate: 0 ops/second
Compression: Snappy
Compression sampling rate: 0
Memtablerep: SkipListFactory
Perf Level: 1
------------------------------------------------
Initializing RocksDB Options from the specified file
Initializing RocksDB Options from command-line flags
Integrated BlobDB: blob cache disabled
DB path: [/dev/shm/db_bench_rocksdb_v810]
2026-08-15T05:39:22.393237Z fillseq      :       0.248 micros/op 4032799 ops/sec 12.398 seconds 50000000 operations;  223.1 MB/s
flush memtable
DB path: [/dev/shm/db_bench_rocksdb_v810]
2026-08-15T05:39:35.013916Z compact      : 18158768.000 micros/op 0 ops/sec 18.159 seconds 1 operations;
DB path: [/dev/shm/db_bench_rocksdb_v810]
2026-08-15T05:39:53.172913Z readseq      :       0.167 micros/op 5988594 ops/sec 8.349 seconds 50000000 operations;  331.2 MB/s
DB path: [/dev/shm/db_bench_rocksdb_v810]
2026-08-15T05:40:01.522324Z readseq      :       0.100 micros/op 9960318 ops/sec 5.020 seconds 50000000 operations;  550.9 MB/s
DB path: [/dev/shm/db_bench_rocksdb_v810]
2026-08-15T05:40:06.542462Z readseq      :       0.101 micros/op 9915120 ops/sec 5.043 seconds 50000000 operations;  548.4 MB/s
DB path: [/dev/shm/db_bench_rocksdb_v810]
2026-08-15T05:40:11.585474Z readrandom   :       3.317 micros/op 301506 ops/sec 165.834 seconds 50000000 operations;   16.7 MB/s (50000000 of 50000000 found)

