RocksDB:    version 8.10.2
Date:       Sat Aug 15 05:34:36 2026
CPU:        4 * AMD EPYC 9V74 80-Core Processor
CPUCache:   1024 KB
Set seed to 1786772076004442 because --seed was 0
Initializing RocksDB Options from the specified file
Initializing RocksDB Options from command-line flags
Integrated BlobDB: blob cache disabled
Keys:       8 bytes each (+ 0 bytes user-defined timestamp)
Values:     50 bytes each (25 bytes after compression)
Entries:    50000000
Prefix:    0 bytes
Keys per prefix:    0
RawSize:    2765.7 MB (estimated)
FileSize:   1573.6 MB (estimated)
Write rate: 0 bytes/second
Read rate: 0 ops/second
Compression: Snappy
Compression sampling rate: 0
Memtablerep: SkipListFactory
Perf Level: 1
------------------------------------------------
Initializing RocksDB Options from the specified file
Initializing RocksDB Options from command-line flags
Integrated BlobDB: blob cache disabled
DB path: [/dev/shm/db_bench_rocksdb_v810]
2026-08-15T05:34:36.017963Z fillrandom   :       1.958 micros/op 510653 ops/sec 97.914 seconds 50000000 operations;   28.2 MB/s
flush memtable
DB path: [/dev/shm/db_bench_rocksdb_v810]
2026-08-15T05:36:14.251372Z compact      : 19356360.000 micros/op 0 ops/sec 19.356 seconds 1 operations;
DB path: [/dev/shm/db_bench_rocksdb_v810]
2026-08-15T05:36:33.608001Z readseq      :       0.148 micros/op 6763288 ops/sec 4.674 seconds 31608738 operations;  374.1 MB/s
DB path: [/dev/shm/db_bench_rocksdb_v810]
2026-08-15T05:36:38.281898Z readseq      :       0.101 micros/op 9937323 ops/sec 3.181 seconds 31608738 operations;  549.7 MB/s
DB path: [/dev/shm/db_bench_rocksdb_v810]
2026-08-15T05:36:41.462931Z readseq      :       0.101 micros/op 9910866 ops/sec 3.189 seconds 31608738 operations;  548.2 MB/s
DB path: [/dev/shm/db_bench_rocksdb_v810]
2026-08-15T05:36:44.652443Z readrandom   :       3.148 micros/op 317666 ops/sec 157.398 seconds 50000000 operations;   11.1 MB/s (31607431 of 50000000 found)

