RocksDB:    version 8.10.2
Date:       Fri Aug 14 12:40:29 2026
CPU:        4 * AMD EPYC 9V74 80-Core Processor
CPUCache:   1024 KB
Set seed to 1786711229422717 because --seed was 0
Initializing RocksDB Options from the specified file
Initializing RocksDB Options from command-line flags
Integrated BlobDB: blob cache disabled
Keys:       8 bytes each (+ 0 bytes user-defined timestamp)
Values:     50 bytes each (25 bytes after compression)
Entries:    100000000
Prefix:    0 bytes
Keys per prefix:    0
RawSize:    5531.3 MB (estimated)
FileSize:   3147.1 MB (estimated)
Write rate: 0 bytes/second
Read rate: 0 ops/second
Compression: Snappy
Compression sampling rate: 0
Memtablerep: CSPPMemTabFactory
Perf Level: 1
------------------------------------------------
DB path: [/dev/shm/db_bench_enterprise]
nextwithkey  :    0.019194 micros/op 52097578 ops/sec 1.919 seconds 100000000 operations;  397.5 MB/s
DB path: [/dev/shm/db_bench_enterprise]
nextwithkey  :    0.019146 micros/op 52229030 ops/sec 1.915 seconds 100000000 operations;  398.5 MB/s
DB path: [/dev/shm/db_bench_enterprise]
nextwithkey  :    0.019132 micros/op 52267494 ops/sec 1.913 seconds 100000000 operations;  398.8 MB/s
DB path: [/dev/shm/db_bench_enterprise]
readseq      :    0.019847 micros/op 50384357 ops/sec 1.985 seconds 100000000 operations;  384.4 MB/s
DB path: [/dev/shm/db_bench_enterprise]
readseq      :    0.019870 micros/op 50326113 ops/sec 1.987 seconds 100000000 operations;  384.0 MB/s
DB path: [/dev/shm/db_bench_enterprise]
readseq      :    0.019872 micros/op 50320668 ops/sec 1.987 seconds 100000000 operations;  383.9 MB/s
