RocksDB:    version 8.10.2
Date:       Fri Aug 14 12:38:22 2026
CPU:        4 * AMD EPYC 9V74 80-Core Processor
CPUCache:   1024 KB
Set seed to 1786711102593980 because --seed was 0
Initializing RocksDB Options from the specified file
Initializing RocksDB Options from command-line flags
Integrated BlobDB: blob cache disabled
Keys:       8 bytes each (+ 0 bytes user-defined timestamp)
Values:     50 bytes each (25 bytes after compression)
Entries:    100000000
Prefix:    0 bytes
Keys per prefix:    0
RawSize:    5531.3 MB (estimated)
FileSize:   3147.1 MB (estimated)
Write rate: 0 bytes/second
Read rate: 0 ops/second
Compression: Snappy
Compression sampling rate: 0
Memtablerep: CSPPMemTabFactory
Perf Level: 1
------------------------------------------------
DB path: [/dev/shm/db_bench_enterprise]
nextwithkey  :    0.025959 micros/op 38521973 ops/sec 2.596 seconds 100000000 operations;  293.9 MB/s
DB path: [/dev/shm/db_bench_enterprise]
nextwithkey  :    0.025707 micros/op 38899214 ops/sec 2.571 seconds 100000000 operations;  296.8 MB/s
DB path: [/dev/shm/db_bench_enterprise]
nextwithkey  :    0.025669 micros/op 38956465 ops/sec 2.567 seconds 100000000 operations;  297.2 MB/s
DB path: [/dev/shm/db_bench_enterprise]
readseq      :    0.026591 micros/op 37605308 ops/sec 2.659 seconds 100000000 operations;  286.9 MB/s
DB path: [/dev/shm/db_bench_enterprise]
readseq      :    0.027046 micros/op 36972581 ops/sec 2.705 seconds 100000000 operations;  282.1 MB/s
DB path: [/dev/shm/db_bench_enterprise]
readseq      :    0.027050 micros/op 36966991 ops/sec 2.705 seconds 100000000 operations;  282.0 MB/s
