$ /home/runner/work/toplingdb/toplingdb/_run_prefix/topling/bin/db_bench -json logs/zipkeyonly/db_bench-fillrandom.yaml -num=100000000 -key_size=8 -value_size=50 -batch_size=1000 -benchmarks=fillrandom,flush,compact,readseq,readseq,readseq,readrandom -enable_zero_copy -progress_reports=false -report_bench_start_time -compact_target_level=6
RocksDB:    version 8.10.2
Date:       Sun Aug 16 02:08:17 2026
CPU:        4 * AMD EPYC 7763 64-Core Processor
CPUCache:   512 KB
Set seed to 1786846097191639 because --seed was 0
Initializing RocksDB Options from the specified file
Initializing RocksDB Options from command-line flags
Integrated BlobDB: blob cache disabled
Keys:       8 bytes each (+ 0 bytes user-defined timestamp)
Values:     50 bytes each (25 bytes after compression)
Entries:    100000000
Prefix:    0 bytes
Keys per prefix:    0
RawSize:    5531.3 MB (estimated)
FileSize:   3147.1 MB (estimated)
Write rate: 0 bytes/second
Read rate: 0 ops/second
Compression: Snappy
Compression sampling rate: 0
Memtablerep: CSPPMemTabFactory
Perf Level: 1
------------------------------------------------
Initializing RocksDB Options from the specified file
Initializing RocksDB Options from command-line flags
Integrated BlobDB: blob cache disabled
DB path: [/dev/shm/db_bench_enterprise]
2026-08-16T02:08:19.218723Z fillrandom   :    1.007968 micros/op 992095 ops/sec 100.797 seconds 100000000 operations;   54.9 MB/s
flush memtable
DB path: [/dev/shm/db_bench_enterprise]
2026-08-16T02:10:00.017256Z compact      : 33186154.000000 micros/op 0 ops/sec 33.186 seconds 1 operations;
DB path: [/dev/shm/db_bench_enterprise]
2026-08-16T02:10:33.203664Z readseq      :    0.040746 micros/op 24542099 ops/sec 4.075 seconds 100000000 operations; 1357.5 MB/s
DB path: [/dev/shm/db_bench_enterprise]
2026-08-16T02:10:37.278637Z readseq      :    0.040597 micros/op 24632082 ops/sec 4.060 seconds 100000000 operations; 1362.5 MB/s
DB path: [/dev/shm/db_bench_enterprise]
2026-08-16T02:10:41.338596Z readseq      :    0.040922 micros/op 24436584 ops/sec 4.092 seconds 100000000 operations; 1351.7 MB/s
DB path: [/dev/shm/db_bench_enterprise]
2026-08-16T02:10:45.431048Z readrandom   :    0.210309 micros/op 4754891 ops/sec 21.031 seconds 100000000 operations;  166.3 MB/s (63213179 of 100000000 found)

