Running as unit: run-r3e08f2c5e6d6473997f763498cd02c30.scope; invocation ID: 3ed81041cdf74049aa048958d852595d
Set seed to 1786187619755473 because --seed was 0
Initializing RocksDB Options from the specified file
Initializing RocksDB Options from command-line flags
Integrated BlobDB: blob cache disabled
CompactionService spool: /dev/shm/rocksdb-cs-spool-master
RocksDB:    version 11.9.0
Date:       Sat Aug  8 11:13:39 2026
CPU:        4 * AMD EPYC 7763 64-Core Processor
CPUCache:   512 KB
Keys:       8 bytes each (+ 0 bytes user-defined timestamp)
Values:     50 bytes each (25 bytes after compression)
Entries:    100000000
Prefix:    0 bytes
Keys per prefix:    0
RawSize:    5531.3 MB (estimated)
FileSize:   3147.1 MB (estimated)
Write rate: 0 bytes/second
Read rate: 0 ops/second
Compression: Snappy
Compression sampling rate: 0
Memtablerep: SkipListFactory
Perf Level: 1
------------------------------------------------
Initializing RocksDB Options from the specified file
Initializing RocksDB Options from command-line flags
Integrated BlobDB: blob cache disabled
CompactionService spool: /dev/shm/rocksdb-cs-spool-master
DB path: [/dev/shm/db_bench_rocksdb_master]
2026-08-08T11:13:39.769299Z fillrandom   :       4.339 micros/op 230443 ops/sec 433.946 seconds 100000000 operations;   12.7 MB/s
flush memtable
DB path: [/dev/shm/db_bench_rocksdb_master]
2026-08-08T11:20:54.498177Z compact      : 43118125.000 micros/op 0 ops/sec 43.118 seconds 1 operations;
DB path: [/dev/shm/db_bench_rocksdb_master]
2026-08-08T11:21:37.616639Z readseq      :       0.427 micros/op 2340435 ops/sec 27.008 seconds 63210519 operations;  129.5 MB/s
DB path: [/dev/shm/db_bench_rocksdb_master]
2026-08-08T11:22:04.624907Z readseq      :       0.324 micros/op 3082586 ops/sec 20.506 seconds 63210519 operations;  170.5 MB/s
DB path: [/dev/shm/db_bench_rocksdb_master]
2026-08-08T11:22:25.130862Z readseq      :       0.321 micros/op 3113648 ops/sec 20.301 seconds 63210519 operations;  172.2 MB/s
DB path: [/dev/shm/db_bench_rocksdb_master]
2026-08-08T11:22:45.432211Z readrandom   :       6.334 micros/op 157886 ops/sec 633.368 seconds 100000000 operations;    5.5 MB/s (63210155 of 100000000 found)

