$ /home/runner/work/toplingdb/toplingdb/_run_prefix/topling/bin/db_bench -json logs/zipkeyvalue/db_bench-fillseq-cspp.yaml -num=50000000 -key_size=8 -value_size=50 -batch_size=1000 -benchmarks=fillseq,flush,compact,readseq,readseq,readseq,readrandom -enable_zero_copy -progress_reports=false -report_bench_start_time -compact_target_level=6
RocksDB:    version 8.10.2
Date:       Thu Oct  8 09:19:09 2026
CPU:        4 * AMD EPYC 7763 64-Core Processor
CPUCache:   512 KB
Set seed to 1791451149607062 because --seed was 0
Initializing RocksDB Options from the specified file
Initializing RocksDB Options from command-line flags
Integrated BlobDB: blob cache disabled
Keys:       8 bytes each (+ 0 bytes user-defined timestamp)
Values:     50 bytes each (25 bytes after compression)
Entries:    50000000
Prefix:    0 bytes
Keys per prefix:    0
RawSize:    2765.7 MB (estimated)
FileSize:   1573.6 MB (estimated)
Write rate: 0 bytes/second
Read rate: 0 ops/second
Compression: Snappy
Compression sampling rate: 0
Memtablerep: CSPPMemTabFactory
Perf Level: 1
------------------------------------------------
Initializing RocksDB Options from the specified file
Initializing RocksDB Options from command-line flags
Integrated BlobDB: blob cache disabled
DB path: [/dev/shm/db_bench_enterprise]
2026-10-08T09:19:11.632572Z fillseq      :    0.290055 micros/op 3447608 ops/sec 14.503 seconds 50000000 operations;  190.7 MB/s
start step[ordinal=0, threadno=0, live_fibers=1]: ZipInputData
start step[ordinal=0, threadno=1, live_fibers=1]: ZipInputData
start step[ordinal=0, threadno=2, live_fibers=1]: ZipInputData
start step[ordinal=0, threadno=3, live_fibers=1]: ZipInputData
start step[ordinal=1, threadno=0, live_fibers=1]: WriteZipData
flush memtable
DB path: [/dev/shm/db_bench_enterprise]
2026-10-08T09:19:26.171313Z compact      : 62039943.000000 micros/op 0 ops/sec 62.040 seconds 1 operations;
DB path: [/dev/shm/db_bench_enterprise]
2026-10-08T09:20:28.211505Z readseq      :    0.049081 micros/op 20374399 ops/sec 2.454 seconds 50000000 operations; 1127.0 MB/s
DB path: [/dev/shm/db_bench_enterprise]
2026-10-08T09:20:30.665770Z readseq      :    0.048408 micros/op 20657136 ops/sec 2.420 seconds 50000000 operations; 1142.6 MB/s
DB path: [/dev/shm/db_bench_enterprise]
2026-10-08T09:20:33.086472Z readseq      :    0.048536 micros/op 20602745 ops/sec 2.427 seconds 50000000 operations; 1139.6 MB/s
DB path: [/dev/shm/db_bench_enterprise]
2026-10-08T09:20:35.513559Z readrandom   :    0.566857 micros/op 1764109 ops/sec 28.343 seconds 50000000 operations;   97.6 MB/s (50000000 of 50000000 found)

ended step[ordinal=0, threadno=3, live_fibers=1]: ZipInputData
ended step[ordinal=0, threadno=2, live_fibers=1]: ZipInputData
ended step[ordinal=0, threadno=1, live_fibers=1]: ZipInputData
ended step[ordinal=0, threadno=0, live_fibers=1]: ZipInputData
ended step[ordinal=1, threadno=0, live_fibers=1]: WriteZipData
