$ /home/runner/work/toplingdb/toplingdb/_run_prefix/topling/bin/db_bench -json logs/zipkeyvalue/db_bench-fillrandom.yaml -num=50000000 -key_size=8 -value_size=50 -batch_size=1000 -benchmarks=fillrandom,flush,compact,readseq,readseq,readseq,readrandom -enable_zero_copy -progress_reports=false -report_bench_start_time -compact_target_level=6
RocksDB:    version 8.10.2
Date:       Thu Oct  8 09:15:24 2026
CPU:        4 * AMD EPYC 7763 64-Core Processor
CPUCache:   512 KB
Set seed to 1791450924609304 because --seed was 0
Initializing RocksDB Options from the specified file
Initializing RocksDB Options from command-line flags
Integrated BlobDB: blob cache disabled
Keys:       8 bytes each (+ 0 bytes user-defined timestamp)
Values:     50 bytes each (25 bytes after compression)
Entries:    50000000
Prefix:    0 bytes
Keys per prefix:    0
RawSize:    2765.7 MB (estimated)
FileSize:   1573.6 MB (estimated)
Write rate: 0 bytes/second
Read rate: 0 ops/second
Compression: Snappy
Compression sampling rate: 0
Memtablerep: CSPPMemTabFactory
Perf Level: 1
------------------------------------------------
Initializing RocksDB Options from the specified file
Initializing RocksDB Options from command-line flags
Integrated BlobDB: blob cache disabled
DB path: [/dev/shm/db_bench_enterprise]
2026-10-08T09:15:26.628886Z fillrandom   :    0.534882 micros/op 1869543 ops/sec 26.744 seconds 50000000 operations;  103.4 MB/s
start step[ordinal=0, threadno=0, live_fibers=1]: ZipInputData
start step[ordinal=0, threadno=1, live_fibers=1]: ZipInputData
start step[ordinal=0, threadno=2, live_fibers=1]: ZipInputData
start step[ordinal=0, threadno=3, live_fibers=1]: ZipInputData
start step[ordinal=1, threadno=0, live_fibers=1]: WriteZipData
flush memtable
DB path: [/dev/shm/db_bench_enterprise]
2026-10-08T09:15:53.396822Z compact      : 34944045.000000 micros/op 0 ops/sec 34.944 seconds 1 operations;
DB path: [/dev/shm/db_bench_enterprise]
2026-10-08T09:16:28.341075Z readseq      :    0.059026 micros/op 16941560 ops/sec 2.951 seconds 50000000 operations;  937.1 MB/s
DB path: [/dev/shm/db_bench_enterprise]
2026-10-08T09:16:31.292600Z readseq      :    0.058657 micros/op 17047955 ops/sec 2.933 seconds 50000000 operations;  943.0 MB/s
DB path: [/dev/shm/db_bench_enterprise]
2026-10-08T09:16:34.225741Z readseq      :    0.058426 micros/op 17115386 ops/sec 2.921 seconds 50000000 operations;  946.7 MB/s
DB path: [/dev/shm/db_bench_enterprise]
2026-10-08T09:16:37.147315Z readrandom   :    0.416668 micros/op 2399984 ops/sec 20.833 seconds 50000000 operations;   83.9 MB/s (31602756 of 50000000 found)

ended step[ordinal=0, threadno=0, live_fibers=1]: ZipInputData
ended step[ordinal=0, threadno=3, live_fibers=1]: ZipInputData
ended step[ordinal=0, threadno=2, live_fibers=1]: ZipInputData
ended step[ordinal=0, threadno=1, live_fibers=1]: ZipInputData
ended step[ordinal=1, threadno=0, live_fibers=1]: WriteZipData
