$ /home/runner/work/toplingdb/toplingdb/_run_prefix/topling/bin/db_bench -json logs/zipkeyvalue/db_bench-fillseq-cspp.yaml -num=50000000 -key_size=8 -value_size=50 -batch_size=1000 -benchmarks=nextwithkey,nextwithkey,nextwithkey,readseq,readseq,readseq -scan_omit_key -scan_omit_value -use_existing_db=1 -enable_zero_copy -progress_reports=false
RocksDB:    version 8.10.2
Date:       Thu Oct  8 09:21:05 2026
CPU:        4 * AMD EPYC 7763 64-Core Processor
CPUCache:   512 KB
Set seed to 1791451265818142 because --seed was 0
Initializing RocksDB Options from the specified file
Initializing RocksDB Options from command-line flags
Integrated BlobDB: blob cache disabled
Keys:       8 bytes each (+ 0 bytes user-defined timestamp)
Values:     50 bytes each (25 bytes after compression)
Entries:    50000000
Prefix:    0 bytes
Keys per prefix:    0
RawSize:    2765.7 MB (estimated)
FileSize:   1573.6 MB (estimated)
Write rate: 0 bytes/second
Read rate: 0 ops/second
Compression: Snappy
Compression sampling rate: 0
Memtablerep: CSPPMemTabFactory
Perf Level: 1
------------------------------------------------
DB path: [/dev/shm/db_bench_enterprise]
nextwithkey  :    0.019754 micros/op 50618815 ops/sec 0.988 seconds 50000000 operations;  386.2 MB/s
DB path: [/dev/shm/db_bench_enterprise]
nextwithkey  :    0.019232 micros/op 51994293 ops/sec 0.962 seconds 50000000 operations;  396.7 MB/s
DB path: [/dev/shm/db_bench_enterprise]
nextwithkey  :    0.019331 micros/op 51726421 ops/sec 0.967 seconds 50000000 operations;  394.6 MB/s
DB path: [/dev/shm/db_bench_enterprise]
readseq      :    0.019494 micros/op 51295203 ops/sec 0.975 seconds 50000000 operations;  391.4 MB/s
DB path: [/dev/shm/db_bench_enterprise]
readseq      :    0.019780 micros/op 50553254 ops/sec 0.989 seconds 50000000 operations;  385.7 MB/s
DB path: [/dev/shm/db_bench_enterprise]
readseq      :    0.019693 micros/op 50779258 ops/sec 0.985 seconds 50000000 operations;  387.4 MB/s
