$ /home/runner/work/toplingdb/toplingdb/_run_prefix/topling/bin/db_bench -json logs/zipkeyvalue/db_bench-fillseq.yaml -num=50000000 -key_size=8 -value_size=50 -batch_size=1000 -benchmarks=fillseq,flush,compact,readseq,readseq,readseq,readrandom -enable_zero_copy -progress_reports=false -report_bench_start_time -compact_target_level=6
RocksDB:    version 8.10.2
Date:       Thu Oct  8 09:17:07 2026
CPU:        4 * AMD EPYC 7763 64-Core Processor
CPUCache:   512 KB
Set seed to 1791451027039108 because --seed was 0
Initializing RocksDB Options from the specified file
Initializing RocksDB Options from command-line flags
Integrated BlobDB: blob cache disabled
Keys:       8 bytes each (+ 0 bytes user-defined timestamp)
Values:     50 bytes each (25 bytes after compression)
Entries:    50000000
Prefix:    0 bytes
Keys per prefix:    0
RawSize:    2765.7 MB (estimated)
FileSize:   1573.6 MB (estimated)
Write rate: 0 bytes/second
Read rate: 0 ops/second
Compression: Snappy
Compression sampling rate: 0
Memtablerep: OffsetSkipList
Perf Level: 1
------------------------------------------------
Initializing RocksDB Options from the specified file
Initializing RocksDB Options from command-line flags
Integrated BlobDB: blob cache disabled
DB path: [/dev/shm/db_bench_enterprise]
2026-10-08T09:17:09.065090Z fillseq      :    0.262407 micros/op 3810866 ops/sec 13.120 seconds 50000000 operations;  210.8 MB/s
start step[ordinal=0, threadno=0, live_fibers=1]: ZipInputData
start step[ordinal=0, threadno=1, live_fibers=1]: ZipInputData
start step[ordinal=0, threadno=2, live_fibers=1]: ZipInputData
start step[ordinal=0, threadno=3, live_fibers=1]: ZipInputData
start step[ordinal=1, threadno=0, live_fibers=1]: WriteZipData
flush memtable
DB path: [/dev/shm/db_bench_enterprise]
2026-10-08T09:17:22.213539Z compact      : 63421842.000000 micros/op 0 ops/sec 63.422 seconds 1 operations;
DB path: [/dev/shm/db_bench_enterprise]
2026-10-08T09:18:25.635593Z readseq      :    0.049227 micros/op 20313617 ops/sec 2.461 seconds 50000000 operations; 1123.6 MB/s
DB path: [/dev/shm/db_bench_enterprise]
2026-10-08T09:18:28.097219Z readseq      :    0.048683 micros/op 20541042 ops/sec 2.434 seconds 50000000 operations; 1136.2 MB/s
DB path: [/dev/shm/db_bench_enterprise]
2026-10-08T09:18:30.531571Z readseq      :    0.049067 micros/op 20379681 ops/sec 2.453 seconds 50000000 operations; 1127.3 MB/s
DB path: [/dev/shm/db_bench_enterprise]
2026-10-08T09:18:32.985200Z readrandom   :    0.570923 micros/op 1751546 ops/sec 28.546 seconds 50000000 operations;   96.9 MB/s (50000000 of 50000000 found)

ended step[ordinal=0, threadno=2, live_fibers=1]: ZipInputData
ended step[ordinal=0, threadno=3, live_fibers=1]: ZipInputData
ended step[ordinal=0, threadno=0, live_fibers=1]: ZipInputData
ended step[ordinal=0, threadno=1, live_fibers=1]: ZipInputData
ended step[ordinal=1, threadno=0, live_fibers=1]: WriteZipData
