$ /home/runner/work/toplingdb/toplingdb/_run_prefix/topling/bin/db_bench -json logs/zipkeyvalue/db_bench-fillseq.yaml -num=50000000 -key_size=8 -value_size=50 -batch_size=1000 -benchmarks=nextwithkey,nextwithkey,nextwithkey,readseq,readseq,readseq -scan_omit_key -scan_omit_value -use_existing_db=1 -enable_zero_copy -progress_reports=false
RocksDB:    version 8.10.2
Date:       Thu Oct  8 09:19:03 2026
CPU:        4 * AMD EPYC 7763 64-Core Processor
CPUCache:   512 KB
Set seed to 1791451143269247 because --seed was 0
Initializing RocksDB Options from the specified file
Initializing RocksDB Options from command-line flags
Integrated BlobDB: blob cache disabled
Keys:       8 bytes each (+ 0 bytes user-defined timestamp)
Values:     50 bytes each (25 bytes after compression)
Entries:    50000000
Prefix:    0 bytes
Keys per prefix:    0
RawSize:    2765.7 MB (estimated)
FileSize:   1573.6 MB (estimated)
Write rate: 0 bytes/second
Read rate: 0 ops/second
Compression: Snappy
Compression sampling rate: 0
Memtablerep: OffsetSkipList
Perf Level: 1
------------------------------------------------
DB path: [/dev/shm/db_bench_enterprise]
nextwithkey  :    0.019481 micros/op 51330433 ops/sec 0.974 seconds 50000000 operations;  391.6 MB/s
DB path: [/dev/shm/db_bench_enterprise]
nextwithkey  :    0.019342 micros/op 51697112 ops/sec 0.967 seconds 50000000 operations;  394.4 MB/s
DB path: [/dev/shm/db_bench_enterprise]
nextwithkey  :    0.019406 micros/op 51527693 ops/sec 0.970 seconds 50000000 operations;  393.1 MB/s
DB path: [/dev/shm/db_bench_enterprise]
readseq      :    0.019401 micros/op 51539803 ops/sec 0.970 seconds 50000000 operations;  393.2 MB/s
DB path: [/dev/shm/db_bench_enterprise]
readseq      :    0.019668 micros/op 50839512 ops/sec 0.983 seconds 50000000 operations;  387.9 MB/s
DB path: [/dev/shm/db_bench_enterprise]
readseq      :    0.019671 micros/op 50831553 ops/sec 0.984 seconds 50000000 operations;  387.8 MB/s
