$ /home/runner/work/toplingdb/toplingdb/_run_prefix/topling/bin/db_bench -json logs/zipkeyvalue/db_bench-fillrandom.yaml -num=50000000 -key_size=8 -value_size=50 -batch_size=1000 -benchmarks=nextwithkey,nextwithkey,nextwithkey,readseq,readseq,readseq -scan_omit_key -scan_omit_value -use_existing_db=1 -enable_zero_copy -progress_reports=false
RocksDB:    version 8.10.2
Date:       Thu Oct  8 09:16:58 2026
CPU:        4 * AMD EPYC 7763 64-Core Processor
CPUCache:   512 KB
Set seed to 1791451018808757 because --seed was 0
Initializing RocksDB Options from the specified file
Initializing RocksDB Options from command-line flags
Integrated BlobDB: blob cache disabled
Keys:       8 bytes each (+ 0 bytes user-defined timestamp)
Values:     50 bytes each (25 bytes after compression)
Entries:    50000000
Prefix:    0 bytes
Keys per prefix:    0
RawSize:    2765.7 MB (estimated)
FileSize:   1573.6 MB (estimated)
Write rate: 0 bytes/second
Read rate: 0 ops/second
Compression: Snappy
Compression sampling rate: 0
Memtablerep: CSPPMemTabFactory
Perf Level: 1
------------------------------------------------
DB path: [/dev/shm/db_bench_enterprise]
nextwithkey  :    0.025303 micros/op 39518975 ops/sec 1.265 seconds 50000000 operations;  301.5 MB/s
DB path: [/dev/shm/db_bench_enterprise]
nextwithkey  :    0.025060 micros/op 39902796 ops/sec 1.253 seconds 50000000 operations;  304.4 MB/s
DB path: [/dev/shm/db_bench_enterprise]
nextwithkey  :    0.025048 micros/op 39921434 ops/sec 1.252 seconds 50000000 operations;  304.6 MB/s
DB path: [/dev/shm/db_bench_enterprise]
readseq      :    0.025866 micros/op 38659445 ops/sec 1.293 seconds 50000000 operations;  294.9 MB/s
DB path: [/dev/shm/db_bench_enterprise]
readseq      :    0.025876 micros/op 38643669 ops/sec 1.294 seconds 50000000 operations;  294.8 MB/s
DB path: [/dev/shm/db_bench_enterprise]
readseq      :    0.025901 micros/op 38606878 ops/sec 1.295 seconds 50000000 operations;  294.5 MB/s
