Running as unit: run-r406973eabc1143f69b9a9eab1a99a689.scope; invocation ID: 3f09d97ae6c04e9caed1fb788371da68
Set seed to 1786797256325971 because --seed was 0
Initializing RocksDB Options from the specified file
Initializing RocksDB Options from command-line flags
Integrated BlobDB: blob cache disabled
CompactionService spool: /dev/shm/rocksdb-cs-spool-master
RocksDB:    version 11.9.0
Date:       Sat Aug 15 12:34:16 2026
CPU:        4 * AMD EPYC 7763 64-Core Processor
CPUCache:   512 KB
Keys:       8 bytes each (+ 0 bytes user-defined timestamp)
Values:     50 bytes each (25 bytes after compression)
Entries:    100000000
Prefix:    0 bytes
Keys per prefix:    0
RawSize:    5531.3 MB (estimated)
FileSize:   3147.1 MB (estimated)
Write rate: 0 bytes/second
Read rate: 0 ops/second
Compression: Snappy
Compression sampling rate: 0
Memtablerep: SkipListFactory
Perf Level: 1
------------------------------------------------
Initializing RocksDB Options from the specified file
Initializing RocksDB Options from command-line flags
Integrated BlobDB: blob cache disabled
CompactionService spool: /dev/shm/rocksdb-cs-spool-master
DB path: [/dev/shm/db_bench_rocksdb_master]
2026-08-15T12:34:16.338280Z fillrandom   :       4.240 micros/op 235875 ops/sec 423.952 seconds 100000000 operations;   13.0 MB/s
flush memtable
DB path: [/dev/shm/db_bench_rocksdb_master]
2026-08-15T12:41:21.000167Z compact      : 49617126.000 micros/op 0 ops/sec 49.617 seconds 1 operations;
DB path: [/dev/shm/db_bench_rocksdb_master]
2026-08-15T12:42:10.617491Z readseq      :       0.400 micros/op 2498748 ops/sec 25.296 seconds 63208389 operations;  138.2 MB/s
DB path: [/dev/shm/db_bench_rocksdb_master]
2026-08-15T12:42:35.913710Z readseq      :       0.299 micros/op 3345338 ops/sec 18.894 seconds 63208389 operations;  185.0 MB/s
DB path: [/dev/shm/db_bench_rocksdb_master]
2026-08-15T12:42:54.808388Z readseq      :       0.299 micros/op 3339092 ops/sec 18.930 seconds 63208389 operations;  184.7 MB/s
DB path: [/dev/shm/db_bench_rocksdb_master]
2026-08-15T12:43:13.738444Z readrandom   :       6.173 micros/op 162004 ops/sec 617.267 seconds 100000000 operations;    5.7 MB/s (63207976 of 100000000 found)

