RocksDB:    version 8.10.2
Date:       Sat Aug 15 05:12:18 2026
CPU:        4 * AMD EPYC 9V74 80-Core Processor
CPUCache:   1024 KB
Set seed to 1786770738524442 because --seed was 0
Initializing RocksDB Options from the specified file
Initializing RocksDB Options from command-line flags
Integrated BlobDB: blob cache disabled
Keys:       8 bytes each (+ 0 bytes user-defined timestamp)
Values:     50 bytes each (25 bytes after compression)
Entries:    50000000
Prefix:    0 bytes
Keys per prefix:    0
RawSize:    2765.7 MB (estimated)
FileSize:   1573.6 MB (estimated)
Write rate: 0 bytes/second
Read rate: 0 ops/second
Compression: Snappy
Compression sampling rate: 0
Memtablerep: CSPPMemTabFactory
Perf Level: 1
------------------------------------------------
Initializing RocksDB Options from the specified file
Initializing RocksDB Options from command-line flags
Integrated BlobDB: blob cache disabled
DB path: [/dev/shm/db_bench_enterprise]
2026-08-15T05:12:20.556672Z fillrandom   :    0.937725 micros/op 1066409 ops/sec 46.886 seconds 50000000 operations;   59.0 MB/s
flush memtable
DB path: [/dev/shm/db_bench_enterprise]
2026-08-15T05:13:07.457716Z compact      : 14586039.000000 micros/op 0 ops/sec 14.586 seconds 1 operations;
DB path: [/dev/shm/db_bench_enterprise]
2026-08-15T05:13:22.044042Z readseq      :    0.042906 micros/op 23305829 ops/sec 2.145 seconds 50000000 operations; 1289.1 MB/s
DB path: [/dev/shm/db_bench_enterprise]
2026-08-15T05:13:24.189680Z readseq      :    0.042464 micros/op 23549082 ops/sec 2.123 seconds 50000000 operations; 1302.6 MB/s
DB path: [/dev/shm/db_bench_enterprise]
2026-08-15T05:13:26.313128Z readseq      :    0.042736 micros/op 23399410 ops/sec 2.137 seconds 50000000 operations; 1294.3 MB/s
DB path: [/dev/shm/db_bench_enterprise]
2026-08-15T05:13:28.450207Z readrandom   :    0.283021 micros/op 3533276 ops/sec 14.151 seconds 50000000 operations;  123.6 MB/s (31608781 of 50000000 found)

