RocksDB:    version 8.10.2
Date:       Sat Aug 15 05:13:42 2026
CPU:        4 * AMD EPYC 9V74 80-Core Processor
CPUCache:   1024 KB
Set seed to 1786770822691731 because --seed was 0
Initializing RocksDB Options from the specified file
Initializing RocksDB Options from command-line flags
Integrated BlobDB: blob cache disabled
Keys:       8 bytes each (+ 0 bytes user-defined timestamp)
Values:     50 bytes each (25 bytes after compression)
Entries:    50000000
Prefix:    0 bytes
Keys per prefix:    0
RawSize:    2765.7 MB (estimated)
FileSize:   1573.6 MB (estimated)
Write rate: 0 bytes/second
Read rate: 0 ops/second
Compression: Snappy
Compression sampling rate: 0
Memtablerep: CSPPMemTabFactory
Perf Level: 1
------------------------------------------------
DB path: [/dev/shm/db_bench_enterprise]
nextwithkey  :    0.026705 micros/op 37444544 ops/sec 1.335 seconds 50000000 operations;  285.7 MB/s
DB path: [/dev/shm/db_bench_enterprise]
nextwithkey  :    0.026604 micros/op 37588106 ops/sec 1.330 seconds 50000000 operations;  286.8 MB/s
DB path: [/dev/shm/db_bench_enterprise]
nextwithkey  :    0.026585 micros/op 37613215 ops/sec 1.329 seconds 50000000 operations;  287.0 MB/s
DB path: [/dev/shm/db_bench_enterprise]
readseq      :    0.027312 micros/op 36612736 ops/sec 1.366 seconds 50000000 operations;  279.3 MB/s
DB path: [/dev/shm/db_bench_enterprise]
readseq      :    0.027337 micros/op 36579067 ops/sec 1.367 seconds 50000000 operations;  279.1 MB/s
DB path: [/dev/shm/db_bench_enterprise]
readseq      :    0.027343 micros/op 36570960 ops/sec 1.367 seconds 50000000 operations;  279.0 MB/s
