RocksDB:    version 8.10.2
Date:       Sat Aug 15 05:14:49 2026
CPU:        4 * AMD EPYC 9V74 80-Core Processor
CPUCache:   1024 KB
Set seed to 1786770889218422 because --seed was 0
Initializing RocksDB Options from the specified file
Initializing RocksDB Options from command-line flags
Integrated BlobDB: blob cache disabled
Keys:       8 bytes each (+ 0 bytes user-defined timestamp)
Values:     50 bytes each (25 bytes after compression)
Entries:    50000000
Prefix:    0 bytes
Keys per prefix:    0
RawSize:    2765.7 MB (estimated)
FileSize:   1573.6 MB (estimated)
Write rate: 0 bytes/second
Read rate: 0 ops/second
Compression: Snappy
Compression sampling rate: 0
Memtablerep: CSPPMemTabFactory
Perf Level: 1
------------------------------------------------
DB path: [/dev/shm/db_bench_enterprise]
nextwithkey  :    0.019393 micros/op 51562498 ops/sec 0.970 seconds 50000000 operations;  393.4 MB/s
DB path: [/dev/shm/db_bench_enterprise]
nextwithkey  :    0.019310 micros/op 51783260 ops/sec 0.966 seconds 50000000 operations;  395.1 MB/s
DB path: [/dev/shm/db_bench_enterprise]
nextwithkey  :    0.019345 micros/op 51690325 ops/sec 0.967 seconds 50000000 operations;  394.4 MB/s
DB path: [/dev/shm/db_bench_enterprise]
readseq      :    0.020093 micros/op 49766594 ops/sec 1.005 seconds 50000000 operations;  379.7 MB/s
DB path: [/dev/shm/db_bench_enterprise]
readseq      :    0.019977 micros/op 50053958 ops/sec 0.999 seconds 50000000 operations;  381.9 MB/s
DB path: [/dev/shm/db_bench_enterprise]
readseq      :    0.019958 micros/op 50102760 ops/sec 0.998 seconds 50000000 operations;  382.3 MB/s
