$ /home/runner/work/toplingdb/toplingdb/_run_prefix/rocksdb-v8.10/bin/db_bench -db=/dev/shm/db_bench_rocksdb_v810 -num=50000000 -key_size=8 -value_size=50 -batch_size=1000 -cache_size=8382687232 -benchmarks=fillrandom,flush,compact,readseq,readseq,readseq,readrandom -progress_reports=false -report_bench_start_time -compact_target_level=6 -options_file=.github/bench-conf/rocksdb_db_bench.ini
RocksDB:    version 8.10.2
Date:       Tue Oct  6 12:56:00 2026
CPU:        4 * Intel(R) Xeon(R) 6973P-C
CPUCache:   491520 KB
Set seed to 1791291360749631 because --seed was 0
Initializing RocksDB Options from the specified file
Keys:       8 bytes each (+ 0 bytes user-defined timestamp)
Values:     50 bytes each (25 bytes after compression)
Entries:    50000000
Prefix:    0 bytes
Keys per prefix:    0
RawSize:    2765.7 MB (estimated)
FileSize:   1573.6 MB (estimated)
Write rate: 0 bytes/second
Read rate: 0 ops/second
Compression: Snappy
Compression sampling rate: 0
Memtablerep: SkipListFactory
Perf Level: 1
------------------------------------------------
Initializing RocksDB Options from the specified file
DB path: [/dev/shm/db_bench_rocksdb_v810]
2026-10-06T12:56:00.759655Z fillrandom   :       1.475 micros/op 678012 ops/sec 73.745 seconds 50000000 operations;   37.5 MB/s
flush memtable
DB path: [/dev/shm/db_bench_rocksdb_v810]
2026-10-06T12:57:14.740472Z compact      : 12940370.000 micros/op 0 ops/sec 12.940 seconds 1 operations;
DB path: [/dev/shm/db_bench_rocksdb_v810]
2026-10-06T12:57:27.681129Z readseq      :       0.108 micros/op 9230246 ops/sec 3.424 seconds 31607723 operations;  510.6 MB/s
DB path: [/dev/shm/db_bench_rocksdb_v810]
2026-10-06T12:57:31.105796Z readseq      :       0.070 micros/op 14196007 ops/sec 2.227 seconds 31607723 operations;  785.2 MB/s
DB path: [/dev/shm/db_bench_rocksdb_v810]
2026-10-06T12:57:33.332582Z readseq      :       0.071 micros/op 14180181 ops/sec 2.229 seconds 31607723 operations;  784.3 MB/s
DB path: [/dev/shm/db_bench_rocksdb_v810]
2026-10-06T12:57:35.561876Z readrandom   :       3.123 micros/op 320174 ops/sec 156.165 seconds 50000000 operations;   11.2 MB/s (31610162 of 50000000 found)

