$ /home/runner/work/toplingdb/toplingdb/_run_prefix/rocksdb-v8.10/bin/db_bench -db=/dev/shm/db_bench_rocksdb_v810 -num=50000000 -key_size=8 -value_size=50 -batch_size=1000 -cache_size=8382687232 -benchmarks=fillseq,flush,compact,readseq,readseq,readseq,readrandom -progress_reports=false -report_bench_start_time -compact_target_level=6 -options_file=.github/bench-conf/rocksdb_db_bench.ini
RocksDB:    version 8.10.2
Date:       Tue Oct  6 13:00:11 2026
CPU:        4 * Intel(R) Xeon(R) 6973P-C
CPUCache:   491520 KB
Set seed to 1791291611873018 because --seed was 0
Initializing RocksDB Options from the specified file
Keys:       8 bytes each (+ 0 bytes user-defined timestamp)
Values:     50 bytes each (25 bytes after compression)
Entries:    50000000
Prefix:    0 bytes
Keys per prefix:    0
RawSize:    2765.7 MB (estimated)
FileSize:   1573.6 MB (estimated)
Write rate: 0 bytes/second
Read rate: 0 ops/second
Compression: Snappy
Compression sampling rate: 0
Memtablerep: SkipListFactory
Perf Level: 1
------------------------------------------------
Initializing RocksDB Options from the specified file
DB path: [/dev/shm/db_bench_rocksdb_v810]
2026-10-06T13:00:11.883302Z fillseq      :       0.248 micros/op 4026498 ops/sec 12.418 seconds 50000000 operations;  222.7 MB/s
flush memtable
DB path: [/dev/shm/db_bench_rocksdb_v810]
2026-10-06T13:00:24.424587Z compact      : 13990378.000 micros/op 0 ops/sec 13.990 seconds 1 operations;
DB path: [/dev/shm/db_bench_rocksdb_v810]
2026-10-06T13:00:38.415224Z readseq      :       0.131 micros/op 7606936 ops/sec 6.573 seconds 50000000 operations;  420.8 MB/s
DB path: [/dev/shm/db_bench_rocksdb_v810]
2026-10-06T13:00:44.988518Z readseq      :       0.069 micros/op 14390733 ops/sec 3.474 seconds 50000000 operations;  796.0 MB/s
DB path: [/dev/shm/db_bench_rocksdb_v810]
2026-10-06T13:00:48.463308Z readseq      :       0.070 micros/op 14236926 ops/sec 3.512 seconds 50000000 operations;  787.5 MB/s
DB path: [/dev/shm/db_bench_rocksdb_v810]
2026-10-06T13:00:51.975556Z readrandom   :       3.236 micros/op 309013 ops/sec 161.805 seconds 50000000 operations;   17.1 MB/s (50000000 of 50000000 found)

