$ /home/runner/work/toplingdb/toplingdb/_run_prefix/rocksdb-master/bin/db_bench -db=/dev/shm/db_bench_rocksdb_master -num=100000000 -key_size=8 -value_size=50 -batch_size=1000 -cache_size=8383207424 -benchmarks=fillseq,flush,compact,readseq,readseq,readseq,readrandom -progress_reports=false -report_bench_start_time -compact_target_level=6 -options_file=.github/bench-conf/rocksdb_db_bench.ini
RocksDB:    version 11.11.0
Date:       Sat Sep 12 23:42:50 2026
CPU:        4 * AMD EPYC 9V74 80-Core Processor
CPUCache:   1024 KB
Set seed to 1789256570877987 because --seed was 0
Initializing RocksDB Options from the specified file
Keys:       8 bytes each (+ 0 bytes user-defined timestamp)
Values:     50 bytes each (25 bytes after compression)
Entries:    100000000
Prefix:    0 bytes
Keys per prefix:    0
RawSize:    5531.3 MB (estimated)
FileSize:   3147.1 MB (estimated)
Write rate: 0 bytes/second
Read rate: 0 ops/second
Compression: Snappy
Compression sampling rate: 0
Memtablerep: SkipListFactory
Perf Level: 1
------------------------------------------------
Initializing RocksDB Options from the specified file
DB path: [/dev/shm/db_bench_rocksdb_master]
2026-09-12T23:42:50.891080Z fillseq      :       0.373 micros/op 2684088 ops/sec 37.257 seconds 100000000 operations;  148.5 MB/s
flush memtable
DB path: [/dev/shm/db_bench_rocksdb_master]
2026-09-12T23:43:28.307581Z compact      : 38353397.000 micros/op 0 ops/sec 38.353 seconds 1 operations;
DB path: [/dev/shm/db_bench_rocksdb_master]
2026-09-12T23:44:06.661249Z readseq      :       0.200 micros/op 5000516 ops/sec 19.998 seconds 100000000 operations;  276.6 MB/s
DB path: [/dev/shm/db_bench_rocksdb_master]
2026-09-12T23:44:26.659400Z readseq      :       0.123 micros/op 8146541 ops/sec 12.275 seconds 100000000 operations;  450.6 MB/s
DB path: [/dev/shm/db_bench_rocksdb_master]
2026-09-12T23:44:38.934807Z readseq      :       0.123 micros/op 8152289 ops/sec 12.266 seconds 100000000 operations;  450.9 MB/s
DB path: [/dev/shm/db_bench_rocksdb_master]
2026-09-12T23:44:51.201546Z readrandom   :       3.202 micros/op 312325 ops/sec 320.178 seconds 100000000 operations;   17.3 MB/s (100000000 of 100000000 found)

