$ /home/runner/work/toplingdb/toplingdb/_run_prefix/rocksdb-v8.10/bin/db_bench -db=/dev/shm/db_bench_rocksdb_v810 -num=50000000 -key_size=8 -value_size=50 -batch_size=1000 -cache_size=8383207424 -benchmarks=fillrandom,flush,compact,readseq,readseq,readseq,readrandom -progress_reports=false -report_bench_start_time -compact_target_level=6 -options_file=.github/bench-conf/rocksdb_db_bench.ini
RocksDB:    version 8.10.2
Date:       Sun Aug 30 10:36:14 2026
CPU:        4 * AMD EPYC 7763 64-Core Processor
CPUCache:   512 KB
Set seed to 1788086174884935 because --seed was 0
Initializing RocksDB Options from the specified file
Keys:       8 bytes each (+ 0 bytes user-defined timestamp)
Values:     50 bytes each (25 bytes after compression)
Entries:    50000000
Prefix:    0 bytes
Keys per prefix:    0
RawSize:    2765.7 MB (estimated)
FileSize:   1573.6 MB (estimated)
Write rate: 0 bytes/second
Read rate: 0 ops/second
Compression: Snappy
Compression sampling rate: 0
Memtablerep: SkipListFactory
Perf Level: 1
------------------------------------------------
Initializing RocksDB Options from the specified file
DB path: [/dev/shm/db_bench_rocksdb_v810]
2026-08-30T10:36:14.899315Z fillrandom   :       1.612 micros/op 620165 ops/sec 80.624 seconds 50000000 operations;   34.3 MB/s
flush memtable
DB path: [/dev/shm/db_bench_rocksdb_v810]
2026-08-30T10:37:35.783734Z compact      : 28359509.000 micros/op 0 ops/sec 28.360 seconds 1 operations;
DB path: [/dev/shm/db_bench_rocksdb_v810]
2026-08-30T10:38:04.143484Z readseq      :       0.133 micros/op 7510027 ops/sec 4.208 seconds 31602625 operations;  415.4 MB/s
DB path: [/dev/shm/db_bench_rocksdb_v810]
2026-08-30T10:38:08.351767Z readseq      :       0.093 micros/op 10699635 ops/sec 2.954 seconds 31602625 operations;  591.8 MB/s
DB path: [/dev/shm/db_bench_rocksdb_v810]
2026-08-30T10:38:11.305597Z readseq      :       0.093 micros/op 10733931 ops/sec 2.944 seconds 31602625 operations;  593.7 MB/s
DB path: [/dev/shm/db_bench_rocksdb_v810]
2026-08-30T10:38:14.249970Z readrandom   :       2.816 micros/op 355109 ops/sec 140.802 seconds 50000000 operations;   12.4 MB/s (31600375 of 50000000 found)

$ /home/runner/work/toplingdb/toplingdb/_run_prefix/rocksdb-v8.10/bin/db_bench -db=/dev/shm/db_bench_rocksdb_v810 -num=50000000 -key_size=8 -value_size=50 -batch_size=1000 -cache_size=8383207424 -benchmarks=fillseq,flush,compact,readseq,readseq,readseq,readrandom -progress_reports=false -report_bench_start_time -compact_target_level=6 -options_file=.github/bench-conf/rocksdb_db_bench.ini
RocksDB:    version 8.10.2
Date:       Sun Aug 30 10:40:35 2026
CPU:        4 * AMD EPYC 7763 64-Core Processor
CPUCache:   512 KB
Set seed to 1788086435371390 because --seed was 0
Initializing RocksDB Options from the specified file
Keys:       8 bytes each (+ 0 bytes user-defined timestamp)
Values:     50 bytes each (25 bytes after compression)
Entries:    50000000
Prefix:    0 bytes
Keys per prefix:    0
RawSize:    2765.7 MB (estimated)
FileSize:   1573.6 MB (estimated)
Write rate: 0 bytes/second
Read rate: 0 ops/second
Compression: Snappy
Compression sampling rate: 0
Memtablerep: SkipListFactory
Perf Level: 1
------------------------------------------------
Initializing RocksDB Options from the specified file
DB path: [/dev/shm/db_bench_rocksdb_v810]
2026-08-30T10:40:35.384185Z fillseq      :       0.392 micros/op 2553468 ops/sec 19.581 seconds 50000000 operations;  141.2 MB/s
flush memtable
DB path: [/dev/shm/db_bench_rocksdb_v810]
2026-08-30T10:40:55.146860Z compact      : 19150429.000 micros/op 0 ops/sec 19.150 seconds 1 operations;
DB path: [/dev/shm/db_bench_rocksdb_v810]
2026-08-30T10:41:14.297492Z readseq      :       0.154 micros/op 6504014 ops/sec 7.688 seconds 50000000 operations;  359.8 MB/s
DB path: [/dev/shm/db_bench_rocksdb_v810]
2026-08-30T10:41:21.985374Z readseq      :       0.093 micros/op 10760755 ops/sec 4.647 seconds 50000000 operations;  595.2 MB/s
DB path: [/dev/shm/db_bench_rocksdb_v810]
2026-08-30T10:41:26.632124Z readseq      :       0.093 micros/op 10768368 ops/sec 4.643 seconds 50000000 operations;  595.6 MB/s
DB path: [/dev/shm/db_bench_rocksdb_v810]
2026-08-30T10:41:31.275575Z readrandom   :       2.945 micros/op 339512 ops/sec 147.270 seconds 50000000 operations;   18.8 MB/s (50000000 of 50000000 found)
