RocksDB:    version 11.9.0
Date:       Sat Aug 15 13:43:59 2026
CPU:        4 * AMD EPYC 7763 64-Core Processor
CPUCache:   512 KB
Set seed to 1786801439616564 because --seed was 0
Initializing RocksDB Options from the specified file
Initializing RocksDB Options from command-line flags
Integrated BlobDB: blob cache disabled
Keys:       8 bytes each (+ 0 bytes user-defined timestamp)
Values:     50 bytes each (25 bytes after compression)
Entries:    50000000
Prefix:    0 bytes
Keys per prefix:    0
RawSize:    2765.7 MB (estimated)
FileSize:   1573.6 MB (estimated)
Write rate: 0 bytes/second
Read rate: 0 ops/second
Compression: Snappy
Compression sampling rate: 0
Memtablerep: SkipListFactory
Perf Level: 1
------------------------------------------------
Initializing RocksDB Options from the specified file
Initializing RocksDB Options from command-line flags
Integrated BlobDB: blob cache disabled
DB path: [/dev/shm/db_bench_rocksdb_master]
2026-08-15T13:43:59.630427Z fillrandom   :       1.447 micros/op 691173 ops/sec 72.341 seconds 50000000 operations;   38.2 MB/s
flush memtable
DB path: [/dev/shm/db_bench_rocksdb_master]
2026-08-15T13:45:12.255742Z compact      : 24695486.000 micros/op 0 ops/sec 24.696 seconds 1 operations;
DB path: [/dev/shm/db_bench_rocksdb_master]
2026-08-15T13:45:36.951438Z readseq      :       0.179 micros/op 5579324 ops/sec 5.665 seconds 31605254 operations;  308.6 MB/s
DB path: [/dev/shm/db_bench_rocksdb_master]
2026-08-15T13:45:42.616375Z readseq      :       0.131 micros/op 7652833 ops/sec 4.130 seconds 31605254 operations;  423.3 MB/s
DB path: [/dev/shm/db_bench_rocksdb_master]
2026-08-15T13:45:46.746450Z readseq      :       0.131 micros/op 7657977 ops/sec 4.127 seconds 31605254 operations;  423.6 MB/s
DB path: [/dev/shm/db_bench_rocksdb_master]
2026-08-15T13:45:50.873826Z readrandom   :       2.637 micros/op 379235 ops/sec 131.844 seconds 50000000 operations;   13.3 MB/s (31611597 of 50000000 found)

