RocksDB:    version 11.9.0
Date:       Sat Aug 15 06:02:09 2026
CPU:        4 * AMD EPYC 9V74 80-Core Processor
CPUCache:   1024 KB
Set seed to 1786773729508463 because --seed was 0
Initializing RocksDB Options from the specified file
Initializing RocksDB Options from command-line flags
Integrated BlobDB: blob cache disabled
Keys:       8 bytes each (+ 0 bytes user-defined timestamp)
Values:     50 bytes each (25 bytes after compression)
Entries:    50000000
Prefix:    0 bytes
Keys per prefix:    0
RawSize:    2765.7 MB (estimated)
FileSize:   1573.6 MB (estimated)
Write rate: 0 bytes/second
Read rate: 0 ops/second
Compression: Snappy
Compression sampling rate: 0
Memtablerep: SkipListFactory
Perf Level: 1
------------------------------------------------
Initializing RocksDB Options from the specified file
Initializing RocksDB Options from command-line flags
Integrated BlobDB: blob cache disabled
DB path: [/dev/shm/db_bench_rocksdb_master]
2026-08-15T06:02:09.522625Z fillseq      :       0.254 micros/op 3941086 ops/sec 12.687 seconds 50000000 operations;  218.0 MB/s
flush memtable
DB path: [/dev/shm/db_bench_rocksdb_master]
2026-08-15T06:02:22.423084Z compact      : 18795971.000 micros/op 0 ops/sec 18.796 seconds 1 operations;
DB path: [/dev/shm/db_bench_rocksdb_master]
2026-08-15T06:02:41.219272Z readseq      :       0.194 micros/op 5148817 ops/sec 9.711 seconds 50000000 operations;  284.8 MB/s
DB path: [/dev/shm/db_bench_rocksdb_master]
2026-08-15T06:02:50.930475Z readseq      :       0.120 micros/op 8351389 ops/sec 5.987 seconds 50000000 operations;  461.9 MB/s
DB path: [/dev/shm/db_bench_rocksdb_master]
2026-08-15T06:02:56.917816Z readseq      :       0.120 micros/op 8343175 ops/sec 5.993 seconds 50000000 operations;  461.5 MB/s
DB path: [/dev/shm/db_bench_rocksdb_master]
2026-08-15T06:03:02.910975Z readrandom   :       3.366 micros/op 297094 ops/sec 168.296 seconds 50000000 operations;   16.4 MB/s (50000000 of 50000000 found)

