RocksDB:    version 11.9.0
Date:       Sat Aug 15 05:57:20 2026
CPU:        4 * AMD EPYC 9V74 80-Core Processor
CPUCache:   1024 KB
Set seed to 1786773440656928 because --seed was 0
Initializing RocksDB Options from the specified file
Initializing RocksDB Options from command-line flags
Integrated BlobDB: blob cache disabled
Keys:       8 bytes each (+ 0 bytes user-defined timestamp)
Values:     50 bytes each (25 bytes after compression)
Entries:    50000000
Prefix:    0 bytes
Keys per prefix:    0
RawSize:    2765.7 MB (estimated)
FileSize:   1573.6 MB (estimated)
Write rate: 0 bytes/second
Read rate: 0 ops/second
Compression: Snappy
Compression sampling rate: 0
Memtablerep: SkipListFactory
Perf Level: 1
------------------------------------------------
Initializing RocksDB Options from the specified file
Initializing RocksDB Options from command-line flags
Integrated BlobDB: blob cache disabled
DB path: [/dev/shm/db_bench_rocksdb_master]
2026-08-15T05:57:20.671643Z fillrandom   :       1.862 micros/op 536932 ops/sec 93.122 seconds 50000000 operations;   29.7 MB/s
flush memtable
DB path: [/dev/shm/db_bench_rocksdb_master]
2026-08-15T05:58:54.102410Z compact      : 20000467.000 micros/op 0 ops/sec 20.000 seconds 1 operations;
DB path: [/dev/shm/db_bench_rocksdb_master]
2026-08-15T05:59:14.103097Z readseq      :       0.175 micros/op 5700071 ops/sec 5.545 seconds 31604185 operations;  315.3 MB/s
DB path: [/dev/shm/db_bench_rocksdb_master]
2026-08-15T05:59:19.647903Z readseq      :       0.120 micros/op 8333588 ops/sec 3.792 seconds 31604185 operations;  461.0 MB/s
DB path: [/dev/shm/db_bench_rocksdb_master]
2026-08-15T05:59:23.440523Z readseq      :       0.120 micros/op 8339629 ops/sec 3.790 seconds 31604185 operations;  461.3 MB/s
DB path: [/dev/shm/db_bench_rocksdb_master]
2026-08-15T05:59:27.230424Z readrandom   :       3.239 micros/op 308747 ops/sec 161.944 seconds 50000000 operations;   10.8 MB/s (31598133 of 50000000 found)

