RocksDB:    version 8.10.2
Date:       Sat Aug  8 03:01:34 2026
CPU:        4 * AMD EPYC 7763 64-Core Processor
CPUCache:   512 KB
Set seed to 1786158094495399 because --seed was 0
Initializing RocksDB Options from the specified file
Initializing RocksDB Options from command-line flags
Integrated BlobDB: blob cache disabled
Keys:       8 bytes each (+ 0 bytes user-defined timestamp)
Values:     50 bytes each (25 bytes after compression)
Entries:    100000000
Prefix:    0 bytes
Keys per prefix:    0
RawSize:    5531.3 MB (estimated)
FileSize:   3147.1 MB (estimated)
Write rate: 0 bytes/second
Read rate: 0 ops/second
Compression: Snappy
Compression sampling rate: 0
Memtablerep: SkipListFactory
Perf Level: 1
------------------------------------------------
Initializing RocksDB Options from the specified file
Initializing RocksDB Options from command-line flags
Integrated BlobDB: blob cache disabled
DB path: [/dev/shm/db_bench_rocksdb_v810]
2026-08-08T03:01:34.508212Z fillseq      :       0.265 micros/op 3772755 ops/sec 26.506 seconds 100000000 operations;  208.7 MB/s
flush memtable
DB path: [/dev/shm/db_bench_rocksdb_v810]
2026-08-08T03:02:01.237042Z compact      : 37490075.000 micros/op 0 ops/sec 37.490 seconds 1 operations;
DB path: [/dev/shm/db_bench_rocksdb_v810]
2026-08-08T03:02:38.727430Z readseq      :       0.158 micros/op 6329229 ops/sec 15.800 seconds 100000000 operations;  350.1 MB/s
DB path: [/dev/shm/db_bench_rocksdb_v810]
2026-08-08T03:02:54.527463Z readseq      :       0.093 micros/op 10803415 ops/sec 9.256 seconds 100000000 operations;  597.6 MB/s
DB path: [/dev/shm/db_bench_rocksdb_v810]
2026-08-08T03:03:03.784037Z readseq      :       0.092 micros/op 10847031 ops/sec 9.219 seconds 100000000 operations;  600.0 MB/s
DB path: [/dev/shm/db_bench_rocksdb_v810]
2026-08-08T03:03:13.003401Z readrandom   :       2.994 micros/op 334013 ops/sec 299.389 seconds 100000000 operations;   18.5 MB/s (100000000 of 100000000 found)

