RocksDB:    version 8.10.2
Date:       Sat Aug 15 10:43:41 2026
CPU:        4 * AMD EPYC 7763 64-Core Processor
CPUCache:   512 KB
Set seed to 1786790621245349 because --seed was 0
Initializing RocksDB Options from the specified file
Initializing RocksDB Options from command-line flags
Integrated BlobDB: blob cache disabled
Keys:       8 bytes each (+ 0 bytes user-defined timestamp)
Values:     50 bytes each (25 bytes after compression)
Entries:    100000000
Prefix:    0 bytes
Keys per prefix:    0
RawSize:    5531.3 MB (estimated)
FileSize:   3147.1 MB (estimated)
Write rate: 0 bytes/second
Read rate: 0 ops/second
Compression: Snappy
Compression sampling rate: 0
Memtablerep: SkipListFactory
Perf Level: 1
------------------------------------------------
Initializing RocksDB Options from the specified file
Initializing RocksDB Options from command-line flags
Integrated BlobDB: blob cache disabled
DB path: [/dev/shm/db_bench_rocksdb_v810]
2026-08-15T10:43:41.257727Z fillseq      :       0.270 micros/op 3706828 ops/sec 26.977 seconds 100000000 operations;  205.0 MB/s
flush memtable
DB path: [/dev/shm/db_bench_rocksdb_v810]
2026-08-15T10:44:08.465516Z compact      : 42021203.000 micros/op 0 ops/sec 42.021 seconds 1 operations;
DB path: [/dev/shm/db_bench_rocksdb_v810]
2026-08-15T10:44:50.487025Z readseq      :       0.158 micros/op 6340917 ops/sec 15.771 seconds 100000000 operations;  350.7 MB/s
DB path: [/dev/shm/db_bench_rocksdb_v810]
2026-08-15T10:45:06.257864Z readseq      :       0.092 micros/op 10847581 ops/sec 9.219 seconds 100000000 operations;  600.0 MB/s
DB path: [/dev/shm/db_bench_rocksdb_v810]
2026-08-15T10:45:15.476740Z readseq      :       0.092 micros/op 10853829 ops/sec 9.213 seconds 100000000 operations;  600.4 MB/s
DB path: [/dev/shm/db_bench_rocksdb_v810]
2026-08-15T10:45:24.690297Z readrandom   :       2.917 micros/op 342829 ops/sec 291.690 seconds 100000000 operations;   19.0 MB/s (100000000 of 100000000 found)

