RocksDB:    version 8.10.2
Date:       Sun Aug 16 00:46:24 2026
CPU:        4 * AMD EPYC 9V74 80-Core Processor
CPUCache:   1024 KB
Set seed to 1786841184959974 because --seed was 0
Initializing RocksDB Options from the specified file
Initializing RocksDB Options from command-line flags
Integrated BlobDB: blob cache disabled
Keys:       8 bytes each (+ 0 bytes user-defined timestamp)
Values:     50 bytes each (25 bytes after compression)
Entries:    100000000
Prefix:    0 bytes
Keys per prefix:    0
RawSize:    5531.3 MB (estimated)
FileSize:   3147.1 MB (estimated)
Write rate: 0 bytes/second
Read rate: 0 ops/second
Compression: Snappy
Compression sampling rate: 0
Memtablerep: CSPPMemTabFactory
Perf Level: 1
------------------------------------------------
Initializing RocksDB Options from the specified file
Initializing RocksDB Options from command-line flags
Integrated BlobDB: blob cache disabled
DB path: [/dev/shm/db_bench_enterprise]
2026-08-16T00:46:26.987568Z fillseq      :    0.425005 micros/op 2352911 ops/sec 42.501 seconds 100000000 operations;  130.1 MB/s
flush memtable
DB path: [/dev/shm/db_bench_enterprise]
2026-08-16T00:47:09.500185Z compact      : 38643393.000000 micros/op 0 ops/sec 38.643 seconds 1 operations;
DB path: [/dev/shm/db_bench_enterprise]
2026-08-16T00:47:48.143809Z readseq      :    0.032433 micros/op 30831757 ops/sec 3.243 seconds 100000000 operations; 1705.4 MB/s
DB path: [/dev/shm/db_bench_enterprise]
2026-08-16T00:47:51.387449Z readseq      :    0.032399 micros/op 30865102 ops/sec 3.240 seconds 100000000 operations; 1707.2 MB/s
DB path: [/dev/shm/db_bench_enterprise]
2026-08-16T00:47:54.627644Z readseq      :    0.032415 micros/op 30849724 ops/sec 3.242 seconds 100000000 operations; 1706.4 MB/s
DB path: [/dev/shm/db_bench_enterprise]
2026-08-16T00:47:57.869402Z readrandom   :    0.155043 micros/op 6449824 ops/sec 15.504 seconds 100000000 operations;  356.8 MB/s (100000000 of 100000000 found)

