RocksDB:    version 8.10.2
Date:       Sun Aug 16 00:48:15 2026
CPU:        4 * AMD EPYC 9V74 80-Core Processor
CPUCache:   1024 KB
Set seed to 1786841295139566 because --seed was 0
Initializing RocksDB Options from the specified file
Initializing RocksDB Options from command-line flags
Integrated BlobDB: blob cache disabled
Keys:       8 bytes each (+ 0 bytes user-defined timestamp)
Values:     50 bytes each (25 bytes after compression)
Entries:    100000000
Prefix:    0 bytes
Keys per prefix:    0
RawSize:    5531.3 MB (estimated)
FileSize:   3147.1 MB (estimated)
Write rate: 0 bytes/second
Read rate: 0 ops/second
Compression: Snappy
Compression sampling rate: 0
Memtablerep: CSPPMemTabFactory
Perf Level: 1
------------------------------------------------
DB path: [/dev/shm/db_bench_enterprise]
nextwithkey  :    0.019281 micros/op 51863131 ops/sec 1.928 seconds 100000000 operations;  395.7 MB/s
DB path: [/dev/shm/db_bench_enterprise]
nextwithkey  :    0.019135 micros/op 52259955 ops/sec 1.914 seconds 100000000 operations;  398.7 MB/s
DB path: [/dev/shm/db_bench_enterprise]
nextwithkey  :    0.019143 micros/op 52235714 ops/sec 1.914 seconds 100000000 operations;  398.5 MB/s
DB path: [/dev/shm/db_bench_enterprise]
readseq      :    0.019864 micros/op 50341618 ops/sec 1.986 seconds 100000000 operations;  384.1 MB/s
DB path: [/dev/shm/db_bench_enterprise]
readseq      :    0.019859 micros/op 50354191 ops/sec 1.986 seconds 100000000 operations;  384.2 MB/s
DB path: [/dev/shm/db_bench_enterprise]
readseq      :    0.019865 micros/op 50337842 ops/sec 1.987 seconds 100000000 operations;  384.0 MB/s
