RocksDB:    version 8.10.2
Date:       Sun Aug 16 00:46:06 2026
CPU:        4 * AMD EPYC 9V74 80-Core Processor
CPUCache:   1024 KB
Set seed to 1786841166319570 because --seed was 0
Initializing RocksDB Options from the specified file
Initializing RocksDB Options from command-line flags
Integrated BlobDB: blob cache disabled
Keys:       8 bytes each (+ 0 bytes user-defined timestamp)
Values:     50 bytes each (25 bytes after compression)
Entries:    100000000
Prefix:    0 bytes
Keys per prefix:    0
RawSize:    5531.3 MB (estimated)
FileSize:   3147.1 MB (estimated)
Write rate: 0 bytes/second
Read rate: 0 ops/second
Compression: Snappy
Compression sampling rate: 0
Memtablerep: CSPPMemTabFactory
Perf Level: 1
------------------------------------------------
DB path: [/dev/shm/db_bench_enterprise]
nextwithkey  :    0.026330 micros/op 37978423 ops/sec 2.633 seconds 100000000 operations;  289.8 MB/s
DB path: [/dev/shm/db_bench_enterprise]
nextwithkey  :    0.026123 micros/op 38278874 ops/sec 2.612 seconds 100000000 operations;  292.0 MB/s
DB path: [/dev/shm/db_bench_enterprise]
nextwithkey  :    0.026122 micros/op 38281468 ops/sec 2.612 seconds 100000000 operations;  292.1 MB/s
DB path: [/dev/shm/db_bench_enterprise]
readseq      :    0.027533 micros/op 36319616 ops/sec 2.753 seconds 100000000 operations;  277.1 MB/s
DB path: [/dev/shm/db_bench_enterprise]
readseq      :    0.027346 micros/op 36567349 ops/sec 2.735 seconds 100000000 operations;  279.0 MB/s
DB path: [/dev/shm/db_bench_enterprise]
readseq      :    0.027546 micros/op 36302450 ops/sec 2.755 seconds 100000000 operations;  277.0 MB/s
