Running as unit: run-r8737dfbd68ca4ab6a6c8c6ebf8cf6e3d.scope; invocation ID: ef1f3666d2894aae87866505fb555968
Set seed to 1786296115142164 because --seed was 0
Initializing RocksDB Options from the specified file
Initializing RocksDB Options from command-line flags
Integrated BlobDB: blob cache disabled
CompactionService spool: /dev/shm/rocksdb-cs-spool-master
RocksDB:    version 11.9.0
Date:       Sun Aug  9 17:21:55 2026
CPU:        4 * Intel(R) Xeon(R) Platinum 8370C CPU @ 2.80GHz
CPUCache:   49152 KB
Keys:       8 bytes each (+ 0 bytes user-defined timestamp)
Values:     50 bytes each (25 bytes after compression)
Entries:    100000000
Prefix:    0 bytes
Keys per prefix:    0
RawSize:    5531.3 MB (estimated)
FileSize:   3147.1 MB (estimated)
Write rate: 0 bytes/second
Read rate: 0 ops/second
Compression: Snappy
Compression sampling rate: 0
Memtablerep: SkipListFactory
Perf Level: 1
------------------------------------------------
Initializing RocksDB Options from the specified file
Initializing RocksDB Options from command-line flags
Integrated BlobDB: blob cache disabled
CompactionService spool: /dev/shm/rocksdb-cs-spool-master
DB path: [/dev/shm/db_bench_rocksdb_master]
2026-08-09T17:21:55.152193Z fillseq      :       0.301 micros/op 3317752 ops/sec 30.141 seconds 100000000 operations;  183.5 MB/s
flush memtable
DB path: [/dev/shm/db_bench_rocksdb_master]
2026-08-09T17:22:25.485884Z compact      : 35910497.000 micros/op 0 ops/sec 35.911 seconds 1 operations;
DB path: [/dev/shm/db_bench_rocksdb_master]
2026-08-09T17:23:01.396726Z readseq      :       0.183 micros/op 5472260 ops/sec 18.274 seconds 100000000 operations;  302.7 MB/s
DB path: [/dev/shm/db_bench_rocksdb_master]
2026-08-09T17:23:19.671090Z readseq      :       0.117 micros/op 8567970 ops/sec 11.671 seconds 100000000 operations;  473.9 MB/s
DB path: [/dev/shm/db_bench_rocksdb_master]
2026-08-09T17:23:31.342643Z readseq      :       0.117 micros/op 8574807 ops/sec 11.662 seconds 100000000 operations;  474.3 MB/s
DB path: [/dev/shm/db_bench_rocksdb_master]
2026-08-09T17:23:43.004881Z readrandom   :       2.566 micros/op 389766 ops/sec 256.564 seconds 100000000 operations;   21.6 MB/s (100000000 of 100000000 found)

