RocksDB:    version 8.10.2
Date:       Fri Aug  7 15:30:15 2026
CPU:        4 * AMD EPYC 9V74 80-Core Processor
CPUCache:   1024 KB
Set seed to 1786116615341408 because --seed was 0
Initializing RocksDB Options from the specified file
Initializing RocksDB Options from command-line flags
Integrated BlobDB: blob cache disabled
Keys:       8 bytes each (+ 0 bytes user-defined timestamp)
Values:     50 bytes each (25 bytes after compression)
Entries:    50000000
Prefix:    0 bytes
Keys per prefix:    0
RawSize:    2765.7 MB (estimated)
FileSize:   1573.6 MB (estimated)
Write rate: 0 bytes/second
Read rate: 0 ops/second
Compression: Snappy
Compression sampling rate: 0
Memtablerep: SkipListFactory
Perf Level: 1
------------------------------------------------
Initializing RocksDB Options from the specified file
Initializing RocksDB Options from command-line flags
Integrated BlobDB: blob cache disabled
DB path: [/dev/shm/db_bench_rocksdb_v810]
2026-08-07T15:30:15.354097Z fillrandom   :       1.415 micros/op 706861 ops/sec 70.735 seconds 50000000 operations;   39.1 MB/s
flush memtable
DB path: [/dev/shm/db_bench_rocksdb_v810]
2026-08-07T15:31:26.423595Z compact      : 24783923.000 micros/op 0 ops/sec 24.784 seconds 1 operations;
DB path: [/dev/shm/db_bench_rocksdb_v810]
2026-08-07T15:31:51.207776Z readseq      :       0.146 micros/op 6835327 ops/sec 4.624 seconds 31604112 operations;  378.1 MB/s
DB path: [/dev/shm/db_bench_rocksdb_v810]
2026-08-07T15:31:55.831636Z readseq      :       0.100 micros/op 9993556 ops/sec 3.162 seconds 31604112 operations;  552.8 MB/s
DB path: [/dev/shm/db_bench_rocksdb_v810]
2026-08-07T15:31:58.994371Z readseq      :       0.100 micros/op 9992911 ops/sec 3.163 seconds 31604112 operations;  552.7 MB/s
DB path: [/dev/shm/db_bench_rocksdb_v810]
2026-08-07T15:32:02.157281Z readrandom   :       2.845 micros/op 351474 ops/sec 142.258 seconds 50000000 operations;   12.3 MB/s (31598725 of 50000000 found)

