RocksDB:    version 8.10.2
Date:       Fri Aug  7 15:34:24 2026
CPU:        4 * AMD EPYC 9V74 80-Core Processor
CPUCache:   1024 KB
Set seed to 1786116864741039 because --seed was 0
Initializing RocksDB Options from the specified file
Initializing RocksDB Options from command-line flags
Integrated BlobDB: blob cache disabled
Keys:       8 bytes each (+ 0 bytes user-defined timestamp)
Values:     50 bytes each (25 bytes after compression)
Entries:    50000000
Prefix:    0 bytes
Keys per prefix:    0
RawSize:    2765.7 MB (estimated)
FileSize:   1573.6 MB (estimated)
Write rate: 0 bytes/second
Read rate: 0 ops/second
Compression: Snappy
Compression sampling rate: 0
Memtablerep: SkipListFactory
Perf Level: 1
------------------------------------------------
Initializing RocksDB Options from the specified file
Initializing RocksDB Options from command-line flags
Integrated BlobDB: blob cache disabled
DB path: [/dev/shm/db_bench_rocksdb_v810]
2026-08-07T15:34:24.753015Z fillseq      :       0.247 micros/op 4045780 ops/sec 12.359 seconds 50000000 operations;  223.8 MB/s
flush memtable
DB path: [/dev/shm/db_bench_rocksdb_v810]
2026-08-07T15:34:37.328208Z compact      : 17879957.000 micros/op 0 ops/sec 17.880 seconds 1 operations;
DB path: [/dev/shm/db_bench_rocksdb_v810]
2026-08-07T15:34:55.208408Z readseq      :       0.167 micros/op 5986126 ops/sec 8.353 seconds 50000000 operations;  331.1 MB/s
DB path: [/dev/shm/db_bench_rocksdb_v810]
2026-08-07T15:35:03.561264Z readseq      :       0.101 micros/op 9930662 ops/sec 5.035 seconds 50000000 operations;  549.3 MB/s
DB path: [/dev/shm/db_bench_rocksdb_v810]
2026-08-07T15:35:08.596371Z readseq      :       0.100 micros/op 9961072 ops/sec 5.020 seconds 50000000 operations;  551.0 MB/s
DB path: [/dev/shm/db_bench_rocksdb_v810]
2026-08-07T15:35:13.616127Z readrandom   :       2.951 micros/op 338887 ops/sec 147.542 seconds 50000000 operations;   18.7 MB/s (50000000 of 50000000 found)

