$ /home/runner/work/toplingdb/toplingdb/_run_prefix/topling/bin/db_bench -json logs/zipkeyvalue/db_bench-fillrandom.yaml -num=100000000 -key_size=8 -value_size=50 -batch_size=1000 -benchmarks=fillrandom,flush,compact,readseq,readseq,readseq,readrandom -enable_zero_copy -progress_reports=false -report_bench_start_time -compact_target_level=6
RocksDB:    version 8.10.2
Date:       Sun Aug 16 03:44:14 2026
CPU:        4 * AMD EPYC 7763 64-Core Processor
CPUCache:   512 KB
Set seed to 1786851854404944 because --seed was 0
Initializing RocksDB Options from the specified file
Initializing RocksDB Options from command-line flags
Integrated BlobDB: blob cache disabled
Keys:       8 bytes each (+ 0 bytes user-defined timestamp)
Values:     50 bytes each (25 bytes after compression)
Entries:    100000000
Prefix:    0 bytes
Keys per prefix:    0
RawSize:    5531.3 MB (estimated)
FileSize:   3147.1 MB (estimated)
Write rate: 0 bytes/second
Read rate: 0 ops/second
Compression: Snappy
Compression sampling rate: 0
Memtablerep: CSPPMemTabFactory
Perf Level: 1
------------------------------------------------
Initializing RocksDB Options from the specified file
Initializing RocksDB Options from command-line flags
Integrated BlobDB: blob cache disabled
DB path: [/dev/shm/db_bench_enterprise]
2026-08-16T03:44:16.431651Z fillrandom   :    0.987239 micros/op 1012922 ops/sec 98.724 seconds 100000000 operations;   56.0 MB/s
start step[ordinal=0, threadno=0, live_fibers=1]: ZipInputData
start step[ordinal=0, threadno=1, live_fibers=1]: ZipInputData
start step[ordinal=0, threadno=2, live_fibers=1]: ZipInputData
start step[ordinal=0, threadno=3, live_fibers=1]: ZipInputData
start step[ordinal=1, threadno=0, live_fibers=1]: WriteZipData
flush memtable
DB path: [/dev/shm/db_bench_enterprise]
2026-08-16T03:45:55.171487Z compact      : 80996980.000000 micros/op 0 ops/sec 80.997 seconds 1 operations;
DB path: [/dev/shm/db_bench_enterprise]
2026-08-16T03:47:16.168709Z readseq      :    0.059219 micros/op 16886400 ops/sec 5.922 seconds 100000000 operations;  934.0 MB/s
DB path: [/dev/shm/db_bench_enterprise]
2026-08-16T03:47:22.090877Z readseq      :    0.059226 micros/op 16884248 ops/sec 5.923 seconds 100000000 operations;  933.9 MB/s
DB path: [/dev/shm/db_bench_enterprise]
2026-08-16T03:47:28.013780Z readseq      :    0.058950 micros/op 16963329 ops/sec 5.895 seconds 100000000 operations;  938.3 MB/s
DB path: [/dev/shm/db_bench_enterprise]
2026-08-16T03:47:33.909052Z readrandom   :    0.557490 micros/op 1793751 ops/sec 55.749 seconds 100000000 operations;   62.7 MB/s (63217715 of 100000000 found)

ended step[ordinal=0, threadno=0, live_fibers=1]: ZipInputData
ended step[ordinal=0, threadno=3, live_fibers=1]: ZipInputData
ended step[ordinal=0, threadno=2, live_fibers=1]: ZipInputData
ended step[ordinal=0, threadno=1, live_fibers=1]: ZipInputData
ended step[ordinal=1, threadno=0, live_fibers=1]: WriteZipData
