RocksDB:    version 8.10.2
Date:       Sun Aug 16 01:11:09 2026
CPU:        4 * AMD EPYC 9V74 80-Core Processor
CPUCache:   1024 KB
Set seed to 1786842669003622 because --seed was 0
Initializing RocksDB Options from the specified file
Initializing RocksDB Options from command-line flags
Integrated BlobDB: blob cache disabled
Keys:       8 bytes each (+ 0 bytes user-defined timestamp)
Values:     50 bytes each (25 bytes after compression)
Entries:    100000000
Prefix:    0 bytes
Keys per prefix:    0
RawSize:    5531.3 MB (estimated)
FileSize:   3147.1 MB (estimated)
Write rate: 0 bytes/second
Read rate: 0 ops/second
Compression: Snappy
Compression sampling rate: 0
Memtablerep: CSPPMemTabFactory
Perf Level: 1
------------------------------------------------
DB path: [/dev/shm/db_bench_enterprise]
nextwithkey  :    0.019194 micros/op 52097877 ops/sec 1.919 seconds 100000000 operations;  397.5 MB/s
DB path: [/dev/shm/db_bench_enterprise]
nextwithkey  :    0.019131 micros/op 52270199 ops/sec 1.913 seconds 100000000 operations;  398.8 MB/s
DB path: [/dev/shm/db_bench_enterprise]
nextwithkey  :    0.019277 micros/op 51873273 ops/sec 1.928 seconds 100000000 operations;  395.8 MB/s
DB path: [/dev/shm/db_bench_enterprise]
readseq      :    0.019866 micros/op 50334447 ops/sec 1.987 seconds 100000000 operations;  384.0 MB/s
DB path: [/dev/shm/db_bench_enterprise]
readseq      :    0.019883 micros/op 50292197 ops/sec 1.988 seconds 100000000 operations;  383.7 MB/s
DB path: [/dev/shm/db_bench_enterprise]
readseq      :    0.019884 micros/op 50289542 ops/sec 1.988 seconds 100000000 operations;  383.7 MB/s
