RocksDB:    version 8.10.2
Date:       Sun Aug 16 01:06:46 2026
CPU:        4 * AMD EPYC 9V74 80-Core Processor
CPUCache:   1024 KB
Set seed to 1786842406608454 because --seed was 0
Initializing RocksDB Options from the specified file
Initializing RocksDB Options from command-line flags
Integrated BlobDB: blob cache disabled
Keys:       8 bytes each (+ 0 bytes user-defined timestamp)
Values:     50 bytes each (25 bytes after compression)
Entries:    100000000
Prefix:    0 bytes
Keys per prefix:    0
RawSize:    5531.3 MB (estimated)
FileSize:   3147.1 MB (estimated)
Write rate: 0 bytes/second
Read rate: 0 ops/second
Compression: Snappy
Compression sampling rate: 0
Memtablerep: CSPPMemTabFactory
Perf Level: 1
------------------------------------------------
Initializing RocksDB Options from the specified file
Initializing RocksDB Options from command-line flags
Integrated BlobDB: blob cache disabled
DB path: [/dev/shm/db_bench_enterprise]
2026-08-16T01:06:48.634838Z fillseq      :    0.423408 micros/op 2361786 ops/sec 42.341 seconds 100000000 operations;  130.6 MB/s
start step[ordinal=0, threadno=0, live_fibers=1]: ZipInputData
start step[ordinal=0, threadno=1, live_fibers=1]: ZipInputData
start step[ordinal=0, threadno=2, live_fibers=1]: ZipInputData
start step[ordinal=0, threadno=3, live_fibers=1]: ZipInputData
start step[ordinal=1, threadno=0, live_fibers=1]: WriteZipData
flush memtable
DB path: [/dev/shm/db_bench_enterprise]
2026-08-16T01:07:30.982429Z compact      : 123428582.000000 micros/op 0 ops/sec 123.429 seconds 1 operations;
DB path: [/dev/shm/db_bench_enterprise]
2026-08-16T01:09:34.411640Z readseq      :    0.049362 micros/op 20258321 ops/sec 4.936 seconds 100000000 operations; 1120.6 MB/s
DB path: [/dev/shm/db_bench_enterprise]
2026-08-16T01:09:39.348217Z readseq      :    0.048559 micros/op 20593441 ops/sec 4.856 seconds 100000000 operations; 1139.1 MB/s
DB path: [/dev/shm/db_bench_enterprise]
2026-08-16T01:09:44.204384Z readseq      :    0.048541 micros/op 20600742 ops/sec 4.854 seconds 100000000 operations; 1139.5 MB/s
DB path: [/dev/shm/db_bench_enterprise]
2026-08-16T01:09:49.058857Z readrandom   :    0.796865 micros/op 1254917 ops/sec 79.687 seconds 100000000 operations;   69.4 MB/s (100000000 of 100000000 found)

ended step[ordinal=0, threadno=2, live_fibers=1]: ZipInputData
ended step[ordinal=0, threadno=3, live_fibers=1]: ZipInputData
ended step[ordinal=0, threadno=1, live_fibers=1]: ZipInputData
ended step[ordinal=0, threadno=0, live_fibers=1]: ZipInputData
ended step[ordinal=1, threadno=0, live_fibers=1]: WriteZipData
