RocksDB:    version 11.9.0
Date:       Sat Aug 15 17:39:34 2026
CPU:        4 * AMD EPYC 9V74 80-Core Processor
CPUCache:   1024 KB
Set seed to 1786815574458699 because --seed was 0
Initializing RocksDB Options from the specified file
Keys:       8 bytes each (+ 0 bytes user-defined timestamp)
Values:     50 bytes each (25 bytes after compression)
Entries:    50000000
Prefix:    0 bytes
Keys per prefix:    0
RawSize:    2765.7 MB (estimated)
FileSize:   1573.6 MB (estimated)
Write rate: 0 bytes/second
Read rate: 0 ops/second
Compression: Snappy
Compression sampling rate: 0
Memtablerep: SkipListFactory
Perf Level: 1
------------------------------------------------
Initializing RocksDB Options from the specified file
DB path: [/dev/shm/db_bench_rocksdb_master]
2026-08-15T17:39:34.473031Z fillrandom   :       1.406 micros/op 711274 ops/sec 70.296 seconds 50000000 operations;   39.3 MB/s
flush memtable
DB path: [/dev/shm/db_bench_rocksdb_master]
2026-08-15T17:40:45.040239Z compact      : 29840102.000 micros/op 0 ops/sec 29.840 seconds 1 operations;
DB path: [/dev/shm/db_bench_rocksdb_master]
2026-08-15T17:41:14.880600Z readseq      :       0.174 micros/op 5740663 ops/sec 5.505 seconds 31604440 operations;  317.5 MB/s
DB path: [/dev/shm/db_bench_rocksdb_master]
2026-08-15T17:41:20.386205Z readseq      :       0.119 micros/op 8381955 ops/sec 3.771 seconds 31604440 operations;  463.6 MB/s
DB path: [/dev/shm/db_bench_rocksdb_master]
2026-08-15T17:41:24.156982Z readseq      :       0.124 micros/op 8058492 ops/sec 3.922 seconds 31604440 operations;  445.7 MB/s
DB path: [/dev/shm/db_bench_rocksdb_master]
2026-08-15T17:41:28.079107Z readrandom   :       2.862 micros/op 349399 ops/sec 143.103 seconds 50000000 operations;   12.2 MB/s (31603420 of 50000000 found)

