$ /home/runner/work/toplingdb/toplingdb/_run_prefix/topling/bin/db_bench -json logs/zipkeyvalue/db_bench-fillrandom.yaml -num=100000000 -key_size=8 -value_size=50 -batch_size=1000 -benchmarks=nextwithkey,nextwithkey,nextwithkey,readseq,readseq,readseq -scan_omit_key -scan_omit_value -use_existing_db=1 -enable_zero_copy -progress_reports=false
RocksDB:    version 8.10.2
Date:       Sun Sep 13 17:34:27 2026
CPU:        4 * AMD EPYC 9V74 80-Core Processor
CPUCache:   1024 KB
Set seed to 1789320867632240 because --seed was 0
Initializing RocksDB Options from the specified file
Initializing RocksDB Options from command-line flags
Integrated BlobDB: blob cache disabled
Keys:       8 bytes each (+ 0 bytes user-defined timestamp)
Values:     50 bytes each (25 bytes after compression)
Entries:    100000000
Prefix:    0 bytes
Keys per prefix:    0
RawSize:    5531.3 MB (estimated)
FileSize:   3147.1 MB (estimated)
Write rate: 0 bytes/second
Read rate: 0 ops/second
Compression: Snappy
Compression sampling rate: 0
Memtablerep: CSPPMemTabFactory
Perf Level: 1
------------------------------------------------
DB path: [/dev/shm/db_bench_enterprise]
nextwithkey  :    0.020153 micros/op 49620625 ops/sec 2.015 seconds 100000000 operations;  378.6 MB/s
DB path: [/dev/shm/db_bench_enterprise]
nextwithkey  :    0.019825 micros/op 50441260 ops/sec 1.983 seconds 100000000 operations;  384.8 MB/s
DB path: [/dev/shm/db_bench_enterprise]
nextwithkey  :    0.020827 micros/op 48012613 ops/sec 2.083 seconds 100000000 operations;  366.3 MB/s
DB path: [/dev/shm/db_bench_enterprise]
readseq      :    0.021093 micros/op 47407272 ops/sec 2.109 seconds 100000000 operations;  361.7 MB/s
DB path: [/dev/shm/db_bench_enterprise]
readseq      :    0.022454 micros/op 44534701 ops/sec 2.245 seconds 100000000 operations;  339.8 MB/s
DB path: [/dev/shm/db_bench_enterprise]
readseq      :    0.021236 micros/op 47089026 ops/sec 2.124 seconds 100000000 operations;  359.3 MB/s
