$ /home/runner/work/toplingdb/toplingdb/_run_prefix/topling/bin/db_bench -json logs/zipkeyvalue/db_bench-fillseq.yaml -num=100000000 -key_size=8 -value_size=50 -batch_size=1000 -benchmarks=fillseq,flush,compact,readseq,readseq,readseq,readrandom -enable_zero_copy -progress_reports=false -report_bench_start_time -compact_target_level=6
RocksDB:    version 8.10.2
Date:       Sun Sep 13 17:34:41 2026
CPU:        4 * AMD EPYC 9V74 80-Core Processor
CPUCache:   1024 KB
Set seed to 1789320881881011 because --seed was 0
Initializing RocksDB Options from the specified file
Initializing RocksDB Options from command-line flags
Integrated BlobDB: blob cache disabled
Keys:       8 bytes each (+ 0 bytes user-defined timestamp)
Values:     50 bytes each (25 bytes after compression)
Entries:    100000000
Prefix:    0 bytes
Keys per prefix:    0
RawSize:    5531.3 MB (estimated)
FileSize:   3147.1 MB (estimated)
Write rate: 0 bytes/second
Read rate: 0 ops/second
Compression: Snappy
Compression sampling rate: 0
Memtablerep: OffsetSkipList
Perf Level: 1
------------------------------------------------
Initializing RocksDB Options from the specified file
Initializing RocksDB Options from command-line flags
Integrated BlobDB: blob cache disabled
DB path: [/dev/shm/db_bench_enterprise]
2026-09-13T17:34:43.902233Z fillseq      :    0.257071 micros/op 3889939 ops/sec 25.707 seconds 100000000 operations;  215.2 MB/s
start step[ordinal=0, threadno=0, live_fibers=1]: ZipInputData
start step[ordinal=0, threadno=1, live_fibers=1]: ZipInputData
start step[ordinal=0, threadno=2, live_fibers=1]: ZipInputData
start step[ordinal=0, threadno=3, live_fibers=1]: ZipInputData
start step[ordinal=1, threadno=0, live_fibers=1]: WriteZipData
flush memtable
DB path: [/dev/shm/db_bench_enterprise]
2026-09-13T17:35:09.621431Z compact      : 106127976.000000 micros/op 0 ops/sec 106.128 seconds 1 operations;
DB path: [/dev/shm/db_bench_enterprise]
2026-09-13T17:36:55.749658Z readseq      :    0.038126 micros/op 26228586 ops/sec 3.813 seconds 100000000 operations; 1450.8 MB/s
DB path: [/dev/shm/db_bench_enterprise]
2026-09-13T17:36:59.562510Z readseq      :    0.037427 micros/op 26718521 ops/sec 3.743 seconds 100000000 operations; 1477.9 MB/s
DB path: [/dev/shm/db_bench_enterprise]
2026-09-13T17:37:03.305420Z readseq      :    0.037527 micros/op 26646876 ops/sec 3.753 seconds 100000000 operations; 1473.9 MB/s
DB path: [/dev/shm/db_bench_enterprise]
2026-09-13T17:37:07.058412Z readrandom   :    0.741357 micros/op 1348877 ops/sec 74.136 seconds 100000000 operations;   74.6 MB/s (100000000 of 100000000 found)

ended step[ordinal=0, threadno=2, live_fibers=1]: ZipInputData
ended step[ordinal=0, threadno=0, live_fibers=1]: ZipInputData
ended step[ordinal=0, threadno=1, live_fibers=1]: ZipInputData
ended step[ordinal=0, threadno=3, live_fibers=1]: ZipInputData
ended step[ordinal=1, threadno=0, live_fibers=1]: WriteZipData
