Running as unit: run-re66e220855174a9e9b72306f7906d5db.scope; invocation ID: fd65306e77e946c3bc4e8c147f5d45c5
Set seed to 1786787482629546 because --seed was 0
Initializing RocksDB Options from the specified file
Initializing RocksDB Options from command-line flags
Integrated BlobDB: blob cache disabled
CompactionService spool: /dev/shm/rocksdb-cs-spool-master
RocksDB:    version 11.9.0
Date:       Sat Aug 15 09:51:22 2026
CPU:        4 * AMD EPYC 7763 64-Core Processor
CPUCache:   512 KB
Keys:       8 bytes each (+ 0 bytes user-defined timestamp)
Values:     50 bytes each (25 bytes after compression)
Entries:    100000000
Prefix:    0 bytes
Keys per prefix:    0
RawSize:    5531.3 MB (estimated)
FileSize:   3147.1 MB (estimated)
Write rate: 0 bytes/second
Read rate: 0 ops/second
Compression: Snappy
Compression sampling rate: 0
Memtablerep: SkipListFactory
Perf Level: 1
------------------------------------------------
Initializing RocksDB Options from the specified file
Initializing RocksDB Options from command-line flags
Integrated BlobDB: blob cache disabled
CompactionService spool: /dev/shm/rocksdb-cs-spool-master
DB path: [/dev/shm/db_bench_rocksdb_master]
2026-08-15T09:51:22.642934Z fillseq      :       1.155 micros/op 865538 ops/sec 115.535 seconds 100000000 operations;   47.9 MB/s
flush memtable
DB path: [/dev/shm/db_bench_rocksdb_master]
2026-08-15T09:53:18.593042Z compact      : 41925684.000 micros/op 0 ops/sec 41.926 seconds 1 operations;
DB path: [/dev/shm/db_bench_rocksdb_master]
2026-08-15T09:54:00.518929Z readseq      :       0.444 micros/op 2250334 ops/sec 44.438 seconds 100000000 operations;  124.5 MB/s
DB path: [/dev/shm/db_bench_rocksdb_master]
2026-08-15T09:54:44.956986Z readseq      :       0.292 micros/op 3420563 ops/sec 29.235 seconds 100000000 operations;  189.2 MB/s
DB path: [/dev/shm/db_bench_rocksdb_master]
2026-08-15T09:55:14.192185Z readseq      :       0.292 micros/op 3425534 ops/sec 29.193 seconds 100000000 operations;  189.5 MB/s
DB path: [/dev/shm/db_bench_rocksdb_master]
2026-08-15T09:55:43.384972Z readrandom   :       7.220 micros/op 138505 ops/sec 721.994 seconds 100000000 operations;    7.7 MB/s (100000000 of 100000000 found)

