$ /home/runner/work/toplingdb/toplingdb/_run_prefix/topling/bin/db_bench -json logs/zipkeyonly/db_bench-fillseq-cspp.yaml -num=100000000 -key_size=8 -value_size=50 -batch_size=1000 -benchmarks=nextwithkey,nextwithkey,nextwithkey,readseq,readseq,readseq -scan_omit_key -scan_omit_value -use_existing_db=1 -enable_zero_copy -progress_reports=false
RocksDB:    version 8.10.2
Date:       Mon Sep 14 05:29:28 2026
CPU:        4 * AMD EPYC 7763 64-Core Processor
CPUCache:   512 KB
Set seed to 1789363768091256 because --seed was 0
Initializing RocksDB Options from the specified file
Initializing RocksDB Options from command-line flags
Integrated BlobDB: blob cache disabled
Keys:       8 bytes each (+ 0 bytes user-defined timestamp)
Values:     50 bytes each (25 bytes after compression)
Entries:    100000000
Prefix:    0 bytes
Keys per prefix:    0
RawSize:    5531.3 MB (estimated)
FileSize:   3147.1 MB (estimated)
Write rate: 0 bytes/second
Read rate: 0 ops/second
Compression: Snappy
Compression sampling rate: 0
Memtablerep: CSPPMemTabFactory
Perf Level: 1
------------------------------------------------
DB path: [/dev/shm/db_bench_enterprise]
nextwithkey  :    0.019779 micros/op 50558059 ops/sec 1.978 seconds 100000000 operations;  385.7 MB/s
DB path: [/dev/shm/db_bench_enterprise]
nextwithkey  :    0.019519 micros/op 51230216 ops/sec 1.952 seconds 100000000 operations;  390.9 MB/s
DB path: [/dev/shm/db_bench_enterprise]
nextwithkey  :    0.019600 micros/op 51017701 ops/sec 1.960 seconds 100000000 operations;  389.2 MB/s
DB path: [/dev/shm/db_bench_enterprise]
readseq      :    0.019963 micros/op 50090689 ops/sec 1.996 seconds 100000000 operations;  382.2 MB/s
DB path: [/dev/shm/db_bench_enterprise]
readseq      :    0.020049 micros/op 49875983 ops/sec 2.005 seconds 100000000 operations;  380.5 MB/s
DB path: [/dev/shm/db_bench_enterprise]
readseq      :    0.020084 micros/op 49789019 ops/sec 2.008 seconds 100000000 operations;  379.9 MB/s
