$ /home/runner/work/toplingdb/toplingdb/_run_prefix/topling/bin/db_bench -json logs/zipkeyonly/db_bench-fillseq-cspp.yaml -num=100000000 -key_size=8 -value_size=50 -batch_size=1000 -benchmarks=fillseq,flush,compact,readseq,readseq,readseq,readrandom -enable_zero_copy -progress_reports=false -report_bench_start_time -compact_target_level=6
RocksDB:    version 8.10.2
Date:       Mon Sep 14 05:27:45 2026
CPU:        4 * AMD EPYC 7763 64-Core Processor
CPUCache:   512 KB
Set seed to 1789363665926941 because --seed was 0
Initializing RocksDB Options from the specified file
Initializing RocksDB Options from command-line flags
Integrated BlobDB: blob cache disabled
Keys:       8 bytes each (+ 0 bytes user-defined timestamp)
Values:     50 bytes each (25 bytes after compression)
Entries:    100000000
Prefix:    0 bytes
Keys per prefix:    0
RawSize:    5531.3 MB (estimated)
FileSize:   3147.1 MB (estimated)
Write rate: 0 bytes/second
Read rate: 0 ops/second
Compression: Snappy
Compression sampling rate: 0
Memtablerep: CSPPMemTabFactory
Perf Level: 1
------------------------------------------------
Initializing RocksDB Options from the specified file
Initializing RocksDB Options from command-line flags
Integrated BlobDB: blob cache disabled
DB path: [/dev/shm/db_bench_enterprise]
2026-09-14T05:27:47.944465Z fillseq      :    0.334547 micros/op 2989110 ops/sec 33.455 seconds 100000000 operations;  165.3 MB/s
flush memtable
DB path: [/dev/shm/db_bench_enterprise]
2026-09-14T05:28:21.427240Z compact      : 39508030.000000 micros/op 0 ops/sec 39.508 seconds 1 operations;
DB path: [/dev/shm/db_bench_enterprise]
2026-09-14T05:29:00.935436Z readseq      :    0.032859 micros/op 30432719 ops/sec 3.286 seconds 100000000 operations; 1683.3 MB/s
DB path: [/dev/shm/db_bench_enterprise]
2026-09-14T05:29:04.221603Z readseq      :    0.032945 micros/op 30352836 ops/sec 3.295 seconds 100000000 operations; 1678.9 MB/s
DB path: [/dev/shm/db_bench_enterprise]
2026-09-14T05:29:07.516394Z readseq      :    0.033449 micros/op 29895982 ops/sec 3.345 seconds 100000000 operations; 1653.6 MB/s
DB path: [/dev/shm/db_bench_enterprise]
2026-09-14T05:29:10.861528Z readrandom   :    0.161559 micros/op 6189675 ops/sec 16.156 seconds 100000000 operations;  342.4 MB/s (100000000 of 100000000 found)

