$ /home/runner/work/toplingdb/toplingdb/_run_prefix/topling/bin/db_bench -json logs/zipkeyonly/db_bench-fillrandom.yaml -num=100000000 -key_size=8 -value_size=50 -batch_size=1000 -benchmarks=fillrandom,flush,compact,readseq,readseq,readseq,readrandom -enable_zero_copy -progress_reports=false -report_bench_start_time -compact_target_level=6
RocksDB:    version 8.10.2
Date:       Mon Sep 14 05:22:57 2026
CPU:        4 * AMD EPYC 7763 64-Core Processor
CPUCache:   512 KB
Set seed to 1789363377928540 because --seed was 0
Initializing RocksDB Options from the specified file
Initializing RocksDB Options from command-line flags
Integrated BlobDB: blob cache disabled
Keys:       8 bytes each (+ 0 bytes user-defined timestamp)
Values:     50 bytes each (25 bytes after compression)
Entries:    100000000
Prefix:    0 bytes
Keys per prefix:    0
RawSize:    5531.3 MB (estimated)
FileSize:   3147.1 MB (estimated)
Write rate: 0 bytes/second
Read rate: 0 ops/second
Compression: Snappy
Compression sampling rate: 0
Memtablerep: CSPPMemTabFactory
Perf Level: 1
------------------------------------------------
Initializing RocksDB Options from the specified file
Initializing RocksDB Options from command-line flags
Integrated BlobDB: blob cache disabled
DB path: [/dev/shm/db_bench_enterprise]
2026-09-14T05:22:59.953478Z fillrandom   :    0.745642 micros/op 1341125 ops/sec 74.564 seconds 100000000 operations;   74.2 MB/s
flush memtable
DB path: [/dev/shm/db_bench_enterprise]
2026-09-14T05:24:14.562759Z compact      : 44894493.000000 micros/op 0 ops/sec 44.895 seconds 1 operations;
DB path: [/dev/shm/db_bench_enterprise]
2026-09-14T05:24:59.457526Z readseq      :    0.040078 micros/op 24951164 ops/sec 4.008 seconds 100000000 operations; 1380.1 MB/s
DB path: [/dev/shm/db_bench_enterprise]
2026-09-14T05:25:03.465588Z readseq      :    0.040234 micros/op 24854341 ops/sec 4.023 seconds 100000000 operations; 1374.8 MB/s
DB path: [/dev/shm/db_bench_enterprise]
2026-09-14T05:25:07.489301Z readseq      :    0.040137 micros/op 24914567 ops/sec 4.014 seconds 100000000 operations; 1378.1 MB/s
DB path: [/dev/shm/db_bench_enterprise]
2026-09-14T05:25:11.503366Z readrandom   :    0.216826 micros/op 4611993 ops/sec 21.683 seconds 100000000 operations;  161.2 MB/s (63202243 of 100000000 found)

