$ /home/runner/work/toplingdb/toplingdb/_run_prefix/topling/bin/db_bench -json logs/zipkeyonly/db_bench-fillseq.yaml -num=100000000 -key_size=8 -value_size=50 -batch_size=1000 -benchmarks=nextwithkey,nextwithkey,nextwithkey,readseq,readseq,readseq -scan_omit_key -scan_omit_value -use_existing_db=1 -enable_zero_copy -progress_reports=false
RocksDB:    version 8.10.2
Date:       Mon Sep 14 05:27:32 2026
CPU:        4 * AMD EPYC 7763 64-Core Processor
CPUCache:   512 KB
Set seed to 1789363652982171 because --seed was 0
Initializing RocksDB Options from the specified file
Initializing RocksDB Options from command-line flags
Integrated BlobDB: blob cache disabled
Keys:       8 bytes each (+ 0 bytes user-defined timestamp)
Values:     50 bytes each (25 bytes after compression)
Entries:    100000000
Prefix:    0 bytes
Keys per prefix:    0
RawSize:    5531.3 MB (estimated)
FileSize:   3147.1 MB (estimated)
Write rate: 0 bytes/second
Read rate: 0 ops/second
Compression: Snappy
Compression sampling rate: 0
Memtablerep: OffsetSkipList
Perf Level: 1
------------------------------------------------
DB path: [/dev/shm/db_bench_enterprise]
nextwithkey  :    0.019615 micros/op 50980690 ops/sec 1.962 seconds 100000000 operations;  389.0 MB/s
DB path: [/dev/shm/db_bench_enterprise]
nextwithkey  :    0.019563 micros/op 51115833 ops/sec 1.956 seconds 100000000 operations;  390.0 MB/s
DB path: [/dev/shm/db_bench_enterprise]
nextwithkey  :    0.019704 micros/op 50749519 ops/sec 1.970 seconds 100000000 operations;  387.2 MB/s
DB path: [/dev/shm/db_bench_enterprise]
readseq      :    0.020110 micros/op 49725539 ops/sec 2.011 seconds 100000000 operations;  379.4 MB/s
DB path: [/dev/shm/db_bench_enterprise]
readseq      :    0.020002 micros/op 49992950 ops/sec 2.000 seconds 100000000 operations;  381.4 MB/s
DB path: [/dev/shm/db_bench_enterprise]
readseq      :    0.020105 micros/op 49739242 ops/sec 2.010 seconds 100000000 operations;  379.5 MB/s
