$ /home/runner/work/toplingdb/toplingdb/_run_prefix/topling/bin/db_bench -json logs/zipkeyonly/db_bench-fillrandom.yaml -num=100000000 -key_size=8 -value_size=50 -batch_size=1000 -benchmarks=nextwithkey,nextwithkey,nextwithkey,readseq,readseq,readseq -scan_omit_key -scan_omit_value -use_existing_db=1 -enable_zero_copy -progress_reports=false
RocksDB:    version 8.10.2
Date:       Mon Sep 14 05:25:34 2026
CPU:        4 * AMD EPYC 7763 64-Core Processor
CPUCache:   512 KB
Set seed to 1789363534159503 because --seed was 0
Initializing RocksDB Options from the specified file
Initializing RocksDB Options from command-line flags
Integrated BlobDB: blob cache disabled
Keys:       8 bytes each (+ 0 bytes user-defined timestamp)
Values:     50 bytes each (25 bytes after compression)
Entries:    100000000
Prefix:    0 bytes
Keys per prefix:    0
RawSize:    5531.3 MB (estimated)
FileSize:   3147.1 MB (estimated)
Write rate: 0 bytes/second
Read rate: 0 ops/second
Compression: Snappy
Compression sampling rate: 0
Memtablerep: CSPPMemTabFactory
Perf Level: 1
------------------------------------------------
DB path: [/dev/shm/db_bench_enterprise]
nextwithkey  :    0.025471 micros/op 39259580 ops/sec 2.547 seconds 100000000 operations;  299.5 MB/s
DB path: [/dev/shm/db_bench_enterprise]
nextwithkey  :    0.025481 micros/op 39243341 ops/sec 2.548 seconds 100000000 operations;  299.4 MB/s
DB path: [/dev/shm/db_bench_enterprise]
nextwithkey  :    0.025593 micros/op 39071947 ops/sec 2.559 seconds 100000000 operations;  298.1 MB/s
DB path: [/dev/shm/db_bench_enterprise]
readseq      :    0.026241 micros/op 38107969 ops/sec 2.624 seconds 100000000 operations;  290.7 MB/s
DB path: [/dev/shm/db_bench_enterprise]
readseq      :    0.026241 micros/op 38108115 ops/sec 2.624 seconds 100000000 operations;  290.7 MB/s
DB path: [/dev/shm/db_bench_enterprise]
readseq      :    0.026232 micros/op 38121654 ops/sec 2.623 seconds 100000000 operations;  290.8 MB/s
