RocksDB:    version 8.10.2
Date:       Sun Aug  9 06:37:31 2026
CPU:        4 * AMD EPYC 9V74 80-Core Processor
CPUCache:   1024 KB
Set seed to 1786257451497171 because --seed was 0
Initializing RocksDB Options from the specified file
Initializing RocksDB Options from command-line flags
Integrated BlobDB: blob cache disabled
Keys:       8 bytes each (+ 0 bytes user-defined timestamp)
Values:     50 bytes each (25 bytes after compression)
Entries:    100000000
Prefix:    0 bytes
Keys per prefix:    0
RawSize:    5531.3 MB (estimated)
FileSize:   3147.1 MB (estimated)
Write rate: 0 bytes/second
Read rate: 0 ops/second
Compression: Snappy
Compression sampling rate: 0
Memtablerep: CSPPMemTabFactory
Perf Level: 1
------------------------------------------------
DB path: [/dev/shm/db_bench_enterprise]
nextwithkey  :    0.019298 micros/op 51818572 ops/sec 1.930 seconds 100000000 operations;  395.3 MB/s
DB path: [/dev/shm/db_bench_enterprise]
nextwithkey  :    0.019139 micros/op 52246249 ops/sec 1.914 seconds 100000000 operations;  398.6 MB/s
DB path: [/dev/shm/db_bench_enterprise]
nextwithkey  :    0.019133 micros/op 52264844 ops/sec 1.913 seconds 100000000 operations;  398.7 MB/s
DB path: [/dev/shm/db_bench_enterprise]
readseq      :    0.019857 micros/op 50357893 ops/sec 1.986 seconds 100000000 operations;  384.2 MB/s
DB path: [/dev/shm/db_bench_enterprise]
readseq      :    0.019859 micros/op 50353557 ops/sec 1.986 seconds 100000000 operations;  384.2 MB/s
DB path: [/dev/shm/db_bench_enterprise]
readseq      :    0.019856 micros/op 50360987 ops/sec 1.986 seconds 100000000 operations;  384.2 MB/s
