RocksDB:    version 8.10.2
Date:       Sun Aug  9 06:28:30 2026
CPU:        4 * AMD EPYC 9V74 80-Core Processor
CPUCache:   1024 KB
Set seed to 1786256910472198 because --seed was 0
Initializing RocksDB Options from the specified file
Initializing RocksDB Options from command-line flags
Integrated BlobDB: blob cache disabled
Keys:       8 bytes each (+ 0 bytes user-defined timestamp)
Values:     50 bytes each (25 bytes after compression)
Entries:    100000000
Prefix:    0 bytes
Keys per prefix:    0
RawSize:    5531.3 MB (estimated)
FileSize:   3147.1 MB (estimated)
Write rate: 0 bytes/second
Read rate: 0 ops/second
Compression: Snappy
Compression sampling rate: 0
Memtablerep: CSPPMemTabFactory
Perf Level: 1
------------------------------------------------
Initializing RocksDB Options from the specified file
Initializing RocksDB Options from command-line flags
Integrated BlobDB: blob cache disabled
DB path: [/dev/shm/db_bench_enterprise]
2026-08-09T06:28:32.498435Z fillrandom   :    0.979759 micros/op 1020654 ops/sec 97.976 seconds 100000000 operations;   56.5 MB/s
start step[ordinal=0, threadno=0, live_fibers=1]: ZipInputData
start step[ordinal=0, threadno=1, live_fibers=1]: ZipInputData
start step[ordinal=0, threadno=2, live_fibers=1]: ZipInputData
start step[ordinal=0, threadno=3, live_fibers=1]: ZipInputData
start step[ordinal=1, threadno=0, live_fibers=1]: WriteZipData
flush memtable
DB path: [/dev/shm/db_bench_enterprise]
2026-08-09T06:30:10.478069Z compact      : 75525290.000000 micros/op 0 ops/sec 75.525 seconds 1 operations;
DB path: [/dev/shm/db_bench_enterprise]
2026-08-09T06:31:26.003591Z readseq      :    0.058826 micros/op 16999072 ops/sec 5.883 seconds 100000000 operations;  940.3 MB/s
DB path: [/dev/shm/db_bench_enterprise]
2026-08-09T06:31:31.886524Z readseq      :    0.058058 micros/op 17223968 ops/sec 5.806 seconds 100000000 operations;  952.7 MB/s
DB path: [/dev/shm/db_bench_enterprise]
2026-08-09T06:31:37.692607Z readseq      :    0.058311 micros/op 17149231 ops/sec 5.831 seconds 100000000 operations;  948.6 MB/s
DB path: [/dev/shm/db_bench_enterprise]
2026-08-09T06:31:43.524041Z readrandom   :    0.630194 micros/op 1586810 ops/sec 63.019 seconds 100000000 operations;   55.5 MB/s (63214099 of 100000000 found)

ended step[ordinal=0, threadno=1, live_fibers=1]: ZipInputData
ended step[ordinal=0, threadno=3, live_fibers=1]: ZipInputData
ended step[ordinal=0, threadno=0, live_fibers=1]: ZipInputData
ended step[ordinal=0, threadno=2, live_fibers=1]: ZipInputData
ended step[ordinal=1, threadno=0, live_fibers=1]: WriteZipData
