$ /home/runner/work/toplingdb/toplingdb/_run_prefix/rocksdb-v8.10/bin/db_bench -db=/dev/shm/db_bench_rocksdb_v810 -num=100000000 -key_size=8 -value_size=50 -batch_size=1000 -cache_size=8383207424 -benchmarks=fillrandom,flush,compact,readseq,readseq,readseq,readrandom -progress_reports=false -report_bench_start_time -compact_target_level=6 -options_file=.github/bench-conf/rocksdb_db_bench.ini
RocksDB:    version 8.10.2
Date:       Mon Sep 14 06:03:00 2026
CPU:        4 * AMD EPYC 7763 64-Core Processor
CPUCache:   512 KB
Set seed to 1789365780675993 because --seed was 0
Initializing RocksDB Options from the specified file
Keys:       8 bytes each (+ 0 bytes user-defined timestamp)
Values:     50 bytes each (25 bytes after compression)
Entries:    100000000
Prefix:    0 bytes
Keys per prefix:    0
RawSize:    5531.3 MB (estimated)
FileSize:   3147.1 MB (estimated)
Write rate: 0 bytes/second
Read rate: 0 ops/second
Compression: Snappy
Compression sampling rate: 0
Memtablerep: SkipListFactory
Perf Level: 1
------------------------------------------------
Initializing RocksDB Options from the specified file
DB path: [/dev/shm/db_bench_rocksdb_v810]
2026-09-14T06:03:00.688940Z fillrandom   :       1.485 micros/op 673484 ops/sec 148.482 seconds 100000000 operations;   37.3 MB/s
flush memtable
DB path: [/dev/shm/db_bench_rocksdb_v810]
2026-09-14T06:05:35.096183Z compact      : 52329766.000 micros/op 0 ops/sec 52.330 seconds 1 operations;
DB path: [/dev/shm/db_bench_rocksdb_v810]
2026-09-14T06:06:27.426246Z readseq      :       0.132 micros/op 7552010 ops/sec 8.370 seconds 63212917 operations;  417.7 MB/s
DB path: [/dev/shm/db_bench_rocksdb_v810]
2026-09-14T06:06:35.796852Z readseq      :       0.093 micros/op 10761028 ops/sec 5.874 seconds 63212917 operations;  595.2 MB/s
DB path: [/dev/shm/db_bench_rocksdb_v810]
2026-09-14T06:06:41.671317Z readseq      :       0.093 micros/op 10767154 ops/sec 5.871 seconds 63212917 operations;  595.6 MB/s
DB path: [/dev/shm/db_bench_rocksdb_v810]
2026-09-14T06:06:47.542411Z readrandom   :       2.872 micros/op 348132 ops/sec 287.247 seconds 100000000 operations;   12.2 MB/s (63220554 of 100000000 found)

