$ /home/runner/work/toplingdb/toplingdb/_run_prefix/topling/bin/db_bench -json logs/zipkeyonly/db_bench-fillrandom.yaml -num=50000000 -key_size=8 -value_size=50 -batch_size=1000 -benchmarks=fillrandom,flush,compact,readseq,readseq,readseq,readrandom -enable_zero_copy -progress_reports=false -report_bench_start_time -compact_target_level=6
RocksDB:    version 8.10.2
Date:       Tue Oct  6 12:16:20 2026
CPU:        4 * Intel(R) Xeon(R) 6973P-C
CPUCache:   491520 KB
Set seed to 1791288980574645 because --seed was 0
Initializing RocksDB Options from the specified file
Initializing RocksDB Options from command-line flags
Integrated BlobDB: blob cache disabled
Keys:       8 bytes each (+ 0 bytes user-defined timestamp)
Values:     50 bytes each (25 bytes after compression)
Entries:    50000000
Prefix:    0 bytes
Keys per prefix:    0
RawSize:    2765.7 MB (estimated)
FileSize:   1573.6 MB (estimated)
Write rate: 0 bytes/second
Read rate: 0 ops/second
Compression: Snappy
Compression sampling rate: 0
Memtablerep: CSPPMemTabFactory
Perf Level: 1
------------------------------------------------
Initializing RocksDB Options from the specified file
Initializing RocksDB Options from command-line flags
Integrated BlobDB: blob cache disabled
DB path: [/dev/shm/db_bench_enterprise]
2026-10-06T12:16:22.598924Z fillrandom   :    0.538461 micros/op 1857143 ops/sec 26.923 seconds 50000000 operations;  102.7 MB/s
flush memtable
DB path: [/dev/shm/db_bench_enterprise]
2026-10-06T12:16:49.534881Z compact      : 22888762.000000 micros/op 0 ops/sec 22.889 seconds 1 operations;
DB path: [/dev/shm/db_bench_enterprise]
2026-10-06T12:17:12.423934Z readseq      :    0.029013 micros/op 34466048 ops/sec 1.451 seconds 50000000 operations; 1906.4 MB/s
DB path: [/dev/shm/db_bench_enterprise]
2026-10-06T12:17:13.874903Z readseq      :    0.029461 micros/op 33942418 ops/sec 1.473 seconds 50000000 operations; 1877.5 MB/s
DB path: [/dev/shm/db_bench_enterprise]
2026-10-06T12:17:15.348282Z readseq      :    0.029142 micros/op 34309060 ops/sec 1.457 seconds 50000000 operations; 1897.7 MB/s
DB path: [/dev/shm/db_bench_enterprise]
2026-10-06T12:17:16.805885Z readrandom   :    0.136685 micros/op 7316048 ops/sec 6.834 seconds 50000000 operations;  255.7 MB/s (31599459 of 50000000 found)

$ /home/runner/work/toplingdb/toplingdb/_run_prefix/topling/bin/db_bench -json logs/zipkeyonly/db_bench-fillrandom.yaml -num=50000000 -key_size=8 -value_size=50 -batch_size=1000 -benchmarks=nextwithkey,nextwithkey,nextwithkey,readseq,readseq,readseq -scan_omit_key -scan_omit_value -use_existing_db=1 -enable_zero_copy -progress_reports=false
RocksDB:    version 8.10.2
Date:       Tue Oct  6 12:17:24 2026
CPU:        4 * Intel(R) Xeon(R) 6973P-C
CPUCache:   491520 KB
Set seed to 1791289044714678 because --seed was 0
Initializing RocksDB Options from the specified file
Initializing RocksDB Options from command-line flags
Integrated BlobDB: blob cache disabled
Keys:       8 bytes each (+ 0 bytes user-defined timestamp)
Values:     50 bytes each (25 bytes after compression)
Entries:    50000000
Prefix:    0 bytes
Keys per prefix:    0
RawSize:    2765.7 MB (estimated)
FileSize:   1573.6 MB (estimated)
Write rate: 0 bytes/second
Read rate: 0 ops/second
Compression: Snappy
Compression sampling rate: 0
Memtablerep: CSPPMemTabFactory
Perf Level: 1
------------------------------------------------
DB path: [/dev/shm/db_bench_enterprise]
nextwithkey  :    0.019575 micros/op 51083167 ops/sec 0.979 seconds 50000000 operations;  389.7 MB/s
DB path: [/dev/shm/db_bench_enterprise]
nextwithkey  :    0.019270 micros/op 51891281 ops/sec 0.964 seconds 50000000 operations;  395.9 MB/s
DB path: [/dev/shm/db_bench_enterprise]
nextwithkey  :    0.019748 micros/op 50636449 ops/sec 0.987 seconds 50000000 operations;  386.3 MB/s
DB path: [/dev/shm/db_bench_enterprise]
readseq      :    0.020110 micros/op 49724971 ops/sec 1.006 seconds 50000000 operations;  379.4 MB/s
DB path: [/dev/shm/db_bench_enterprise]
readseq      :    0.020304 micros/op 49248371 ops/sec 1.015 seconds 50000000 operations;  375.7 MB/s
DB path: [/dev/shm/db_bench_enterprise]
readseq      :    0.020373 micros/op 49080718 ops/sec 1.019 seconds 50000000 operations;  374.5 MB/s

$ /home/runner/work/toplingdb/toplingdb/_run_prefix/topling/bin/db_bench -json logs/zipkeyonly/db_bench-fillseq.yaml -num=50000000 -key_size=8 -value_size=50 -batch_size=1000 -benchmarks=fillseq,flush,compact,readseq,readseq,readseq,readrandom -enable_zero_copy -progress_reports=false -report_bench_start_time -compact_target_level=6
RocksDB:    version 8.10.2
Date:       Tue Oct  6 12:17:30 2026
CPU:        4 * Intel(R) Xeon(R) 6973P-C
CPUCache:   491520 KB
Set seed to 1791289050921179 because --seed was 0
Initializing RocksDB Options from the specified file
Initializing RocksDB Options from command-line flags
Integrated BlobDB: blob cache disabled
Keys:       8 bytes each (+ 0 bytes user-defined timestamp)
Values:     50 bytes each (25 bytes after compression)
Entries:    50000000
Prefix:    0 bytes
Keys per prefix:    0
RawSize:    2765.7 MB (estimated)
FileSize:   1573.6 MB (estimated)
Write rate: 0 bytes/second
Read rate: 0 ops/second
Compression: Snappy
Compression sampling rate: 0
Memtablerep: OffsetSkipList
Perf Level: 1
------------------------------------------------
Initializing RocksDB Options from the specified file
Initializing RocksDB Options from command-line flags
Integrated BlobDB: blob cache disabled
DB path: [/dev/shm/db_bench_enterprise]
2026-10-06T12:17:32.942069Z fillseq      :    0.219862 micros/op 4548291 ops/sec 10.993 seconds 50000000 operations;  251.6 MB/s
flush memtable
DB path: [/dev/shm/db_bench_enterprise]
2026-10-06T12:17:43.952006Z compact      : 19948676.000000 micros/op 0 ops/sec 19.949 seconds 1 operations;
DB path: [/dev/shm/db_bench_enterprise]
2026-10-06T12:18:03.900943Z readseq      :    0.021745 micros/op 45986441 ops/sec 1.087 seconds 50000000 operations; 2543.7 MB/s
DB path: [/dev/shm/db_bench_enterprise]
2026-10-06T12:18:04.988485Z readseq      :    0.022710 micros/op 44032573 ops/sec 1.136 seconds 50000000 operations; 2435.6 MB/s
DB path: [/dev/shm/db_bench_enterprise]
2026-10-06T12:18:06.124280Z readseq      :    0.021975 micros/op 45505511 ops/sec 1.099 seconds 50000000 operations; 2517.1 MB/s
DB path: [/dev/shm/db_bench_enterprise]
2026-10-06T12:18:07.223349Z readrandom   :    0.108858 micros/op 9186235 ops/sec 5.443 seconds 50000000 operations;  508.1 MB/s (50000000 of 50000000 found)

$ /home/runner/work/toplingdb/toplingdb/_run_prefix/topling/bin/db_bench -json logs/zipkeyonly/db_bench-fillseq.yaml -num=50000000 -key_size=8 -value_size=50 -batch_size=1000 -benchmarks=nextwithkey,nextwithkey,nextwithkey,readseq,readseq,readseq -scan_omit_key -scan_omit_value -use_existing_db=1 -enable_zero_copy -progress_reports=false
RocksDB:    version 8.10.2
Date:       Tue Oct  6 12:18:13 2026
CPU:        4 * Intel(R) Xeon(R) 6973P-C
CPUCache:   491520 KB
Set seed to 1791289093023972 because --seed was 0
Initializing RocksDB Options from the specified file
Initializing RocksDB Options from command-line flags
Integrated BlobDB: blob cache disabled
Keys:       8 bytes each (+ 0 bytes user-defined timestamp)
Values:     50 bytes each (25 bytes after compression)
Entries:    50000000
Prefix:    0 bytes
Keys per prefix:    0
RawSize:    2765.7 MB (estimated)
FileSize:   1573.6 MB (estimated)
Write rate: 0 bytes/second
Read rate: 0 ops/second
Compression: Snappy
Compression sampling rate: 0
Memtablerep: OffsetSkipList
Perf Level: 1
------------------------------------------------
DB path: [/dev/shm/db_bench_enterprise]
nextwithkey  :    0.012718 micros/op 78622656 ops/sec 0.636 seconds 50000000 operations;  599.8 MB/s
DB path: [/dev/shm/db_bench_enterprise]
nextwithkey  :    0.013060 micros/op 76562057 ops/sec 0.653 seconds 50000000 operations;  584.1 MB/s
DB path: [/dev/shm/db_bench_enterprise]
nextwithkey  :    0.012498 micros/op 80010753 ops/sec 0.625 seconds 50000000 operations;  610.4 MB/s
DB path: [/dev/shm/db_bench_enterprise]
readseq      :    0.013531 micros/op 73882963 ops/sec 0.677 seconds 50000000 operations;  563.7 MB/s
DB path: [/dev/shm/db_bench_enterprise]
readseq      :    0.013391 micros/op 74671891 ops/sec 0.670 seconds 50000000 operations;  569.7 MB/s
DB path: [/dev/shm/db_bench_enterprise]
readseq      :    0.013620 micros/op 73385446 ops/sec 0.681 seconds 50000000 operations;  559.9 MB/s

$ /home/runner/work/toplingdb/toplingdb/_run_prefix/topling/bin/db_bench -json logs/zipkeyonly/db_bench-fillseq-cspp.yaml -num=50000000 -key_size=8 -value_size=50 -batch_size=1000 -benchmarks=fillseq,flush,compact,readseq,readseq,readseq,readrandom -enable_zero_copy -progress_reports=false -report_bench_start_time -compact_target_level=6
RocksDB:    version 8.10.2
Date:       Tue Oct  6 12:18:17 2026
CPU:        4 * Intel(R) Xeon(R) 6973P-C
CPUCache:   491520 KB
Set seed to 1791289097321251 because --seed was 0
Initializing RocksDB Options from the specified file
Initializing RocksDB Options from command-line flags
Integrated BlobDB: blob cache disabled
Keys:       8 bytes each (+ 0 bytes user-defined timestamp)
Values:     50 bytes each (25 bytes after compression)
Entries:    50000000
Prefix:    0 bytes
Keys per prefix:    0
RawSize:    2765.7 MB (estimated)
FileSize:   1573.6 MB (estimated)
Write rate: 0 bytes/second
Read rate: 0 ops/second
Compression: Snappy
Compression sampling rate: 0
Memtablerep: CSPPMemTabFactory
Perf Level: 1
------------------------------------------------
Initializing RocksDB Options from the specified file
Initializing RocksDB Options from command-line flags
Integrated BlobDB: blob cache disabled
DB path: [/dev/shm/db_bench_enterprise]
2026-10-06T12:18:19.346482Z fillseq      :    0.208320 micros/op 4800296 ops/sec 10.416 seconds 50000000 operations;  265.5 MB/s
flush memtable
DB path: [/dev/shm/db_bench_enterprise]
2026-10-06T12:18:29.790113Z compact      : 20121877.000000 micros/op 0 ops/sec 20.122 seconds 1 operations;
DB path: [/dev/shm/db_bench_enterprise]
2026-10-06T12:18:49.912241Z readseq      :    0.021913 micros/op 45632428 ops/sec 1.096 seconds 50000000 operations; 2524.1 MB/s
DB path: [/dev/shm/db_bench_enterprise]
2026-10-06T12:18:51.008249Z readseq      :    0.021404 micros/op 46717314 ops/sec 1.070 seconds 50000000 operations; 2584.1 MB/s
DB path: [/dev/shm/db_bench_enterprise]
2026-10-06T12:18:52.078794Z readseq      :    0.021602 micros/op 46289995 ops/sec 1.080 seconds 50000000 operations; 2560.4 MB/s
DB path: [/dev/shm/db_bench_enterprise]
2026-10-06T12:18:53.159237Z readrandom   :    0.107847 micros/op 9272383 ops/sec 5.392 seconds 50000000 operations;  512.9 MB/s (50000000 of 50000000 found)

$ /home/runner/work/toplingdb/toplingdb/_run_prefix/topling/bin/db_bench -json logs/zipkeyonly/db_bench-fillseq-cspp.yaml -num=50000000 -key_size=8 -value_size=50 -batch_size=1000 -benchmarks=nextwithkey,nextwithkey,nextwithkey,readseq,readseq,readseq -scan_omit_key -scan_omit_value -use_existing_db=1 -enable_zero_copy -progress_reports=false
RocksDB:    version 8.10.2
Date:       Tue Oct  6 12:18:59 2026
CPU:        4 * Intel(R) Xeon(R) 6973P-C
CPUCache:   491520 KB
Set seed to 1791289139423018 because --seed was 0
Initializing RocksDB Options from the specified file
Initializing RocksDB Options from command-line flags
Integrated BlobDB: blob cache disabled
Keys:       8 bytes each (+ 0 bytes user-defined timestamp)
Values:     50 bytes each (25 bytes after compression)
Entries:    50000000
Prefix:    0 bytes
Keys per prefix:    0
RawSize:    2765.7 MB (estimated)
FileSize:   1573.6 MB (estimated)
Write rate: 0 bytes/second
Read rate: 0 ops/second
Compression: Snappy
Compression sampling rate: 0
Memtablerep: CSPPMemTabFactory
Perf Level: 1
------------------------------------------------
DB path: [/dev/shm/db_bench_enterprise]
nextwithkey  :    0.013511 micros/op 73989780 ops/sec 0.676 seconds 50000000 operations;  564.5 MB/s
DB path: [/dev/shm/db_bench_enterprise]
nextwithkey  :    0.012492 micros/op 80044568 ops/sec 0.625 seconds 50000000 operations;  610.7 MB/s
DB path: [/dev/shm/db_bench_enterprise]
nextwithkey  :    0.012607 micros/op 79318747 ops/sec 0.630 seconds 50000000 operations;  605.2 MB/s
DB path: [/dev/shm/db_bench_enterprise]
readseq      :    0.013412 micros/op 74497884 ops/sec 0.671 seconds 50000000 operations;  568.4 MB/s
DB path: [/dev/shm/db_bench_enterprise]
readseq      :    0.013514 micros/op 73988685 ops/sec 0.676 seconds 50000000 operations;  564.5 MB/s
DB path: [/dev/shm/db_bench_enterprise]
readseq      :    0.014218 micros/op 70316268 ops/sec 0.711 seconds 50000000 operations;  536.5 MB/s
