$ /home/runner/work/toplingdb/toplingdb/_run_prefix/topling/bin/db_bench -json logs/zipkeyonly/db_bench-fillrandom.yaml -num=50000000 -key_size=8 -value_size=50 -batch_size=1000 -benchmarks=fillrandom,flush,compact,readseq,readseq,readseq,readrandom -enable_zero_copy -progress_reports=false -report_bench_start_time -compact_target_level=6
RocksDB:    version 8.10.2
Date:       Tue Oct  6 12:16:20 2026
CPU:        4 * Intel(R) Xeon(R) 6973P-C
CPUCache:   491520 KB
Set seed to 1791288980574645 because --seed was 0
Initializing RocksDB Options from the specified file
Initializing RocksDB Options from command-line flags
Integrated BlobDB: blob cache disabled
Keys:       8 bytes each (+ 0 bytes user-defined timestamp)
Values:     50 bytes each (25 bytes after compression)
Entries:    50000000
Prefix:    0 bytes
Keys per prefix:    0
RawSize:    2765.7 MB (estimated)
FileSize:   1573.6 MB (estimated)
Write rate: 0 bytes/second
Read rate: 0 ops/second
Compression: Snappy
Compression sampling rate: 0
Memtablerep: CSPPMemTabFactory
Perf Level: 1
------------------------------------------------
Initializing RocksDB Options from the specified file
Initializing RocksDB Options from command-line flags
Integrated BlobDB: blob cache disabled
DB path: [/dev/shm/db_bench_enterprise]
2026-10-06T12:16:22.598924Z fillrandom   :    0.538461 micros/op 1857143 ops/sec 26.923 seconds 50000000 operations;  102.7 MB/s
flush memtable
DB path: [/dev/shm/db_bench_enterprise]
2026-10-06T12:16:49.534881Z compact      : 22888762.000000 micros/op 0 ops/sec 22.889 seconds 1 operations;
DB path: [/dev/shm/db_bench_enterprise]
2026-10-06T12:17:12.423934Z readseq      :    0.029013 micros/op 34466048 ops/sec 1.451 seconds 50000000 operations; 1906.4 MB/s
DB path: [/dev/shm/db_bench_enterprise]
2026-10-06T12:17:13.874903Z readseq      :    0.029461 micros/op 33942418 ops/sec 1.473 seconds 50000000 operations; 1877.5 MB/s
DB path: [/dev/shm/db_bench_enterprise]
2026-10-06T12:17:15.348282Z readseq      :    0.029142 micros/op 34309060 ops/sec 1.457 seconds 50000000 operations; 1897.7 MB/s
DB path: [/dev/shm/db_bench_enterprise]
2026-10-06T12:17:16.805885Z readrandom   :    0.136685 micros/op 7316048 ops/sec 6.834 seconds 50000000 operations;  255.7 MB/s (31599459 of 50000000 found)

