$ /home/runner/work/toplingdb/toplingdb/_run_prefix/topling/bin/db_bench -json logs/zipkeyonly/db_bench-fillrandom.yaml -num=50000000 -key_size=8 -value_size=50 -batch_size=1000 -benchmarks=nextwithkey,nextwithkey,nextwithkey,readseq,readseq,readseq -scan_omit_key -scan_omit_value -use_existing_db=1 -enable_zero_copy -progress_reports=false
RocksDB:    version 8.10.2
Date:       Tue Oct  6 12:17:24 2026
CPU:        4 * Intel(R) Xeon(R) 6973P-C
CPUCache:   491520 KB
Set seed to 1791289044714678 because --seed was 0
Initializing RocksDB Options from the specified file
Initializing RocksDB Options from command-line flags
Integrated BlobDB: blob cache disabled
Keys:       8 bytes each (+ 0 bytes user-defined timestamp)
Values:     50 bytes each (25 bytes after compression)
Entries:    50000000
Prefix:    0 bytes
Keys per prefix:    0
RawSize:    2765.7 MB (estimated)
FileSize:   1573.6 MB (estimated)
Write rate: 0 bytes/second
Read rate: 0 ops/second
Compression: Snappy
Compression sampling rate: 0
Memtablerep: CSPPMemTabFactory
Perf Level: 1
------------------------------------------------
DB path: [/dev/shm/db_bench_enterprise]
nextwithkey  :    0.019575 micros/op 51083167 ops/sec 0.979 seconds 50000000 operations;  389.7 MB/s
DB path: [/dev/shm/db_bench_enterprise]
nextwithkey  :    0.019270 micros/op 51891281 ops/sec 0.964 seconds 50000000 operations;  395.9 MB/s
DB path: [/dev/shm/db_bench_enterprise]
nextwithkey  :    0.019748 micros/op 50636449 ops/sec 0.987 seconds 50000000 operations;  386.3 MB/s
DB path: [/dev/shm/db_bench_enterprise]
readseq      :    0.020110 micros/op 49724971 ops/sec 1.006 seconds 50000000 operations;  379.4 MB/s
DB path: [/dev/shm/db_bench_enterprise]
readseq      :    0.020304 micros/op 49248371 ops/sec 1.015 seconds 50000000 operations;  375.7 MB/s
DB path: [/dev/shm/db_bench_enterprise]
readseq      :    0.020373 micros/op 49080718 ops/sec 1.019 seconds 50000000 operations;  374.5 MB/s
