$ /home/runner/work/toplingdb/toplingdb/_run_prefix/topling/bin/db_bench -json logs/zipkeyonly/db_bench-fillseq.yaml -num=50000000 -key_size=8 -value_size=50 -batch_size=1000 -benchmarks=nextwithkey,nextwithkey,nextwithkey,readseq,readseq,readseq -scan_omit_key -scan_omit_value -use_existing_db=1 -enable_zero_copy -progress_reports=false
RocksDB:    version 8.10.2
Date:       Tue Oct  6 12:18:13 2026
CPU:        4 * Intel(R) Xeon(R) 6973P-C
CPUCache:   491520 KB
Set seed to 1791289093023972 because --seed was 0
Initializing RocksDB Options from the specified file
Initializing RocksDB Options from command-line flags
Integrated BlobDB: blob cache disabled
Keys:       8 bytes each (+ 0 bytes user-defined timestamp)
Values:     50 bytes each (25 bytes after compression)
Entries:    50000000
Prefix:    0 bytes
Keys per prefix:    0
RawSize:    2765.7 MB (estimated)
FileSize:   1573.6 MB (estimated)
Write rate: 0 bytes/second
Read rate: 0 ops/second
Compression: Snappy
Compression sampling rate: 0
Memtablerep: OffsetSkipList
Perf Level: 1
------------------------------------------------
DB path: [/dev/shm/db_bench_enterprise]
nextwithkey  :    0.012718 micros/op 78622656 ops/sec 0.636 seconds 50000000 operations;  599.8 MB/s
DB path: [/dev/shm/db_bench_enterprise]
nextwithkey  :    0.013060 micros/op 76562057 ops/sec 0.653 seconds 50000000 operations;  584.1 MB/s
DB path: [/dev/shm/db_bench_enterprise]
nextwithkey  :    0.012498 micros/op 80010753 ops/sec 0.625 seconds 50000000 operations;  610.4 MB/s
DB path: [/dev/shm/db_bench_enterprise]
readseq      :    0.013531 micros/op 73882963 ops/sec 0.677 seconds 50000000 operations;  563.7 MB/s
DB path: [/dev/shm/db_bench_enterprise]
readseq      :    0.013391 micros/op 74671891 ops/sec 0.670 seconds 50000000 operations;  569.7 MB/s
DB path: [/dev/shm/db_bench_enterprise]
readseq      :    0.013620 micros/op 73385446 ops/sec 0.681 seconds 50000000 operations;  559.9 MB/s
