$ /home/runner/work/toplingdb/toplingdb/_run_prefix/topling/bin/db_bench -json logs/zipkeyonly/db_bench-fillseq.yaml -num=50000000 -key_size=8 -value_size=50 -batch_size=1000 -benchmarks=fillseq,flush,compact,readseq,readseq,readseq,readrandom -enable_zero_copy -progress_reports=false -report_bench_start_time -compact_target_level=6
RocksDB:    version 8.10.2
Date:       Tue Oct  6 12:17:30 2026
CPU:        4 * Intel(R) Xeon(R) 6973P-C
CPUCache:   491520 KB
Set seed to 1791289050921179 because --seed was 0
Initializing RocksDB Options from the specified file
Initializing RocksDB Options from command-line flags
Integrated BlobDB: blob cache disabled
Keys:       8 bytes each (+ 0 bytes user-defined timestamp)
Values:     50 bytes each (25 bytes after compression)
Entries:    50000000
Prefix:    0 bytes
Keys per prefix:    0
RawSize:    2765.7 MB (estimated)
FileSize:   1573.6 MB (estimated)
Write rate: 0 bytes/second
Read rate: 0 ops/second
Compression: Snappy
Compression sampling rate: 0
Memtablerep: OffsetSkipList
Perf Level: 1
------------------------------------------------
Initializing RocksDB Options from the specified file
Initializing RocksDB Options from command-line flags
Integrated BlobDB: blob cache disabled
DB path: [/dev/shm/db_bench_enterprise]
2026-10-06T12:17:32.942069Z fillseq      :    0.219862 micros/op 4548291 ops/sec 10.993 seconds 50000000 operations;  251.6 MB/s
flush memtable
DB path: [/dev/shm/db_bench_enterprise]
2026-10-06T12:17:43.952006Z compact      : 19948676.000000 micros/op 0 ops/sec 19.949 seconds 1 operations;
DB path: [/dev/shm/db_bench_enterprise]
2026-10-06T12:18:03.900943Z readseq      :    0.021745 micros/op 45986441 ops/sec 1.087 seconds 50000000 operations; 2543.7 MB/s
DB path: [/dev/shm/db_bench_enterprise]
2026-10-06T12:18:04.988485Z readseq      :    0.022710 micros/op 44032573 ops/sec 1.136 seconds 50000000 operations; 2435.6 MB/s
DB path: [/dev/shm/db_bench_enterprise]
2026-10-06T12:18:06.124280Z readseq      :    0.021975 micros/op 45505511 ops/sec 1.099 seconds 50000000 operations; 2517.1 MB/s
DB path: [/dev/shm/db_bench_enterprise]
2026-10-06T12:18:07.223349Z readrandom   :    0.108858 micros/op 9186235 ops/sec 5.443 seconds 50000000 operations;  508.1 MB/s (50000000 of 50000000 found)

