$ /home/runner/work/toplingdb/toplingdb/_run_prefix/topling/bin/db_bench -json logs/zipkeyonly/db_bench-fillseq-cspp.yaml -num=50000000 -key_size=8 -value_size=50 -batch_size=1000 -benchmarks=fillseq,flush,compact,readseq,readseq,readseq,readrandom -enable_zero_copy -progress_reports=false -report_bench_start_time -compact_target_level=6
RocksDB:    version 8.10.2
Date:       Tue Oct  6 12:18:17 2026
CPU:        4 * Intel(R) Xeon(R) 6973P-C
CPUCache:   491520 KB
Set seed to 1791289097321251 because --seed was 0
Initializing RocksDB Options from the specified file
Initializing RocksDB Options from command-line flags
Integrated BlobDB: blob cache disabled
Keys:       8 bytes each (+ 0 bytes user-defined timestamp)
Values:     50 bytes each (25 bytes after compression)
Entries:    50000000
Prefix:    0 bytes
Keys per prefix:    0
RawSize:    2765.7 MB (estimated)
FileSize:   1573.6 MB (estimated)
Write rate: 0 bytes/second
Read rate: 0 ops/second
Compression: Snappy
Compression sampling rate: 0
Memtablerep: CSPPMemTabFactory
Perf Level: 1
------------------------------------------------
Initializing RocksDB Options from the specified file
Initializing RocksDB Options from command-line flags
Integrated BlobDB: blob cache disabled
DB path: [/dev/shm/db_bench_enterprise]
2026-10-06T12:18:19.346482Z fillseq      :    0.208320 micros/op 4800296 ops/sec 10.416 seconds 50000000 operations;  265.5 MB/s
flush memtable
DB path: [/dev/shm/db_bench_enterprise]
2026-10-06T12:18:29.790113Z compact      : 20121877.000000 micros/op 0 ops/sec 20.122 seconds 1 operations;
DB path: [/dev/shm/db_bench_enterprise]
2026-10-06T12:18:49.912241Z readseq      :    0.021913 micros/op 45632428 ops/sec 1.096 seconds 50000000 operations; 2524.1 MB/s
DB path: [/dev/shm/db_bench_enterprise]
2026-10-06T12:18:51.008249Z readseq      :    0.021404 micros/op 46717314 ops/sec 1.070 seconds 50000000 operations; 2584.1 MB/s
DB path: [/dev/shm/db_bench_enterprise]
2026-10-06T12:18:52.078794Z readseq      :    0.021602 micros/op 46289995 ops/sec 1.080 seconds 50000000 operations; 2560.4 MB/s
DB path: [/dev/shm/db_bench_enterprise]
2026-10-06T12:18:53.159237Z readrandom   :    0.107847 micros/op 9272383 ops/sec 5.392 seconds 50000000 operations;  512.9 MB/s (50000000 of 50000000 found)

