$ /home/runner/work/toplingdb/toplingdb/_run_prefix/topling/bin/db_bench -json logs/zipkeyonly/db_bench-fillseq-cspp.yaml -num=50000000 -key_size=8 -value_size=50 -batch_size=1000 -benchmarks=nextwithkey,nextwithkey,nextwithkey,readseq,readseq,readseq -scan_omit_key -scan_omit_value -use_existing_db=1 -enable_zero_copy -progress_reports=false
RocksDB:    version 8.10.2
Date:       Tue Oct  6 12:18:59 2026
CPU:        4 * Intel(R) Xeon(R) 6973P-C
CPUCache:   491520 KB
Set seed to 1791289139423018 because --seed was 0
Initializing RocksDB Options from the specified file
Initializing RocksDB Options from command-line flags
Integrated BlobDB: blob cache disabled
Keys:       8 bytes each (+ 0 bytes user-defined timestamp)
Values:     50 bytes each (25 bytes after compression)
Entries:    50000000
Prefix:    0 bytes
Keys per prefix:    0
RawSize:    2765.7 MB (estimated)
FileSize:   1573.6 MB (estimated)
Write rate: 0 bytes/second
Read rate: 0 ops/second
Compression: Snappy
Compression sampling rate: 0
Memtablerep: CSPPMemTabFactory
Perf Level: 1
------------------------------------------------
DB path: [/dev/shm/db_bench_enterprise]
nextwithkey  :    0.013511 micros/op 73989780 ops/sec 0.676 seconds 50000000 operations;  564.5 MB/s
DB path: [/dev/shm/db_bench_enterprise]
nextwithkey  :    0.012492 micros/op 80044568 ops/sec 0.625 seconds 50000000 operations;  610.7 MB/s
DB path: [/dev/shm/db_bench_enterprise]
nextwithkey  :    0.012607 micros/op 79318747 ops/sec 0.630 seconds 50000000 operations;  605.2 MB/s
DB path: [/dev/shm/db_bench_enterprise]
readseq      :    0.013412 micros/op 74497884 ops/sec 0.671 seconds 50000000 operations;  568.4 MB/s
DB path: [/dev/shm/db_bench_enterprise]
readseq      :    0.013514 micros/op 73988685 ops/sec 0.676 seconds 50000000 operations;  564.5 MB/s
DB path: [/dev/shm/db_bench_enterprise]
readseq      :    0.014218 micros/op 70316268 ops/sec 0.711 seconds 50000000 operations;  536.5 MB/s
