$ /home/runner/work/toplingdb/toplingdb/_run_prefix/rocksdb-master/bin/db_bench -db=/dev/shm/db_bench_rocksdb_master -num=100000000 -key_size=8 -value_size=50 -batch_size=1000 -cache_size=8383207424 -benchmarks=fillseq,flush,compact,readseq,readseq,readseq,readrandom -progress_reports=false -report_bench_start_time -compact_target_level=6 -options_file=.github/bench-conf/rocksdb_db_bench.ini
RocksDB:    version 11.11.0
Date:       Sat Sep 12 18:52:26 2026
CPU:        4 * AMD EPYC 9V74 80-Core Processor
CPUCache:   1024 KB
Set seed to 1789239146116742 because --seed was 0
Initializing RocksDB Options from the specified file
Keys:       8 bytes each (+ 0 bytes user-defined timestamp)
Values:     50 bytes each (25 bytes after compression)
Entries:    100000000
Prefix:    0 bytes
Keys per prefix:    0
RawSize:    5531.3 MB (estimated)
FileSize:   3147.1 MB (estimated)
Write rate: 0 bytes/second
Read rate: 0 ops/second
Compression: Snappy
Compression sampling rate: 0
Memtablerep: SkipListFactory
Perf Level: 1
------------------------------------------------
Initializing RocksDB Options from the specified file
DB path: [/dev/shm/db_bench_rocksdb_master]
2026-09-12T18:52:26.130259Z fillseq      :       0.371 micros/op 2694784 ops/sec 37.109 seconds 100000000 operations;  149.1 MB/s
flush memtable
DB path: [/dev/shm/db_bench_rocksdb_master]
2026-09-12T18:53:03.397437Z compact      : 38623001.000 micros/op 0 ops/sec 38.623 seconds 1 operations;
DB path: [/dev/shm/db_bench_rocksdb_master]
2026-09-12T18:53:42.020666Z readseq      :       0.199 micros/op 5030508 ops/sec 19.879 seconds 100000000 operations;  278.3 MB/s
DB path: [/dev/shm/db_bench_rocksdb_master]
2026-09-12T18:54:01.899620Z readseq      :       0.122 micros/op 8165374 ops/sec 12.247 seconds 100000000 operations;  451.7 MB/s
DB path: [/dev/shm/db_bench_rocksdb_master]
2026-09-12T18:54:14.146698Z readseq      :       0.123 micros/op 8139001 ops/sec 12.287 seconds 100000000 operations;  450.2 MB/s
DB path: [/dev/shm/db_bench_rocksdb_master]
2026-09-12T18:54:26.433451Z readrandom   :       3.138 micros/op 318690 ops/sec 313.784 seconds 100000000 operations;   17.6 MB/s (100000000 of 100000000 found)

