$ /home/runner/work/toplingdb/toplingdb/_run_prefix/rocksdb-v8.10/bin/db_bench -db=/dev/shm/db_bench_rocksdb_v810 -num=50000000 -key_size=8 -value_size=50 -batch_size=1000 -cache_size=8383207424 -benchmarks=fillrandom,flush,compact,readseq,readseq,readseq,readrandom -progress_reports=false -report_bench_start_time -compact_target_level=6 -options_file=.github/bench-conf/rocksdb_db_bench.ini
RocksDB:    version 8.10.2
Date:       Mon Aug 31 15:06:45 2026
CPU:        4 * AMD EPYC 9V74 80-Core Processor
CPUCache:   1024 KB
Set seed to 1788188805015453 because --seed was 0
Initializing RocksDB Options from the specified file
Keys:       8 bytes each (+ 0 bytes user-defined timestamp)
Values:     50 bytes each (25 bytes after compression)
Entries:    50000000
Prefix:    0 bytes
Keys per prefix:    0
RawSize:    2765.7 MB (estimated)
FileSize:   1573.6 MB (estimated)
Write rate: 0 bytes/second
Read rate: 0 ops/second
Compression: Snappy
Compression sampling rate: 0
Memtablerep: SkipListFactory
Perf Level: 1
------------------------------------------------
Initializing RocksDB Options from the specified file
DB path: [/dev/shm/db_bench_rocksdb_v810]
2026-08-31T15:06:45.028060Z fillrandom   :       1.582 micros/op 632265 ops/sec 79.081 seconds 50000000 operations;   35.0 MB/s
flush memtable
DB path: [/dev/shm/db_bench_rocksdb_v810]
2026-08-31T15:08:04.397347Z compact      : 23110893.000 micros/op 0 ops/sec 23.111 seconds 1 operations;
DB path: [/dev/shm/db_bench_rocksdb_v810]
2026-08-31T15:08:27.508463Z readseq      :       0.146 micros/op 6848264 ops/sec 4.615 seconds 31605829 operations;  378.8 MB/s
DB path: [/dev/shm/db_bench_rocksdb_v810]
2026-08-31T15:08:32.123907Z readseq      :       0.101 micros/op 9894284 ops/sec 3.194 seconds 31605829 operations;  547.3 MB/s
DB path: [/dev/shm/db_bench_rocksdb_v810]
2026-08-31T15:08:35.318534Z readseq      :       0.100 micros/op 9977755 ops/sec 3.168 seconds 31605829 operations;  551.9 MB/s
DB path: [/dev/shm/db_bench_rocksdb_v810]
2026-08-31T15:08:38.486373Z readrandom   :       3.089 micros/op 323707 ops/sec 154.460 seconds 50000000 operations;   11.3 MB/s (31607326 of 50000000 found)

