RocksDB:    version 8.10.2
Date:       Sat Aug  8 11:50:01 2026
CPU:        4 * AMD EPYC 7763 64-Core Processor
CPUCache:   512 KB
Set seed to 1786189801874026 because --seed was 0
Initializing RocksDB Options from the specified file
Initializing RocksDB Options from command-line flags
Integrated BlobDB: blob cache disabled
Keys:       8 bytes each (+ 0 bytes user-defined timestamp)
Values:     50 bytes each (25 bytes after compression)
Entries:    100000000
Prefix:    0 bytes
Keys per prefix:    0
RawSize:    5531.3 MB (estimated)
FileSize:   3147.1 MB (estimated)
Write rate: 0 bytes/second
Read rate: 0 ops/second
Compression: Snappy
Compression sampling rate: 0
Memtablerep: CSPPMemTabFactory
Perf Level: 1
------------------------------------------------
Initializing RocksDB Options from the specified file
Initializing RocksDB Options from command-line flags
Integrated BlobDB: blob cache disabled
DB path: [/dev/shm/db_bench_enterprise]
2026-08-08T11:50:03.904052Z fillrandom   :    1.005050 micros/op 994975 ops/sec 100.505 seconds 100000000 operations;   55.0 MB/s
flush memtable
DB path: [/dev/shm/db_bench_enterprise]
2026-08-08T11:51:44.411323Z compact      : 33515783.000000 micros/op 0 ops/sec 33.516 seconds 1 operations;
DB path: [/dev/shm/db_bench_enterprise]
2026-08-08T11:52:17.927271Z readseq      :    0.044564 micros/op 22439496 ops/sec 4.456 seconds 100000000 operations; 1241.2 MB/s
DB path: [/dev/shm/db_bench_enterprise]
2026-08-08T11:52:22.384019Z readseq      :    0.044534 micros/op 22454315 ops/sec 4.453 seconds 100000000 operations; 1242.0 MB/s
DB path: [/dev/shm/db_bench_enterprise]
2026-08-08T11:52:26.837759Z readseq      :    0.044538 micros/op 22452308 ops/sec 4.454 seconds 100000000 operations; 1241.9 MB/s
DB path: [/dev/shm/db_bench_enterprise]
2026-08-08T11:52:31.291910Z readrandom   :    0.271253 micros/op 3686592 ops/sec 27.125 seconds 100000000 operations;  128.9 MB/s (63197572 of 100000000 found)

