RocksDB:    version 8.10.2
Date:       Sat Aug  8 11:55:10 2026
CPU:        4 * AMD EPYC 7763 64-Core Processor
CPUCache:   512 KB
Set seed to 1786190110906172 because --seed was 0
Initializing RocksDB Options from the specified file
Initializing RocksDB Options from command-line flags
Integrated BlobDB: blob cache disabled
Keys:       8 bytes each (+ 0 bytes user-defined timestamp)
Values:     50 bytes each (25 bytes after compression)
Entries:    100000000
Prefix:    0 bytes
Keys per prefix:    0
RawSize:    5531.3 MB (estimated)
FileSize:   3147.1 MB (estimated)
Write rate: 0 bytes/second
Read rate: 0 ops/second
Compression: Snappy
Compression sampling rate: 0
Memtablerep: CSPPMemTabFactory
Perf Level: 1
------------------------------------------------
DB path: [/dev/shm/db_bench_enterprise]
nextwithkey  :    0.019390 micros/op 51570528 ops/sec 1.939 seconds 100000000 operations;  393.5 MB/s
DB path: [/dev/shm/db_bench_enterprise]
nextwithkey  :    0.019094 micros/op 52370169 ops/sec 1.909 seconds 100000000 operations;  399.6 MB/s
DB path: [/dev/shm/db_bench_enterprise]
nextwithkey  :    0.018995 micros/op 52642633 ops/sec 1.900 seconds 100000000 operations;  401.6 MB/s
DB path: [/dev/shm/db_bench_enterprise]
readseq      :    0.019588 micros/op 51048328 ops/sec 1.959 seconds 100000000 operations;  389.5 MB/s
DB path: [/dev/shm/db_bench_enterprise]
readseq      :    0.019588 micros/op 51050673 ops/sec 1.959 seconds 100000000 operations;  389.5 MB/s
DB path: [/dev/shm/db_bench_enterprise]
readseq      :    0.019617 micros/op 50973413 ops/sec 1.962 seconds 100000000 operations;  388.9 MB/s
