RocksDB:    version 8.10.2
Date:       Sat Aug  8 11:53:00 2026
CPU:        4 * AMD EPYC 7763 64-Core Processor
CPUCache:   512 KB
Set seed to 1786189980112635 because --seed was 0
Initializing RocksDB Options from the specified file
Initializing RocksDB Options from command-line flags
Integrated BlobDB: blob cache disabled
Keys:       8 bytes each (+ 0 bytes user-defined timestamp)
Values:     50 bytes each (25 bytes after compression)
Entries:    100000000
Prefix:    0 bytes
Keys per prefix:    0
RawSize:    5531.3 MB (estimated)
FileSize:   3147.1 MB (estimated)
Write rate: 0 bytes/second
Read rate: 0 ops/second
Compression: Snappy
Compression sampling rate: 0
Memtablerep: CSPPMemTabFactory
Perf Level: 1
------------------------------------------------
DB path: [/dev/shm/db_bench_enterprise]
nextwithkey  :    0.025639 micros/op 39001681 ops/sec 2.564 seconds 100000000 operations;  297.6 MB/s
DB path: [/dev/shm/db_bench_enterprise]
nextwithkey  :    0.025602 micros/op 39058395 ops/sec 2.560 seconds 100000000 operations;  298.0 MB/s
DB path: [/dev/shm/db_bench_enterprise]
nextwithkey  :    0.025541 micros/op 39151431 ops/sec 2.554 seconds 100000000 operations;  298.7 MB/s
DB path: [/dev/shm/db_bench_enterprise]
readseq      :    0.026201 micros/op 38165943 ops/sec 2.620 seconds 100000000 operations;  291.2 MB/s
DB path: [/dev/shm/db_bench_enterprise]
readseq      :    0.026071 micros/op 38356279 ops/sec 2.607 seconds 100000000 operations;  292.6 MB/s
DB path: [/dev/shm/db_bench_enterprise]
readseq      :    0.026100 micros/op 38313310 ops/sec 2.610 seconds 100000000 operations;  292.3 MB/s
