$ /home/runner/work/toplingdb/toplingdb/_run_prefix/topling/bin/db_bench -json logs/zipkeyonly/db_bench-fillrandom.yaml -num=100000000 -key_size=8 -value_size=50 -batch_size=1000 -benchmarks=nextwithkey,nextwithkey,nextwithkey,readseq,readseq,readseq -scan_omit_key -scan_omit_value -use_existing_db=1 -enable_zero_copy -progress_reports=false
RocksDB:    version 8.10.2
Date:       Sun Sep 13 17:08:00 2026
CPU:        4 * AMD EPYC 9V74 80-Core Processor
CPUCache:   1024 KB
Set seed to 1789319280035375 because --seed was 0
Initializing RocksDB Options from the specified file
Initializing RocksDB Options from command-line flags
Integrated BlobDB: blob cache disabled
Keys:       8 bytes each (+ 0 bytes user-defined timestamp)
Values:     50 bytes each (25 bytes after compression)
Entries:    100000000
Prefix:    0 bytes
Keys per prefix:    0
RawSize:    5531.3 MB (estimated)
FileSize:   3147.1 MB (estimated)
Write rate: 0 bytes/second
Read rate: 0 ops/second
Compression: Snappy
Compression sampling rate: 0
Memtablerep: CSPPMemTabFactory
Perf Level: 1
------------------------------------------------
DB path: [/dev/shm/db_bench_enterprise]
nextwithkey  :    0.019839 micros/op 50406299 ops/sec 1.984 seconds 100000000 operations;  384.6 MB/s
DB path: [/dev/shm/db_bench_enterprise]
nextwithkey  :    0.019848 micros/op 50380600 ops/sec 1.985 seconds 100000000 operations;  384.4 MB/s
DB path: [/dev/shm/db_bench_enterprise]
nextwithkey  :    0.019832 micros/op 50421651 ops/sec 1.983 seconds 100000000 operations;  384.7 MB/s
DB path: [/dev/shm/db_bench_enterprise]
readseq      :    0.021054 micros/op 47495807 ops/sec 2.105 seconds 100000000 operations;  362.4 MB/s
DB path: [/dev/shm/db_bench_enterprise]
readseq      :    0.021267 micros/op 47019791 ops/sec 2.127 seconds 100000000 operations;  358.7 MB/s
DB path: [/dev/shm/db_bench_enterprise]
readseq      :    0.021041 micros/op 47524948 ops/sec 2.104 seconds 100000000 operations;  362.6 MB/s
