$ /home/runner/work/toplingdb/toplingdb/_run_prefix/topling/bin/db_bench -json logs/zipkeyonly/db_bench-fillrandom.yaml -num=100000000 -key_size=8 -value_size=50 -batch_size=1000 -benchmarks=fillrandom,flush,compact,readseq,readseq,readseq,readrandom -enable_zero_copy -progress_reports=false -report_bench_start_time -compact_target_level=6
RocksDB:    version 8.10.2
Date:       Sun Sep 13 17:05:43 2026
CPU:        4 * AMD EPYC 9V74 80-Core Processor
CPUCache:   1024 KB
Set seed to 1789319143840188 because --seed was 0
Initializing RocksDB Options from the specified file
Initializing RocksDB Options from command-line flags
Integrated BlobDB: blob cache disabled
Keys:       8 bytes each (+ 0 bytes user-defined timestamp)
Values:     50 bytes each (25 bytes after compression)
Entries:    100000000
Prefix:    0 bytes
Keys per prefix:    0
RawSize:    5531.3 MB (estimated)
FileSize:   3147.1 MB (estimated)
Write rate: 0 bytes/second
Read rate: 0 ops/second
Compression: Snappy
Compression sampling rate: 0
Memtablerep: CSPPMemTabFactory
Perf Level: 1
------------------------------------------------
Initializing RocksDB Options from the specified file
Initializing RocksDB Options from command-line flags
Integrated BlobDB: blob cache disabled
DB path: [/dev/shm/db_bench_enterprise]
2026-09-13T17:05:45.864246Z fillrandom   :    0.605143 micros/op 1652500 ops/sec 60.514 seconds 100000000 operations;   91.4 MB/s
flush memtable
DB path: [/dev/shm/db_bench_enterprise]
2026-09-13T17:06:46.406140Z compact      : 43959793.000000 micros/op 0 ops/sec 43.960 seconds 1 operations;
DB path: [/dev/shm/db_bench_enterprise]
2026-09-13T17:07:30.366119Z readseq      :    0.034230 micros/op 29213832 ops/sec 3.423 seconds 100000000 operations; 1615.9 MB/s
DB path: [/dev/shm/db_bench_enterprise]
2026-09-13T17:07:33.789349Z readseq      :    0.032984 micros/op 30316976 ops/sec 3.298 seconds 100000000 operations; 1676.9 MB/s
DB path: [/dev/shm/db_bench_enterprise]
2026-09-13T17:07:37.088005Z readseq      :    0.032954 micros/op 30344639 ops/sec 3.295 seconds 100000000 operations; 1678.5 MB/s
DB path: [/dev/shm/db_bench_enterprise]
2026-09-13T17:07:40.383687Z readrandom   :    0.181545 micros/op 5508252 ops/sec 18.155 seconds 100000000 operations;  192.6 MB/s (63204506 of 100000000 found)

