$ /home/runner/work/toplingdb/toplingdb/_run_prefix/topling/bin/db_bench -json logs/zipkeyonly/db_bench-fillseq.yaml -num=100000000 -key_size=8 -value_size=50 -batch_size=1000 -benchmarks=fillseq,flush,compact,readseq,readseq,readseq,readrandom -enable_zero_copy -progress_reports=false -report_bench_start_time -compact_target_level=6
RocksDB:    version 8.10.2
Date:       Sun Sep 13 17:08:14 2026
CPU:        4 * AMD EPYC 9V74 80-Core Processor
CPUCache:   1024 KB
Set seed to 1789319294689982 because --seed was 0
Initializing RocksDB Options from the specified file
Initializing RocksDB Options from command-line flags
Integrated BlobDB: blob cache disabled
Keys:       8 bytes each (+ 0 bytes user-defined timestamp)
Values:     50 bytes each (25 bytes after compression)
Entries:    100000000
Prefix:    0 bytes
Keys per prefix:    0
RawSize:    5531.3 MB (estimated)
FileSize:   3147.1 MB (estimated)
Write rate: 0 bytes/second
Read rate: 0 ops/second
Compression: Snappy
Compression sampling rate: 0
Memtablerep: OffsetSkipList
Perf Level: 1
------------------------------------------------
Initializing RocksDB Options from the specified file
Initializing RocksDB Options from command-line flags
Integrated BlobDB: blob cache disabled
DB path: [/dev/shm/db_bench_enterprise]
2026-09-13T17:08:16.710719Z fillseq      :    0.257802 micros/op 3878935 ops/sec 25.780 seconds 100000000 operations;  214.6 MB/s
flush memtable
DB path: [/dev/shm/db_bench_enterprise]
2026-09-13T17:08:42.499908Z compact      : 35489726.000000 micros/op 0 ops/sec 35.490 seconds 1 operations;
DB path: [/dev/shm/db_bench_enterprise]
2026-09-13T17:09:17.989833Z readseq      :    0.026073 micros/op 38352837 ops/sec 2.607 seconds 100000000 operations; 2121.4 MB/s
DB path: [/dev/shm/db_bench_enterprise]
2026-09-13T17:09:20.597465Z readseq      :    0.026362 micros/op 37933000 ops/sec 2.636 seconds 100000000 operations; 2098.2 MB/s
DB path: [/dev/shm/db_bench_enterprise]
2026-09-13T17:09:23.233915Z readseq      :    0.026723 micros/op 37420528 ops/sec 2.672 seconds 100000000 operations; 2069.8 MB/s
DB path: [/dev/shm/db_bench_enterprise]
2026-09-13T17:09:25.906446Z readrandom   :    0.121109 micros/op 8256960 ops/sec 12.111 seconds 100000000 operations;  456.7 MB/s (100000000 of 100000000 found)

