RocksDB:    version 11.9.0
Date:       Fri Aug  7 23:25:04 2026
CPU:        4 * AMD EPYC 7763 64-Core Processor
CPUCache:   512 KB
Set seed to 1786145104407624 because --seed was 0
Initializing RocksDB Options from the specified file
Initializing RocksDB Options from command-line flags
Integrated BlobDB: blob cache disabled
Keys:       8 bytes each (+ 0 bytes user-defined timestamp)
Values:     50 bytes each (25 bytes after compression)
Entries:    100000000
Prefix:    0 bytes
Keys per prefix:    0
RawSize:    5531.3 MB (estimated)
FileSize:   3147.1 MB (estimated)
Write rate: 0 bytes/second
Read rate: 0 ops/second
Compression: Snappy
Compression sampling rate: 0
Memtablerep: SkipListFactory
Perf Level: 1
------------------------------------------------
Initializing RocksDB Options from the specified file
Initializing RocksDB Options from command-line flags
Integrated BlobDB: blob cache disabled
DB path: [/dev/shm/db_bench_rocksdb_master]
2026-08-07T23:25:04.420813Z fillseq      :       0.266 micros/op 3755240 ops/sec 26.629 seconds 100000000 operations;  207.7 MB/s
flush memtable
DB path: [/dev/shm/db_bench_rocksdb_master]
2026-08-07T23:25:31.273874Z compact      : 40436697.000 micros/op 0 ops/sec 40.437 seconds 1 operations;
DB path: [/dev/shm/db_bench_rocksdb_master]
2026-08-07T23:26:11.710842Z readseq      :       0.195 micros/op 5116446 ops/sec 19.545 seconds 100000000 operations;  283.0 MB/s
DB path: [/dev/shm/db_bench_rocksdb_master]
2026-08-07T23:26:31.256045Z readseq      :       0.124 micros/op 8089674 ops/sec 12.361 seconds 100000000 operations;  447.5 MB/s
DB path: [/dev/shm/db_bench_rocksdb_master]
2026-08-07T23:26:43.617690Z readseq      :       0.124 micros/op 8077532 ops/sec 12.380 seconds 100000000 operations;  446.8 MB/s
DB path: [/dev/shm/db_bench_rocksdb_master]
2026-08-07T23:26:55.997984Z readrandom   :       3.049 micros/op 327939 ops/sec 304.935 seconds 100000000 operations;   18.1 MB/s (100000000 of 100000000 found)

