RocksDB:    version 11.9.0
Date:       Fri Aug  7 23:16:08 2026
CPU:        4 * AMD EPYC 7763 64-Core Processor
CPUCache:   512 KB
Set seed to 1786144568979215 because --seed was 0
Initializing RocksDB Options from the specified file
Initializing RocksDB Options from command-line flags
Integrated BlobDB: blob cache disabled
Keys:       8 bytes each (+ 0 bytes user-defined timestamp)
Values:     50 bytes each (25 bytes after compression)
Entries:    100000000
Prefix:    0 bytes
Keys per prefix:    0
RawSize:    5531.3 MB (estimated)
FileSize:   3147.1 MB (estimated)
Write rate: 0 bytes/second
Read rate: 0 ops/second
Compression: Snappy
Compression sampling rate: 0
Memtablerep: SkipListFactory
Perf Level: 1
------------------------------------------------
Initializing RocksDB Options from the specified file
Initializing RocksDB Options from command-line flags
Integrated BlobDB: blob cache disabled
DB path: [/dev/shm/db_bench_rocksdb_master]
2026-08-07T23:16:08.993773Z fillrandom   :       1.535 micros/op 651462 ops/sec 153.501 seconds 100000000 operations;   36.0 MB/s
flush memtable
DB path: [/dev/shm/db_bench_rocksdb_master]
2026-08-07T23:18:42.792738Z compact      : 63994535.000 micros/op 0 ops/sec 63.995 seconds 1 operations;
DB path: [/dev/shm/db_bench_rocksdb_master]
2026-08-07T23:19:46.787464Z readseq      :       0.170 micros/op 5873718 ops/sec 10.761 seconds 63207078 operations;  324.9 MB/s
DB path: [/dev/shm/db_bench_rocksdb_master]
2026-08-07T23:19:57.548702Z readseq      :       0.124 micros/op 8075274 ops/sec 7.827 seconds 63207078 operations;  446.7 MB/s
DB path: [/dev/shm/db_bench_rocksdb_master]
2026-08-07T23:20:05.376237Z readseq      :       0.124 micros/op 8035175 ops/sec 7.866 seconds 63207078 operations;  444.5 MB/s
DB path: [/dev/shm/db_bench_rocksdb_master]
2026-08-07T23:20:13.242762Z readrandom   :       2.906 micros/op 344150 ops/sec 290.571 seconds 100000000 operations;   12.0 MB/s (63211985 of 100000000 found)

