RocksDB:    version 8.10.2
Date:       Fri Aug 14 13:13:24 2026
CPU:        4 * AMD EPYC 9V74 80-Core Processor
CPUCache:   1024 KB
Set seed to 1786713204847435 because --seed was 0
Initializing RocksDB Options from the specified file
Initializing RocksDB Options from command-line flags
Integrated BlobDB: blob cache disabled
Keys:       8 bytes each (+ 0 bytes user-defined timestamp)
Values:     50 bytes each (25 bytes after compression)
Entries:    100000000
Prefix:    0 bytes
Keys per prefix:    0
RawSize:    5531.3 MB (estimated)
FileSize:   3147.1 MB (estimated)
Write rate: 0 bytes/second
Read rate: 0 ops/second
Compression: Snappy
Compression sampling rate: 0
Memtablerep: SkipListFactory
Perf Level: 1
------------------------------------------------
Initializing RocksDB Options from the specified file
Initializing RocksDB Options from command-line flags
Integrated BlobDB: blob cache disabled
DB path: [/dev/shm/db_bench_rocksdb_v810]
2026-08-14T13:13:24.859584Z fillseq      :       0.250 micros/op 3992618 ops/sec 25.046 seconds 100000000 operations;  220.8 MB/s
flush memtable
DB path: [/dev/shm/db_bench_rocksdb_v810]
2026-08-14T13:13:50.128269Z compact      : 35762280.000 micros/op 0 ops/sec 35.762 seconds 1 operations;
DB path: [/dev/shm/db_bench_rocksdb_v810]
2026-08-14T13:14:25.890817Z readseq      :       0.172 micros/op 5816998 ops/sec 17.191 seconds 100000000 operations;  321.8 MB/s
DB path: [/dev/shm/db_bench_rocksdb_v810]
2026-08-14T13:14:43.082081Z readseq      :       0.100 micros/op 9953761 ops/sec 10.046 seconds 100000000 operations;  550.6 MB/s
DB path: [/dev/shm/db_bench_rocksdb_v810]
2026-08-14T13:14:53.128740Z readseq      :       0.100 micros/op 9957709 ops/sec 10.042 seconds 100000000 operations;  550.8 MB/s
DB path: [/dev/shm/db_bench_rocksdb_v810]
2026-08-14T13:15:03.171448Z readrandom   :       3.416 micros/op 292739 ops/sec 341.601 seconds 100000000 operations;   16.2 MB/s (100000000 of 100000000 found)

