RocksDB:    version 8.10.2
Date:       Sat Aug 15 23:22:36 2026
CPU:        4 * AMD EPYC 9V74 80-Core Processor
CPUCache:   1024 KB
Set seed to 1786836156283698 because --seed was 0
Initializing RocksDB Options from the specified file
Initializing RocksDB Options from command-line flags
Integrated BlobDB: blob cache disabled
Keys:       8 bytes each (+ 0 bytes user-defined timestamp)
Values:     50 bytes each (25 bytes after compression)
Entries:    100000000
Prefix:    0 bytes
Keys per prefix:    0
RawSize:    5531.3 MB (estimated)
FileSize:   3147.1 MB (estimated)
Write rate: 0 bytes/second
Read rate: 0 ops/second
Compression: Snappy
Compression sampling rate: 0
Memtablerep: CSPPMemTabFactory
Perf Level: 1
------------------------------------------------
DB path: [/dev/shm/db_bench_enterprise]
nextwithkey  :    0.019146 micros/op 52228675 ops/sec 1.915 seconds 100000000 operations;  398.5 MB/s
DB path: [/dev/shm/db_bench_enterprise]
nextwithkey  :    0.019131 micros/op 52269980 ops/sec 1.913 seconds 100000000 operations;  398.8 MB/s
DB path: [/dev/shm/db_bench_enterprise]
nextwithkey  :    0.019122 micros/op 52294362 ops/sec 1.912 seconds 100000000 operations;  399.0 MB/s
DB path: [/dev/shm/db_bench_enterprise]
readseq      :    0.020852 micros/op 47954983 ops/sec 2.085 seconds 100000000 operations;  365.9 MB/s
DB path: [/dev/shm/db_bench_enterprise]
readseq      :    0.019987 micros/op 50030593 ops/sec 1.999 seconds 100000000 operations;  381.7 MB/s
DB path: [/dev/shm/db_bench_enterprise]
readseq      :    0.020049 micros/op 49875311 ops/sec 2.005 seconds 100000000 operations;  380.5 MB/s
