RocksDB:    version 8.10.2
Date:       Sat Aug 15 23:20:29 2026
CPU:        4 * AMD EPYC 9V74 80-Core Processor
CPUCache:   1024 KB
Set seed to 1786836029425705 because --seed was 0
Initializing RocksDB Options from the specified file
Initializing RocksDB Options from command-line flags
Integrated BlobDB: blob cache disabled
Keys:       8 bytes each (+ 0 bytes user-defined timestamp)
Values:     50 bytes each (25 bytes after compression)
Entries:    100000000
Prefix:    0 bytes
Keys per prefix:    0
RawSize:    5531.3 MB (estimated)
FileSize:   3147.1 MB (estimated)
Write rate: 0 bytes/second
Read rate: 0 ops/second
Compression: Snappy
Compression sampling rate: 0
Memtablerep: CSPPMemTabFactory
Perf Level: 1
------------------------------------------------
DB path: [/dev/shm/db_bench_enterprise]
nextwithkey  :    0.026149 micros/op 38241546 ops/sec 2.615 seconds 100000000 operations;  291.8 MB/s
DB path: [/dev/shm/db_bench_enterprise]
nextwithkey  :    0.026086 micros/op 38333166 ops/sec 2.609 seconds 100000000 operations;  292.5 MB/s
DB path: [/dev/shm/db_bench_enterprise]
nextwithkey  :    0.026098 micros/op 38315335 ops/sec 2.610 seconds 100000000 operations;  292.3 MB/s
DB path: [/dev/shm/db_bench_enterprise]
readseq      :    0.026927 micros/op 37135887 ops/sec 2.693 seconds 100000000 operations;  283.3 MB/s
DB path: [/dev/shm/db_bench_enterprise]
readseq      :    0.026917 micros/op 37150566 ops/sec 2.692 seconds 100000000 operations;  283.4 MB/s
DB path: [/dev/shm/db_bench_enterprise]
readseq      :    0.027238 micros/op 36712889 ops/sec 2.724 seconds 100000000 operations;  280.1 MB/s
