RocksDB:    version 8.10.2
Date:       Sat Aug  8 02:32:15 2026
CPU:        4 * AMD EPYC 7763 64-Core Processor
CPUCache:   512 KB
Set seed to 1786156335806868 because --seed was 0
Initializing RocksDB Options from the specified file
Initializing RocksDB Options from command-line flags
Integrated BlobDB: blob cache disabled
Keys:       8 bytes each (+ 0 bytes user-defined timestamp)
Values:     50 bytes each (25 bytes after compression)
Entries:    100000000
Prefix:    0 bytes
Keys per prefix:    0
RawSize:    5531.3 MB (estimated)
FileSize:   3147.1 MB (estimated)
Write rate: 0 bytes/second
Read rate: 0 ops/second
Compression: Snappy
Compression sampling rate: 0
Memtablerep: CSPPMemTabFactory
Perf Level: 1
------------------------------------------------
DB path: [/dev/shm/db_bench_enterprise]
nextwithkey  :    0.019535 micros/op 51188861 ops/sec 1.954 seconds 100000000 operations;  390.5 MB/s
DB path: [/dev/shm/db_bench_enterprise]
nextwithkey  :    0.019386 micros/op 51582579 ops/sec 1.939 seconds 100000000 operations;  393.5 MB/s
DB path: [/dev/shm/db_bench_enterprise]
nextwithkey  :    0.019392 micros/op 51565077 ops/sec 1.939 seconds 100000000 operations;  393.4 MB/s
DB path: [/dev/shm/db_bench_enterprise]
readseq      :    0.019826 micros/op 50436833 ops/sec 1.983 seconds 100000000 operations;  384.8 MB/s
DB path: [/dev/shm/db_bench_enterprise]
readseq      :    0.019836 micros/op 50411864 ops/sec 1.984 seconds 100000000 operations;  384.6 MB/s
DB path: [/dev/shm/db_bench_enterprise]
readseq      :    0.019825 micros/op 50440929 ops/sec 1.983 seconds 100000000 operations;  384.8 MB/s
