$ /home/runner/work/toplingdb/toplingdb/_run_prefix/topling/bin/db_bench -json logs/zipkeyvalue/db_bench-fillseq.yaml -num=100000000 -key_size=8 -value_size=50 -batch_size=1000 -benchmarks=nextwithkey,nextwithkey,nextwithkey,readseq,readseq,readseq -scan_omit_key -scan_omit_value -use_existing_db=1 -enable_zero_copy -progress_reports=false
RocksDB:    version 8.10.2
Date:       Sat Sep 12 14:52:02 2026
CPU:        4 * AMD EPYC 7763 64-Core Processor
CPUCache:   512 KB
Set seed to 1789224722611217 because --seed was 0
Initializing RocksDB Options from the specified file
Initializing RocksDB Options from command-line flags
Integrated BlobDB: blob cache disabled
Keys:       8 bytes each (+ 0 bytes user-defined timestamp)
Values:     50 bytes each (25 bytes after compression)
Entries:    100000000
Prefix:    0 bytes
Keys per prefix:    0
RawSize:    5531.3 MB (estimated)
FileSize:   3147.1 MB (estimated)
Write rate: 0 bytes/second
Read rate: 0 ops/second
Compression: Snappy
Compression sampling rate: 0
Memtablerep: OffsetSkipList
Perf Level: 1
------------------------------------------------
DB path: [/dev/shm/db_bench_enterprise]
nextwithkey  :    0.019000 micros/op 52631080 ops/sec 1.900 seconds 100000000 operations;  401.5 MB/s
DB path: [/dev/shm/db_bench_enterprise]
nextwithkey  :    0.018971 micros/op 52709366 ops/sec 1.897 seconds 100000000 operations;  402.1 MB/s
DB path: [/dev/shm/db_bench_enterprise]
nextwithkey  :    0.019113 micros/op 52319890 ops/sec 1.911 seconds 100000000 operations;  399.2 MB/s
DB path: [/dev/shm/db_bench_enterprise]
readseq      :    0.019453 micros/op 51404605 ops/sec 1.945 seconds 100000000 operations;  392.2 MB/s
DB path: [/dev/shm/db_bench_enterprise]
readseq      :    0.019455 micros/op 51398422 ops/sec 1.946 seconds 100000000 operations;  392.1 MB/s
DB path: [/dev/shm/db_bench_enterprise]
readseq      :    0.019436 micros/op 51448215 ops/sec 1.944 seconds 100000000 operations;  392.5 MB/s
