$ /home/runner/work/toplingdb/toplingdb/_run_prefix/topling/bin/db_bench -json logs/zipkeyvalue/db_bench-fillrandom.yaml -num=100000000 -key_size=8 -value_size=50 -batch_size=1000 -benchmarks=fillrandom,flush,compact,readseq,readseq,readseq,readrandom -enable_zero_copy -progress_reports=false -report_bench_start_time -compact_target_level=6
RocksDB:    version 8.10.2
Date:       Sat Sep 12 14:44:07 2026
CPU:        4 * AMD EPYC 7763 64-Core Processor
CPUCache:   512 KB
Set seed to 1789224247559770 because --seed was 0
Initializing RocksDB Options from the specified file
Initializing RocksDB Options from command-line flags
Integrated BlobDB: blob cache disabled
Keys:       8 bytes each (+ 0 bytes user-defined timestamp)
Values:     50 bytes each (25 bytes after compression)
Entries:    100000000
Prefix:    0 bytes
Keys per prefix:    0
RawSize:    5531.3 MB (estimated)
FileSize:   3147.1 MB (estimated)
Write rate: 0 bytes/second
Read rate: 0 ops/second
Compression: Snappy
Compression sampling rate: 0
Memtablerep: CSPPMemTabFactory
Perf Level: 1
------------------------------------------------
Initializing RocksDB Options from the specified file
Initializing RocksDB Options from command-line flags
Integrated BlobDB: blob cache disabled
DB path: [/dev/shm/db_bench_enterprise]
2026-09-12T14:44:09.587423Z fillrandom   :    0.724703 micros/op 1379874 ops/sec 72.470 seconds 100000000 operations;   76.3 MB/s
start step[ordinal=0, threadno=0, live_fibers=1]: ZipInputData
start step[ordinal=0, threadno=1, live_fibers=1]: ZipInputData
start step[ordinal=0, threadno=2, live_fibers=1]: ZipInputData
start step[ordinal=0, threadno=3, live_fibers=1]: ZipInputData
start step[ordinal=1, threadno=0, live_fibers=1]: WriteZipData
flush memtable
DB path: [/dev/shm/db_bench_enterprise]
2026-09-12T14:45:22.090137Z compact      : 63604525.000000 micros/op 0 ops/sec 63.605 seconds 1 operations;
DB path: [/dev/shm/db_bench_enterprise]
2026-09-12T14:46:25.694872Z readseq      :    0.059216 micros/op 16887119 ops/sec 5.922 seconds 100000000 operations;  934.1 MB/s
DB path: [/dev/shm/db_bench_enterprise]
2026-09-12T14:46:31.616820Z readseq      :    0.059605 micros/op 16776935 ops/sec 5.961 seconds 100000000 operations;  928.0 MB/s
DB path: [/dev/shm/db_bench_enterprise]
2026-09-12T14:46:37.577637Z readseq      :    0.059262 micros/op 16874097 ops/sec 5.926 seconds 100000000 operations;  933.4 MB/s
DB path: [/dev/shm/db_bench_enterprise]
2026-09-12T14:46:43.504152Z readrandom   :    0.562311 micros/op 1778374 ops/sec 56.231 seconds 100000000 operations;   62.2 MB/s (63211377 of 100000000 found)

ended step[ordinal=0, threadno=1, live_fibers=1]: ZipInputData
ended step[ordinal=0, threadno=0, live_fibers=1]: ZipInputData
ended step[ordinal=0, threadno=3, live_fibers=1]: ZipInputData
ended step[ordinal=0, threadno=2, live_fibers=1]: ZipInputData
ended step[ordinal=1, threadno=0, live_fibers=1]: WriteZipData
