$ /home/runner/work/toplingdb/toplingdb/_run_prefix/topling/bin/db_bench -json logs/zipkeyvalue/db_bench-fillseq.yaml -num=100000000 -key_size=8 -value_size=50 -batch_size=1000 -benchmarks=fillseq,flush,compact,readseq,readseq,readseq,readrandom -enable_zero_copy -progress_reports=false -report_bench_start_time -compact_target_level=6
RocksDB:    version 8.10.2
Date:       Sat Sep 12 14:47:56 2026
CPU:        4 * AMD EPYC 7763 64-Core Processor
CPUCache:   512 KB
Set seed to 1789224476245064 because --seed was 0
Initializing RocksDB Options from the specified file
Initializing RocksDB Options from command-line flags
Integrated BlobDB: blob cache disabled
Keys:       8 bytes each (+ 0 bytes user-defined timestamp)
Values:     50 bytes each (25 bytes after compression)
Entries:    100000000
Prefix:    0 bytes
Keys per prefix:    0
RawSize:    5531.3 MB (estimated)
FileSize:   3147.1 MB (estimated)
Write rate: 0 bytes/second
Read rate: 0 ops/second
Compression: Snappy
Compression sampling rate: 0
Memtablerep: OffsetSkipList
Perf Level: 1
------------------------------------------------
Initializing RocksDB Options from the specified file
Initializing RocksDB Options from command-line flags
Integrated BlobDB: blob cache disabled
DB path: [/dev/shm/db_bench_enterprise]
2026-09-12T14:47:58.271923Z fillseq      :    0.340314 micros/op 2938439 ops/sec 34.032 seconds 100000000 operations;  162.5 MB/s
start step[ordinal=0, threadno=0, live_fibers=1]: ZipInputData
start step[ordinal=0, threadno=1, live_fibers=1]: ZipInputData
start step[ordinal=0, threadno=2, live_fibers=1]: ZipInputData
start step[ordinal=0, threadno=3, live_fibers=1]: ZipInputData
start step[ordinal=1, threadno=0, live_fibers=1]: WriteZipData
flush memtable
DB path: [/dev/shm/db_bench_enterprise]
2026-09-12T14:48:32.313062Z compact      : 123973352.000000 micros/op 0 ops/sec 123.973 seconds 1 operations;
DB path: [/dev/shm/db_bench_enterprise]
2026-09-12T14:50:36.286632Z readseq      :    0.047832 micros/op 20906204 ops/sec 4.783 seconds 100000000 operations; 1156.4 MB/s
DB path: [/dev/shm/db_bench_enterprise]
2026-09-12T14:50:41.070155Z readseq      :    0.047170 micros/op 21199843 ops/sec 4.717 seconds 100000000 operations; 1172.6 MB/s
DB path: [/dev/shm/db_bench_enterprise]
2026-09-12T14:50:45.787391Z readseq      :    0.046991 micros/op 21280457 ops/sec 4.699 seconds 100000000 operations; 1177.1 MB/s
DB path: [/dev/shm/db_bench_enterprise]
2026-09-12T14:50:50.486755Z readrandom   :    0.714675 micros/op 1399236 ops/sec 71.468 seconds 100000000 operations;   77.4 MB/s (100000000 of 100000000 found)

ended step[ordinal=0, threadno=0, live_fibers=1]: ZipInputData
ended step[ordinal=0, threadno=3, live_fibers=1]: ZipInputData
ended step[ordinal=0, threadno=1, live_fibers=1]: ZipInputData
ended step[ordinal=0, threadno=2, live_fibers=1]: ZipInputData
ended step[ordinal=1, threadno=0, live_fibers=1]: WriteZipData
