Running as unit: run-r5b65573ed1624cf292e7d3bfb2619e9e.scope; invocation ID: 92adaed9fa054242a3cf9a0a0729ee13
Set seed to 1786264577459563 because --seed was 0
Initializing RocksDB Options from the specified file
Initializing RocksDB Options from command-line flags
Integrated BlobDB: blob cache disabled
CompactionService spool: /dev/shm/rocksdb-cs-spool-v810
RocksDB:    version 8.10.2
Date:       Sun Aug  9 08:36:17 2026
CPU:        4 * AMD EPYC 9V74 80-Core Processor
CPUCache:   1024 KB
Keys:       8 bytes each (+ 0 bytes user-defined timestamp)
Values:     50 bytes each (25 bytes after compression)
Entries:    100000000
Prefix:    0 bytes
Keys per prefix:    0
RawSize:    5531.3 MB (estimated)
FileSize:   3147.1 MB (estimated)
Write rate: 0 bytes/second
Read rate: 0 ops/second
Compression: Snappy
Compression sampling rate: 0
Memtablerep: SkipListFactory
Perf Level: 1
------------------------------------------------
Initializing RocksDB Options from the specified file
Initializing RocksDB Options from command-line flags
Integrated BlobDB: blob cache disabled
CompactionService spool: /dev/shm/rocksdb-cs-spool-v810
DB path: [/dev/shm/db_bench_rocksdb_v810]
2026-08-09T08:36:17.471542Z fillseq      :       1.047 micros/op 954671 ops/sec 104.748 seconds 100000000 operations;   52.8 MB/s
flush memtable
DB path: [/dev/shm/db_bench_rocksdb_v810]
2026-08-09T08:38:02.725231Z compact      : 39795711.000 micros/op 0 ops/sec 39.796 seconds 1 operations;
DB path: [/dev/shm/db_bench_rocksdb_v810]
2026-08-09T08:38:42.521214Z readseq      :       0.381 micros/op 2624067 ops/sec 38.109 seconds 100000000 operations;  145.1 MB/s
DB path: [/dev/shm/db_bench_rocksdb_v810]
2026-08-09T08:39:20.630330Z readseq      :       0.222 micros/op 4499214 ops/sec 22.226 seconds 100000000 operations;  248.9 MB/s
DB path: [/dev/shm/db_bench_rocksdb_v810]
2026-08-09T08:39:42.856629Z readseq      :       0.219 micros/op 4568946 ops/sec 21.887 seconds 100000000 operations;  252.7 MB/s
DB path: [/dev/shm/db_bench_rocksdb_v810]
2026-08-09T08:40:04.743708Z readrandom   :       7.101 micros/op 140829 ops/sec 710.077 seconds 100000000 operations;    7.8 MB/s (100000000 of 100000000 found)

