$ /home/runner/work/toplingdb/toplingdb/_run_prefix/rocksdb-master/bin/db_bench -db=/dev/shm/db_bench_rocksdb_master -num=100000000 -key_size=8 -value_size=50 -batch_size=1000 -cache_size=8385374208 -benchmarks=fillseq,flush,compact,readseq,readseq,readseq,readrandom -progress_reports=false -report_bench_start_time -compact_target_level=6 -options_file=.github/bench-conf/rocksdb_db_bench.ini
RocksDB:    version 11.9.0
Date:       Sun Aug 16 03:09:37 2026
CPU:        4 * AMD EPYC 7763 64-Core Processor
CPUCache:   512 KB
Set seed to 1786849777098675 because --seed was 0
Initializing RocksDB Options from the specified file
Keys:       8 bytes each (+ 0 bytes user-defined timestamp)
Values:     50 bytes each (25 bytes after compression)
Entries:    100000000
Prefix:    0 bytes
Keys per prefix:    0
RawSize:    5531.3 MB (estimated)
FileSize:   3147.1 MB (estimated)
Write rate: 0 bytes/second
Read rate: 0 ops/second
Compression: Snappy
Compression sampling rate: 0
Memtablerep: SkipListFactory
Perf Level: 1
------------------------------------------------
Initializing RocksDB Options from the specified file
DB path: [/dev/shm/db_bench_rocksdb_master]
2026-08-16T03:09:37.111721Z fillseq      :       0.412 micros/op 2427283 ops/sec 41.198 seconds 100000000 operations;  134.3 MB/s
flush memtable
DB path: [/dev/shm/db_bench_rocksdb_master]
2026-08-16T03:10:18.500480Z compact      : 40972454.000 micros/op 0 ops/sec 40.972 seconds 1 operations;
DB path: [/dev/shm/db_bench_rocksdb_master]
2026-08-16T03:10:59.473168Z readseq      :       0.201 micros/op 4983969 ops/sec 20.064 seconds 100000000 operations;  275.7 MB/s
DB path: [/dev/shm/db_bench_rocksdb_master]
2026-08-16T03:11:19.537841Z readseq      :       0.129 micros/op 7734214 ops/sec 12.930 seconds 100000000 operations;  427.8 MB/s
DB path: [/dev/shm/db_bench_rocksdb_master]
2026-08-16T03:11:32.467660Z readseq      :       0.129 micros/op 7743892 ops/sec 12.913 seconds 100000000 operations;  428.3 MB/s
DB path: [/dev/shm/db_bench_rocksdb_master]
2026-08-16T03:11:45.381312Z readrandom   :       3.076 micros/op 325054 ops/sec 307.640 seconds 100000000 operations;   18.0 MB/s (100000000 of 100000000 found)

