RocksDB:    version 8.10.2
Date:       Fri Aug  7 22:28:42 2026
CPU:        4 * AMD EPYC 7763 64-Core Processor
CPUCache:   512 KB
Set seed to 1786141722166338 because --seed was 0
Initializing RocksDB Options from the specified file
Initializing RocksDB Options from command-line flags
Integrated BlobDB: blob cache disabled
Keys:       8 bytes each (+ 0 bytes user-defined timestamp)
Values:     50 bytes each (25 bytes after compression)
Entries:    100000000
Prefix:    0 bytes
Keys per prefix:    0
RawSize:    5531.3 MB (estimated)
FileSize:   3147.1 MB (estimated)
Write rate: 0 bytes/second
Read rate: 0 ops/second
Compression: Snappy
Compression sampling rate: 0
Memtablerep: CSPPMemTabFactory
Perf Level: 1
------------------------------------------------
DB path: [/dev/shm/db_bench_enterprise]
nextwithkey  :    0.019124 micros/op 52288265 ops/sec 1.912 seconds 100000000 operations;  398.9 MB/s
DB path: [/dev/shm/db_bench_enterprise]
nextwithkey  :    0.019171 micros/op 52160813 ops/sec 1.917 seconds 100000000 operations;  398.0 MB/s
DB path: [/dev/shm/db_bench_enterprise]
nextwithkey  :    0.019148 micros/op 52222293 ops/sec 1.915 seconds 100000000 operations;  398.4 MB/s
DB path: [/dev/shm/db_bench_enterprise]
readseq      :    0.019636 micros/op 50924301 ops/sec 1.964 seconds 100000000 operations;  388.5 MB/s
DB path: [/dev/shm/db_bench_enterprise]
readseq      :    0.019619 micros/op 50968061 ops/sec 1.962 seconds 100000000 operations;  388.9 MB/s
DB path: [/dev/shm/db_bench_enterprise]
readseq      :    0.019629 micros/op 50942512 ops/sec 1.963 seconds 100000000 operations;  388.7 MB/s
