RocksDB:    version 8.10.2
Date:       Sat Aug  8 12:11:11 2026
CPU:        4 * AMD EPYC 7763 64-Core Processor
CPUCache:   512 KB
Set seed to 1786191071359127 because --seed was 0
Initializing RocksDB Options from the specified file
Initializing RocksDB Options from command-line flags
Integrated BlobDB: blob cache disabled
Keys:       8 bytes each (+ 0 bytes user-defined timestamp)
Values:     50 bytes each (25 bytes after compression)
Entries:    100000000
Prefix:    0 bytes
Keys per prefix:    0
RawSize:    5531.3 MB (estimated)
FileSize:   3147.1 MB (estimated)
Write rate: 0 bytes/second
Read rate: 0 ops/second
Compression: Snappy
Compression sampling rate: 0
Memtablerep: CSPPMemTabFactory
Perf Level: 1
------------------------------------------------
Initializing RocksDB Options from the specified file
Initializing RocksDB Options from command-line flags
Integrated BlobDB: blob cache disabled
DB path: [/dev/shm/db_bench_enterprise]
2026-08-08T12:11:13.387372Z fillseq      :    0.449009 micros/op 2227125 ops/sec 44.901 seconds 100000000 operations;  123.2 MB/s
start step[ordinal=0, threadno=0, live_fibers=1]: ZipInputData
start step[ordinal=0, threadno=1, live_fibers=1]: ZipInputData
start step[ordinal=0, threadno=2, live_fibers=1]: ZipInputData
start step[ordinal=0, threadno=3, live_fibers=1]: ZipInputData
start step[ordinal=1, threadno=0, live_fibers=1]: WriteZipData
flush memtable
DB path: [/dev/shm/db_bench_enterprise]
2026-08-08T12:11:58.293914Z compact      : 122362663.000000 micros/op 0 ops/sec 122.363 seconds 1 operations;
DB path: [/dev/shm/db_bench_enterprise]
2026-08-08T12:14:00.656845Z readseq      :    0.048898 micros/op 20450554 ops/sec 4.890 seconds 100000000 operations; 1131.2 MB/s
DB path: [/dev/shm/db_bench_enterprise]
2026-08-08T12:14:05.546986Z readseq      :    0.049030 micros/op 20395734 ops/sec 4.903 seconds 100000000 operations; 1128.2 MB/s
DB path: [/dev/shm/db_bench_enterprise]
2026-08-08T12:14:10.450179Z readseq      :    0.049011 micros/op 20403636 ops/sec 4.901 seconds 100000000 operations; 1128.6 MB/s
DB path: [/dev/shm/db_bench_enterprise]
2026-08-08T12:14:15.351525Z readrandom   :    0.650380 micros/op 1537562 ops/sec 65.038 seconds 100000000 operations;   85.0 MB/s (100000000 of 100000000 found)

ended step[ordinal=0, threadno=3, live_fibers=1]: ZipInputData
ended step[ordinal=0, threadno=0, live_fibers=1]: ZipInputData
ended step[ordinal=0, threadno=2, live_fibers=1]: ZipInputData
ended step[ordinal=0, threadno=1, live_fibers=1]: ZipInputData
ended step[ordinal=1, threadno=0, live_fibers=1]: WriteZipData
