RocksDB:    version 8.10.2
Date:       Sat Aug  8 12:10:55 2026
CPU:        4 * AMD EPYC 7763 64-Core Processor
CPUCache:   512 KB
Set seed to 1786191055127714 because --seed was 0
Initializing RocksDB Options from the specified file
Initializing RocksDB Options from command-line flags
Integrated BlobDB: blob cache disabled
Keys:       8 bytes each (+ 0 bytes user-defined timestamp)
Values:     50 bytes each (25 bytes after compression)
Entries:    100000000
Prefix:    0 bytes
Keys per prefix:    0
RawSize:    5531.3 MB (estimated)
FileSize:   3147.1 MB (estimated)
Write rate: 0 bytes/second
Read rate: 0 ops/second
Compression: Snappy
Compression sampling rate: 0
Memtablerep: CSPPMemTabFactory
Perf Level: 1
------------------------------------------------
DB path: [/dev/shm/db_bench_enterprise]
nextwithkey  :    0.025461 micros/op 39275647 ops/sec 2.546 seconds 100000000 operations;  299.6 MB/s
DB path: [/dev/shm/db_bench_enterprise]
nextwithkey  :    0.025406 micros/op 39359990 ops/sec 2.541 seconds 100000000 operations;  300.3 MB/s
DB path: [/dev/shm/db_bench_enterprise]
nextwithkey  :    0.025468 micros/op 39264821 ops/sec 2.547 seconds 100000000 operations;  299.6 MB/s
DB path: [/dev/shm/db_bench_enterprise]
readseq      :    0.025841 micros/op 38697803 ops/sec 2.584 seconds 100000000 operations;  295.2 MB/s
DB path: [/dev/shm/db_bench_enterprise]
readseq      :    0.025983 micros/op 38485132 ops/sec 2.598 seconds 100000000 operations;  293.6 MB/s
DB path: [/dev/shm/db_bench_enterprise]
readseq      :    0.025809 micros/op 38746293 ops/sec 2.581 seconds 100000000 operations;  295.6 MB/s
