RocksDB:    version 8.10.2
Date:       Sat Aug  8 08:00:49 2026
CPU:        4 * AMD EPYC 7763 64-Core Processor
CPUCache:   512 KB
Set seed to 1786176049229244 because --seed was 0
Initializing RocksDB Options from the specified file
Initializing RocksDB Options from command-line flags
Integrated BlobDB: blob cache disabled
Keys:       8 bytes each (+ 0 bytes user-defined timestamp)
Values:     50 bytes each (25 bytes after compression)
Entries:    100000000
Prefix:    0 bytes
Keys per prefix:    0
RawSize:    5531.3 MB (estimated)
FileSize:   3147.1 MB (estimated)
Write rate: 0 bytes/second
Read rate: 0 ops/second
Compression: Snappy
Compression sampling rate: 0
Memtablerep: CSPPMemTabFactory
Perf Level: 1
------------------------------------------------
Initializing RocksDB Options from the specified file
Initializing RocksDB Options from command-line flags
Integrated BlobDB: blob cache disabled
DB path: [/dev/shm/db_bench_enterprise]
2026-08-08T08:00:51.256608Z fillseq      :    0.446384 micros/op 2240220 ops/sec 44.638 seconds 100000000 operations;  123.9 MB/s
flush memtable
DB path: [/dev/shm/db_bench_enterprise]
2026-08-08T08:01:35.901644Z compact      : 39324132.000000 micros/op 0 ops/sec 39.324 seconds 1 operations;
DB path: [/dev/shm/db_bench_enterprise]
2026-08-08T08:02:15.226008Z readseq      :    0.037731 micros/op 26503131 ops/sec 3.773 seconds 100000000 operations; 1466.0 MB/s
DB path: [/dev/shm/db_bench_enterprise]
2026-08-08T08:02:18.999481Z readseq      :    0.037375 micros/op 26755788 ops/sec 3.738 seconds 100000000 operations; 1479.9 MB/s
DB path: [/dev/shm/db_bench_enterprise]
2026-08-08T08:02:22.737201Z readseq      :    0.038220 micros/op 26163743 ops/sec 3.822 seconds 100000000 operations; 1447.2 MB/s
DB path: [/dev/shm/db_bench_enterprise]
2026-08-08T08:02:26.559501Z readrandom   :    0.147390 micros/op 6784709 ops/sec 14.739 seconds 100000000 operations;  375.3 MB/s (100000000 of 100000000 found)

