RocksDB:    version 8.10.2
Date:       Sat Aug  8 08:02:41 2026
CPU:        4 * AMD EPYC 7763 64-Core Processor
CPUCache:   512 KB
Set seed to 1786176161397160 because --seed was 0
Initializing RocksDB Options from the specified file
Initializing RocksDB Options from command-line flags
Integrated BlobDB: blob cache disabled
Keys:       8 bytes each (+ 0 bytes user-defined timestamp)
Values:     50 bytes each (25 bytes after compression)
Entries:    100000000
Prefix:    0 bytes
Keys per prefix:    0
RawSize:    5531.3 MB (estimated)
FileSize:   3147.1 MB (estimated)
Write rate: 0 bytes/second
Read rate: 0 ops/second
Compression: Snappy
Compression sampling rate: 0
Memtablerep: CSPPMemTabFactory
Perf Level: 1
------------------------------------------------
DB path: [/dev/shm/db_bench_enterprise]
nextwithkey  :    0.019052 micros/op 52486440 ops/sec 1.905 seconds 100000000 operations;  400.4 MB/s
DB path: [/dev/shm/db_bench_enterprise]
nextwithkey  :    0.019050 micros/op 52491151 ops/sec 1.905 seconds 100000000 operations;  400.5 MB/s
DB path: [/dev/shm/db_bench_enterprise]
nextwithkey  :    0.019191 micros/op 52105152 ops/sec 1.919 seconds 100000000 operations;  397.5 MB/s
DB path: [/dev/shm/db_bench_enterprise]
readseq      :    0.019590 micros/op 51045774 ops/sec 1.959 seconds 100000000 operations;  389.4 MB/s
DB path: [/dev/shm/db_bench_enterprise]
readseq      :    0.019638 micros/op 50919556 ops/sec 1.964 seconds 100000000 operations;  388.5 MB/s
DB path: [/dev/shm/db_bench_enterprise]
readseq      :    0.019620 micros/op 50966321 ops/sec 1.962 seconds 100000000 operations;  388.8 MB/s
