Running as unit: run-r129b25a3ec90410eab928e88fd9cea86.scope; invocation ID: 17e73b701f35430ead88537a629e3a38
Set seed to 1786718176978880 because --seed was 0
Initializing RocksDB Options from the specified file
Initializing RocksDB Options from command-line flags
Integrated BlobDB: blob cache disabled
CompactionService spool: /dev/shm/rocksdb-cs-spool-v810
RocksDB:    version 8.10.2
Date:       Fri Aug 14 14:36:16 2026
CPU:        4 * AMD EPYC 7763 64-Core Processor
CPUCache:   512 KB
Keys:       8 bytes each (+ 0 bytes user-defined timestamp)
Values:     50 bytes each (25 bytes after compression)
Entries:    100000000
Prefix:    0 bytes
Keys per prefix:    0
RawSize:    5531.3 MB (estimated)
FileSize:   3147.1 MB (estimated)
Write rate: 0 bytes/second
Read rate: 0 ops/second
Compression: Snappy
Compression sampling rate: 0
Memtablerep: SkipListFactory
Perf Level: 1
------------------------------------------------
Initializing RocksDB Options from the specified file
Initializing RocksDB Options from command-line flags
Integrated BlobDB: blob cache disabled
CompactionService spool: /dev/shm/rocksdb-cs-spool-v810
DB path: [/dev/shm/db_bench_rocksdb_v810]
2026-08-14T14:36:16.996228Z fillrandom   :       4.109 micros/op 243367 ops/sec 410.902 seconds 100000000 operations;   13.5 MB/s
flush memtable
DB path: [/dev/shm/db_bench_rocksdb_v810]
2026-08-14T14:43:08.623139Z compact      : 41481893.000 micros/op 0 ops/sec 41.482 seconds 1 operations;
DB path: [/dev/shm/db_bench_rocksdb_v810]
2026-08-14T14:43:50.105226Z readseq      :       0.293 micros/op 3414927 ops/sec 18.511 seconds 63212598 operations;  188.9 MB/s
DB path: [/dev/shm/db_bench_rocksdb_v810]
2026-08-14T14:44:08.616177Z readseq      :       0.207 micros/op 4831465 ops/sec 13.084 seconds 63212598 operations;  267.2 MB/s
DB path: [/dev/shm/db_bench_rocksdb_v810]
2026-08-14T14:44:21.699945Z readseq      :       0.206 micros/op 4860552 ops/sec 13.005 seconds 63212598 operations;  268.9 MB/s
DB path: [/dev/shm/db_bench_rocksdb_v810]
2026-08-14T14:44:34.705416Z readrandom   :       6.519 micros/op 153397 ops/sec 651.901 seconds 100000000 operations;    5.4 MB/s (63217497 of 100000000 found)

