RocksDB:    version 8.10.2
Date:       Sat Aug  8 08:19:09 2026
CPU:        4 * AMD EPYC 7763 64-Core Processor
CPUCache:   512 KB
Set seed to 1786177149535356 because --seed was 0
Initializing RocksDB Options from the specified file
Initializing RocksDB Options from command-line flags
Integrated BlobDB: blob cache disabled
Keys:       8 bytes each (+ 0 bytes user-defined timestamp)
Values:     50 bytes each (25 bytes after compression)
Entries:    100000000
Prefix:    0 bytes
Keys per prefix:    0
RawSize:    5531.3 MB (estimated)
FileSize:   3147.1 MB (estimated)
Write rate: 0 bytes/second
Read rate: 0 ops/second
Compression: Snappy
Compression sampling rate: 0
Memtablerep: CSPPMemTabFactory
Perf Level: 1
------------------------------------------------
Initializing RocksDB Options from the specified file
Initializing RocksDB Options from command-line flags
Integrated BlobDB: blob cache disabled
DB path: [/dev/shm/db_bench_enterprise]
2026-08-08T08:19:11.563165Z fillseq      :    0.451019 micros/op 2217200 ops/sec 45.102 seconds 100000000 operations;  122.6 MB/s
start step[ordinal=0, threadno=0, live_fibers=1]: ZipInputData
start step[ordinal=0, threadno=1, live_fibers=1]: ZipInputData
start step[ordinal=0, threadno=2, live_fibers=1]: ZipInputData
start step[ordinal=0, threadno=3, live_fibers=1]: ZipInputData
start step[ordinal=1, threadno=0, live_fibers=1]: WriteZipData
flush memtable
DB path: [/dev/shm/db_bench_enterprise]
2026-08-08T08:19:56.671416Z compact      : 122982722.000000 micros/op 0 ops/sec 122.983 seconds 1 operations;
DB path: [/dev/shm/db_bench_enterprise]
2026-08-08T08:21:59.654342Z readseq      :    0.049099 micros/op 20366702 ops/sec 4.910 seconds 100000000 operations; 1126.5 MB/s
DB path: [/dev/shm/db_bench_enterprise]
2026-08-08T08:22:04.564547Z readseq      :    0.048306 micros/op 20700946 ops/sec 4.831 seconds 100000000 operations; 1145.0 MB/s
DB path: [/dev/shm/db_bench_enterprise]
2026-08-08T08:22:09.395469Z readseq      :    0.048643 micros/op 20557739 ops/sec 4.864 seconds 100000000 operations; 1137.1 MB/s
DB path: [/dev/shm/db_bench_enterprise]
2026-08-08T08:22:14.260195Z readrandom   :    0.630179 micros/op 1586849 ops/sec 63.018 seconds 100000000 operations;   87.8 MB/s (100000000 of 100000000 found)

ended step[ordinal=0, threadno=0, live_fibers=1]: ZipInputData
ended step[ordinal=0, threadno=1, live_fibers=1]: ZipInputData
ended step[ordinal=0, threadno=3, live_fibers=1]: ZipInputData
ended step[ordinal=0, threadno=2, live_fibers=1]: ZipInputData
ended step[ordinal=1, threadno=0, live_fibers=1]: WriteZipData
