RocksDB:    version 8.10.2
Date:       Sat Aug  8 08:18:53 2026
CPU:        4 * AMD EPYC 7763 64-Core Processor
CPUCache:   512 KB
Set seed to 1786177133305297 because --seed was 0
Initializing RocksDB Options from the specified file
Initializing RocksDB Options from command-line flags
Integrated BlobDB: blob cache disabled
Keys:       8 bytes each (+ 0 bytes user-defined timestamp)
Values:     50 bytes each (25 bytes after compression)
Entries:    100000000
Prefix:    0 bytes
Keys per prefix:    0
RawSize:    5531.3 MB (estimated)
FileSize:   3147.1 MB (estimated)
Write rate: 0 bytes/second
Read rate: 0 ops/second
Compression: Snappy
Compression sampling rate: 0
Memtablerep: CSPPMemTabFactory
Perf Level: 1
------------------------------------------------
DB path: [/dev/shm/db_bench_enterprise]
nextwithkey  :    0.025428 micros/op 39326386 ops/sec 2.543 seconds 100000000 operations;  300.0 MB/s
DB path: [/dev/shm/db_bench_enterprise]
nextwithkey  :    0.025418 micros/op 39341161 ops/sec 2.542 seconds 100000000 operations;  300.1 MB/s
DB path: [/dev/shm/db_bench_enterprise]
nextwithkey  :    0.025422 micros/op 39334569 ops/sec 2.542 seconds 100000000 operations;  300.1 MB/s
DB path: [/dev/shm/db_bench_enterprise]
readseq      :    0.025831 micros/op 38712619 ops/sec 2.583 seconds 100000000 operations;  295.4 MB/s
DB path: [/dev/shm/db_bench_enterprise]
readseq      :    0.025797 micros/op 38763851 ops/sec 2.580 seconds 100000000 operations;  295.7 MB/s
DB path: [/dev/shm/db_bench_enterprise]
readseq      :    0.025802 micros/op 38755468 ops/sec 2.580 seconds 100000000 operations;  295.7 MB/s
