RocksDB:    version 8.10.2
Date:       Sat Aug  8 08:23:17 2026
CPU:        4 * AMD EPYC 7763 64-Core Processor
CPUCache:   512 KB
Set seed to 1786177397911131 because --seed was 0
Initializing RocksDB Options from the specified file
Initializing RocksDB Options from command-line flags
Integrated BlobDB: blob cache disabled
Keys:       8 bytes each (+ 0 bytes user-defined timestamp)
Values:     50 bytes each (25 bytes after compression)
Entries:    100000000
Prefix:    0 bytes
Keys per prefix:    0
RawSize:    5531.3 MB (estimated)
FileSize:   3147.1 MB (estimated)
Write rate: 0 bytes/second
Read rate: 0 ops/second
Compression: Snappy
Compression sampling rate: 0
Memtablerep: CSPPMemTabFactory
Perf Level: 1
------------------------------------------------
DB path: [/dev/shm/db_bench_enterprise]
nextwithkey  :    0.019119 micros/op 52303717 ops/sec 1.912 seconds 100000000 operations;  399.0 MB/s
DB path: [/dev/shm/db_bench_enterprise]
nextwithkey  :    0.019051 micros/op 52489470 ops/sec 1.905 seconds 100000000 operations;  400.5 MB/s
DB path: [/dev/shm/db_bench_enterprise]
nextwithkey  :    0.019160 micros/op 52191603 ops/sec 1.916 seconds 100000000 operations;  398.2 MB/s
DB path: [/dev/shm/db_bench_enterprise]
readseq      :    0.019563 micros/op 51114369 ops/sec 1.956 seconds 100000000 operations;  390.0 MB/s
DB path: [/dev/shm/db_bench_enterprise]
readseq      :    0.019570 micros/op 51097654 ops/sec 1.957 seconds 100000000 operations;  389.8 MB/s
DB path: [/dev/shm/db_bench_enterprise]
readseq      :    0.019578 micros/op 51075835 ops/sec 1.958 seconds 100000000 operations;  389.7 MB/s
