$ /home/runner/work/toplingdb/toplingdb/_run_prefix/rocksdb-v8.10/bin/db_bench -db=/dev/shm/db_bench_rocksdb_v810 -num=50000000 -key_size=8 -value_size=50 -batch_size=1000 -cache_size=8383207424 -benchmarks=fillrandom,flush,compact,readseq,readseq,readseq,readrandom -progress_reports=false -report_bench_start_time -compact_target_level=6 -options_file=.github/bench-conf/rocksdb_db_bench.ini
RocksDB:    version 8.10.2
Date:       Tue Sep 15 06:41:21 2026
CPU:        4 * AMD EPYC 7763 64-Core Processor
CPUCache:   512 KB
Set seed to 1789454481074917 because --seed was 0
Initializing RocksDB Options from the specified file
Keys:       8 bytes each (+ 0 bytes user-defined timestamp)
Values:     50 bytes each (25 bytes after compression)
Entries:    50000000
Prefix:    0 bytes
Keys per prefix:    0
RawSize:    2765.7 MB (estimated)
FileSize:   1573.6 MB (estimated)
Write rate: 0 bytes/second
Read rate: 0 ops/second
Compression: Snappy
Compression sampling rate: 0
Memtablerep: SkipListFactory
Perf Level: 1
------------------------------------------------
Initializing RocksDB Options from the specified file
DB path: [/dev/shm/db_bench_rocksdb_v810]
2026-09-15T06:41:21.088489Z fillrandom   :       1.505 micros/op 664354 ops/sec 75.261 seconds 50000000 operations;   36.7 MB/s
flush memtable
DB path: [/dev/shm/db_bench_rocksdb_v810]
2026-09-15T06:42:36.614176Z compact      : 21640242.000 micros/op 0 ops/sec 21.640 seconds 1 operations;
DB path: [/dev/shm/db_bench_rocksdb_v810]
2026-09-15T06:42:58.254711Z readseq      :       0.133 micros/op 7507266 ops/sec 4.210 seconds 31605135 operations;  415.3 MB/s
DB path: [/dev/shm/db_bench_rocksdb_v810]
2026-09-15T06:43:02.464851Z readseq      :       0.093 micros/op 10788808 ops/sec 2.929 seconds 31605135 operations;  596.8 MB/s
DB path: [/dev/shm/db_bench_rocksdb_v810]
2026-09-15T06:43:05.394509Z readseq      :       0.093 micros/op 10771647 ops/sec 2.934 seconds 31605135 operations;  595.8 MB/s
DB path: [/dev/shm/db_bench_rocksdb_v810]
2026-09-15T06:43:08.328876Z readrandom   :       2.868 micros/op 348705 ops/sec 143.387 seconds 50000000 operations;   12.2 MB/s (31608353 of 50000000 found)

$ /home/runner/work/toplingdb/toplingdb/_run_prefix/rocksdb-v8.10/bin/db_bench -db=/dev/shm/db_bench_rocksdb_v810 -num=50000000 -key_size=8 -value_size=50 -batch_size=1000 -cache_size=8383207424 -benchmarks=fillseq,flush,compact,readseq,readseq,readseq,readrandom -progress_reports=false -report_bench_start_time -compact_target_level=6 -options_file=.github/bench-conf/rocksdb_db_bench.ini
RocksDB:    version 8.10.2
Date:       Tue Sep 15 06:45:32 2026
CPU:        4 * AMD EPYC 7763 64-Core Processor
CPUCache:   512 KB
Set seed to 1789454732042830 because --seed was 0
Initializing RocksDB Options from the specified file
Keys:       8 bytes each (+ 0 bytes user-defined timestamp)
Values:     50 bytes each (25 bytes after compression)
Entries:    50000000
Prefix:    0 bytes
Keys per prefix:    0
RawSize:    2765.7 MB (estimated)
FileSize:   1573.6 MB (estimated)
Write rate: 0 bytes/second
Read rate: 0 ops/second
Compression: Snappy
Compression sampling rate: 0
Memtablerep: SkipListFactory
Perf Level: 1
------------------------------------------------
Initializing RocksDB Options from the specified file
DB path: [/dev/shm/db_bench_rocksdb_v810]
2026-09-15T06:45:32.055506Z fillseq      :       0.390 micros/op 2562836 ops/sec 19.510 seconds 50000000 operations;  141.8 MB/s
flush memtable
DB path: [/dev/shm/db_bench_rocksdb_v810]
2026-09-15T06:45:51.745854Z compact      : 18965507.000 micros/op 0 ops/sec 18.966 seconds 1 operations;
DB path: [/dev/shm/db_bench_rocksdb_v810]
2026-09-15T06:46:10.711637Z readseq      :       0.154 micros/op 6511228 ops/sec 7.679 seconds 50000000 operations;  360.2 MB/s
DB path: [/dev/shm/db_bench_rocksdb_v810]
2026-09-15T06:46:18.390880Z readseq      :       0.093 micros/op 10773342 ops/sec 4.641 seconds 50000000 operations;  595.9 MB/s
DB path: [/dev/shm/db_bench_rocksdb_v810]
2026-09-15T06:46:23.032182Z readseq      :       0.093 micros/op 10767656 ops/sec 4.644 seconds 50000000 operations;  595.6 MB/s
DB path: [/dev/shm/db_bench_rocksdb_v810]
2026-09-15T06:46:27.675993Z readrandom   :       3.130 micros/op 319537 ops/sec 156.476 seconds 50000000 operations;   17.7 MB/s (50000000 of 50000000 found)
