$ /home/runner/work/toplingdb/toplingdb/_run_prefix/topling/bin/db_bench -json logs/zipkeyonly/db_bench-fillrandom.yaml -num=50000000 -key_size=8 -value_size=50 -batch_size=1000 -benchmarks=nextwithkey,nextwithkey,nextwithkey,readseq,readseq,readseq -scan_omit_key -scan_omit_value -use_existing_db=1 -enable_zero_copy -progress_reports=false
RocksDB:    version 8.10.2
Date:       Mon Aug 31 14:46:38 2026
CPU:        4 * AMD EPYC 9V74 80-Core Processor
CPUCache:   1024 KB
Set seed to 1788187598709421 because --seed was 0
Initializing RocksDB Options from the specified file
Initializing RocksDB Options from command-line flags
Integrated BlobDB: blob cache disabled
Keys:       8 bytes each (+ 0 bytes user-defined timestamp)
Values:     50 bytes each (25 bytes after compression)
Entries:    50000000
Prefix:    0 bytes
Keys per prefix:    0
RawSize:    2765.7 MB (estimated)
FileSize:   1573.6 MB (estimated)
Write rate: 0 bytes/second
Read rate: 0 ops/second
Compression: Snappy
Compression sampling rate: 0
Memtablerep: CSPPMemTabFactory
Perf Level: 1
------------------------------------------------
DB path: [/dev/shm/db_bench_enterprise]
nextwithkey  :    0.025740 micros/op 38848952 ops/sec 1.287 seconds 50000000 operations;  296.4 MB/s
DB path: [/dev/shm/db_bench_enterprise]
nextwithkey  :    0.025784 micros/op 38782418 ops/sec 1.289 seconds 50000000 operations;  295.9 MB/s
DB path: [/dev/shm/db_bench_enterprise]
nextwithkey  :    0.025713 micros/op 38889230 ops/sec 1.286 seconds 50000000 operations;  296.7 MB/s
DB path: [/dev/shm/db_bench_enterprise]
readseq      :    0.027028 micros/op 36994315 ops/sec 1.352 seconds 50000000 operations;  282.2 MB/s
DB path: [/dev/shm/db_bench_enterprise]
readseq      :    0.026935 micros/op 37125312 ops/sec 1.347 seconds 50000000 operations;  283.2 MB/s
DB path: [/dev/shm/db_bench_enterprise]
readseq      :    0.027197 micros/op 36766814 ops/sec 1.360 seconds 50000000 operations;  280.5 MB/s
