$ /home/runner/work/toplingdb/toplingdb/_run_prefix/topling/bin/db_bench -json logs/zipkeyonly/db_bench-fillseq.yaml -num=50000000 -key_size=8 -value_size=50 -batch_size=1000 -benchmarks=fillseq,flush,compact,readseq,readseq,readseq,readrandom -enable_zero_copy -progress_reports=false -report_bench_start_time -compact_target_level=6
RocksDB:    version 8.10.2
Date:       Mon Aug 31 14:46:47 2026
CPU:        4 * AMD EPYC 9V74 80-Core Processor
CPUCache:   1024 KB
Set seed to 1788187607089552 because --seed was 0
Initializing RocksDB Options from the specified file
Initializing RocksDB Options from command-line flags
Integrated BlobDB: blob cache disabled
Keys:       8 bytes each (+ 0 bytes user-defined timestamp)
Values:     50 bytes each (25 bytes after compression)
Entries:    50000000
Prefix:    0 bytes
Keys per prefix:    0
RawSize:    2765.7 MB (estimated)
FileSize:   1573.6 MB (estimated)
Write rate: 0 bytes/second
Read rate: 0 ops/second
Compression: Snappy
Compression sampling rate: 0
Memtablerep: CSPPMemTabFactory
Perf Level: 1
------------------------------------------------
Initializing RocksDB Options from the specified file
Initializing RocksDB Options from command-line flags
Integrated BlobDB: blob cache disabled
DB path: [/dev/shm/db_bench_enterprise]
2026-08-31T14:46:49.114867Z fillseq      :    0.424472 micros/op 2355862 ops/sec 21.224 seconds 50000000 operations;  130.3 MB/s
flush memtable
DB path: [/dev/shm/db_bench_enterprise]
2026-08-31T14:47:10.342768Z compact      : 20515999.000000 micros/op 0 ops/sec 20.516 seconds 1 operations;
DB path: [/dev/shm/db_bench_enterprise]
2026-08-31T14:47:30.858991Z readseq      :    0.033559 micros/op 29797644 ops/sec 1.678 seconds 50000000 operations; 1648.2 MB/s
DB path: [/dev/shm/db_bench_enterprise]
2026-08-31T14:47:32.537197Z readseq      :    0.033033 micros/op 30272610 ops/sec 1.652 seconds 50000000 operations; 1674.5 MB/s
DB path: [/dev/shm/db_bench_enterprise]
2026-08-31T14:47:34.189141Z readseq      :    0.033670 micros/op 29698935 ops/sec 1.684 seconds 50000000 operations; 1642.7 MB/s
DB path: [/dev/shm/db_bench_enterprise]
2026-08-31T14:47:35.872977Z readrandom   :    0.148870 micros/op 6717246 ops/sec 7.444 seconds 50000000 operations;  371.6 MB/s (50000000 of 50000000 found)

