$ /home/runner/work/toplingdb/toplingdb/_run_prefix/topling/bin/db_bench -json logs/zipkeyonly/db_bench-fillseq.yaml -num=50000000 -key_size=8 -value_size=50 -batch_size=1000 -benchmarks=nextwithkey,nextwithkey,nextwithkey,readseq,readseq,readseq -scan_omit_key -scan_omit_value -use_existing_db=1 -enable_zero_copy -progress_reports=false
RocksDB:    version 8.10.2
Date:       Mon Aug 31 14:47:45 2026
CPU:        4 * AMD EPYC 9V74 80-Core Processor
CPUCache:   1024 KB
Set seed to 1788187665213719 because --seed was 0
Initializing RocksDB Options from the specified file
Initializing RocksDB Options from command-line flags
Integrated BlobDB: blob cache disabled
Keys:       8 bytes each (+ 0 bytes user-defined timestamp)
Values:     50 bytes each (25 bytes after compression)
Entries:    50000000
Prefix:    0 bytes
Keys per prefix:    0
RawSize:    2765.7 MB (estimated)
FileSize:   1573.6 MB (estimated)
Write rate: 0 bytes/second
Read rate: 0 ops/second
Compression: Snappy
Compression sampling rate: 0
Memtablerep: CSPPMemTabFactory
Perf Level: 1
------------------------------------------------
DB path: [/dev/shm/db_bench_enterprise]
nextwithkey  :    0.019634 micros/op 50929825 ops/sec 0.982 seconds 50000000 operations;  388.6 MB/s
DB path: [/dev/shm/db_bench_enterprise]
nextwithkey  :    0.019283 micros/op 51857375 ops/sec 0.964 seconds 50000000 operations;  395.6 MB/s
DB path: [/dev/shm/db_bench_enterprise]
nextwithkey  :    0.021379 micros/op 46771065 ops/sec 1.069 seconds 50000000 operations;  356.8 MB/s
DB path: [/dev/shm/db_bench_enterprise]
readseq      :    0.019953 micros/op 50116119 ops/sec 0.998 seconds 50000000 operations;  382.4 MB/s
DB path: [/dev/shm/db_bench_enterprise]
readseq      :    0.019955 micros/op 50109941 ops/sec 0.998 seconds 50000000 operations;  382.3 MB/s
DB path: [/dev/shm/db_bench_enterprise]
readseq      :    0.019969 micros/op 50075463 ops/sec 0.998 seconds 50000000 operations;  382.0 MB/s
