$ /home/runner/work/toplingdb/toplingdb/_run_prefix/topling/bin/db_bench -json logs/zipkeyonly/db_bench-fillrandom.yaml -num=100000000 -key_size=8 -value_size=50 -batch_size=1000 -benchmarks=fillrandom,flush,compact,readseq,readseq,readseq,readrandom -enable_zero_copy -progress_reports=false -report_bench_start_time -compact_target_level=6
RocksDB:    version 8.10.2
Date:       Sun Aug 16 16:12:57 2026
CPU:        4 * AMD EPYC 7763 64-Core Processor
CPUCache:   512 KB
Set seed to 1786896777776429 because --seed was 0
Initializing RocksDB Options from the specified file
Initializing RocksDB Options from command-line flags
Integrated BlobDB: blob cache disabled
Keys:       8 bytes each (+ 0 bytes user-defined timestamp)
Values:     50 bytes each (25 bytes after compression)
Entries:    100000000
Prefix:    0 bytes
Keys per prefix:    0
RawSize:    5531.3 MB (estimated)
FileSize:   3147.1 MB (estimated)
Write rate: 0 bytes/second
Read rate: 0 ops/second
Compression: Snappy
Compression sampling rate: 0
Memtablerep: CSPPMemTabFactory
Perf Level: 1
------------------------------------------------
Initializing RocksDB Options from the specified file
Initializing RocksDB Options from command-line flags
Integrated BlobDB: blob cache disabled
DB path: [/dev/shm/db_bench_enterprise]
2026-08-16T16:12:59.805503Z fillrandom   :    1.006771 micros/op 993274 ops/sec 100.677 seconds 100000000 operations;   54.9 MB/s
flush memtable
DB path: [/dev/shm/db_bench_enterprise]
2026-08-16T16:14:40.489788Z compact      : 28655271.000000 micros/op 0 ops/sec 28.655 seconds 1 operations;
DB path: [/dev/shm/db_bench_enterprise]
2026-08-16T16:15:09.145291Z readseq      :    0.039910 micros/op 25055893 ops/sec 3.991 seconds 100000000 operations; 1385.9 MB/s
DB path: [/dev/shm/db_bench_enterprise]
2026-08-16T16:15:13.136625Z readseq      :    0.040179 micros/op 24888765 ops/sec 4.018 seconds 100000000 operations; 1376.7 MB/s
DB path: [/dev/shm/db_bench_enterprise]
2026-08-16T16:15:17.154695Z readseq      :    0.039960 micros/op 25024724 ops/sec 3.996 seconds 100000000 operations; 1384.2 MB/s
DB path: [/dev/shm/db_bench_enterprise]
2026-08-16T16:15:21.151130Z readrandom   :    0.206141 micros/op 4851034 ops/sec 20.614 seconds 100000000 operations;  169.6 MB/s (63204035 of 100000000 found)

