$ /home/runner/work/toplingdb/toplingdb/_run_prefix/topling/bin/db_bench -json logs/zipkeyonly/db_bench-fillseq.yaml -num=100000000 -key_size=8 -value_size=50 -batch_size=1000 -benchmarks=fillseq,flush,compact,readseq,readseq,readseq,readrandom -enable_zero_copy -progress_reports=false -report_bench_start_time -compact_target_level=6
RocksDB:    version 8.10.2
Date:       Sun Aug 16 16:15:58 2026
CPU:        4 * AMD EPYC 7763 64-Core Processor
CPUCache:   512 KB
Set seed to 1786896958636285 because --seed was 0
Initializing RocksDB Options from the specified file
Initializing RocksDB Options from command-line flags
Integrated BlobDB: blob cache disabled
Keys:       8 bytes each (+ 0 bytes user-defined timestamp)
Values:     50 bytes each (25 bytes after compression)
Entries:    100000000
Prefix:    0 bytes
Keys per prefix:    0
RawSize:    5531.3 MB (estimated)
FileSize:   3147.1 MB (estimated)
Write rate: 0 bytes/second
Read rate: 0 ops/second
Compression: Snappy
Compression sampling rate: 0
Memtablerep: CSPPMemTabFactory
Perf Level: 1
------------------------------------------------
Initializing RocksDB Options from the specified file
Initializing RocksDB Options from command-line flags
Integrated BlobDB: blob cache disabled
DB path: [/dev/shm/db_bench_enterprise]
2026-08-16T16:16:00.663828Z fillseq      :    0.433639 micros/op 2306063 ops/sec 43.364 seconds 100000000 operations;  127.6 MB/s
flush memtable
DB path: [/dev/shm/db_bench_enterprise]
2026-08-16T16:16:44.034328Z compact      : 41136955.000000 micros/op 0 ops/sec 41.137 seconds 1 operations;
DB path: [/dev/shm/db_bench_enterprise]
2026-08-16T16:17:25.171491Z readseq      :    0.032474 micros/op 30793628 ops/sec 3.247 seconds 100000000 operations; 1703.3 MB/s
DB path: [/dev/shm/db_bench_enterprise]
2026-08-16T16:17:28.419205Z readseq      :    0.032677 micros/op 30602246 ops/sec 3.268 seconds 100000000 operations; 1692.7 MB/s
DB path: [/dev/shm/db_bench_enterprise]
2026-08-16T16:17:31.687139Z readseq      :    0.032645 micros/op 30631783 ops/sec 3.265 seconds 100000000 operations; 1694.3 MB/s
DB path: [/dev/shm/db_bench_enterprise]
2026-08-16T16:17:34.951989Z readrandom   :    0.150542 micros/op 6642651 ops/sec 15.054 seconds 100000000 operations;  367.4 MB/s (100000000 of 100000000 found)

