$ /home/runner/work/toplingdb/toplingdb/_run_prefix/topling/bin/db_bench -json logs/zipkeyonly/db_bench-fillrandom.yaml -num=100000000 -key_size=8 -value_size=50 -batch_size=1000 -benchmarks=nextwithkey,nextwithkey,nextwithkey,readseq,readseq,readseq -scan_omit_key -scan_omit_value -use_existing_db=1 -enable_zero_copy -progress_reports=false
RocksDB:    version 8.10.2
Date:       Sun Aug 16 16:15:42 2026
CPU:        4 * AMD EPYC 7763 64-Core Processor
CPUCache:   512 KB
Set seed to 1786896942007888 because --seed was 0
Initializing RocksDB Options from the specified file
Initializing RocksDB Options from command-line flags
Integrated BlobDB: blob cache disabled
Keys:       8 bytes each (+ 0 bytes user-defined timestamp)
Values:     50 bytes each (25 bytes after compression)
Entries:    100000000
Prefix:    0 bytes
Keys per prefix:    0
RawSize:    5531.3 MB (estimated)
FileSize:   3147.1 MB (estimated)
Write rate: 0 bytes/second
Read rate: 0 ops/second
Compression: Snappy
Compression sampling rate: 0
Memtablerep: CSPPMemTabFactory
Perf Level: 1
------------------------------------------------
DB path: [/dev/shm/db_bench_enterprise]
nextwithkey  :    0.025165 micros/op 39736815 ops/sec 2.517 seconds 100000000 operations;  303.2 MB/s
DB path: [/dev/shm/db_bench_enterprise]
nextwithkey  :    0.025302 micros/op 39522645 ops/sec 2.530 seconds 100000000 operations;  301.5 MB/s
DB path: [/dev/shm/db_bench_enterprise]
nextwithkey  :    0.025131 micros/op 39791302 ops/sec 2.513 seconds 100000000 operations;  303.6 MB/s
DB path: [/dev/shm/db_bench_enterprise]
readseq      :    0.025790 micros/op 38774042 ops/sec 2.579 seconds 100000000 operations;  295.8 MB/s
DB path: [/dev/shm/db_bench_enterprise]
readseq      :    0.025819 micros/op 38730641 ops/sec 2.582 seconds 100000000 operations;  295.5 MB/s
DB path: [/dev/shm/db_bench_enterprise]
readseq      :    0.025801 micros/op 38756805 ops/sec 2.580 seconds 100000000 operations;  295.7 MB/s
