RocksDB:    version 8.10.2
Date:       Fri Aug  7 15:30:09 2026
CPU:        4 * AMD EPYC 9V74 80-Core Processor
CPUCache:   1024 KB
Set seed to 1786116609060260 because --seed was 0
Initializing RocksDB Options from the specified file
Initializing RocksDB Options from command-line flags
Integrated BlobDB: blob cache disabled
Keys:       8 bytes each (+ 0 bytes user-defined timestamp)
Values:     50 bytes each (25 bytes after compression)
Entries:    50000000
Prefix:    0 bytes
Keys per prefix:    0
RawSize:    2765.7 MB (estimated)
FileSize:   1573.6 MB (estimated)
Write rate: 0 bytes/second
Read rate: 0 ops/second
Compression: Snappy
Compression sampling rate: 0
Memtablerep: CSPPMemTabFactory
Perf Level: 1
------------------------------------------------
DB path: [/dev/shm/db_bench_enterprise]
nextwithkey  :    0.019255 micros/op 51929869 ops/sec 0.963 seconds 50000000 operations;  396.2 MB/s
DB path: [/dev/shm/db_bench_enterprise]
nextwithkey  :    0.019213 micros/op 52043812 ops/sec 0.961 seconds 50000000 operations;  397.1 MB/s
DB path: [/dev/shm/db_bench_enterprise]
nextwithkey  :    0.019278 micros/op 51867166 ops/sec 0.964 seconds 50000000 operations;  395.7 MB/s
DB path: [/dev/shm/db_bench_enterprise]
readseq      :    0.019902 micros/op 50242167 ops/sec 0.995 seconds 50000000 operations;  383.3 MB/s
DB path: [/dev/shm/db_bench_enterprise]
readseq      :    0.019915 micros/op 50210028 ops/sec 0.996 seconds 50000000 operations;  383.1 MB/s
DB path: [/dev/shm/db_bench_enterprise]
readseq      :    0.019909 micros/op 50225159 ops/sec 0.996 seconds 50000000 operations;  383.2 MB/s
