RocksDB:    version 8.10.2
Date:       Fri Aug  7 15:28:06 2026
CPU:        4 * AMD EPYC 9V74 80-Core Processor
CPUCache:   1024 KB
Set seed to 1786116486656862 because --seed was 0
Initializing RocksDB Options from the specified file
Initializing RocksDB Options from command-line flags
Integrated BlobDB: blob cache disabled
Keys:       8 bytes each (+ 0 bytes user-defined timestamp)
Values:     50 bytes each (25 bytes after compression)
Entries:    50000000
Prefix:    0 bytes
Keys per prefix:    0
RawSize:    2765.7 MB (estimated)
FileSize:   1573.6 MB (estimated)
Write rate: 0 bytes/second
Read rate: 0 ops/second
Compression: Snappy
Compression sampling rate: 0
Memtablerep: CSPPMemTabFactory
Perf Level: 1
------------------------------------------------
DB path: [/dev/shm/db_bench_enterprise]
nextwithkey  :    0.026031 micros/op 38415292 ops/sec 1.302 seconds 50000000 operations;  293.1 MB/s
DB path: [/dev/shm/db_bench_enterprise]
nextwithkey  :    0.025769 micros/op 38804631 ops/sec 1.289 seconds 50000000 operations;  296.1 MB/s
DB path: [/dev/shm/db_bench_enterprise]
nextwithkey  :    0.025682 micros/op 38937595 ops/sec 1.284 seconds 50000000 operations;  297.1 MB/s
DB path: [/dev/shm/db_bench_enterprise]
readseq      :    0.026629 micros/op 37551859 ops/sec 1.331 seconds 50000000 operations;  286.5 MB/s
DB path: [/dev/shm/db_bench_enterprise]
readseq      :    0.026915 micros/op 37153009 ops/sec 1.346 seconds 50000000 operations;  283.5 MB/s
DB path: [/dev/shm/db_bench_enterprise]
readseq      :    0.026940 micros/op 37117843 ops/sec 1.347 seconds 50000000 operations;  283.2 MB/s
