RocksDB:    version 8.10.2
Date:       Fri Aug  7 15:25:58 2026
CPU:        4 * AMD EPYC 9V74 80-Core Processor
CPUCache:   1024 KB
Set seed to 1786116358416606 because --seed was 0
Initializing RocksDB Options from the specified file
Initializing RocksDB Options from command-line flags
Integrated BlobDB: blob cache disabled
Keys:       8 bytes each (+ 0 bytes user-defined timestamp)
Values:     50 bytes each (25 bytes after compression)
Entries:    50000000
Prefix:    0 bytes
Keys per prefix:    0
RawSize:    2765.7 MB (estimated)
FileSize:   1573.6 MB (estimated)
Write rate: 0 bytes/second
Read rate: 0 ops/second
Compression: Snappy
Compression sampling rate: 0
Memtablerep: CSPPMemTabFactory
Perf Level: 1
------------------------------------------------
Initializing RocksDB Options from the specified file
Initializing RocksDB Options from command-line flags
Integrated BlobDB: blob cache disabled
DB path: [/dev/shm/db_bench_enterprise]
2026-08-07T15:26:00.441188Z fillrandom   :    0.862600 micros/op 1159282 ops/sec 43.130 seconds 50000000 operations;   64.1 MB/s
start step[ordinal=0, threadno=0, live_fibers=1]: ZipInputData
start step[ordinal=0, threadno=1, live_fibers=1]: ZipInputData
start step[ordinal=0, threadno=2, live_fibers=1]: ZipInputData
start step[ordinal=0, threadno=3, live_fibers=1]: ZipInputData
start step[ordinal=1, threadno=0, live_fibers=1]: WriteZipData
flush memtable
DB path: [/dev/shm/db_bench_enterprise]
2026-08-07T15:26:43.584778Z compact      : 44355074.000000 micros/op 0 ops/sec 44.355 seconds 1 operations;
DB path: [/dev/shm/db_bench_enterprise]
2026-08-07T15:27:27.940122Z readseq      :    0.058314 micros/op 17148275 ops/sec 2.916 seconds 50000000 operations;  948.5 MB/s
DB path: [/dev/shm/db_bench_enterprise]
2026-08-07T15:27:30.856233Z readseq      :    0.058000 micros/op 17241391 ops/sec 2.900 seconds 50000000 operations;  953.7 MB/s
DB path: [/dev/shm/db_bench_enterprise]
2026-08-07T15:27:33.756540Z readseq      :    0.058154 micros/op 17195491 ops/sec 2.908 seconds 50000000 operations;  951.1 MB/s
DB path: [/dev/shm/db_bench_enterprise]
2026-08-07T15:27:36.664515Z readrandom   :    0.582519 micros/op 1716680 ops/sec 29.126 seconds 50000000 operations;   60.0 MB/s (31600506 of 50000000 found)

ended step[ordinal=0, threadno=1, live_fibers=1]: ZipInputData
ended step[ordinal=0, threadno=0, live_fibers=1]: ZipInputData
ended step[ordinal=0, threadno=3, live_fibers=1]: ZipInputData
ended step[ordinal=0, threadno=2, live_fibers=1]: ZipInputData
ended step[ordinal=1, threadno=0, live_fibers=1]: WriteZipData
