RocksDB:    version 8.10.2
Date:       Fri Aug  7 15:28:14 2026
CPU:        4 * AMD EPYC 9V74 80-Core Processor
CPUCache:   1024 KB
Set seed to 1786116494830450 because --seed was 0
Initializing RocksDB Options from the specified file
Initializing RocksDB Options from command-line flags
Integrated BlobDB: blob cache disabled
Keys:       8 bytes each (+ 0 bytes user-defined timestamp)
Values:     50 bytes each (25 bytes after compression)
Entries:    50000000
Prefix:    0 bytes
Keys per prefix:    0
RawSize:    2765.7 MB (estimated)
FileSize:   1573.6 MB (estimated)
Write rate: 0 bytes/second
Read rate: 0 ops/second
Compression: Snappy
Compression sampling rate: 0
Memtablerep: CSPPMemTabFactory
Perf Level: 1
------------------------------------------------
Initializing RocksDB Options from the specified file
Initializing RocksDB Options from command-line flags
Integrated BlobDB: blob cache disabled
DB path: [/dev/shm/db_bench_enterprise]
2026-08-07T15:28:16.856351Z fillseq      :    0.352514 micros/op 2836759 ops/sec 17.626 seconds 50000000 operations;  156.9 MB/s
start step[ordinal=0, threadno=0, live_fibers=1]: ZipInputData
start step[ordinal=0, threadno=1, live_fibers=1]: ZipInputData
start step[ordinal=0, threadno=2, live_fibers=1]: ZipInputData
start step[ordinal=0, threadno=3, live_fibers=1]: ZipInputData
start step[ordinal=1, threadno=0, live_fibers=1]: WriteZipData
flush memtable
DB path: [/dev/shm/db_bench_enterprise]
2026-08-07T15:28:34.486103Z compact      : 51602254.000000 micros/op 0 ops/sec 51.602 seconds 1 operations;
DB path: [/dev/shm/db_bench_enterprise]
2026-08-07T15:29:26.088655Z readseq      :    0.048745 micros/op 20514562 ops/sec 2.437 seconds 50000000 operations; 1134.7 MB/s
DB path: [/dev/shm/db_bench_enterprise]
2026-08-07T15:29:28.526178Z readseq      :    0.048198 micros/op 20747120 ops/sec 2.410 seconds 50000000 operations; 1147.6 MB/s
DB path: [/dev/shm/db_bench_enterprise]
2026-08-07T15:29:30.936389Z readseq      :    0.048306 micros/op 20701045 ops/sec 2.415 seconds 50000000 operations; 1145.0 MB/s
DB path: [/dev/shm/db_bench_enterprise]
2026-08-07T15:29:33.351992Z readrandom   :    0.687616 micros/op 1454297 ops/sec 34.381 seconds 50000000 operations;   80.4 MB/s (50000000 of 50000000 found)

ended step[ordinal=0, threadno=0, live_fibers=1]: ZipInputData
ended step[ordinal=0, threadno=1, live_fibers=1]: ZipInputData
ended step[ordinal=0, threadno=3, live_fibers=1]: ZipInputData
ended step[ordinal=0, threadno=2, live_fibers=1]: ZipInputData
ended step[ordinal=1, threadno=0, live_fibers=1]: WriteZipData
