$ /home/runner/work/toplingdb/toplingdb/_run_prefix/topling/bin/db_bench -json logs/zipkeyvalue/db_bench-fillseq.yaml -num=50000000 -key_size=8 -value_size=50 -batch_size=1000 -benchmarks=nextwithkey,nextwithkey,nextwithkey,readseq,readseq,readseq -scan_omit_key -scan_omit_value -use_existing_db=1 -enable_zero_copy -progress_reports=false
RocksDB:    version 8.10.2
Date:       Sun Aug 30 10:36:08 2026
CPU:        4 * AMD EPYC 7763 64-Core Processor
CPUCache:   512 KB
Set seed to 1788086168586666 because --seed was 0
Initializing RocksDB Options from the specified file
Initializing RocksDB Options from command-line flags
Integrated BlobDB: blob cache disabled
Keys:       8 bytes each (+ 0 bytes user-defined timestamp)
Values:     50 bytes each (25 bytes after compression)
Entries:    50000000
Prefix:    0 bytes
Keys per prefix:    0
RawSize:    2765.7 MB (estimated)
FileSize:   1573.6 MB (estimated)
Write rate: 0 bytes/second
Read rate: 0 ops/second
Compression: Snappy
Compression sampling rate: 0
Memtablerep: CSPPMemTabFactory
Perf Level: 1
------------------------------------------------
DB path: [/dev/shm/db_bench_enterprise]
nextwithkey  :    0.019694 micros/op 50775287 ops/sec 0.985 seconds 50000000 operations;  387.4 MB/s
DB path: [/dev/shm/db_bench_enterprise]
nextwithkey  :    0.019590 micros/op 51041866 ops/sec 0.980 seconds 50000000 operations;  389.4 MB/s
DB path: [/dev/shm/db_bench_enterprise]
nextwithkey  :    0.019560 micros/op 51122444 ops/sec 0.978 seconds 50000000 operations;  390.0 MB/s
DB path: [/dev/shm/db_bench_enterprise]
readseq      :    0.019974 micros/op 50062528 ops/sec 0.999 seconds 50000000 operations;  381.9 MB/s
DB path: [/dev/shm/db_bench_enterprise]
readseq      :    0.019923 micros/op 50189666 ops/sec 0.996 seconds 50000000 operations;  382.9 MB/s
DB path: [/dev/shm/db_bench_enterprise]
readseq      :    0.019930 micros/op 50174406 ops/sec 0.997 seconds 50000000 operations;  382.8 MB/s
