$ /home/runner/work/toplingdb/toplingdb/_run_prefix/topling/bin/db_bench -json logs/zipkeyvalue/db_bench-fillseq.yaml -num=50000000 -key_size=8 -value_size=50 -batch_size=1000 -benchmarks=fillseq,flush,compact,readseq,readseq,readseq,readrandom -enable_zero_copy -progress_reports=false -report_bench_start_time -compact_target_level=6
RocksDB:    version 8.10.2
Date:       Sun Aug 30 10:33:50 2026
CPU:        4 * AMD EPYC 7763 64-Core Processor
CPUCache:   512 KB
Set seed to 1788086030342966 because --seed was 0
Initializing RocksDB Options from the specified file
Initializing RocksDB Options from command-line flags
Integrated BlobDB: blob cache disabled
Keys:       8 bytes each (+ 0 bytes user-defined timestamp)
Values:     50 bytes each (25 bytes after compression)
Entries:    50000000
Prefix:    0 bytes
Keys per prefix:    0
RawSize:    2765.7 MB (estimated)
FileSize:   1573.6 MB (estimated)
Write rate: 0 bytes/second
Read rate: 0 ops/second
Compression: Snappy
Compression sampling rate: 0
Memtablerep: CSPPMemTabFactory
Perf Level: 1
------------------------------------------------
Initializing RocksDB Options from the specified file
Initializing RocksDB Options from command-line flags
Integrated BlobDB: blob cache disabled
DB path: [/dev/shm/db_bench_enterprise]
2026-08-30T10:33:52.371142Z fillseq      :    0.433851 micros/op 2304935 ops/sec 21.693 seconds 50000000 operations;  127.5 MB/s
start step[ordinal=0, threadno=0, live_fibers=1]: ZipInputData
start step[ordinal=0, threadno=1, live_fibers=1]: ZipInputData
start step[ordinal=0, threadno=2, live_fibers=1]: ZipInputData
start step[ordinal=0, threadno=3, live_fibers=1]: ZipInputData
start step[ordinal=1, threadno=0, live_fibers=1]: WriteZipData
flush memtable
DB path: [/dev/shm/db_bench_enterprise]
2026-08-30T10:34:14.067863Z compact      : 64842691.000000 micros/op 0 ops/sec 64.843 seconds 1 operations;
DB path: [/dev/shm/db_bench_enterprise]
2026-08-30T10:35:18.910835Z readseq      :    0.049141 micros/op 20349465 ops/sec 2.457 seconds 50000000 operations; 1125.6 MB/s
DB path: [/dev/shm/db_bench_enterprise]
2026-08-30T10:35:21.368191Z readseq      :    0.048275 micros/op 20714544 ops/sec 2.414 seconds 50000000 operations; 1145.8 MB/s
DB path: [/dev/shm/db_bench_enterprise]
2026-08-30T10:35:23.782255Z readseq      :    0.047875 micros/op 20887457 ops/sec 2.394 seconds 50000000 operations; 1155.4 MB/s
DB path: [/dev/shm/db_bench_enterprise]
2026-08-30T10:35:26.176294Z readrandom   :    0.836285 micros/op 1195764 ops/sec 41.814 seconds 50000000 operations;   66.1 MB/s (50000000 of 50000000 found)

ended step[ordinal=0, threadno=3, live_fibers=1]: ZipInputData
ended step[ordinal=0, threadno=1, live_fibers=1]: ZipInputData
ended step[ordinal=0, threadno=2, live_fibers=1]: ZipInputData
ended step[ordinal=0, threadno=0, live_fibers=1]: ZipInputData
ended step[ordinal=1, threadno=0, live_fibers=1]: WriteZipData
