RocksDB:    version 8.10.2
Date:       Fri Aug  7 21:18:11 2026
CPU:        4 * AMD EPYC 9V74 80-Core Processor
CPUCache:   1024 KB
Set seed to 1786137491394691 because --seed was 0
Initializing RocksDB Options from the specified file
Initializing RocksDB Options from command-line flags
Integrated BlobDB: blob cache disabled
Keys:       8 bytes each (+ 0 bytes user-defined timestamp)
Values:     50 bytes each (25 bytes after compression)
Entries:    100000000
Prefix:    0 bytes
Keys per prefix:    0
RawSize:    5531.3 MB (estimated)
FileSize:   3147.1 MB (estimated)
Write rate: 0 bytes/second
Read rate: 0 ops/second
Compression: Snappy
Compression sampling rate: 0
Memtablerep: CSPPMemTabFactory
Perf Level: 1
------------------------------------------------
Initializing RocksDB Options from the specified file
Initializing RocksDB Options from command-line flags
Integrated BlobDB: blob cache disabled
DB path: [/dev/shm/db_bench_enterprise]
2026-08-07T21:18:13.419770Z fillrandom   :    0.949782 micros/op 1052872 ops/sec 94.978 seconds 100000000 operations;   58.2 MB/s
start step[ordinal=0, threadno=0, live_fibers=1]: ZipInputData
start step[ordinal=0, threadno=1, live_fibers=1]: ZipInputData
start step[ordinal=0, threadno=3, live_fibers=1]: ZipInputData
start step[ordinal=1, threadno=0, live_fibers=1]: WriteZipData
start step[ordinal=0, threadno=2, live_fibers=1]: ZipInputData
flush memtable
DB path: [/dev/shm/db_bench_enterprise]
2026-08-07T21:19:50.798819Z compact      : 72909507.000000 micros/op 0 ops/sec 72.910 seconds 1 operations;
DB path: [/dev/shm/db_bench_enterprise]
2026-08-07T21:21:03.708609Z readseq      :    0.058379 micros/op 17129174 ops/sec 5.838 seconds 100000000 operations;  947.5 MB/s
DB path: [/dev/shm/db_bench_enterprise]
2026-08-07T21:21:09.546909Z readseq      :    0.057899 micros/op 17271315 ops/sec 5.790 seconds 100000000 operations;  955.3 MB/s
DB path: [/dev/shm/db_bench_enterprise]
2026-08-07T21:21:15.337146Z readseq      :    0.059369 micros/op 16843608 ops/sec 5.937 seconds 100000000 operations;  931.7 MB/s
DB path: [/dev/shm/db_bench_enterprise]
2026-08-07T21:21:21.274393Z readrandom   :    0.605570 micros/op 1651335 ops/sec 60.557 seconds 100000000 operations;   57.7 MB/s (63215368 of 100000000 found)

ended step[ordinal=0, threadno=3, live_fibers=1]: ZipInputData
ended step[ordinal=0, threadno=2, live_fibers=1]: ZipInputData
ended step[ordinal=0, threadno=0, live_fibers=1]: ZipInputData
ended step[ordinal=0, threadno=1, live_fibers=1]: ZipInputData
ended step[ordinal=1, threadno=0, live_fibers=1]: WriteZipData
