RocksDB:    version 8.10.2
Date:       Fri Aug  7 21:22:23 2026
CPU:        4 * AMD EPYC 9V74 80-Core Processor
CPUCache:   1024 KB
Set seed to 1786137743763195 because --seed was 0
Initializing RocksDB Options from the specified file
Initializing RocksDB Options from command-line flags
Integrated BlobDB: blob cache disabled
Keys:       8 bytes each (+ 0 bytes user-defined timestamp)
Values:     50 bytes each (25 bytes after compression)
Entries:    100000000
Prefix:    0 bytes
Keys per prefix:    0
RawSize:    5531.3 MB (estimated)
FileSize:   3147.1 MB (estimated)
Write rate: 0 bytes/second
Read rate: 0 ops/second
Compression: Snappy
Compression sampling rate: 0
Memtablerep: CSPPMemTabFactory
Perf Level: 1
------------------------------------------------
DB path: [/dev/shm/db_bench_enterprise]
nextwithkey  :    0.025824 micros/op 38723802 ops/sec 2.582 seconds 100000000 operations;  295.4 MB/s
DB path: [/dev/shm/db_bench_enterprise]
nextwithkey  :    0.025825 micros/op 38721163 ops/sec 2.583 seconds 100000000 operations;  295.4 MB/s
DB path: [/dev/shm/db_bench_enterprise]
nextwithkey  :    0.025584 micros/op 39086470 ops/sec 2.558 seconds 100000000 operations;  298.2 MB/s
DB path: [/dev/shm/db_bench_enterprise]
readseq      :    0.026598 micros/op 37596048 ops/sec 2.660 seconds 100000000 operations;  286.8 MB/s
DB path: [/dev/shm/db_bench_enterprise]
readseq      :    0.026902 micros/op 37170327 ops/sec 2.690 seconds 100000000 operations;  283.6 MB/s
DB path: [/dev/shm/db_bench_enterprise]
readseq      :    0.026990 micros/op 37049167 ops/sec 2.699 seconds 100000000 operations;  282.7 MB/s
