$ /home/runner/work/toplingdb/toplingdb/_run_prefix/rocksdb-master/bin/db_bench -db=/dev/shm/db_bench_rocksdb_master -num=100000000 -key_size=8 -value_size=50 -batch_size=1000 -cache_size=8383203328 -benchmarks=fillseq,flush,compact,readseq,readseq,readseq,readrandom -progress_reports=false -report_bench_start_time -compact_target_level=6 -options_file=.github/bench-conf/rocksdb_db_bench.ini
RocksDB:    version 11.11.0
Date:       Sun Sep 13 18:10:17 2026
CPU:        4 * AMD EPYC 9V74 80-Core Processor
CPUCache:   1024 KB
Set seed to 1789323017008563 because --seed was 0
Initializing RocksDB Options from the specified file
Keys:       8 bytes each (+ 0 bytes user-defined timestamp)
Values:     50 bytes each (25 bytes after compression)
Entries:    100000000
Prefix:    0 bytes
Keys per prefix:    0
RawSize:    5531.3 MB (estimated)
FileSize:   3147.1 MB (estimated)
Write rate: 0 bytes/second
Read rate: 0 ops/second
Compression: Snappy
Compression sampling rate: 0
Memtablerep: SkipListFactory
Perf Level: 1
------------------------------------------------
Initializing RocksDB Options from the specified file
DB path: [/dev/shm/db_bench_rocksdb_master]
2026-09-13T18:10:17.019305Z fillseq      :       0.289 micros/op 3464047 ops/sec 28.868 seconds 100000000 operations;  191.6 MB/s
flush memtable
DB path: [/dev/shm/db_bench_rocksdb_master]
2026-09-13T18:10:46.003266Z compact      : 29189884.000 micros/op 0 ops/sec 29.190 seconds 1 operations;
DB path: [/dev/shm/db_bench_rocksdb_master]
2026-09-13T18:11:15.193387Z readseq      :       0.161 micros/op 6228908 ops/sec 16.054 seconds 100000000 operations;  344.5 MB/s
DB path: [/dev/shm/db_bench_rocksdb_master]
2026-09-13T18:11:31.247862Z readseq      :       0.096 micros/op 10422884 ops/sec 9.594 seconds 100000000 operations;  576.5 MB/s
DB path: [/dev/shm/db_bench_rocksdb_master]
2026-09-13T18:11:40.842319Z readseq      :       0.096 micros/op 10380148 ops/sec 9.634 seconds 100000000 operations;  574.2 MB/s
DB path: [/dev/shm/db_bench_rocksdb_master]
2026-09-13T18:11:50.476302Z readrandom   :       2.718 micros/op 367873 ops/sec 271.833 seconds 100000000 operations;   20.3 MB/s (100000000 of 100000000 found)

