$ /home/runner/work/toplingdb/toplingdb/_run_prefix/topling/bin/db_bench -json logs/zipkeyvalue/db_bench-fillseq.yaml -num=100000000 -key_size=8 -value_size=50 -batch_size=1000 -benchmarks=nextwithkey,nextwithkey,nextwithkey,readseq,readseq,readseq -scan_omit_key -scan_omit_value -use_existing_db=1 -enable_zero_copy -progress_reports=false
RocksDB:    version 8.10.2
Date:       Tue Aug 18 14:54:56 2026
CPU:        4 * AMD EPYC 7763 64-Core Processor
CPUCache:   512 KB
Set seed to 1787064896075059 because --seed was 0
Initializing RocksDB Options from the specified file
Initializing RocksDB Options from command-line flags
Integrated BlobDB: blob cache disabled
Keys:       8 bytes each (+ 0 bytes user-defined timestamp)
Values:     50 bytes each (25 bytes after compression)
Entries:    100000000
Prefix:    0 bytes
Keys per prefix:    0
RawSize:    5531.3 MB (estimated)
FileSize:   3147.1 MB (estimated)
Write rate: 0 bytes/second
Read rate: 0 ops/second
Compression: Snappy
Compression sampling rate: 0
Memtablerep: CSPPMemTabFactory
Perf Level: 1
------------------------------------------------
DB path: [/dev/shm/db_bench_enterprise]
nextwithkey  :    0.019123 micros/op 52291983 ops/sec 1.912 seconds 100000000 operations;  399.0 MB/s
DB path: [/dev/shm/db_bench_enterprise]
nextwithkey  :    0.019014 micros/op 52591747 ops/sec 1.901 seconds 100000000 operations;  401.2 MB/s
DB path: [/dev/shm/db_bench_enterprise]
nextwithkey  :    0.019026 micros/op 52560041 ops/sec 1.903 seconds 100000000 operations;  401.0 MB/s
DB path: [/dev/shm/db_bench_enterprise]
readseq      :    0.019433 micros/op 51456131 ops/sec 1.943 seconds 100000000 operations;  392.6 MB/s
DB path: [/dev/shm/db_bench_enterprise]
readseq      :    0.019423 micros/op 51482251 ops/sec 1.942 seconds 100000000 operations;  392.8 MB/s
DB path: [/dev/shm/db_bench_enterprise]
readseq      :    0.019436 micros/op 51449327 ops/sec 1.944 seconds 100000000 operations;  392.5 MB/s
