$ /home/runner/work/toplingdb/toplingdb/_run_prefix/topling/bin/db_bench -json logs/zipkeyvalue/db_bench-fillseq.yaml -num=100000000 -key_size=8 -value_size=50 -batch_size=1000 -benchmarks=fillseq,flush,compact,readseq,readseq,readseq,readrandom -enable_zero_copy -progress_reports=false -report_bench_start_time -compact_target_level=6
RocksDB:    version 8.10.2
Date:       Tue Aug 18 14:50:09 2026
CPU:        4 * AMD EPYC 7763 64-Core Processor
CPUCache:   512 KB
Set seed to 1787064609655353 because --seed was 0
Initializing RocksDB Options from the specified file
Initializing RocksDB Options from command-line flags
Integrated BlobDB: blob cache disabled
Keys:       8 bytes each (+ 0 bytes user-defined timestamp)
Values:     50 bytes each (25 bytes after compression)
Entries:    100000000
Prefix:    0 bytes
Keys per prefix:    0
RawSize:    5531.3 MB (estimated)
FileSize:   3147.1 MB (estimated)
Write rate: 0 bytes/second
Read rate: 0 ops/second
Compression: Snappy
Compression sampling rate: 0
Memtablerep: CSPPMemTabFactory
Perf Level: 1
------------------------------------------------
Initializing RocksDB Options from the specified file
Initializing RocksDB Options from command-line flags
Integrated BlobDB: blob cache disabled
DB path: [/dev/shm/db_bench_enterprise]
2026-08-18T14:50:11.677925Z fillseq      :    0.444487 micros/op 2249780 ops/sec 44.449 seconds 100000000 operations;  124.4 MB/s
start step[ordinal=0, threadno=0, live_fibers=1]: ZipInputData
start step[ordinal=0, threadno=1, live_fibers=1]: ZipInputData
start step[ordinal=0, threadno=2, live_fibers=1]: ZipInputData
start step[ordinal=0, threadno=3, live_fibers=1]: ZipInputData
start step[ordinal=1, threadno=0, live_fibers=1]: WriteZipData
flush memtable
DB path: [/dev/shm/db_bench_enterprise]
2026-08-18T14:50:56.132484Z compact      : 134317597.000000 micros/op 0 ops/sec 134.318 seconds 1 operations;
DB path: [/dev/shm/db_bench_enterprise]
2026-08-18T14:53:10.450336Z readseq      :    0.048133 micros/op 20775400 ops/sec 4.813 seconds 100000000 operations; 1149.2 MB/s
DB path: [/dev/shm/db_bench_enterprise]
2026-08-18T14:53:15.263941Z readseq      :    0.047261 micros/op 21158956 ops/sec 4.726 seconds 100000000 operations; 1170.4 MB/s
DB path: [/dev/shm/db_bench_enterprise]
2026-08-18T14:53:19.990331Z readseq      :    0.047228 micros/op 21173637 ops/sec 4.723 seconds 100000000 operations; 1171.2 MB/s
DB path: [/dev/shm/db_bench_enterprise]
2026-08-18T14:53:24.713441Z readrandom   :    0.892276 micros/op 1120729 ops/sec 89.228 seconds 100000000 operations;   62.0 MB/s (100000000 of 100000000 found)

ended step[ordinal=0, threadno=3, live_fibers=1]: ZipInputData
ended step[ordinal=0, threadno=1, live_fibers=1]: ZipInputData
ended step[ordinal=0, threadno=0, live_fibers=1]: ZipInputData
ended step[ordinal=0, threadno=2, live_fibers=1]: ZipInputData
ended step[ordinal=1, threadno=0, live_fibers=1]: WriteZipData
