$ /home/runner/work/toplingdb/toplingdb/_run_prefix/topling/bin/db_bench -json logs/zipkeyvalue/db_bench-fillrandom.yaml -num=100000000 -key_size=8 -value_size=50 -batch_size=1000 -benchmarks=fillrandom,flush,compact,readseq,readseq,readseq,readrandom -enable_zero_copy -progress_reports=false -report_bench_start_time -compact_target_level=6
RocksDB:    version 8.10.2
Date:       Tue Aug 18 14:45:11 2026
CPU:        4 * AMD EPYC 7763 64-Core Processor
CPUCache:   512 KB
Set seed to 1787064310998253 because --seed was 0
Initializing RocksDB Options from the specified file
Initializing RocksDB Options from command-line flags
Integrated BlobDB: blob cache disabled
Keys:       8 bytes each (+ 0 bytes user-defined timestamp)
Values:     50 bytes each (25 bytes after compression)
Entries:    100000000
Prefix:    0 bytes
Keys per prefix:    0
RawSize:    5531.3 MB (estimated)
FileSize:   3147.1 MB (estimated)
Write rate: 0 bytes/second
Read rate: 0 ops/second
Compression: Snappy
Compression sampling rate: 0
Memtablerep: CSPPMemTabFactory
Perf Level: 1
------------------------------------------------
Initializing RocksDB Options from the specified file
Initializing RocksDB Options from command-line flags
Integrated BlobDB: blob cache disabled
DB path: [/dev/shm/db_bench_enterprise]
2026-08-18T14:45:13.021421Z fillrandom   :    1.069596 micros/op 934932 ops/sec 106.960 seconds 100000000 operations;   51.7 MB/s
start step[ordinal=0, threadno=0, live_fibers=1]: ZipInputData
start step[ordinal=0, threadno=1, live_fibers=1]: ZipInputData
start step[ordinal=0, threadno=2, live_fibers=1]: ZipInputData
start step[ordinal=0, threadno=3, live_fibers=1]: ZipInputData
start step[ordinal=1, threadno=0, live_fibers=1]: WriteZipData
flush memtable
DB path: [/dev/shm/db_bench_enterprise]
2026-08-18T14:46:59.983111Z compact      : 80167781.000000 micros/op 0 ops/sec 80.168 seconds 1 operations;
DB path: [/dev/shm/db_bench_enterprise]
2026-08-18T14:48:20.151081Z readseq      :    0.061245 micros/op 16327570 ops/sec 6.125 seconds 100000000 operations;  903.1 MB/s
DB path: [/dev/shm/db_bench_enterprise]
2026-08-18T14:48:26.275966Z readseq      :    0.060248 micros/op 16597887 ops/sec 6.025 seconds 100000000 operations;  918.1 MB/s
DB path: [/dev/shm/db_bench_enterprise]
2026-08-18T14:48:32.301116Z readseq      :    0.060326 micros/op 16576375 ops/sec 6.033 seconds 100000000 operations;  916.9 MB/s
DB path: [/dev/shm/db_bench_enterprise]
2026-08-18T14:48:38.334043Z readrandom   :    0.730695 micros/op 1368559 ops/sec 73.070 seconds 100000000 operations;   47.9 MB/s (63213729 of 100000000 found)

ended step[ordinal=0, threadno=2, live_fibers=1]: ZipInputData
ended step[ordinal=0, threadno=0, live_fibers=1]: ZipInputData
ended step[ordinal=0, threadno=1, live_fibers=1]: ZipInputData
ended step[ordinal=0, threadno=3, live_fibers=1]: ZipInputData
ended step[ordinal=1, threadno=0, live_fibers=1]: WriteZipData

$ /home/runner/work/toplingdb/toplingdb/_run_prefix/topling/bin/db_bench -json logs/zipkeyvalue/db_bench-fillrandom.yaml -num=100000000 -key_size=8 -value_size=50 -batch_size=1000 -benchmarks=nextwithkey,nextwithkey,nextwithkey,readseq,readseq,readseq -scan_omit_key -scan_omit_value -use_existing_db=1 -enable_zero_copy -progress_reports=false
RocksDB:    version 8.10.2
Date:       Tue Aug 18 14:49:53 2026
CPU:        4 * AMD EPYC 7763 64-Core Processor
CPUCache:   512 KB
Set seed to 1787064593397037 because --seed was 0
Initializing RocksDB Options from the specified file
Initializing RocksDB Options from command-line flags
Integrated BlobDB: blob cache disabled
Keys:       8 bytes each (+ 0 bytes user-defined timestamp)
Values:     50 bytes each (25 bytes after compression)
Entries:    100000000
Prefix:    0 bytes
Keys per prefix:    0
RawSize:    5531.3 MB (estimated)
FileSize:   3147.1 MB (estimated)
Write rate: 0 bytes/second
Read rate: 0 ops/second
Compression: Snappy
Compression sampling rate: 0
Memtablerep: CSPPMemTabFactory
Perf Level: 1
------------------------------------------------
DB path: [/dev/shm/db_bench_enterprise]
nextwithkey  :    0.025102 micros/op 39836622 ops/sec 2.510 seconds 100000000 operations;  303.9 MB/s
DB path: [/dev/shm/db_bench_enterprise]
nextwithkey  :    0.024965 micros/op 40054393 ops/sec 2.497 seconds 100000000 operations;  305.6 MB/s
DB path: [/dev/shm/db_bench_enterprise]
nextwithkey  :    0.024908 micros/op 40145825 ops/sec 2.491 seconds 100000000 operations;  306.3 MB/s
DB path: [/dev/shm/db_bench_enterprise]
readseq      :    0.025567 micros/op 39110823 ops/sec 2.557 seconds 100000000 operations;  298.4 MB/s
DB path: [/dev/shm/db_bench_enterprise]
readseq      :    0.025675 micros/op 38947938 ops/sec 2.568 seconds 100000000 operations;  297.1 MB/s
DB path: [/dev/shm/db_bench_enterprise]
readseq      :    0.025605 micros/op 39053941 ops/sec 2.561 seconds 100000000 operations;  298.0 MB/s

$ /home/runner/work/toplingdb/toplingdb/_run_prefix/topling/bin/db_bench -json logs/zipkeyvalue/db_bench-fillseq.yaml -num=100000000 -key_size=8 -value_size=50 -batch_size=1000 -benchmarks=fillseq,flush,compact,readseq,readseq,readseq,readrandom -enable_zero_copy -progress_reports=false -report_bench_start_time -compact_target_level=6
RocksDB:    version 8.10.2
Date:       Tue Aug 18 14:50:09 2026
CPU:        4 * AMD EPYC 7763 64-Core Processor
CPUCache:   512 KB
Set seed to 1787064609655353 because --seed was 0
Initializing RocksDB Options from the specified file
Initializing RocksDB Options from command-line flags
Integrated BlobDB: blob cache disabled
Keys:       8 bytes each (+ 0 bytes user-defined timestamp)
Values:     50 bytes each (25 bytes after compression)
Entries:    100000000
Prefix:    0 bytes
Keys per prefix:    0
RawSize:    5531.3 MB (estimated)
FileSize:   3147.1 MB (estimated)
Write rate: 0 bytes/second
Read rate: 0 ops/second
Compression: Snappy
Compression sampling rate: 0
Memtablerep: CSPPMemTabFactory
Perf Level: 1
------------------------------------------------
Initializing RocksDB Options from the specified file
Initializing RocksDB Options from command-line flags
Integrated BlobDB: blob cache disabled
DB path: [/dev/shm/db_bench_enterprise]
2026-08-18T14:50:11.677925Z fillseq      :    0.444487 micros/op 2249780 ops/sec 44.449 seconds 100000000 operations;  124.4 MB/s
start step[ordinal=0, threadno=0, live_fibers=1]: ZipInputData
start step[ordinal=0, threadno=1, live_fibers=1]: ZipInputData
start step[ordinal=0, threadno=2, live_fibers=1]: ZipInputData
start step[ordinal=0, threadno=3, live_fibers=1]: ZipInputData
start step[ordinal=1, threadno=0, live_fibers=1]: WriteZipData
flush memtable
DB path: [/dev/shm/db_bench_enterprise]
2026-08-18T14:50:56.132484Z compact      : 134317597.000000 micros/op 0 ops/sec 134.318 seconds 1 operations;
DB path: [/dev/shm/db_bench_enterprise]
2026-08-18T14:53:10.450336Z readseq      :    0.048133 micros/op 20775400 ops/sec 4.813 seconds 100000000 operations; 1149.2 MB/s
DB path: [/dev/shm/db_bench_enterprise]
2026-08-18T14:53:15.263941Z readseq      :    0.047261 micros/op 21158956 ops/sec 4.726 seconds 100000000 operations; 1170.4 MB/s
DB path: [/dev/shm/db_bench_enterprise]
2026-08-18T14:53:19.990331Z readseq      :    0.047228 micros/op 21173637 ops/sec 4.723 seconds 100000000 operations; 1171.2 MB/s
DB path: [/dev/shm/db_bench_enterprise]
2026-08-18T14:53:24.713441Z readrandom   :    0.892276 micros/op 1120729 ops/sec 89.228 seconds 100000000 operations;   62.0 MB/s (100000000 of 100000000 found)

ended step[ordinal=0, threadno=3, live_fibers=1]: ZipInputData
ended step[ordinal=0, threadno=1, live_fibers=1]: ZipInputData
ended step[ordinal=0, threadno=0, live_fibers=1]: ZipInputData
ended step[ordinal=0, threadno=2, live_fibers=1]: ZipInputData
ended step[ordinal=1, threadno=0, live_fibers=1]: WriteZipData

$ /home/runner/work/toplingdb/toplingdb/_run_prefix/topling/bin/db_bench -json logs/zipkeyvalue/db_bench-fillseq.yaml -num=100000000 -key_size=8 -value_size=50 -batch_size=1000 -benchmarks=nextwithkey,nextwithkey,nextwithkey,readseq,readseq,readseq -scan_omit_key -scan_omit_value -use_existing_db=1 -enable_zero_copy -progress_reports=false
RocksDB:    version 8.10.2
Date:       Tue Aug 18 14:54:56 2026
CPU:        4 * AMD EPYC 7763 64-Core Processor
CPUCache:   512 KB
Set seed to 1787064896075059 because --seed was 0
Initializing RocksDB Options from the specified file
Initializing RocksDB Options from command-line flags
Integrated BlobDB: blob cache disabled
Keys:       8 bytes each (+ 0 bytes user-defined timestamp)
Values:     50 bytes each (25 bytes after compression)
Entries:    100000000
Prefix:    0 bytes
Keys per prefix:    0
RawSize:    5531.3 MB (estimated)
FileSize:   3147.1 MB (estimated)
Write rate: 0 bytes/second
Read rate: 0 ops/second
Compression: Snappy
Compression sampling rate: 0
Memtablerep: CSPPMemTabFactory
Perf Level: 1
------------------------------------------------
DB path: [/dev/shm/db_bench_enterprise]
nextwithkey  :    0.019123 micros/op 52291983 ops/sec 1.912 seconds 100000000 operations;  399.0 MB/s
DB path: [/dev/shm/db_bench_enterprise]
nextwithkey  :    0.019014 micros/op 52591747 ops/sec 1.901 seconds 100000000 operations;  401.2 MB/s
DB path: [/dev/shm/db_bench_enterprise]
nextwithkey  :    0.019026 micros/op 52560041 ops/sec 1.903 seconds 100000000 operations;  401.0 MB/s
DB path: [/dev/shm/db_bench_enterprise]
readseq      :    0.019433 micros/op 51456131 ops/sec 1.943 seconds 100000000 operations;  392.6 MB/s
DB path: [/dev/shm/db_bench_enterprise]
readseq      :    0.019423 micros/op 51482251 ops/sec 1.942 seconds 100000000 operations;  392.8 MB/s
DB path: [/dev/shm/db_bench_enterprise]
readseq      :    0.019436 micros/op 51449327 ops/sec 1.944 seconds 100000000 operations;  392.5 MB/s
