$ /home/runner/work/toplingdb/toplingdb/_run_prefix/topling/bin/db_bench -json logs/zipkeyonly/db_bench-fillrandom.yaml -num=100000000 -key_size=8 -value_size=50 -batch_size=1000 -benchmarks=fillrandom,flush,compact,readseq,readseq,readseq,readrandom -enable_zero_copy -progress_reports=false -report_bench_start_time -compact_target_level=6
RocksDB:    version 8.10.2
Date:       Tue Aug 18 14:26:29 2026
CPU:        4 * AMD EPYC 7763 64-Core Processor
CPUCache:   512 KB
Set seed to 1787063189270573 because --seed was 0
Initializing RocksDB Options from the specified file
Initializing RocksDB Options from command-line flags
Integrated BlobDB: blob cache disabled
Keys:       8 bytes each (+ 0 bytes user-defined timestamp)
Values:     50 bytes each (25 bytes after compression)
Entries:    100000000
Prefix:    0 bytes
Keys per prefix:    0
RawSize:    5531.3 MB (estimated)
FileSize:   3147.1 MB (estimated)
Write rate: 0 bytes/second
Read rate: 0 ops/second
Compression: Snappy
Compression sampling rate: 0
Memtablerep: CSPPMemTabFactory
Perf Level: 1
------------------------------------------------
Initializing RocksDB Options from the specified file
Initializing RocksDB Options from command-line flags
Integrated BlobDB: blob cache disabled
DB path: [/dev/shm/db_bench_enterprise]
2026-08-18T14:26:31.300970Z fillrandom   :    1.042758 micros/op 958993 ops/sec 104.276 seconds 100000000 operations;   53.0 MB/s
flush memtable
DB path: [/dev/shm/db_bench_enterprise]
2026-08-18T14:28:17.498184Z compact      : 32257840.000000 micros/op 0 ops/sec 32.258 seconds 1 operations;
DB path: [/dev/shm/db_bench_enterprise]
2026-08-18T14:28:49.756231Z readseq      :    0.041179 micros/op 24284128 ops/sec 4.118 seconds 100000000 operations; 1343.2 MB/s
DB path: [/dev/shm/db_bench_enterprise]
2026-08-18T14:28:53.874405Z readseq      :    0.040342 micros/op 24787816 ops/sec 4.034 seconds 100000000 operations; 1371.1 MB/s
DB path: [/dev/shm/db_bench_enterprise]
2026-08-18T14:28:57.908952Z readseq      :    0.040432 micros/op 24732695 ops/sec 4.043 seconds 100000000 operations; 1368.0 MB/s
DB path: [/dev/shm/db_bench_enterprise]
2026-08-18T14:29:01.952450Z readrandom   :    0.259742 micros/op 3849959 ops/sec 25.974 seconds 100000000 operations;  134.6 MB/s (63204132 of 100000000 found)

