$ /home/runner/work/toplingdb/toplingdb/_run_prefix/topling/bin/db_bench -json logs/zipkeyonly/db_bench-fillseq.yaml -num=100000000 -key_size=8 -value_size=50 -batch_size=1000 -benchmarks=nextwithkey,nextwithkey,nextwithkey,readseq,readseq,readseq -scan_omit_key -scan_omit_value -use_existing_db=1 -enable_zero_copy -progress_reports=false
RocksDB:    version 8.10.2
Date:       Tue Aug 18 14:31:40 2026
CPU:        4 * AMD EPYC 7763 64-Core Processor
CPUCache:   512 KB
Set seed to 1787063500324461 because --seed was 0
Initializing RocksDB Options from the specified file
Initializing RocksDB Options from command-line flags
Integrated BlobDB: blob cache disabled
Keys:       8 bytes each (+ 0 bytes user-defined timestamp)
Values:     50 bytes each (25 bytes after compression)
Entries:    100000000
Prefix:    0 bytes
Keys per prefix:    0
RawSize:    5531.3 MB (estimated)
FileSize:   3147.1 MB (estimated)
Write rate: 0 bytes/second
Read rate: 0 ops/second
Compression: Snappy
Compression sampling rate: 0
Memtablerep: CSPPMemTabFactory
Perf Level: 1
------------------------------------------------
DB path: [/dev/shm/db_bench_enterprise]
nextwithkey  :    0.019057 micros/op 52472614 ops/sec 1.906 seconds 100000000 operations;  400.3 MB/s
DB path: [/dev/shm/db_bench_enterprise]
nextwithkey  :    0.019060 micros/op 52463254 ops/sec 1.906 seconds 100000000 operations;  400.3 MB/s
DB path: [/dev/shm/db_bench_enterprise]
nextwithkey  :    0.019155 micros/op 52203264 ops/sec 1.916 seconds 100000000 operations;  398.3 MB/s
DB path: [/dev/shm/db_bench_enterprise]
readseq      :    0.019470 micros/op 51359063 ops/sec 1.947 seconds 100000000 operations;  391.8 MB/s
DB path: [/dev/shm/db_bench_enterprise]
readseq      :    0.019457 micros/op 51392135 ops/sec 1.946 seconds 100000000 operations;  392.1 MB/s
DB path: [/dev/shm/db_bench_enterprise]
readseq      :    0.019453 micros/op 51403098 ops/sec 1.945 seconds 100000000 operations;  392.2 MB/s
