$ /home/runner/work/toplingdb/toplingdb/_run_prefix/topling/bin/db_bench -json logs/zipkeyonly/db_bench-fillseq.yaml -num=100000000 -key_size=8 -value_size=50 -batch_size=1000 -benchmarks=fillseq,flush,compact,readseq,readseq,readseq,readrandom -enable_zero_copy -progress_reports=false -report_bench_start_time -compact_target_level=6
RocksDB:    version 8.10.2
Date:       Tue Aug 18 14:29:46 2026
CPU:        4 * AMD EPYC 7763 64-Core Processor
CPUCache:   512 KB
Set seed to 1787063386145237 because --seed was 0
Initializing RocksDB Options from the specified file
Initializing RocksDB Options from command-line flags
Integrated BlobDB: blob cache disabled
Keys:       8 bytes each (+ 0 bytes user-defined timestamp)
Values:     50 bytes each (25 bytes after compression)
Entries:    100000000
Prefix:    0 bytes
Keys per prefix:    0
RawSize:    5531.3 MB (estimated)
FileSize:   3147.1 MB (estimated)
Write rate: 0 bytes/second
Read rate: 0 ops/second
Compression: Snappy
Compression sampling rate: 0
Memtablerep: CSPPMemTabFactory
Perf Level: 1
------------------------------------------------
Initializing RocksDB Options from the specified file
Initializing RocksDB Options from command-line flags
Integrated BlobDB: blob cache disabled
DB path: [/dev/shm/db_bench_enterprise]
2026-08-18T14:29:48.171270Z fillseq      :    0.440734 micros/op 2268937 ops/sec 44.073 seconds 100000000 operations;  125.5 MB/s
flush memtable
DB path: [/dev/shm/db_bench_enterprise]
2026-08-18T14:30:32.254314Z compact      : 41962291.000000 micros/op 0 ops/sec 41.962 seconds 1 operations;
DB path: [/dev/shm/db_bench_enterprise]
2026-08-18T14:31:14.216849Z readseq      :    0.031837 micros/op 31409560 ops/sec 3.184 seconds 100000000 operations; 1737.4 MB/s
DB path: [/dev/shm/db_bench_enterprise]
2026-08-18T14:31:17.400924Z readseq      :    0.031912 micros/op 31335123 ops/sec 3.191 seconds 100000000 operations; 1733.2 MB/s
DB path: [/dev/shm/db_bench_enterprise]
2026-08-18T14:31:20.592457Z readseq      :    0.031844 micros/op 31402261 ops/sec 3.184 seconds 100000000 operations; 1737.0 MB/s
DB path: [/dev/shm/db_bench_enterprise]
2026-08-18T14:31:23.777166Z readrandom   :    0.150632 micros/op 6638665 ops/sec 15.063 seconds 100000000 operations;  367.2 MB/s (100000000 of 100000000 found)

