$ /home/runner/work/toplingdb/toplingdb/_run_prefix/topling/bin/db_bench -json logs/zipkeyonly/db_bench-fillseq.yaml -num=100000000 -key_size=8 -value_size=50 -batch_size=1000 -benchmarks=fillseq,flush,compact,readseq,readseq,readseq,readrandom -enable_zero_copy -progress_reports=false -report_bench_start_time -compact_target_level=6
RocksDB:    version 8.10.2
Date:       Sun Aug 16 03:31:07 2026
CPU:        4 * AMD EPYC 7763 64-Core Processor
CPUCache:   512 KB
Set seed to 1786851067463872 because --seed was 0
Initializing RocksDB Options from the specified file
Initializing RocksDB Options from command-line flags
Integrated BlobDB: blob cache disabled
Keys:       8 bytes each (+ 0 bytes user-defined timestamp)
Values:     50 bytes each (25 bytes after compression)
Entries:    100000000
Prefix:    0 bytes
Keys per prefix:    0
RawSize:    5531.3 MB (estimated)
FileSize:   3147.1 MB (estimated)
Write rate: 0 bytes/second
Read rate: 0 ops/second
Compression: Snappy
Compression sampling rate: 0
Memtablerep: CSPPMemTabFactory
Perf Level: 1
------------------------------------------------
Initializing RocksDB Options from the specified file
Initializing RocksDB Options from command-line flags
Integrated BlobDB: blob cache disabled
DB path: [/dev/shm/db_bench_enterprise]
2026-08-16T03:31:09.493618Z fillseq      :    0.437547 micros/op 2285469 ops/sec 43.755 seconds 100000000 operations;  126.4 MB/s
flush memtable
DB path: [/dev/shm/db_bench_enterprise]
2026-08-16T03:31:53.256325Z compact      : 40982914.000000 micros/op 0 ops/sec 40.983 seconds 1 operations;
DB path: [/dev/shm/db_bench_enterprise]
2026-08-16T03:32:34.239462Z readseq      :    0.031807 micros/op 31439125 ops/sec 3.181 seconds 100000000 operations; 1739.0 MB/s
DB path: [/dev/shm/db_bench_enterprise]
2026-08-16T03:32:37.420512Z readseq      :    0.031953 micros/op 31295936 ops/sec 3.195 seconds 100000000 operations; 1731.1 MB/s
DB path: [/dev/shm/db_bench_enterprise]
2026-08-16T03:32:40.616035Z readseq      :    0.032019 micros/op 31230919 ops/sec 3.202 seconds 100000000 operations; 1727.5 MB/s
DB path: [/dev/shm/db_bench_enterprise]
2026-08-16T03:32:43.818242Z readrandom   :    0.149343 micros/op 6695976 ops/sec 14.934 seconds 100000000 operations;  370.4 MB/s (100000000 of 100000000 found)

