$ /home/runner/work/toplingdb/toplingdb/_run_prefix/topling/bin/db_bench -json logs/zipkeyonly/db_bench-fillrandom.yaml -num=100000000 -key_size=8 -value_size=50 -batch_size=1000 -benchmarks=nextwithkey,nextwithkey,nextwithkey,readseq,readseq,readseq -scan_omit_key -scan_omit_value -use_existing_db=1 -enable_zero_copy -progress_reports=false
RocksDB:    version 8.10.2
Date:       Sun Aug 16 03:30:50 2026
CPU:        4 * AMD EPYC 7763 64-Core Processor
CPUCache:   512 KB
Set seed to 1786851050852173 because --seed was 0
Initializing RocksDB Options from the specified file
Initializing RocksDB Options from command-line flags
Integrated BlobDB: blob cache disabled
Keys:       8 bytes each (+ 0 bytes user-defined timestamp)
Values:     50 bytes each (25 bytes after compression)
Entries:    100000000
Prefix:    0 bytes
Keys per prefix:    0
RawSize:    5531.3 MB (estimated)
FileSize:   3147.1 MB (estimated)
Write rate: 0 bytes/second
Read rate: 0 ops/second
Compression: Snappy
Compression sampling rate: 0
Memtablerep: CSPPMemTabFactory
Perf Level: 1
------------------------------------------------
DB path: [/dev/shm/db_bench_enterprise]
nextwithkey  :    0.025381 micros/op 39398324 ops/sec 2.538 seconds 100000000 operations;  300.6 MB/s
DB path: [/dev/shm/db_bench_enterprise]
nextwithkey  :    0.025291 micros/op 39539397 ops/sec 2.529 seconds 100000000 operations;  301.7 MB/s
DB path: [/dev/shm/db_bench_enterprise]
nextwithkey  :    0.025326 micros/op 39484225 ops/sec 2.533 seconds 100000000 operations;  301.2 MB/s
DB path: [/dev/shm/db_bench_enterprise]
readseq      :    0.025682 micros/op 38937277 ops/sec 2.568 seconds 100000000 operations;  297.1 MB/s
DB path: [/dev/shm/db_bench_enterprise]
readseq      :    0.025841 micros/op 38697758 ops/sec 2.584 seconds 100000000 operations;  295.2 MB/s
DB path: [/dev/shm/db_bench_enterprise]
readseq      :    0.025755 micros/op 38825799 ops/sec 2.576 seconds 100000000 operations;  296.2 MB/s
