$ /home/runner/work/toplingdb/toplingdb/_run_prefix/topling/bin/db_bench -json logs/zipkeyonly/db_bench-fillrandom.yaml -num=100000000 -key_size=8 -value_size=50 -batch_size=1000 -benchmarks=fillrandom,flush,compact,readseq,readseq,readseq,readrandom -enable_zero_copy -progress_reports=false -report_bench_start_time -compact_target_level=6
RocksDB:    version 8.10.2
Date:       Sun Aug 16 03:28:04 2026
CPU:        4 * AMD EPYC 7763 64-Core Processor
CPUCache:   512 KB
Set seed to 1786850884622681 because --seed was 0
Initializing RocksDB Options from the specified file
Initializing RocksDB Options from command-line flags
Integrated BlobDB: blob cache disabled
Keys:       8 bytes each (+ 0 bytes user-defined timestamp)
Values:     50 bytes each (25 bytes after compression)
Entries:    100000000
Prefix:    0 bytes
Keys per prefix:    0
RawSize:    5531.3 MB (estimated)
FileSize:   3147.1 MB (estimated)
Write rate: 0 bytes/second
Read rate: 0 ops/second
Compression: Snappy
Compression sampling rate: 0
Memtablerep: CSPPMemTabFactory
Perf Level: 1
------------------------------------------------
Initializing RocksDB Options from the specified file
Initializing RocksDB Options from command-line flags
Integrated BlobDB: blob cache disabled
DB path: [/dev/shm/db_bench_enterprise]
2026-08-16T03:28:06.650737Z fillrandom   :    0.988942 micros/op 1011181 ops/sec 98.894 seconds 100000000 operations;   55.9 MB/s
flush memtable
DB path: [/dev/shm/db_bench_enterprise]
2026-08-16T03:29:45.546838Z compact      : 33286126.000000 micros/op 0 ops/sec 33.286 seconds 1 operations;
DB path: [/dev/shm/db_bench_enterprise]
2026-08-16T03:30:18.833140Z readseq      :    0.039939 micros/op 25038007 ops/sec 3.994 seconds 100000000 operations; 1384.9 MB/s
DB path: [/dev/shm/db_bench_enterprise]
2026-08-16T03:30:22.827269Z readseq      :    0.040037 micros/op 24976759 ops/sec 4.004 seconds 100000000 operations; 1381.5 MB/s
DB path: [/dev/shm/db_bench_enterprise]
2026-08-16T03:30:26.831250Z readseq      :    0.039951 micros/op 25030261 ops/sec 3.995 seconds 100000000 operations; 1384.5 MB/s
DB path: [/dev/shm/db_bench_enterprise]
2026-08-16T03:30:30.826599Z readrandom   :    0.188824 micros/op 5295936 ops/sec 18.882 seconds 100000000 operations;  185.2 MB/s (63211500 of 100000000 found)

