RocksDB:    version 8.10.2
Date:       Sat Aug 15 23:53:57 2026
CPU:        4 * AMD EPYC 9V74 80-Core Processor
CPUCache:   1024 KB
Set seed to 1786838037158900 because --seed was 0
Initializing RocksDB Options from the specified file
Keys:       8 bytes each (+ 0 bytes user-defined timestamp)
Values:     50 bytes each (25 bytes after compression)
Entries:    100000000
Prefix:    0 bytes
Keys per prefix:    0
RawSize:    5531.3 MB (estimated)
FileSize:   3147.1 MB (estimated)
Write rate: 0 bytes/second
Read rate: 0 ops/second
Compression: Snappy
Compression sampling rate: 0
Memtablerep: SkipListFactory
Perf Level: 1
------------------------------------------------
Initializing RocksDB Options from the specified file
DB path: [/dev/shm/db_bench_rocksdb_v810]
2026-08-15T23:53:57.171690Z fillseq      :       0.363 micros/op 2752397 ops/sec 36.332 seconds 100000000 operations;  152.2 MB/s
flush memtable
DB path: [/dev/shm/db_bench_rocksdb_v810]
2026-08-15T23:54:33.667553Z compact      : 35791798.000 micros/op 0 ops/sec 35.792 seconds 1 operations;
DB path: [/dev/shm/db_bench_rocksdb_v810]
2026-08-15T23:55:09.459596Z readseq      :       0.172 micros/op 5823924 ops/sec 17.171 seconds 100000000 operations;  322.1 MB/s
DB path: [/dev/shm/db_bench_rocksdb_v810]
2026-08-15T23:55:26.630385Z readseq      :       0.102 micros/op 9807283 ops/sec 10.197 seconds 100000000 operations;  542.5 MB/s
DB path: [/dev/shm/db_bench_rocksdb_v810]
2026-08-15T23:55:36.827096Z readseq      :       0.102 micros/op 9769041 ops/sec 10.236 seconds 100000000 operations;  540.4 MB/s
DB path: [/dev/shm/db_bench_rocksdb_v810]
2026-08-15T23:55:47.063827Z readrandom   :       3.104 micros/op 322166 ops/sec 310.399 seconds 100000000 operations;   17.8 MB/s (100000000 of 100000000 found)

