RocksDB:    version 8.10.2
Date:       Fri Aug  7 15:08:54 2026
CPU:        4 * AMD EPYC 9V74 80-Core Processor
CPUCache:   1024 KB
Set seed to 1786115334117617 because --seed was 0
Initializing RocksDB Options from the specified file
Initializing RocksDB Options from command-line flags
Integrated BlobDB: blob cache disabled
Keys:       8 bytes each (+ 0 bytes user-defined timestamp)
Values:     50 bytes each (25 bytes after compression)
Entries:    50000000
Prefix:    0 bytes
Keys per prefix:    0
RawSize:    2765.7 MB (estimated)
FileSize:   1573.6 MB (estimated)
Write rate: 0 bytes/second
Read rate: 0 ops/second
Compression: Snappy
Compression sampling rate: 0
Memtablerep: CSPPMemTabFactory
Perf Level: 1
------------------------------------------------
Initializing RocksDB Options from the specified file
Initializing RocksDB Options from command-line flags
Integrated BlobDB: blob cache disabled
DB path: [/dev/shm/db_bench_enterprise]
2026-08-07T15:08:56.144731Z fillrandom   :    0.841143 micros/op 1188858 ops/sec 42.057 seconds 50000000 operations;   65.8 MB/s
flush memtable
DB path: [/dev/shm/db_bench_enterprise]
2026-08-07T15:09:38.230059Z compact      : 22978758.000000 micros/op 0 ops/sec 22.979 seconds 1 operations;
DB path: [/dev/shm/db_bench_enterprise]
2026-08-07T15:10:01.209004Z readseq      :    0.042135 micros/op 23732776 ops/sec 2.107 seconds 50000000 operations; 1312.7 MB/s
DB path: [/dev/shm/db_bench_enterprise]
2026-08-07T15:10:03.315999Z readseq      :    0.041484 micros/op 24104958 ops/sec 2.074 seconds 50000000 operations; 1333.3 MB/s
DB path: [/dev/shm/db_bench_enterprise]
2026-08-07T15:10:05.390485Z readseq      :    0.041652 micros/op 24008162 ops/sec 2.083 seconds 50000000 operations; 1328.0 MB/s
DB path: [/dev/shm/db_bench_enterprise]
2026-08-07T15:10:07.473378Z readrandom   :    0.225961 micros/op 4425517 ops/sec 11.298 seconds 50000000 operations;  154.7 MB/s (31603732 of 50000000 found)

