RocksDB:    version 8.10.2
Date:       Fri Aug  7 15:11:38 2026
CPU:        4 * AMD EPYC 9V74 80-Core Processor
CPUCache:   1024 KB
Set seed to 1786115498786750 because --seed was 0
Initializing RocksDB Options from the specified file
Initializing RocksDB Options from command-line flags
Integrated BlobDB: blob cache disabled
Keys:       8 bytes each (+ 0 bytes user-defined timestamp)
Values:     50 bytes each (25 bytes after compression)
Entries:    50000000
Prefix:    0 bytes
Keys per prefix:    0
RawSize:    2765.7 MB (estimated)
FileSize:   1573.6 MB (estimated)
Write rate: 0 bytes/second
Read rate: 0 ops/second
Compression: Snappy
Compression sampling rate: 0
Memtablerep: CSPPMemTabFactory
Perf Level: 1
------------------------------------------------
DB path: [/dev/shm/db_bench_enterprise]
nextwithkey  :    0.019250 micros/op 51944166 ops/sec 0.963 seconds 50000000 operations;  396.3 MB/s
DB path: [/dev/shm/db_bench_enterprise]
nextwithkey  :    0.019193 micros/op 52099288 ops/sec 0.960 seconds 50000000 operations;  397.5 MB/s
DB path: [/dev/shm/db_bench_enterprise]
nextwithkey  :    0.019286 micros/op 51849631 ops/sec 0.964 seconds 50000000 operations;  395.6 MB/s
DB path: [/dev/shm/db_bench_enterprise]
readseq      :    0.019917 micros/op 50203726 ops/sec 0.996 seconds 50000000 operations;  383.0 MB/s
DB path: [/dev/shm/db_bench_enterprise]
readseq      :    0.019929 micros/op 50174657 ops/sec 0.997 seconds 50000000 operations;  382.8 MB/s
DB path: [/dev/shm/db_bench_enterprise]
readseq      :    0.019932 micros/op 50166150 ops/sec 0.997 seconds 50000000 operations;  382.7 MB/s
