RocksDB:    version 8.10.2
Date:       Fri Aug  7 15:10:20 2026
CPU:        4 * AMD EPYC 9V74 80-Core Processor
CPUCache:   1024 KB
Set seed to 1786115420267944 because --seed was 0
Initializing RocksDB Options from the specified file
Initializing RocksDB Options from command-line flags
Integrated BlobDB: blob cache disabled
Keys:       8 bytes each (+ 0 bytes user-defined timestamp)
Values:     50 bytes each (25 bytes after compression)
Entries:    50000000
Prefix:    0 bytes
Keys per prefix:    0
RawSize:    2765.7 MB (estimated)
FileSize:   1573.6 MB (estimated)
Write rate: 0 bytes/second
Read rate: 0 ops/second
Compression: Snappy
Compression sampling rate: 0
Memtablerep: CSPPMemTabFactory
Perf Level: 1
------------------------------------------------
DB path: [/dev/shm/db_bench_enterprise]
nextwithkey  :    0.026035 micros/op 38408151 ops/sec 1.302 seconds 50000000 operations;  293.0 MB/s
DB path: [/dev/shm/db_bench_enterprise]
nextwithkey  :    0.025808 micros/op 38745393 ops/sec 1.290 seconds 50000000 operations;  295.6 MB/s
DB path: [/dev/shm/db_bench_enterprise]
nextwithkey  :    0.025803 micros/op 38752149 ops/sec 1.290 seconds 50000000 operations;  295.7 MB/s
DB path: [/dev/shm/db_bench_enterprise]
readseq      :    0.026614 micros/op 37572514 ops/sec 1.331 seconds 50000000 operations;  286.7 MB/s
DB path: [/dev/shm/db_bench_enterprise]
readseq      :    0.026712 micros/op 37434704 ops/sec 1.336 seconds 50000000 operations;  285.6 MB/s
DB path: [/dev/shm/db_bench_enterprise]
readseq      :    0.027120 micros/op 36871932 ops/sec 1.356 seconds 50000000 operations;  281.3 MB/s
