$ /home/runner/work/toplingdb/toplingdb/_run_prefix/rocksdb-master/bin/db_bench -db=/dev/shm/db_bench_rocksdb_master -num=50000000 -key_size=8 -value_size=50 -batch_size=1000 -cache_size=8383207424 -benchmarks=fillrandom,flush,compact,readseq,readseq,readseq,readrandom -progress_reports=false -report_bench_start_time -compact_target_level=6 -options_file=.github/bench-conf/rocksdb_db_bench.ini
RocksDB:    version 11.12.0
Date:       Thu Oct  8 09:38:41 2026
CPU:        4 * AMD EPYC 7763 64-Core Processor
CPUCache:   512 KB
Set seed to 1791452321760086 because --seed was 0
Initializing RocksDB Options from the specified file
Keys:       8 bytes each (+ 0 bytes user-defined timestamp)
Values:     50 bytes each (25 bytes after compression)
Entries:    50000000
Prefix:    0 bytes
Keys per prefix:    0
RawSize:    2765.7 MB (estimated)
FileSize:   1573.6 MB (estimated)
Write rate: 0 bytes/second
Read rate: 0 ops/second
Compression: Snappy
Compression sampling rate: 0
Memtablerep: SkipListFactory
Perf Level: 1
------------------------------------------------
Initializing RocksDB Options from the specified file
DB path: [/dev/shm/db_bench_rocksdb_master]
2026-10-08T09:38:41.773908Z fillrandom   :       1.428 micros/op 700054 ops/sec 71.423 seconds 50000000 operations;   38.7 MB/s
flush memtable
DB path: [/dev/shm/db_bench_rocksdb_master]
2026-10-08T09:39:53.473289Z compact      : 37449026.000 micros/op 0 ops/sec 37.449 seconds 1 operations;
DB path: [/dev/shm/db_bench_rocksdb_master]
2026-10-08T09:40:30.922529Z readseq      :       0.197 micros/op 5071121 ops/sec 6.233 seconds 31609099 operations;  280.5 MB/s
DB path: [/dev/shm/db_bench_rocksdb_master]
2026-10-08T09:40:37.155956Z readseq      :       0.148 micros/op 6742884 ops/sec 4.688 seconds 31609099 operations;  373.0 MB/s
DB path: [/dev/shm/db_bench_rocksdb_master]
2026-10-08T09:40:41.843977Z readseq      :       0.149 micros/op 6729048 ops/sec 4.697 seconds 31609099 operations;  372.2 MB/s
DB path: [/dev/shm/db_bench_rocksdb_master]
2026-10-08T09:40:46.541685Z readrandom   :       2.951 micros/op 338891 ops/sec 147.540 seconds 50000000 operations;   11.9 MB/s (31610744 of 50000000 found)

$ /home/runner/work/toplingdb/toplingdb/_run_prefix/rocksdb-master/bin/db_bench -db=/dev/shm/db_bench_rocksdb_master -num=50000000 -key_size=8 -value_size=50 -batch_size=1000 -cache_size=8383207424 -benchmarks=fillseq,flush,compact,readseq,readseq,readseq,readrandom -progress_reports=false -report_bench_start_time -compact_target_level=6 -options_file=.github/bench-conf/rocksdb_db_bench.ini
RocksDB:    version 11.12.0
Date:       Thu Oct  8 09:43:14 2026
CPU:        4 * AMD EPYC 7763 64-Core Processor
CPUCache:   512 KB
Set seed to 1791452594402654 because --seed was 0
Initializing RocksDB Options from the specified file
Keys:       8 bytes each (+ 0 bytes user-defined timestamp)
Values:     50 bytes each (25 bytes after compression)
Entries:    50000000
Prefix:    0 bytes
Keys per prefix:    0
RawSize:    2765.7 MB (estimated)
FileSize:   1573.6 MB (estimated)
Write rate: 0 bytes/second
Read rate: 0 ops/second
Compression: Snappy
Compression sampling rate: 0
Memtablerep: SkipListFactory
Perf Level: 1
------------------------------------------------
Initializing RocksDB Options from the specified file
DB path: [/dev/shm/db_bench_rocksdb_master]
2026-10-08T09:43:14.415888Z fillseq      :       0.394 micros/op 2537613 ops/sec 19.704 seconds 50000000 operations;  140.4 MB/s
flush memtable
DB path: [/dev/shm/db_bench_rocksdb_master]
2026-10-08T09:43:34.317662Z compact      : 21056087.000 micros/op 0 ops/sec 21.056 seconds 1 operations;
DB path: [/dev/shm/db_bench_rocksdb_master]
2026-10-08T09:43:55.373959Z readseq      :       0.216 micros/op 4619499 ops/sec 10.824 seconds 50000000 operations;  255.5 MB/s
DB path: [/dev/shm/db_bench_rocksdb_master]
2026-10-08T09:44:06.197848Z readseq      :       0.148 micros/op 6775788 ops/sec 7.379 seconds 50000000 operations;  374.8 MB/s
DB path: [/dev/shm/db_bench_rocksdb_master]
2026-10-08T09:44:13.577295Z readseq      :       0.148 micros/op 6754525 ops/sec 7.402 seconds 50000000 operations;  373.6 MB/s
DB path: [/dev/shm/db_bench_rocksdb_master]
2026-10-08T09:44:20.979974Z readrandom   :       2.785 micros/op 359095 ops/sec 139.239 seconds 50000000 operations;   19.9 MB/s (50000000 of 50000000 found)
