$ /home/runner/work/toplingdb/toplingdb/_run_prefix/topling/bin/db_bench -json logs/zipkeyvalue/db_bench-fillseq.yaml -num=100000000 -key_size=8 -value_size=50 -batch_size=1000 -benchmarks=fillseq,flush,compact,readseq,readseq,readseq,readrandom -enable_zero_copy -progress_reports=false -report_bench_start_time -compact_target_level=6
RocksDB:    version 8.10.2
Date:       Sun Aug 16 02:29:45 2026
CPU:        4 * AMD EPYC 7763 64-Core Processor
CPUCache:   512 KB
Set seed to 1786847385672762 because --seed was 0
Initializing RocksDB Options from the specified file
Initializing RocksDB Options from command-line flags
Integrated BlobDB: blob cache disabled
Keys:       8 bytes each (+ 0 bytes user-defined timestamp)
Values:     50 bytes each (25 bytes after compression)
Entries:    100000000
Prefix:    0 bytes
Keys per prefix:    0
RawSize:    5531.3 MB (estimated)
FileSize:   3147.1 MB (estimated)
Write rate: 0 bytes/second
Read rate: 0 ops/second
Compression: Snappy
Compression sampling rate: 0
Memtablerep: CSPPMemTabFactory
Perf Level: 1
------------------------------------------------
Initializing RocksDB Options from the specified file
Initializing RocksDB Options from command-line flags
Integrated BlobDB: blob cache disabled
DB path: [/dev/shm/db_bench_enterprise]
2026-08-16T02:29:47.699561Z fillseq      :    0.441424 micros/op 2265392 ops/sec 44.142 seconds 100000000 operations;  125.3 MB/s
start step[ordinal=0, threadno=0, live_fibers=1]: ZipInputData
start step[ordinal=0, threadno=1, live_fibers=1]: ZipInputData
start step[ordinal=0, threadno=2, live_fibers=1]: ZipInputData
start step[ordinal=0, threadno=3, live_fibers=1]: ZipInputData
start step[ordinal=1, threadno=0, live_fibers=1]: WriteZipData
flush memtable
DB path: [/dev/shm/db_bench_enterprise]
2026-08-16T02:30:31.848699Z compact      : 128005950.000000 micros/op 0 ops/sec 128.006 seconds 1 operations;
DB path: [/dev/shm/db_bench_enterprise]
2026-08-16T02:32:39.854885Z readseq      :    0.047879 micros/op 20885525 ops/sec 4.788 seconds 100000000 operations; 1155.2 MB/s
DB path: [/dev/shm/db_bench_enterprise]
2026-08-16T02:32:44.643107Z readseq      :    0.047170 micros/op 21199960 ops/sec 4.717 seconds 100000000 operations; 1172.6 MB/s
DB path: [/dev/shm/db_bench_enterprise]
2026-08-16T02:32:49.360297Z readseq      :    0.047145 micros/op 21210806 ops/sec 4.715 seconds 100000000 operations; 1173.2 MB/s
DB path: [/dev/shm/db_bench_enterprise]
2026-08-16T02:32:54.075077Z readrandom   :    0.659447 micros/op 1516421 ops/sec 65.945 seconds 100000000 operations;   83.9 MB/s (100000000 of 100000000 found)

ended step[ordinal=0, threadno=0, live_fibers=1]: ZipInputData
ended step[ordinal=0, threadno=3, live_fibers=1]: ZipInputData
ended step[ordinal=0, threadno=2, live_fibers=1]: ZipInputData
ended step[ordinal=0, threadno=1, live_fibers=1]: ZipInputData
ended step[ordinal=1, threadno=0, live_fibers=1]: WriteZipData
