$ /home/runner/work/toplingdb/toplingdb/_run_prefix/topling/bin/db_bench -json logs/zipkeyvalue/db_bench-fillseq.yaml -num=100000000 -key_size=8 -value_size=50 -batch_size=1000 -benchmarks=nextwithkey,nextwithkey,nextwithkey,readseq,readseq,readseq -scan_omit_key -scan_omit_value -use_existing_db=1 -enable_zero_copy -progress_reports=false
RocksDB:    version 8.10.2
Date:       Sun Aug 16 02:34:02 2026
CPU:        4 * AMD EPYC 7763 64-Core Processor
CPUCache:   512 KB
Set seed to 1786847642073923 because --seed was 0
Initializing RocksDB Options from the specified file
Initializing RocksDB Options from command-line flags
Integrated BlobDB: blob cache disabled
Keys:       8 bytes each (+ 0 bytes user-defined timestamp)
Values:     50 bytes each (25 bytes after compression)
Entries:    100000000
Prefix:    0 bytes
Keys per prefix:    0
RawSize:    5531.3 MB (estimated)
FileSize:   3147.1 MB (estimated)
Write rate: 0 bytes/second
Read rate: 0 ops/second
Compression: Snappy
Compression sampling rate: 0
Memtablerep: CSPPMemTabFactory
Perf Level: 1
------------------------------------------------
DB path: [/dev/shm/db_bench_enterprise]
nextwithkey  :    0.019018 micros/op 52579967 ops/sec 1.902 seconds 100000000 operations;  401.2 MB/s
DB path: [/dev/shm/db_bench_enterprise]
nextwithkey  :    0.019045 micros/op 52504766 ops/sec 1.905 seconds 100000000 operations;  400.6 MB/s
DB path: [/dev/shm/db_bench_enterprise]
nextwithkey  :    0.018955 micros/op 52754914 ops/sec 1.896 seconds 100000000 operations;  402.5 MB/s
DB path: [/dev/shm/db_bench_enterprise]
readseq      :    0.019424 micros/op 51480661 ops/sec 1.942 seconds 100000000 operations;  392.8 MB/s
DB path: [/dev/shm/db_bench_enterprise]
readseq      :    0.019436 micros/op 51449830 ops/sec 1.944 seconds 100000000 operations;  392.5 MB/s
DB path: [/dev/shm/db_bench_enterprise]
readseq      :    0.019431 micros/op 51460659 ops/sec 1.943 seconds 100000000 operations;  392.6 MB/s
