$ /home/runner/work/toplingdb/toplingdb/_run_prefix/topling/bin/db_bench -json logs/zipkeyvalue/db_bench-fillrandom.yaml -num=100000000 -key_size=8 -value_size=50 -batch_size=1000 -benchmarks=nextwithkey,nextwithkey,nextwithkey,readseq,readseq,readseq -scan_omit_key -scan_omit_value -use_existing_db=1 -enable_zero_copy -progress_reports=false
RocksDB:    version 8.10.2
Date:       Sun Aug 16 02:29:29 2026
CPU:        4 * AMD EPYC 7763 64-Core Processor
CPUCache:   512 KB
Set seed to 1786847369438645 because --seed was 0
Initializing RocksDB Options from the specified file
Initializing RocksDB Options from command-line flags
Integrated BlobDB: blob cache disabled
Keys:       8 bytes each (+ 0 bytes user-defined timestamp)
Values:     50 bytes each (25 bytes after compression)
Entries:    100000000
Prefix:    0 bytes
Keys per prefix:    0
RawSize:    5531.3 MB (estimated)
FileSize:   3147.1 MB (estimated)
Write rate: 0 bytes/second
Read rate: 0 ops/second
Compression: Snappy
Compression sampling rate: 0
Memtablerep: CSPPMemTabFactory
Perf Level: 1
------------------------------------------------
DB path: [/dev/shm/db_bench_enterprise]
nextwithkey  :    0.025196 micros/op 39687910 ops/sec 2.520 seconds 100000000 operations;  302.8 MB/s
DB path: [/dev/shm/db_bench_enterprise]
nextwithkey  :    0.025098 micros/op 39843669 ops/sec 2.510 seconds 100000000 operations;  304.0 MB/s
DB path: [/dev/shm/db_bench_enterprise]
nextwithkey  :    0.025128 micros/op 39795562 ops/sec 2.513 seconds 100000000 operations;  303.6 MB/s
DB path: [/dev/shm/db_bench_enterprise]
readseq      :    0.025570 micros/op 39107091 ops/sec 2.557 seconds 100000000 operations;  298.4 MB/s
DB path: [/dev/shm/db_bench_enterprise]
readseq      :    0.025583 micros/op 39087952 ops/sec 2.558 seconds 100000000 operations;  298.2 MB/s
DB path: [/dev/shm/db_bench_enterprise]
readseq      :    0.025594 micros/op 39071077 ops/sec 2.559 seconds 100000000 operations;  298.1 MB/s
