$ /home/runner/work/toplingdb/toplingdb/_run_prefix/topling/bin/db_bench -json logs/zipkeyvalue/db_bench-fillrandom.yaml -num=100000000 -key_size=8 -value_size=50 -batch_size=1000 -benchmarks=fillrandom,flush,compact,readseq,readseq,readseq,readrandom -enable_zero_copy -progress_reports=false -report_bench_start_time -compact_target_level=6
RocksDB:    version 8.10.2
Date:       Sun Aug 16 02:25:13 2026
CPU:        4 * AMD EPYC 7763 64-Core Processor
CPUCache:   512 KB
Set seed to 1786847113060997 because --seed was 0
Initializing RocksDB Options from the specified file
Initializing RocksDB Options from command-line flags
Integrated BlobDB: blob cache disabled
Keys:       8 bytes each (+ 0 bytes user-defined timestamp)
Values:     50 bytes each (25 bytes after compression)
Entries:    100000000
Prefix:    0 bytes
Keys per prefix:    0
RawSize:    5531.3 MB (estimated)
FileSize:   3147.1 MB (estimated)
Write rate: 0 bytes/second
Read rate: 0 ops/second
Compression: Snappy
Compression sampling rate: 0
Memtablerep: CSPPMemTabFactory
Perf Level: 1
------------------------------------------------
Initializing RocksDB Options from the specified file
Initializing RocksDB Options from command-line flags
Integrated BlobDB: blob cache disabled
DB path: [/dev/shm/db_bench_enterprise]
2026-08-16T02:25:15.089996Z fillrandom   :    1.022118 micros/op 978355 ops/sec 102.212 seconds 100000000 operations;   54.1 MB/s
start step[ordinal=0, threadno=0, live_fibers=1]: ZipInputData
start step[ordinal=0, threadno=1, live_fibers=1]: ZipInputData
start step[ordinal=0, threadno=2, live_fibers=1]: ZipInputData
start step[ordinal=0, threadno=3, live_fibers=1]: ZipInputData
start step[ordinal=1, threadno=0, live_fibers=1]: WriteZipData
flush memtable
DB path: [/dev/shm/db_bench_enterprise]
2026-08-16T02:26:57.307248Z compact      : 79422645.000000 micros/op 0 ops/sec 79.423 seconds 1 operations;
DB path: [/dev/shm/db_bench_enterprise]
2026-08-16T02:28:16.730140Z readseq      :    0.060565 micros/op 16511118 ops/sec 6.057 seconds 100000000 operations;  913.3 MB/s
DB path: [/dev/shm/db_bench_enterprise]
2026-08-16T02:28:22.786945Z readseq      :    0.059576 micros/op 16785229 ops/sec 5.958 seconds 100000000 operations;  928.4 MB/s
DB path: [/dev/shm/db_bench_enterprise]
2026-08-16T02:28:28.744795Z readseq      :    0.060023 micros/op 16660269 ops/sec 6.002 seconds 100000000 operations;  921.5 MB/s
DB path: [/dev/shm/db_bench_enterprise]
2026-08-16T02:28:34.747341Z readrandom   :    0.536642 micros/op 1863438 ops/sec 53.664 seconds 100000000 operations;   65.2 MB/s (63210642 of 100000000 found)

ended step[ordinal=0, threadno=3, live_fibers=1]: ZipInputData
ended step[ordinal=0, threadno=2, live_fibers=1]: ZipInputData
ended step[ordinal=0, threadno=1, live_fibers=1]: ZipInputData
ended step[ordinal=0, threadno=0, live_fibers=1]: ZipInputData
ended step[ordinal=1, threadno=0, live_fibers=1]: WriteZipData
