RocksDB:    version 8.10.2
Date:       Fri Aug  7 16:56:00 2026
CPU:        4 * AMD EPYC 9V74 80-Core Processor
CPUCache:   1024 KB
Set seed to 1786121760983954 because --seed was 0
Initializing RocksDB Options from the specified file
Initializing RocksDB Options from command-line flags
Integrated BlobDB: blob cache disabled
Keys:       8 bytes each (+ 0 bytes user-defined timestamp)
Values:     50 bytes each (25 bytes after compression)
Entries:    50000000
Prefix:    0 bytes
Keys per prefix:    0
RawSize:    2765.7 MB (estimated)
FileSize:   1573.6 MB (estimated)
Write rate: 0 bytes/second
Read rate: 0 ops/second
Compression: Snappy
Compression sampling rate: 0
Memtablerep: CSPPMemTabFactory
Perf Level: 1
------------------------------------------------
DB path: [/dev/shm/db_bench_enterprise]
nextwithkey  :    0.019241 micros/op 51969541 ops/sec 0.962 seconds 50000000 operations;  396.5 MB/s
DB path: [/dev/shm/db_bench_enterprise]
nextwithkey  :    0.019168 micros/op 52167725 ops/sec 0.958 seconds 50000000 operations;  398.0 MB/s
DB path: [/dev/shm/db_bench_enterprise]
nextwithkey  :    0.019194 micros/op 52095163 ops/sec 0.960 seconds 50000000 operations;  397.5 MB/s
DB path: [/dev/shm/db_bench_enterprise]
readseq      :    0.019877 micros/op 50305809 ops/sec 0.994 seconds 50000000 operations;  383.8 MB/s
DB path: [/dev/shm/db_bench_enterprise]
readseq      :    0.019876 micros/op 50308846 ops/sec 0.994 seconds 50000000 operations;  383.8 MB/s
DB path: [/dev/shm/db_bench_enterprise]
readseq      :    0.019868 micros/op 50328038 ops/sec 0.993 seconds 50000000 operations;  384.0 MB/s
