RocksDB:    version 8.10.2
Date:       Fri Aug  7 16:54:56 2026
CPU:        4 * AMD EPYC 9V74 80-Core Processor
CPUCache:   1024 KB
Set seed to 1786121696482755 because --seed was 0
Initializing RocksDB Options from the specified file
Initializing RocksDB Options from command-line flags
Integrated BlobDB: blob cache disabled
Keys:       8 bytes each (+ 0 bytes user-defined timestamp)
Values:     50 bytes each (25 bytes after compression)
Entries:    50000000
Prefix:    0 bytes
Keys per prefix:    0
RawSize:    2765.7 MB (estimated)
FileSize:   1573.6 MB (estimated)
Write rate: 0 bytes/second
Read rate: 0 ops/second
Compression: Snappy
Compression sampling rate: 0
Memtablerep: CSPPMemTabFactory
Perf Level: 1
------------------------------------------------
DB path: [/dev/shm/db_bench_enterprise]
nextwithkey  :    0.026209 micros/op 38152561 ops/sec 1.311 seconds 50000000 operations;  291.1 MB/s
DB path: [/dev/shm/db_bench_enterprise]
nextwithkey  :    0.025656 micros/op 38975444 ops/sec 1.283 seconds 50000000 operations;  297.4 MB/s
DB path: [/dev/shm/db_bench_enterprise]
nextwithkey  :    0.025674 micros/op 38948605 ops/sec 1.284 seconds 50000000 operations;  297.2 MB/s
DB path: [/dev/shm/db_bench_enterprise]
readseq      :    0.026590 micros/op 37606765 ops/sec 1.330 seconds 50000000 operations;  286.9 MB/s
DB path: [/dev/shm/db_bench_enterprise]
readseq      :    0.027120 micros/op 36871307 ops/sec 1.356 seconds 50000000 operations;  281.3 MB/s
DB path: [/dev/shm/db_bench_enterprise]
readseq      :    0.027282 micros/op 36652403 ops/sec 1.364 seconds 50000000 operations;  279.6 MB/s
