RocksDB:    version 8.10.2
Date:       Fri Aug  7 16:55:04 2026
CPU:        4 * AMD EPYC 9V74 80-Core Processor
CPUCache:   1024 KB
Set seed to 1786121704863694 because --seed was 0
Initializing RocksDB Options from the specified file
Initializing RocksDB Options from command-line flags
Integrated BlobDB: blob cache disabled
Keys:       8 bytes each (+ 0 bytes user-defined timestamp)
Values:     50 bytes each (25 bytes after compression)
Entries:    50000000
Prefix:    0 bytes
Keys per prefix:    0
RawSize:    2765.7 MB (estimated)
FileSize:   1573.6 MB (estimated)
Write rate: 0 bytes/second
Read rate: 0 ops/second
Compression: Snappy
Compression sampling rate: 0
Memtablerep: CSPPMemTabFactory
Perf Level: 1
------------------------------------------------
Initializing RocksDB Options from the specified file
Initializing RocksDB Options from command-line flags
Integrated BlobDB: blob cache disabled
DB path: [/dev/shm/db_bench_enterprise]
2026-08-07T16:55:06.887973Z fillseq      :    0.409562 micros/op 2441627 ops/sec 20.478 seconds 50000000 operations;  135.1 MB/s
flush memtable
DB path: [/dev/shm/db_bench_enterprise]
2026-08-07T16:55:27.370865Z compact      : 19430184.000000 micros/op 0 ops/sec 19.430 seconds 1 operations;
DB path: [/dev/shm/db_bench_enterprise]
2026-08-07T16:55:46.801288Z readseq      :    0.032447 micros/op 30818806 ops/sec 1.622 seconds 50000000 operations; 1704.7 MB/s
DB path: [/dev/shm/db_bench_enterprise]
2026-08-07T16:55:48.423938Z readseq      :    0.032915 micros/op 30380011 ops/sec 1.646 seconds 50000000 operations; 1680.4 MB/s
DB path: [/dev/shm/db_bench_enterprise]
2026-08-07T16:55:50.069966Z readseq      :    0.033246 micros/op 30078281 ops/sec 1.662 seconds 50000000 operations; 1663.7 MB/s
DB path: [/dev/shm/db_bench_enterprise]
2026-08-07T16:55:51.732552Z readrandom   :    0.147864 micros/op 6762903 ops/sec 7.393 seconds 50000000 operations;  374.1 MB/s (50000000 of 50000000 found)

