$ /home/runner/work/toplingdb/toplingdb/_run_prefix/topling/bin/db_bench -json logs/zipkeyonly/db_bench-fillseq.yaml -num=50000000 -key_size=8 -value_size=50 -batch_size=1000 -benchmarks=nextwithkey,nextwithkey,nextwithkey,readseq,readseq,readseq -scan_omit_key -scan_omit_value -use_existing_db=1 -enable_zero_copy -progress_reports=false
RocksDB:    version 8.10.2
Date:       Thu Oct  8 08:54:43 2026
CPU:        4 * AMD EPYC 7763 64-Core Processor
CPUCache:   512 KB
Set seed to 1791449683030203 because --seed was 0
Initializing RocksDB Options from the specified file
Initializing RocksDB Options from command-line flags
Integrated BlobDB: blob cache disabled
Keys:       8 bytes each (+ 0 bytes user-defined timestamp)
Values:     50 bytes each (25 bytes after compression)
Entries:    50000000
Prefix:    0 bytes
Keys per prefix:    0
RawSize:    2765.7 MB (estimated)
FileSize:   1573.6 MB (estimated)
Write rate: 0 bytes/second
Read rate: 0 ops/second
Compression: Snappy
Compression sampling rate: 0
Memtablerep: OffsetSkipList
Perf Level: 1
------------------------------------------------
DB path: [/dev/shm/db_bench_enterprise]
nextwithkey  :    0.019535 micros/op 51187813 ops/sec 0.977 seconds 50000000 operations;  390.5 MB/s
DB path: [/dev/shm/db_bench_enterprise]
nextwithkey  :    0.019547 micros/op 51157070 ops/sec 0.977 seconds 50000000 operations;  390.3 MB/s
DB path: [/dev/shm/db_bench_enterprise]
nextwithkey  :    0.019113 micros/op 52316578 ops/sec 0.956 seconds 50000000 operations;  399.1 MB/s
DB path: [/dev/shm/db_bench_enterprise]
readseq      :    0.019451 micros/op 51407115 ops/sec 0.973 seconds 50000000 operations;  392.2 MB/s
DB path: [/dev/shm/db_bench_enterprise]
readseq      :    0.019704 micros/op 50749159 ops/sec 0.985 seconds 50000000 operations;  387.2 MB/s
DB path: [/dev/shm/db_bench_enterprise]
readseq      :    0.019478 micros/op 51338233 ops/sec 0.974 seconds 50000000 operations;  391.7 MB/s
