$ /home/runner/work/toplingdb/toplingdb/_run_prefix/topling/bin/db_bench -json logs/zipkeyonly/db_bench-fillrandom.yaml -num=50000000 -key_size=8 -value_size=50 -batch_size=1000 -benchmarks=fillrandom,flush,compact,readseq,readseq,readseq,readrandom -enable_zero_copy -progress_reports=false -report_bench_start_time -compact_target_level=6
RocksDB:    version 8.10.2
Date:       Thu Oct  8 08:52:32 2026
CPU:        4 * AMD EPYC 7763 64-Core Processor
CPUCache:   512 KB
Set seed to 1791449552345337 because --seed was 0
Initializing RocksDB Options from the specified file
Initializing RocksDB Options from command-line flags
Integrated BlobDB: blob cache disabled
Keys:       8 bytes each (+ 0 bytes user-defined timestamp)
Values:     50 bytes each (25 bytes after compression)
Entries:    50000000
Prefix:    0 bytes
Keys per prefix:    0
RawSize:    2765.7 MB (estimated)
FileSize:   1573.6 MB (estimated)
Write rate: 0 bytes/second
Read rate: 0 ops/second
Compression: Snappy
Compression sampling rate: 0
Memtablerep: CSPPMemTabFactory
Perf Level: 1
------------------------------------------------
Initializing RocksDB Options from the specified file
Initializing RocksDB Options from command-line flags
Integrated BlobDB: blob cache disabled
DB path: [/dev/shm/db_bench_enterprise]
2026-10-08T08:52:34.374420Z fillrandom   :    0.558927 micros/op 1789140 ops/sec 27.946 seconds 50000000 operations;   99.0 MB/s
flush memtable
DB path: [/dev/shm/db_bench_enterprise]
2026-10-08T08:53:02.341048Z compact      : 25989259.000000 micros/op 0 ops/sec 25.989 seconds 1 operations;
DB path: [/dev/shm/db_bench_enterprise]
2026-10-08T08:53:28.330505Z readseq      :    0.039138 micros/op 25549597 ops/sec 1.957 seconds 50000000 operations; 1413.2 MB/s
DB path: [/dev/shm/db_bench_enterprise]
2026-10-08T08:53:30.287691Z readseq      :    0.040214 micros/op 24866133 ops/sec 2.011 seconds 50000000 operations; 1375.4 MB/s
DB path: [/dev/shm/db_bench_enterprise]
2026-10-08T08:53:32.298674Z readseq      :    0.039007 micros/op 25635898 ops/sec 1.950 seconds 50000000 operations; 1418.0 MB/s
DB path: [/dev/shm/db_bench_enterprise]
2026-10-08T08:53:34.249236Z readrandom   :    0.171525 micros/op 5830006 ops/sec 8.576 seconds 50000000 operations;  203.8 MB/s (31606752 of 50000000 found)

