$ /home/runner/work/toplingdb/toplingdb/_run_prefix/topling/bin/db_bench -json logs/zipkeyonly/db_bench-fillrandom.yaml -num=50000000 -key_size=8 -value_size=50 -batch_size=1000 -benchmarks=nextwithkey,nextwithkey,nextwithkey,readseq,readseq,readseq -scan_omit_key -scan_omit_value -use_existing_db=1 -enable_zero_copy -progress_reports=false
RocksDB:    version 8.10.2
Date:       Thu Oct  8 08:53:44 2026
CPU:        4 * AMD EPYC 7763 64-Core Processor
CPUCache:   512 KB
Set seed to 1791449624518838 because --seed was 0
Initializing RocksDB Options from the specified file
Initializing RocksDB Options from command-line flags
Integrated BlobDB: blob cache disabled
Keys:       8 bytes each (+ 0 bytes user-defined timestamp)
Values:     50 bytes each (25 bytes after compression)
Entries:    50000000
Prefix:    0 bytes
Keys per prefix:    0
RawSize:    2765.7 MB (estimated)
FileSize:   1573.6 MB (estimated)
Write rate: 0 bytes/second
Read rate: 0 ops/second
Compression: Snappy
Compression sampling rate: 0
Memtablerep: CSPPMemTabFactory
Perf Level: 1
------------------------------------------------
DB path: [/dev/shm/db_bench_enterprise]
nextwithkey  :    0.025585 micros/op 39085034 ops/sec 1.279 seconds 50000000 operations;  298.2 MB/s
DB path: [/dev/shm/db_bench_enterprise]
nextwithkey  :    0.025357 micros/op 39435442 ops/sec 1.268 seconds 50000000 operations;  300.9 MB/s
DB path: [/dev/shm/db_bench_enterprise]
nextwithkey  :    0.025159 micros/op 39746544 ops/sec 1.258 seconds 50000000 operations;  303.2 MB/s
DB path: [/dev/shm/db_bench_enterprise]
readseq      :    0.025847 micros/op 38688730 ops/sec 1.292 seconds 50000000 operations;  295.2 MB/s
DB path: [/dev/shm/db_bench_enterprise]
readseq      :    0.025918 micros/op 38581527 ops/sec 1.296 seconds 50000000 operations;  294.4 MB/s
DB path: [/dev/shm/db_bench_enterprise]
readseq      :    0.026451 micros/op 37803724 ops/sec 1.323 seconds 50000000 operations;  288.4 MB/s
