$ /home/runner/work/toplingdb/toplingdb/_run_prefix/topling/bin/db_bench -json logs/zipkeyonly/db_bench-fillseq.yaml -num=50000000 -key_size=8 -value_size=50 -batch_size=1000 -benchmarks=fillseq,flush,compact,readseq,readseq,readseq,readrandom -enable_zero_copy -progress_reports=false -report_bench_start_time -compact_target_level=6
RocksDB:    version 8.10.2
Date:       Thu Oct  8 08:53:52 2026
CPU:        4 * AMD EPYC 7763 64-Core Processor
CPUCache:   512 KB
Set seed to 1791449632918016 because --seed was 0
Initializing RocksDB Options from the specified file
Initializing RocksDB Options from command-line flags
Integrated BlobDB: blob cache disabled
Keys:       8 bytes each (+ 0 bytes user-defined timestamp)
Values:     50 bytes each (25 bytes after compression)
Entries:    50000000
Prefix:    0 bytes
Keys per prefix:    0
RawSize:    2765.7 MB (estimated)
FileSize:   1573.6 MB (estimated)
Write rate: 0 bytes/second
Read rate: 0 ops/second
Compression: Snappy
Compression sampling rate: 0
Memtablerep: OffsetSkipList
Perf Level: 1
------------------------------------------------
Initializing RocksDB Options from the specified file
Initializing RocksDB Options from command-line flags
Integrated BlobDB: blob cache disabled
DB path: [/dev/shm/db_bench_enterprise]
2026-10-08T08:53:54.944571Z fillseq      :    0.271823 micros/op 3678852 ops/sec 13.591 seconds 50000000 operations;  203.5 MB/s
flush memtable
DB path: [/dev/shm/db_bench_enterprise]
2026-10-08T08:54:08.548716Z compact      : 21139498.000000 micros/op 0 ops/sec 21.140 seconds 1 operations;
DB path: [/dev/shm/db_bench_enterprise]
2026-10-08T08:54:29.688398Z readseq      :    0.032433 micros/op 30832717 ops/sec 1.622 seconds 50000000 operations; 1705.5 MB/s
DB path: [/dev/shm/db_bench_enterprise]
2026-10-08T08:54:31.310300Z readseq      :    0.032427 micros/op 30837642 ops/sec 1.621 seconds 50000000 operations; 1705.7 MB/s
DB path: [/dev/shm/db_bench_enterprise]
2026-10-08T08:54:32.931891Z readseq      :    0.032753 micros/op 30530398 ops/sec 1.638 seconds 50000000 operations; 1688.7 MB/s
DB path: [/dev/shm/db_bench_enterprise]
2026-10-08T08:54:34.569938Z readrandom   :    0.161023 micros/op 6210253 ops/sec 8.051 seconds 50000000 operations;  343.5 MB/s (50000000 of 50000000 found)

