$ /home/runner/work/toplingdb/toplingdb/_run_prefix/topling/bin/db_bench -json logs/zipkeyonly/db_bench-fillseq-cspp.yaml -num=50000000 -key_size=8 -value_size=50 -batch_size=1000 -benchmarks=fillseq,flush,compact,readseq,readseq,readseq,readrandom -enable_zero_copy -progress_reports=false -report_bench_start_time -compact_target_level=6
RocksDB:    version 8.10.2
Date:       Thu Oct  8 08:54:49 2026
CPU:        4 * AMD EPYC 7763 64-Core Processor
CPUCache:   512 KB
Set seed to 1791449689622744 because --seed was 0
Initializing RocksDB Options from the specified file
Initializing RocksDB Options from command-line flags
Integrated BlobDB: blob cache disabled
Keys:       8 bytes each (+ 0 bytes user-defined timestamp)
Values:     50 bytes each (25 bytes after compression)
Entries:    50000000
Prefix:    0 bytes
Keys per prefix:    0
RawSize:    2765.7 MB (estimated)
FileSize:   1573.6 MB (estimated)
Write rate: 0 bytes/second
Read rate: 0 ops/second
Compression: Snappy
Compression sampling rate: 0
Memtablerep: CSPPMemTabFactory
Perf Level: 1
------------------------------------------------
Initializing RocksDB Options from the specified file
Initializing RocksDB Options from command-line flags
Integrated BlobDB: blob cache disabled
DB path: [/dev/shm/db_bench_enterprise]
2026-10-08T08:54:51.649770Z fillseq      :    0.300739 micros/op 3325109 ops/sec 15.037 seconds 50000000 operations;  183.9 MB/s
flush memtable
DB path: [/dev/shm/db_bench_enterprise]
2026-10-08T08:55:06.743383Z compact      : 19825700.000000 micros/op 0 ops/sec 19.826 seconds 1 operations;
DB path: [/dev/shm/db_bench_enterprise]
2026-10-08T08:55:26.569277Z readseq      :    0.032759 micros/op 30525310 ops/sec 1.638 seconds 50000000 operations; 1688.4 MB/s
DB path: [/dev/shm/db_bench_enterprise]
2026-10-08T08:55:28.207446Z readseq      :    0.032451 micros/op 30815121 ops/sec 1.623 seconds 50000000 operations; 1704.5 MB/s
DB path: [/dev/shm/db_bench_enterprise]
2026-10-08T08:55:29.830171Z readseq      :    0.032600 micros/op 30673943 ops/sec 1.630 seconds 50000000 operations; 1696.7 MB/s
DB path: [/dev/shm/db_bench_enterprise]
2026-10-08T08:55:31.460372Z readrandom   :    0.162991 micros/op 6135299 ops/sec 8.150 seconds 50000000 operations;  339.4 MB/s (50000000 of 50000000 found)

