RocksDB:    version 8.10.2
Date:       Fri Aug 14 09:16:07 2026
CPU:        4 * AMD EPYC 7763 64-Core Processor
CPUCache:   512 KB
Set seed to 1786698967200383 because --seed was 0
Initializing RocksDB Options from the specified file
Initializing RocksDB Options from command-line flags
Integrated BlobDB: blob cache disabled
Keys:       8 bytes each (+ 0 bytes user-defined timestamp)
Values:     50 bytes each (25 bytes after compression)
Entries:    50000000
Prefix:    0 bytes
Keys per prefix:    0
RawSize:    2765.7 MB (estimated)
FileSize:   1573.6 MB (estimated)
Write rate: 0 bytes/second
Read rate: 0 ops/second
Compression: Snappy
Compression sampling rate: 0
Memtablerep: CSPPMemTabFactory
Perf Level: 1
------------------------------------------------
DB path: [/dev/shm/db_bench_enterprise]
nextwithkey  :    0.025582 micros/op 39088304 ops/sec 1.279 seconds 50000000 operations;  298.2 MB/s
DB path: [/dev/shm/db_bench_enterprise]
nextwithkey  :    0.025615 micros/op 39037095 ops/sec 1.281 seconds 50000000 operations;  297.8 MB/s
DB path: [/dev/shm/db_bench_enterprise]
nextwithkey  :    0.025635 micros/op 39007736 ops/sec 1.282 seconds 50000000 operations;  297.6 MB/s
DB path: [/dev/shm/db_bench_enterprise]
readseq      :    0.026010 micros/op 38444504 ops/sec 1.301 seconds 50000000 operations;  293.3 MB/s
DB path: [/dev/shm/db_bench_enterprise]
readseq      :    0.026118 micros/op 38285689 ops/sec 1.306 seconds 50000000 operations;  292.1 MB/s
DB path: [/dev/shm/db_bench_enterprise]
readseq      :    0.026036 micros/op 38405761 ops/sec 1.302 seconds 50000000 operations;  293.0 MB/s
