RocksDB:    version 8.10.2
Date:       Fri Aug 14 09:16:15 2026
CPU:        4 * AMD EPYC 7763 64-Core Processor
CPUCache:   512 KB
Set seed to 1786698975571958 because --seed was 0
Initializing RocksDB Options from the specified file
Initializing RocksDB Options from command-line flags
Integrated BlobDB: blob cache disabled
Keys:       8 bytes each (+ 0 bytes user-defined timestamp)
Values:     50 bytes each (25 bytes after compression)
Entries:    50000000
Prefix:    0 bytes
Keys per prefix:    0
RawSize:    2765.7 MB (estimated)
FileSize:   1573.6 MB (estimated)
Write rate: 0 bytes/second
Read rate: 0 ops/second
Compression: Snappy
Compression sampling rate: 0
Memtablerep: CSPPMemTabFactory
Perf Level: 1
------------------------------------------------
Initializing RocksDB Options from the specified file
Initializing RocksDB Options from command-line flags
Integrated BlobDB: blob cache disabled
DB path: [/dev/shm/db_bench_enterprise]
2026-08-14T09:16:17.594322Z fillseq      :    0.441624 micros/op 2264363 ops/sec 22.081 seconds 50000000 operations;  125.2 MB/s
flush memtable
DB path: [/dev/shm/db_bench_enterprise]
2026-08-14T09:16:39.679547Z compact      : 21012517.000000 micros/op 0 ops/sec 21.013 seconds 1 operations;
DB path: [/dev/shm/db_bench_enterprise]
2026-08-14T09:17:00.692303Z readseq      :    0.037539 micros/op 26638238 ops/sec 1.877 seconds 50000000 operations; 1473.4 MB/s
DB path: [/dev/shm/db_bench_enterprise]
2026-08-14T09:17:02.569606Z readseq      :    0.037935 micros/op 26360157 ops/sec 1.897 seconds 50000000 operations; 1458.1 MB/s
DB path: [/dev/shm/db_bench_enterprise]
2026-08-14T09:17:04.466725Z readseq      :    0.037731 micros/op 26502408 ops/sec 1.887 seconds 50000000 operations; 1465.9 MB/s
DB path: [/dev/shm/db_bench_enterprise]
2026-08-14T09:17:06.353581Z readrandom   :    0.142972 micros/op 6994338 ops/sec 7.149 seconds 50000000 operations;  386.9 MB/s (50000000 of 50000000 found)

