RocksDB:    version 8.10.2
Date:       Fri Aug 14 09:14:29 2026
CPU:        4 * AMD EPYC 7763 64-Core Processor
CPUCache:   512 KB
Set seed to 1786698869018115 because --seed was 0
Initializing RocksDB Options from the specified file
Initializing RocksDB Options from command-line flags
Integrated BlobDB: blob cache disabled
Keys:       8 bytes each (+ 0 bytes user-defined timestamp)
Values:     50 bytes each (25 bytes after compression)
Entries:    50000000
Prefix:    0 bytes
Keys per prefix:    0
RawSize:    2765.7 MB (estimated)
FileSize:   1573.6 MB (estimated)
Write rate: 0 bytes/second
Read rate: 0 ops/second
Compression: Snappy
Compression sampling rate: 0
Memtablerep: CSPPMemTabFactory
Perf Level: 1
------------------------------------------------
Initializing RocksDB Options from the specified file
Initializing RocksDB Options from command-line flags
Integrated BlobDB: blob cache disabled
DB path: [/dev/shm/db_bench_enterprise]
2026-08-14T09:14:31.046183Z fillrandom   :    0.939063 micros/op 1064889 ops/sec 46.953 seconds 50000000 operations;   58.9 MB/s
flush memtable
DB path: [/dev/shm/db_bench_enterprise]
2026-08-14T09:15:18.014980Z compact      : 28060071.000000 micros/op 0 ops/sec 28.060 seconds 1 operations;
DB path: [/dev/shm/db_bench_enterprise]
2026-08-14T09:15:46.075270Z readseq      :    0.045566 micros/op 21945696 ops/sec 2.278 seconds 50000000 operations; 1213.9 MB/s
DB path: [/dev/shm/db_bench_enterprise]
2026-08-14T09:15:48.353975Z readseq      :    0.045760 micros/op 21852583 ops/sec 2.288 seconds 50000000 operations; 1208.7 MB/s
DB path: [/dev/shm/db_bench_enterprise]
2026-08-14T09:15:50.642271Z readseq      :    0.045345 micros/op 22052700 ops/sec 2.267 seconds 50000000 operations; 1219.8 MB/s
DB path: [/dev/shm/db_bench_enterprise]
2026-08-14T09:15:52.909819Z readrandom   :    0.253117 micros/op 3950726 ops/sec 12.656 seconds 50000000 operations;  138.1 MB/s (31602297 of 50000000 found)

