RocksDB:    version 11.9.0
Date:       Fri Aug  7 15:54:23 2026
CPU:        4 * AMD EPYC 9V74 80-Core Processor
CPUCache:   1024 KB
Set seed to 1786118063567393 because --seed was 0
Initializing RocksDB Options from the specified file
Initializing RocksDB Options from command-line flags
Integrated BlobDB: blob cache disabled
Keys:       8 bytes each (+ 0 bytes user-defined timestamp)
Values:     50 bytes each (25 bytes after compression)
Entries:    50000000
Prefix:    0 bytes
Keys per prefix:    0
RawSize:    2765.7 MB (estimated)
FileSize:   1573.6 MB (estimated)
Write rate: 0 bytes/second
Read rate: 0 ops/second
Compression: Snappy
Compression sampling rate: 0
Memtablerep: SkipListFactory
Perf Level: 1
------------------------------------------------
Initializing RocksDB Options from the specified file
Initializing RocksDB Options from command-line flags
Integrated BlobDB: blob cache disabled
DB path: [/dev/shm/db_bench_rocksdb_master]
2026-08-07T15:54:23.580866Z fillseq      :       0.265 micros/op 3770157 ops/sec 13.262 seconds 50000000 operations;  208.5 MB/s
flush memtable
DB path: [/dev/shm/db_bench_rocksdb_master]
2026-08-07T15:54:37.081517Z compact      : 17720037.000 micros/op 0 ops/sec 17.720 seconds 1 operations;
DB path: [/dev/shm/db_bench_rocksdb_master]
2026-08-07T15:54:54.801778Z readseq      :       0.193 micros/op 5194099 ops/sec 9.626 seconds 50000000 operations;  287.3 MB/s
DB path: [/dev/shm/db_bench_rocksdb_master]
2026-08-07T15:55:04.428374Z readseq      :       0.118 micros/op 8446650 ops/sec 5.920 seconds 50000000 operations;  467.2 MB/s
DB path: [/dev/shm/db_bench_rocksdb_master]
2026-08-07T15:55:10.348106Z readseq      :       0.118 micros/op 8445301 ops/sec 5.920 seconds 50000000 operations;  467.1 MB/s
DB path: [/dev/shm/db_bench_rocksdb_master]
2026-08-07T15:55:16.268783Z readrandom   :       3.172 micros/op 315220 ops/sec 158.619 seconds 50000000 operations;   17.4 MB/s (50000000 of 50000000 found)

