RocksDB:    version 11.9.0
Date:       Fri Aug  7 15:50:07 2026
CPU:        4 * AMD EPYC 9V74 80-Core Processor
CPUCache:   1024 KB
Set seed to 1786117807990568 because --seed was 0
Initializing RocksDB Options from the specified file
Initializing RocksDB Options from command-line flags
Integrated BlobDB: blob cache disabled
Keys:       8 bytes each (+ 0 bytes user-defined timestamp)
Values:     50 bytes each (25 bytes after compression)
Entries:    50000000
Prefix:    0 bytes
Keys per prefix:    0
RawSize:    2765.7 MB (estimated)
FileSize:   1573.6 MB (estimated)
Write rate: 0 bytes/second
Read rate: 0 ops/second
Compression: Snappy
Compression sampling rate: 0
Memtablerep: SkipListFactory
Perf Level: 1
------------------------------------------------
Initializing RocksDB Options from the specified file
Initializing RocksDB Options from command-line flags
Integrated BlobDB: blob cache disabled
DB path: [/dev/shm/db_bench_rocksdb_master]
2026-08-07T15:50:08.003618Z fillrandom   :       1.515 micros/op 660160 ops/sec 75.739 seconds 50000000 operations;   36.5 MB/s
flush memtable
DB path: [/dev/shm/db_bench_rocksdb_master]
2026-08-07T15:51:24.061744Z compact      : 22628122.000 micros/op 0 ops/sec 22.628 seconds 1 operations;
DB path: [/dev/shm/db_bench_rocksdb_master]
2026-08-07T15:51:46.690160Z readseq      :       0.177 micros/op 5650934 ops/sec 5.593 seconds 31606806 operations;  312.6 MB/s
DB path: [/dev/shm/db_bench_rocksdb_master]
2026-08-07T15:51:52.283640Z readseq      :       0.119 micros/op 8429378 ops/sec 3.750 seconds 31606806 operations;  466.3 MB/s
DB path: [/dev/shm/db_bench_rocksdb_master]
2026-08-07T15:51:56.033484Z readseq      :       0.118 micros/op 8445618 ops/sec 3.742 seconds 31606806 operations;  467.2 MB/s
DB path: [/dev/shm/db_bench_rocksdb_master]
2026-08-07T15:51:59.776128Z readrandom   :       2.869 micros/op 348523 ops/sec 143.462 seconds 50000000 operations;   12.2 MB/s (31605159 of 50000000 found)

