$ /home/runner/work/toplingdb/toplingdb/_run_prefix/rocksdb-v8.10/bin/db_bench -db=/dev/shm/db_bench_rocksdb_v810 -num=100000000 -key_size=8 -value_size=50 -batch_size=1000 -cache_size=8383207424 -benchmarks=fillseq,flush,compact,readseq,readseq,readseq,readrandom -progress_reports=false -report_bench_start_time -compact_target_level=6 -options_file=.github/bench-conf/rocksdb_db_bench.ini
RocksDB:    version 8.10.2
Date:       Sat Sep 12 18:24:03 2026
CPU:        4 * AMD EPYC 9V74 80-Core Processor
CPUCache:   1024 KB
Set seed to 1789237443656290 because --seed was 0
Initializing RocksDB Options from the specified file
Keys:       8 bytes each (+ 0 bytes user-defined timestamp)
Values:     50 bytes each (25 bytes after compression)
Entries:    100000000
Prefix:    0 bytes
Keys per prefix:    0
RawSize:    5531.3 MB (estimated)
FileSize:   3147.1 MB (estimated)
Write rate: 0 bytes/second
Read rate: 0 ops/second
Compression: Snappy
Compression sampling rate: 0
Memtablerep: SkipListFactory
Perf Level: 1
------------------------------------------------
Initializing RocksDB Options from the specified file
DB path: [/dev/shm/db_bench_rocksdb_v810]
2026-09-12T18:24:03.668691Z fillseq      :       0.359 micros/op 2785793 ops/sec 35.896 seconds 100000000 operations;  154.1 MB/s
flush memtable
DB path: [/dev/shm/db_bench_rocksdb_v810]
2026-09-12T18:24:39.796215Z compact      : 35879180.000 micros/op 0 ops/sec 35.879 seconds 1 operations;
DB path: [/dev/shm/db_bench_rocksdb_v810]
2026-09-12T18:25:15.675595Z readseq      :       0.168 micros/op 5941152 ops/sec 16.832 seconds 100000000 operations;  328.6 MB/s
DB path: [/dev/shm/db_bench_rocksdb_v810]
2026-09-12T18:25:32.507691Z readseq      :       0.101 micros/op 9855254 ops/sec 10.147 seconds 100000000 operations;  545.1 MB/s
DB path: [/dev/shm/db_bench_rocksdb_v810]
2026-09-12T18:25:42.654867Z readseq      :       0.102 micros/op 9847916 ops/sec 10.154 seconds 100000000 operations;  544.7 MB/s
DB path: [/dev/shm/db_bench_rocksdb_v810]
2026-09-12T18:25:52.809568Z readrandom   :       3.200 micros/op 312496 ops/sec 320.003 seconds 100000000 operations;   17.3 MB/s (100000000 of 100000000 found)

