$ /home/runner/work/toplingdb/toplingdb/_run_prefix/topling/bin/db_bench -json logs/zipkeyonly/db_bench-fillrandom.yaml -num=100000000 -key_size=8 -value_size=50 -batch_size=1000 -benchmarks=fillrandom,flush,compact,readseq,readseq,readseq,readrandom -enable_zero_copy -progress_reports=false -report_bench_start_time -compact_target_level=6
RocksDB:    version 8.10.2
Date:       Sat Sep 12 22:26:22 2026
CPU:        4 * AMD EPYC 9V74 80-Core Processor
CPUCache:   1024 KB
Set seed to 1789251982114725 because --seed was 0
Initializing RocksDB Options from the specified file
Initializing RocksDB Options from command-line flags
Integrated BlobDB: blob cache disabled
Keys:       8 bytes each (+ 0 bytes user-defined timestamp)
Values:     50 bytes each (25 bytes after compression)
Entries:    100000000
Prefix:    0 bytes
Keys per prefix:    0
RawSize:    5531.3 MB (estimated)
FileSize:   3147.1 MB (estimated)
Write rate: 0 bytes/second
Read rate: 0 ops/second
Compression: Snappy
Compression sampling rate: 0
Memtablerep: CSPPMemTabFactory
Perf Level: 1
------------------------------------------------
Initializing RocksDB Options from the specified file
Initializing RocksDB Options from command-line flags
Integrated BlobDB: blob cache disabled
DB path: [/dev/shm/db_bench_enterprise]
2026-09-12T22:26:24.142971Z fillrandom   :    0.751061 micros/op 1331449 ops/sec 75.106 seconds 100000000 operations;   73.6 MB/s
flush memtable
DB path: [/dev/shm/db_bench_enterprise]
2026-09-12T22:27:39.291069Z compact      : 40267735.000000 micros/op 0 ops/sec 40.268 seconds 1 operations;
DB path: [/dev/shm/db_bench_enterprise]
2026-09-12T22:28:19.559047Z readseq      :    0.043133 micros/op 23183691 ops/sec 4.313 seconds 100000000 operations; 1282.4 MB/s
DB path: [/dev/shm/db_bench_enterprise]
2026-09-12T22:28:23.872719Z readseq      :    0.041164 micros/op 24292741 ops/sec 4.116 seconds 100000000 operations; 1343.7 MB/s
DB path: [/dev/shm/db_bench_enterprise]
2026-09-12T22:28:27.989393Z readseq      :    0.041864 micros/op 23886712 ops/sec 4.186 seconds 100000000 operations; 1321.2 MB/s
DB path: [/dev/shm/db_bench_enterprise]
2026-09-12T22:28:32.176062Z readrandom   :    0.228135 micros/op 4383373 ops/sec 22.813 seconds 100000000 operations;  153.3 MB/s (63209732 of 100000000 found)

