$ /home/runner/work/toplingdb/toplingdb/_run_prefix/topling/bin/db_bench -json logs/zipkeyonly/db_bench-fillseq.yaml -num=100000000 -key_size=8 -value_size=50 -batch_size=1000 -benchmarks=nextwithkey,nextwithkey,nextwithkey,readseq,readseq,readseq -scan_omit_key -scan_omit_value -use_existing_db=1 -enable_zero_copy -progress_reports=false
RocksDB:    version 8.10.2
Date:       Sat Sep 12 22:30:53 2026
CPU:        4 * AMD EPYC 9V74 80-Core Processor
CPUCache:   1024 KB
Set seed to 1789252253266921 because --seed was 0
Initializing RocksDB Options from the specified file
Initializing RocksDB Options from command-line flags
Integrated BlobDB: blob cache disabled
Keys:       8 bytes each (+ 0 bytes user-defined timestamp)
Values:     50 bytes each (25 bytes after compression)
Entries:    100000000
Prefix:    0 bytes
Keys per prefix:    0
RawSize:    5531.3 MB (estimated)
FileSize:   3147.1 MB (estimated)
Write rate: 0 bytes/second
Read rate: 0 ops/second
Compression: Snappy
Compression sampling rate: 0
Memtablerep: OffsetSkipList
Perf Level: 1
------------------------------------------------
DB path: [/dev/shm/db_bench_enterprise]
nextwithkey  :    0.019261 micros/op 51917467 ops/sec 1.926 seconds 100000000 operations;  396.1 MB/s
DB path: [/dev/shm/db_bench_enterprise]
nextwithkey  :    0.019210 micros/op 52056003 ops/sec 1.921 seconds 100000000 operations;  397.2 MB/s
DB path: [/dev/shm/db_bench_enterprise]
nextwithkey  :    0.019222 micros/op 52022883 ops/sec 1.922 seconds 100000000 operations;  396.9 MB/s
DB path: [/dev/shm/db_bench_enterprise]
readseq      :    0.020062 micros/op 49842174 ops/sec 2.006 seconds 100000000 operations;  380.3 MB/s
DB path: [/dev/shm/db_bench_enterprise]
readseq      :    0.019986 micros/op 50033071 ops/sec 1.999 seconds 100000000 operations;  381.7 MB/s
DB path: [/dev/shm/db_bench_enterprise]
readseq      :    0.019932 micros/op 50169245 ops/sec 1.993 seconds 100000000 operations;  382.8 MB/s
