$ /home/runner/work/toplingdb/toplingdb/_run_prefix/topling/bin/db_bench -json logs/zipkeyonly/db_bench-fillseq.yaml -num=100000000 -key_size=8 -value_size=50 -batch_size=1000 -benchmarks=fillseq,flush,compact,readseq,readseq,readseq,readrandom -enable_zero_copy -progress_reports=false -report_bench_start_time -compact_target_level=6
RocksDB:    version 8.10.2
Date:       Sat Sep 12 22:29:13 2026
CPU:        4 * AMD EPYC 9V74 80-Core Processor
CPUCache:   1024 KB
Set seed to 1789252153095289 because --seed was 0
Initializing RocksDB Options from the specified file
Initializing RocksDB Options from command-line flags
Integrated BlobDB: blob cache disabled
Keys:       8 bytes each (+ 0 bytes user-defined timestamp)
Values:     50 bytes each (25 bytes after compression)
Entries:    100000000
Prefix:    0 bytes
Keys per prefix:    0
RawSize:    5531.3 MB (estimated)
FileSize:   3147.1 MB (estimated)
Write rate: 0 bytes/second
Read rate: 0 ops/second
Compression: Snappy
Compression sampling rate: 0
Memtablerep: OffsetSkipList
Perf Level: 1
------------------------------------------------
Initializing RocksDB Options from the specified file
Initializing RocksDB Options from command-line flags
Integrated BlobDB: blob cache disabled
DB path: [/dev/shm/db_bench_enterprise]
2026-09-12T22:29:15.121970Z fillseq      :    0.306794 micros/op 3259483 ops/sec 30.680 seconds 100000000 operations;  180.3 MB/s
flush memtable
DB path: [/dev/shm/db_bench_enterprise]
2026-09-12T22:29:45.812399Z compact      : 40481921.000000 micros/op 0 ops/sec 40.482 seconds 1 operations;
DB path: [/dev/shm/db_bench_enterprise]
2026-09-12T22:30:26.294511Z readseq      :    0.032305 micros/op 30954462 ops/sec 3.231 seconds 100000000 operations; 1712.2 MB/s
DB path: [/dev/shm/db_bench_enterprise]
2026-09-12T22:30:29.525354Z readseq      :    0.032385 micros/op 30877892 ops/sec 3.239 seconds 100000000 operations; 1708.0 MB/s
DB path: [/dev/shm/db_bench_enterprise]
2026-09-12T22:30:32.764135Z readseq      :    0.032267 micros/op 30991021 ops/sec 3.227 seconds 100000000 operations; 1714.2 MB/s
DB path: [/dev/shm/db_bench_enterprise]
2026-09-12T22:30:35.991089Z readrandom   :    0.152750 micros/op 6546645 ops/sec 15.275 seconds 100000000 operations;  362.1 MB/s (100000000 of 100000000 found)

