$ /home/runner/work/toplingdb/toplingdb/_run_prefix/rocksdb-v8.10/bin/db_bench -db=/dev/shm/db_bench_rocksdb_v810 -num=100000000 -key_size=8 -value_size=50 -batch_size=1000 -cache_size=8383203328 -benchmarks=fillrandom,flush,compact,readseq,readseq,readseq,readrandom -progress_reports=false -report_bench_start_time -compact_target_level=6 -options_file=.github/bench-conf/rocksdb_db_bench.ini
RocksDB:    version 8.10.2
Date:       Sun Sep 13 17:38:32 2026
CPU:        4 * AMD EPYC 9V74 80-Core Processor
CPUCache:   1024 KB
Set seed to 1789321112625192 because --seed was 0
Initializing RocksDB Options from the specified file
Keys:       8 bytes each (+ 0 bytes user-defined timestamp)
Values:     50 bytes each (25 bytes after compression)
Entries:    100000000
Prefix:    0 bytes
Keys per prefix:    0
RawSize:    5531.3 MB (estimated)
FileSize:   3147.1 MB (estimated)
Write rate: 0 bytes/second
Read rate: 0 ops/second
Compression: Snappy
Compression sampling rate: 0
Memtablerep: SkipListFactory
Perf Level: 1
------------------------------------------------
Initializing RocksDB Options from the specified file
DB path: [/dev/shm/db_bench_rocksdb_v810]
2026-09-13T17:38:32.635558Z fillrandom   :       1.256 micros/op 795912 ops/sec 125.642 seconds 100000000 operations;   44.0 MB/s
flush memtable
DB path: [/dev/shm/db_bench_rocksdb_v810]
2026-09-13T17:40:38.503579Z compact      : 46171284.000 micros/op 0 ops/sec 46.171 seconds 1 operations;
DB path: [/dev/shm/db_bench_rocksdb_v810]
2026-09-13T17:41:24.675331Z readseq      :       0.115 micros/op 8687369 ops/sec 7.277 seconds 63214264 operations;  480.5 MB/s
DB path: [/dev/shm/db_bench_rocksdb_v810]
2026-09-13T17:41:31.952083Z readseq      :       0.080 micros/op 12487727 ops/sec 5.062 seconds 63214264 operations;  690.7 MB/s
DB path: [/dev/shm/db_bench_rocksdb_v810]
2026-09-13T17:41:37.014376Z readseq      :       0.080 micros/op 12483535 ops/sec 5.064 seconds 63214264 operations;  690.5 MB/s
DB path: [/dev/shm/db_bench_rocksdb_v810]
2026-09-13T17:41:42.078378Z readrandom   :       2.582 micros/op 387324 ops/sec 258.182 seconds 100000000 operations;   13.5 MB/s (63213930 of 100000000 found)

