$ /home/runner/work/toplingdb/toplingdb/_run_prefix/topling/bin/db_bench -json logs/zipkeyvalue/db_bench-fillrandom.yaml -num=100000000 -key_size=8 -value_size=50 -batch_size=1000 -benchmarks=fillrandom,flush,compact,readseq,readseq,readseq,readrandom -enable_zero_copy -progress_reports=false -report_bench_start_time -compact_target_level=6
RocksDB:    version 8.10.2
Date:       Sun Aug 16 16:29:04 2026
CPU:        4 * AMD EPYC 7763 64-Core Processor
CPUCache:   512 KB
Set seed to 1786897744030971 because --seed was 0
Initializing RocksDB Options from the specified file
Initializing RocksDB Options from command-line flags
Integrated BlobDB: blob cache disabled
Keys:       8 bytes each (+ 0 bytes user-defined timestamp)
Values:     50 bytes each (25 bytes after compression)
Entries:    100000000
Prefix:    0 bytes
Keys per prefix:    0
RawSize:    5531.3 MB (estimated)
FileSize:   3147.1 MB (estimated)
Write rate: 0 bytes/second
Read rate: 0 ops/second
Compression: Snappy
Compression sampling rate: 0
Memtablerep: CSPPMemTabFactory
Perf Level: 1
------------------------------------------------
Initializing RocksDB Options from the specified file
Initializing RocksDB Options from command-line flags
Integrated BlobDB: blob cache disabled
DB path: [/dev/shm/db_bench_enterprise]
2026-08-16T16:29:06.058169Z fillrandom   :    1.009344 micros/op 990742 ops/sec 100.934 seconds 100000000 operations;   54.8 MB/s
start step[ordinal=0, threadno=0, live_fibers=1]: ZipInputData
start step[ordinal=0, threadno=1, live_fibers=1]: ZipInputData
start step[ordinal=0, threadno=2, live_fibers=1]: ZipInputData
start step[ordinal=0, threadno=3, live_fibers=1]: ZipInputData
start step[ordinal=1, threadno=0, live_fibers=1]: WriteZipData
flush memtable
DB path: [/dev/shm/db_bench_enterprise]
2026-08-16T16:30:47.002435Z compact      : 77165459.000000 micros/op 0 ops/sec 77.165 seconds 1 operations;
DB path: [/dev/shm/db_bench_enterprise]
2026-08-16T16:32:04.168121Z readseq      :    0.059432 micros/op 16825943 ops/sec 5.943 seconds 100000000 operations;  930.7 MB/s
DB path: [/dev/shm/db_bench_enterprise]
2026-08-16T16:32:10.111544Z readseq      :    0.058986 micros/op 16952945 ops/sec 5.899 seconds 100000000 operations;  937.7 MB/s
DB path: [/dev/shm/db_bench_enterprise]
2026-08-16T16:32:16.010443Z readseq      :    0.059081 micros/op 16925774 ops/sec 5.908 seconds 100000000 operations;  936.2 MB/s
DB path: [/dev/shm/db_bench_enterprise]
2026-08-16T16:32:21.918816Z readrandom   :    0.528825 micros/op 1890984 ops/sec 52.883 seconds 100000000 operations;   66.1 MB/s (63209188 of 100000000 found)

ended step[ordinal=0, threadno=0, live_fibers=1]: ZipInputData
ended step[ordinal=0, threadno=1, live_fibers=1]: ZipInputData
ended step[ordinal=0, threadno=2, live_fibers=1]: ZipInputData
ended step[ordinal=0, threadno=3, live_fibers=1]: ZipInputData
ended step[ordinal=1, threadno=0, live_fibers=1]: WriteZipData

$ /home/runner/work/toplingdb/toplingdb/_run_prefix/topling/bin/db_bench -json logs/zipkeyvalue/db_bench-fillrandom.yaml -num=100000000 -key_size=8 -value_size=50 -batch_size=1000 -benchmarks=nextwithkey,nextwithkey,nextwithkey,readseq,readseq,readseq -scan_omit_key -scan_omit_value -use_existing_db=1 -enable_zero_copy -progress_reports=false
RocksDB:    version 8.10.2
Date:       Sun Aug 16 16:33:16 2026
CPU:        4 * AMD EPYC 7763 64-Core Processor
CPUCache:   512 KB
Set seed to 1786897996410003 because --seed was 0
Initializing RocksDB Options from the specified file
Initializing RocksDB Options from command-line flags
Integrated BlobDB: blob cache disabled
Keys:       8 bytes each (+ 0 bytes user-defined timestamp)
Values:     50 bytes each (25 bytes after compression)
Entries:    100000000
Prefix:    0 bytes
Keys per prefix:    0
RawSize:    5531.3 MB (estimated)
FileSize:   3147.1 MB (estimated)
Write rate: 0 bytes/second
Read rate: 0 ops/second
Compression: Snappy
Compression sampling rate: 0
Memtablerep: CSPPMemTabFactory
Perf Level: 1
------------------------------------------------
DB path: [/dev/shm/db_bench_enterprise]
nextwithkey  :    0.025243 micros/op 39613812 ops/sec 2.524 seconds 100000000 operations;  302.2 MB/s
DB path: [/dev/shm/db_bench_enterprise]
nextwithkey  :    0.025279 micros/op 39558166 ops/sec 2.528 seconds 100000000 operations;  301.8 MB/s
DB path: [/dev/shm/db_bench_enterprise]
nextwithkey  :    0.025066 micros/op 39893675 ops/sec 2.507 seconds 100000000 operations;  304.4 MB/s
DB path: [/dev/shm/db_bench_enterprise]
readseq      :    0.025764 micros/op 38812718 ops/sec 2.576 seconds 100000000 operations;  296.1 MB/s
DB path: [/dev/shm/db_bench_enterprise]
readseq      :    0.025791 micros/op 38771712 ops/sec 2.579 seconds 100000000 operations;  295.8 MB/s
DB path: [/dev/shm/db_bench_enterprise]
readseq      :    0.025722 micros/op 38876515 ops/sec 2.572 seconds 100000000 operations;  296.6 MB/s

$ /home/runner/work/toplingdb/toplingdb/_run_prefix/topling/bin/db_bench -json logs/zipkeyvalue/db_bench-fillseq.yaml -num=100000000 -key_size=8 -value_size=50 -batch_size=1000 -benchmarks=fillseq,flush,compact,readseq,readseq,readseq,readrandom -enable_zero_copy -progress_reports=false -report_bench_start_time -compact_target_level=6
RocksDB:    version 8.10.2
Date:       Sun Aug 16 16:33:32 2026
CPU:        4 * AMD EPYC 7763 64-Core Processor
CPUCache:   512 KB
Set seed to 1786898012657570 because --seed was 0
Initializing RocksDB Options from the specified file
Initializing RocksDB Options from command-line flags
Integrated BlobDB: blob cache disabled
Keys:       8 bytes each (+ 0 bytes user-defined timestamp)
Values:     50 bytes each (25 bytes after compression)
Entries:    100000000
Prefix:    0 bytes
Keys per prefix:    0
RawSize:    5531.3 MB (estimated)
FileSize:   3147.1 MB (estimated)
Write rate: 0 bytes/second
Read rate: 0 ops/second
Compression: Snappy
Compression sampling rate: 0
Memtablerep: CSPPMemTabFactory
Perf Level: 1
------------------------------------------------
Initializing RocksDB Options from the specified file
Initializing RocksDB Options from command-line flags
Integrated BlobDB: blob cache disabled
DB path: [/dev/shm/db_bench_enterprise]
2026-08-16T16:33:34.684868Z fillseq      :    0.438183 micros/op 2282148 ops/sec 43.818 seconds 100000000 operations;  126.2 MB/s
start step[ordinal=0, threadno=0, live_fibers=1]: ZipInputData
start step[ordinal=0, threadno=1, live_fibers=1]: ZipInputData
start step[ordinal=0, threadno=2, live_fibers=1]: ZipInputData
start step[ordinal=0, threadno=3, live_fibers=1]: ZipInputData
start step[ordinal=1, threadno=0, live_fibers=1]: WriteZipData
flush memtable
DB path: [/dev/shm/db_bench_enterprise]
2026-08-16T16:34:18.509869Z compact      : 126478025.000000 micros/op 0 ops/sec 126.478 seconds 1 operations;
DB path: [/dev/shm/db_bench_enterprise]
2026-08-16T16:36:24.988145Z readseq      :    0.047800 micros/op 20920475 ops/sec 4.780 seconds 100000000 operations; 1157.2 MB/s
DB path: [/dev/shm/db_bench_enterprise]
2026-08-16T16:36:29.768411Z readseq      :    0.047111 micros/op 21226451 ops/sec 4.711 seconds 100000000 operations; 1174.1 MB/s
DB path: [/dev/shm/db_bench_enterprise]
2026-08-16T16:36:34.479732Z readseq      :    0.047080 micros/op 21240329 ops/sec 4.708 seconds 100000000 operations; 1174.9 MB/s
DB path: [/dev/shm/db_bench_enterprise]
2026-08-16T16:36:39.187995Z readrandom   :    0.653034 micros/op 1531312 ops/sec 65.303 seconds 100000000 operations;   84.7 MB/s (100000000 of 100000000 found)

ended step[ordinal=0, threadno=3, live_fibers=1]: ZipInputData
ended step[ordinal=0, threadno=1, live_fibers=1]: ZipInputData
ended step[ordinal=0, threadno=2, live_fibers=1]: ZipInputData
ended step[ordinal=0, threadno=0, live_fibers=1]: ZipInputData
ended step[ordinal=1, threadno=0, live_fibers=1]: WriteZipData

$ /home/runner/work/toplingdb/toplingdb/_run_prefix/topling/bin/db_bench -json logs/zipkeyvalue/db_bench-fillseq.yaml -num=100000000 -key_size=8 -value_size=50 -batch_size=1000 -benchmarks=nextwithkey,nextwithkey,nextwithkey,readseq,readseq,readseq -scan_omit_key -scan_omit_value -use_existing_db=1 -enable_zero_copy -progress_reports=false
RocksDB:    version 8.10.2
Date:       Sun Aug 16 16:37:45 2026
CPU:        4 * AMD EPYC 7763 64-Core Processor
CPUCache:   512 KB
Set seed to 1786898265032963 because --seed was 0
Initializing RocksDB Options from the specified file
Initializing RocksDB Options from command-line flags
Integrated BlobDB: blob cache disabled
Keys:       8 bytes each (+ 0 bytes user-defined timestamp)
Values:     50 bytes each (25 bytes after compression)
Entries:    100000000
Prefix:    0 bytes
Keys per prefix:    0
RawSize:    5531.3 MB (estimated)
FileSize:   3147.1 MB (estimated)
Write rate: 0 bytes/second
Read rate: 0 ops/second
Compression: Snappy
Compression sampling rate: 0
Memtablerep: CSPPMemTabFactory
Perf Level: 1
------------------------------------------------
DB path: [/dev/shm/db_bench_enterprise]
nextwithkey  :    0.019130 micros/op 52274106 ops/sec 1.913 seconds 100000000 operations;  398.8 MB/s
DB path: [/dev/shm/db_bench_enterprise]
nextwithkey  :    0.019052 micros/op 52487073 ops/sec 1.905 seconds 100000000 operations;  400.4 MB/s
DB path: [/dev/shm/db_bench_enterprise]
nextwithkey  :    0.019144 micros/op 52234323 ops/sec 1.914 seconds 100000000 operations;  398.5 MB/s
DB path: [/dev/shm/db_bench_enterprise]
readseq      :    0.019427 micros/op 51472817 ops/sec 1.943 seconds 100000000 operations;  392.7 MB/s
DB path: [/dev/shm/db_bench_enterprise]
readseq      :    0.019534 micros/op 51192189 ops/sec 1.953 seconds 100000000 operations;  390.6 MB/s
DB path: [/dev/shm/db_bench_enterprise]
readseq      :    0.019431 micros/op 51463810 ops/sec 1.943 seconds 100000000 operations;  392.6 MB/s
