RocksDB:    version 8.10.2
Date:       Sat Aug 15 13:27:27 2026
CPU:        4 * AMD EPYC 7763 64-Core Processor
CPUCache:   512 KB
Set seed to 1786800447861295 because --seed was 0
Initializing RocksDB Options from the specified file
Initializing RocksDB Options from command-line flags
Integrated BlobDB: blob cache disabled
Keys:       8 bytes each (+ 0 bytes user-defined timestamp)
Values:     50 bytes each (25 bytes after compression)
Entries:    50000000
Prefix:    0 bytes
Keys per prefix:    0
RawSize:    2765.7 MB (estimated)
FileSize:   1573.6 MB (estimated)
Write rate: 0 bytes/second
Read rate: 0 ops/second
Compression: Snappy
Compression sampling rate: 0
Memtablerep: SkipListFactory
Perf Level: 1
------------------------------------------------
Initializing RocksDB Options from the specified file
Initializing RocksDB Options from command-line flags
Integrated BlobDB: blob cache disabled
DB path: [/dev/shm/db_bench_rocksdb_v810]
2026-08-15T13:27:27.873787Z fillrandom   :       1.296 micros/op 771359 ops/sec 64.821 seconds 50000000 operations;   42.7 MB/s
flush memtable
DB path: [/dev/shm/db_bench_rocksdb_v810]
2026-08-15T13:28:32.984618Z compact      : 27495496.000 micros/op 0 ops/sec 27.496 seconds 1 operations;
DB path: [/dev/shm/db_bench_rocksdb_v810]
2026-08-15T13:29:00.480321Z readseq      :       0.132 micros/op 7598914 ops/sec 4.159 seconds 31603681 operations;  420.3 MB/s
DB path: [/dev/shm/db_bench_rocksdb_v810]
2026-08-15T13:29:04.639566Z readseq      :       0.094 micros/op 10676284 ops/sec 2.960 seconds 31603681 operations;  590.5 MB/s
DB path: [/dev/shm/db_bench_rocksdb_v810]
2026-08-15T13:29:07.600038Z readseq      :       0.093 micros/op 10700934 ops/sec 2.953 seconds 31603681 operations;  591.9 MB/s
DB path: [/dev/shm/db_bench_rocksdb_v810]
2026-08-15T13:29:10.553765Z readrandom   :       2.514 micros/op 397734 ops/sec 125.712 seconds 50000000 operations;   13.9 MB/s (31602173 of 50000000 found)

