RocksDB:    version 8.10.2
Date:       Sat Aug 15 23:35:59 2026
CPU:        4 * AMD EPYC 9V74 80-Core Processor
CPUCache:   1024 KB
Set seed to 1786836959826516 because --seed was 0
Initializing RocksDB Options from the specified file
Initializing RocksDB Options from command-line flags
Integrated BlobDB: blob cache disabled
Keys:       8 bytes each (+ 0 bytes user-defined timestamp)
Values:     50 bytes each (25 bytes after compression)
Entries:    100000000
Prefix:    0 bytes
Keys per prefix:    0
RawSize:    5531.3 MB (estimated)
FileSize:   3147.1 MB (estimated)
Write rate: 0 bytes/second
Read rate: 0 ops/second
Compression: Snappy
Compression sampling rate: 0
Memtablerep: CSPPMemTabFactory
Perf Level: 1
------------------------------------------------
Initializing RocksDB Options from the specified file
Initializing RocksDB Options from command-line flags
Integrated BlobDB: blob cache disabled
DB path: [/dev/shm/db_bench_enterprise]
2026-08-15T23:36:01.851298Z fillrandom   :    1.008056 micros/op 991989 ops/sec 100.808 seconds 100000000 operations;   54.9 MB/s
start step[ordinal=0, threadno=0, live_fibers=1]: ZipInputData
start step[ordinal=0, threadno=1, live_fibers=1]: ZipInputData
start step[ordinal=0, threadno=3, live_fibers=1]: ZipInputData
start step[ordinal=0, threadno=2, live_fibers=1]: ZipInputData
start step[ordinal=1, threadno=0, live_fibers=1]: WriteZipData
flush memtable
DB path: [/dev/shm/db_bench_enterprise]
2026-08-15T23:37:44.802138Z compact      : 79774587.000000 micros/op 0 ops/sec 79.775 seconds 1 operations;
DB path: [/dev/shm/db_bench_enterprise]
2026-08-15T23:39:04.576987Z readseq      :    0.059184 micros/op 16896230 ops/sec 5.918 seconds 100000000 operations;  934.6 MB/s
DB path: [/dev/shm/db_bench_enterprise]
2026-08-15T23:39:10.495697Z readseq      :    0.059179 micros/op 16897689 ops/sec 5.918 seconds 100000000 operations;  934.7 MB/s
DB path: [/dev/shm/db_bench_enterprise]
2026-08-15T23:39:16.413978Z readseq      :    0.058495 micros/op 17095238 ops/sec 5.850 seconds 100000000 operations;  945.6 MB/s
DB path: [/dev/shm/db_bench_enterprise]
2026-08-15T23:39:22.263841Z readrandom   :    0.726375 micros/op 1376698 ops/sec 72.638 seconds 100000000 operations;   48.1 MB/s (63213680 of 100000000 found)

ended step[ordinal=0, threadno=2, live_fibers=1]: ZipInputData
ended step[ordinal=0, threadno=0, live_fibers=1]: ZipInputData
ended step[ordinal=0, threadno=1, live_fibers=1]: ZipInputData
ended step[ordinal=0, threadno=3, live_fibers=1]: ZipInputData
ended step[ordinal=1, threadno=0, live_fibers=1]: WriteZipData
