RocksDB:    version 8.10.2
Date:       Sat Aug 15 23:40:36 2026
CPU:        4 * AMD EPYC 9V74 80-Core Processor
CPUCache:   1024 KB
Set seed to 1786837236220267 because --seed was 0
Initializing RocksDB Options from the specified file
Initializing RocksDB Options from command-line flags
Integrated BlobDB: blob cache disabled
Keys:       8 bytes each (+ 0 bytes user-defined timestamp)
Values:     50 bytes each (25 bytes after compression)
Entries:    100000000
Prefix:    0 bytes
Keys per prefix:    0
RawSize:    5531.3 MB (estimated)
FileSize:   3147.1 MB (estimated)
Write rate: 0 bytes/second
Read rate: 0 ops/second
Compression: Snappy
Compression sampling rate: 0
Memtablerep: CSPPMemTabFactory
Perf Level: 1
------------------------------------------------
DB path: [/dev/shm/db_bench_enterprise]
nextwithkey  :    0.026179 micros/op 38197403 ops/sec 2.618 seconds 100000000 operations;  291.4 MB/s
DB path: [/dev/shm/db_bench_enterprise]
nextwithkey  :    0.026099 micros/op 38315291 ops/sec 2.610 seconds 100000000 operations;  292.3 MB/s
DB path: [/dev/shm/db_bench_enterprise]
nextwithkey  :    0.026106 micros/op 38305164 ops/sec 2.611 seconds 100000000 operations;  292.2 MB/s
DB path: [/dev/shm/db_bench_enterprise]
readseq      :    0.026927 micros/op 37136852 ops/sec 2.693 seconds 100000000 operations;  283.3 MB/s
DB path: [/dev/shm/db_bench_enterprise]
readseq      :    0.027228 micros/op 36726129 ops/sec 2.723 seconds 100000000 operations;  280.2 MB/s
DB path: [/dev/shm/db_bench_enterprise]
readseq      :    0.027275 micros/op 36663315 ops/sec 2.728 seconds 100000000 operations;  279.7 MB/s
