RocksDB:    version 8.10.2
Date:       Sat Aug 15 23:45:08 2026
CPU:        4 * AMD EPYC 9V74 80-Core Processor
CPUCache:   1024 KB
Set seed to 1786837508841109 because --seed was 0
Initializing RocksDB Options from the specified file
Initializing RocksDB Options from command-line flags
Integrated BlobDB: blob cache disabled
Keys:       8 bytes each (+ 0 bytes user-defined timestamp)
Values:     50 bytes each (25 bytes after compression)
Entries:    100000000
Prefix:    0 bytes
Keys per prefix:    0
RawSize:    5531.3 MB (estimated)
FileSize:   3147.1 MB (estimated)
Write rate: 0 bytes/second
Read rate: 0 ops/second
Compression: Snappy
Compression sampling rate: 0
Memtablerep: CSPPMemTabFactory
Perf Level: 1
------------------------------------------------
DB path: [/dev/shm/db_bench_enterprise]
nextwithkey  :    0.019167 micros/op 52172706 ops/sec 1.917 seconds 100000000 operations;  398.0 MB/s
DB path: [/dev/shm/db_bench_enterprise]
nextwithkey  :    0.019132 micros/op 52263670 ops/sec 1.913 seconds 100000000 operations;  398.7 MB/s
DB path: [/dev/shm/db_bench_enterprise]
nextwithkey  :    0.019287 micros/op 51847212 ops/sec 1.929 seconds 100000000 operations;  395.6 MB/s
DB path: [/dev/shm/db_bench_enterprise]
readseq      :    0.019890 micros/op 50275661 ops/sec 1.989 seconds 100000000 operations;  383.6 MB/s
DB path: [/dev/shm/db_bench_enterprise]
readseq      :    0.019843 micros/op 50394107 ops/sec 1.984 seconds 100000000 operations;  384.5 MB/s
DB path: [/dev/shm/db_bench_enterprise]
readseq      :    0.019841 micros/op 50398958 ops/sec 1.984 seconds 100000000 operations;  384.5 MB/s
