RocksDB:    version 8.10.2
Date:       Fri Aug  7 22:45:43 2026
CPU:        4 * AMD EPYC 7763 64-Core Processor
CPUCache:   512 KB
Set seed to 1786142743471110 because --seed was 0
Initializing RocksDB Options from the specified file
Initializing RocksDB Options from command-line flags
Integrated BlobDB: blob cache disabled
Keys:       8 bytes each (+ 0 bytes user-defined timestamp)
Values:     50 bytes each (25 bytes after compression)
Entries:    100000000
Prefix:    0 bytes
Keys per prefix:    0
RawSize:    5531.3 MB (estimated)
FileSize:   3147.1 MB (estimated)
Write rate: 0 bytes/second
Read rate: 0 ops/second
Compression: Snappy
Compression sampling rate: 0
Memtablerep: CSPPMemTabFactory
Perf Level: 1
------------------------------------------------
Initializing RocksDB Options from the specified file
Initializing RocksDB Options from command-line flags
Integrated BlobDB: blob cache disabled
DB path: [/dev/shm/db_bench_enterprise]
2026-08-07T22:45:45.499029Z fillseq      :    0.451846 micros/op 2213142 ops/sec 45.185 seconds 100000000 operations;  122.4 MB/s
start step[ordinal=0, threadno=0, live_fibers=1]: ZipInputData
start step[ordinal=0, threadno=1, live_fibers=1]: ZipInputData
start step[ordinal=0, threadno=2, live_fibers=1]: ZipInputData
start step[ordinal=0, threadno=3, live_fibers=1]: ZipInputData
start step[ordinal=1, threadno=0, live_fibers=1]: WriteZipData
flush memtable
DB path: [/dev/shm/db_bench_enterprise]
2026-08-07T22:46:30.691814Z compact      : 123547755.000000 micros/op 0 ops/sec 123.548 seconds 1 operations;
DB path: [/dev/shm/db_bench_enterprise]
2026-08-07T22:48:34.239849Z readseq      :    0.048953 micros/op 20427536 ops/sec 4.895 seconds 100000000 operations; 1129.9 MB/s
DB path: [/dev/shm/db_bench_enterprise]
2026-08-07T22:48:39.135428Z readseq      :    0.048927 micros/op 20438491 ops/sec 4.893 seconds 100000000 operations; 1130.5 MB/s
DB path: [/dev/shm/db_bench_enterprise]
2026-08-07T22:48:44.028384Z readseq      :    0.048905 micros/op 20447551 ops/sec 4.891 seconds 100000000 operations; 1131.0 MB/s
DB path: [/dev/shm/db_bench_enterprise]
2026-08-07T22:48:48.919212Z readrandom   :    0.736332 micros/op 1358081 ops/sec 73.633 seconds 100000000 operations;   75.1 MB/s (100000000 of 100000000 found)

ended step[ordinal=0, threadno=2, live_fibers=1]: ZipInputData
ended step[ordinal=0, threadno=0, live_fibers=1]: ZipInputData
ended step[ordinal=0, threadno=3, live_fibers=1]: ZipInputData
ended step[ordinal=0, threadno=1, live_fibers=1]: ZipInputData
ended step[ordinal=1, threadno=0, live_fibers=1]: WriteZipData
