RocksDB:    version 8.10.2
Date:       Fri Aug  7 22:50:03 2026
CPU:        4 * AMD EPYC 7763 64-Core Processor
CPUCache:   512 KB
Set seed to 1786143003869674 because --seed was 0
Initializing RocksDB Options from the specified file
Initializing RocksDB Options from command-line flags
Integrated BlobDB: blob cache disabled
Keys:       8 bytes each (+ 0 bytes user-defined timestamp)
Values:     50 bytes each (25 bytes after compression)
Entries:    100000000
Prefix:    0 bytes
Keys per prefix:    0
RawSize:    5531.3 MB (estimated)
FileSize:   3147.1 MB (estimated)
Write rate: 0 bytes/second
Read rate: 0 ops/second
Compression: Snappy
Compression sampling rate: 0
Memtablerep: CSPPMemTabFactory
Perf Level: 1
------------------------------------------------
DB path: [/dev/shm/db_bench_enterprise]
nextwithkey  :    0.019041 micros/op 52516981 ops/sec 1.904 seconds 100000000 operations;  400.7 MB/s
DB path: [/dev/shm/db_bench_enterprise]
nextwithkey  :    0.019014 micros/op 52593102 ops/sec 1.901 seconds 100000000 operations;  401.3 MB/s
DB path: [/dev/shm/db_bench_enterprise]
nextwithkey  :    0.019014 micros/op 52589977 ops/sec 1.902 seconds 100000000 operations;  401.2 MB/s
DB path: [/dev/shm/db_bench_enterprise]
readseq      :    0.019565 micros/op 51110738 ops/sec 1.957 seconds 100000000 operations;  389.9 MB/s
DB path: [/dev/shm/db_bench_enterprise]
readseq      :    0.019588 micros/op 51049944 ops/sec 1.959 seconds 100000000 operations;  389.5 MB/s
DB path: [/dev/shm/db_bench_enterprise]
readseq      :    0.019575 micros/op 51083898 ops/sec 1.958 seconds 100000000 operations;  389.7 MB/s
