Running as unit: run-r312d5a4d496c4d49849c87c848733576.scope; invocation ID: fba53a8181cf470b883e249025dddb23
Set seed to 1786265516404777 because --seed was 0
Initializing RocksDB Options from the specified file
Initializing RocksDB Options from command-line flags
Integrated BlobDB: blob cache disabled
CompactionService spool: /dev/shm/rocksdb-cs-spool-master
RocksDB:    version 11.9.0
Date:       Sun Aug  9 08:51:56 2026
CPU:        4 * AMD EPYC 9V74 80-Core Processor
CPUCache:   1024 KB
Keys:       8 bytes each (+ 0 bytes user-defined timestamp)
Values:     50 bytes each (25 bytes after compression)
Entries:    100000000
Prefix:    0 bytes
Keys per prefix:    0
RawSize:    5531.3 MB (estimated)
FileSize:   3147.1 MB (estimated)
Write rate: 0 bytes/second
Read rate: 0 ops/second
Compression: Snappy
Compression sampling rate: 0
Memtablerep: SkipListFactory
Perf Level: 1
------------------------------------------------
Initializing RocksDB Options from the specified file
Initializing RocksDB Options from command-line flags
Integrated BlobDB: blob cache disabled
CompactionService spool: /dev/shm/rocksdb-cs-spool-master
DB path: [/dev/shm/db_bench_rocksdb_master]
2026-08-09T08:51:56.417802Z fillrandom   :       4.645 micros/op 215282 ops/sec 464.506 seconds 100000000 operations;   11.9 MB/s
flush memtable
DB path: [/dev/shm/db_bench_rocksdb_master]
2026-08-09T08:59:41.992776Z compact      : 42323790.000 micros/op 0 ops/sec 42.324 seconds 1 operations;
DB path: [/dev/shm/db_bench_rocksdb_master]
2026-08-09T09:00:24.316744Z readseq      :       0.386 micros/op 2593059 ops/sec 24.378 seconds 63213751 operations;  143.4 MB/s
DB path: [/dev/shm/db_bench_rocksdb_master]
2026-08-09T09:00:48.695014Z readseq      :       0.261 micros/op 3824398 ops/sec 16.529 seconds 63213751 operations;  211.5 MB/s
DB path: [/dev/shm/db_bench_rocksdb_master]
2026-08-09T09:01:05.224332Z readseq      :       0.264 micros/op 3793923 ops/sec 16.662 seconds 63213751 operations;  209.9 MB/s
DB path: [/dev/shm/db_bench_rocksdb_master]
2026-08-09T09:01:21.886396Z readrandom   :       7.207 micros/op 138751 ops/sec 720.713 seconds 100000000 operations;    4.9 MB/s (63215063 of 100000000 found)

