$ /home/runner/work/toplingdb/toplingdb/_run_prefix/topling/bin/db_bench -json logs/zipkeyvalue/db_bench-fillrandom.yaml -num=50000000 -key_size=8 -value_size=50 -batch_size=1000 -benchmarks=fillrandom,flush,compact,readseq,readseq,readseq,readrandom -enable_zero_copy -progress_reports=false -report_bench_start_time -compact_target_level=6
RocksDB:    version 8.10.2
Date:       Mon Aug 31 15:02:06 2026
CPU:        4 * AMD EPYC 9V74 80-Core Processor
CPUCache:   1024 KB
Set seed to 1788188526021254 because --seed was 0
Initializing RocksDB Options from the specified file
Initializing RocksDB Options from command-line flags
Integrated BlobDB: blob cache disabled
Keys:       8 bytes each (+ 0 bytes user-defined timestamp)
Values:     50 bytes each (25 bytes after compression)
Entries:    50000000
Prefix:    0 bytes
Keys per prefix:    0
RawSize:    2765.7 MB (estimated)
FileSize:   1573.6 MB (estimated)
Write rate: 0 bytes/second
Read rate: 0 ops/second
Compression: Snappy
Compression sampling rate: 0
Memtablerep: CSPPMemTabFactory
Perf Level: 1
------------------------------------------------
Initializing RocksDB Options from the specified file
Initializing RocksDB Options from command-line flags
Integrated BlobDB: blob cache disabled
DB path: [/dev/shm/db_bench_enterprise]
2026-08-31T15:02:08.048821Z fillrandom   :    0.847652 micros/op 1179725 ops/sec 42.383 seconds 50000000 operations;   65.3 MB/s
start step[ordinal=0, threadno=0, live_fibers=1]: ZipInputData
start step[ordinal=0, threadno=1, live_fibers=1]: ZipInputData
start step[ordinal=0, threadno=2, live_fibers=1]: ZipInputData
start step[ordinal=0, threadno=3, live_fibers=1]: ZipInputData
start step[ordinal=1, threadno=0, live_fibers=1]: WriteZipData
flush memtable
DB path: [/dev/shm/db_bench_enterprise]
2026-08-31T15:02:50.443331Z compact      : 40678986.000000 micros/op 0 ops/sec 40.679 seconds 1 operations;
DB path: [/dev/shm/db_bench_enterprise]
2026-08-31T15:03:31.122587Z readseq      :    0.059149 micros/op 16906233 ops/sec 2.957 seconds 50000000 operations;  935.1 MB/s
DB path: [/dev/shm/db_bench_enterprise]
2026-08-31T15:03:34.080413Z readseq      :    0.058593 micros/op 17066745 ops/sec 2.930 seconds 50000000 operations;  944.0 MB/s
DB path: [/dev/shm/db_bench_enterprise]
2026-08-31T15:03:37.010307Z readseq      :    0.059045 micros/op 16935999 ops/sec 2.952 seconds 50000000 operations;  936.8 MB/s
DB path: [/dev/shm/db_bench_enterprise]
2026-08-31T15:03:39.962829Z readrandom   :    0.691754 micros/op 1445597 ops/sec 34.588 seconds 50000000 operations;   50.5 MB/s (31604777 of 50000000 found)

ended step[ordinal=0, threadno=1, live_fibers=1]: ZipInputData
ended step[ordinal=0, threadno=2, live_fibers=1]: ZipInputData
ended step[ordinal=0, threadno=0, live_fibers=1]: ZipInputData
ended step[ordinal=0, threadno=3, live_fibers=1]: ZipInputData
ended step[ordinal=1, threadno=0, live_fibers=1]: WriteZipData
