$ /home/runner/work/toplingdb/toplingdb/_run_prefix/topling/bin/db_bench -json logs/zipkeyvalue/db_bench-fillseq.yaml -num=50000000 -key_size=8 -value_size=50 -batch_size=1000 -benchmarks=fillseq,flush,compact,readseq,readseq,readseq,readrandom -enable_zero_copy -progress_reports=false -report_bench_start_time -compact_target_level=6
RocksDB:    version 8.10.2
Date:       Mon Aug 31 15:04:24 2026
CPU:        4 * AMD EPYC 9V74 80-Core Processor
CPUCache:   1024 KB
Set seed to 1788188664480099 because --seed was 0
Initializing RocksDB Options from the specified file
Initializing RocksDB Options from command-line flags
Integrated BlobDB: blob cache disabled
Keys:       8 bytes each (+ 0 bytes user-defined timestamp)
Values:     50 bytes each (25 bytes after compression)
Entries:    50000000
Prefix:    0 bytes
Keys per prefix:    0
RawSize:    2765.7 MB (estimated)
FileSize:   1573.6 MB (estimated)
Write rate: 0 bytes/second
Read rate: 0 ops/second
Compression: Snappy
Compression sampling rate: 0
Memtablerep: CSPPMemTabFactory
Perf Level: 1
------------------------------------------------
Initializing RocksDB Options from the specified file
Initializing RocksDB Options from command-line flags
Integrated BlobDB: blob cache disabled
DB path: [/dev/shm/db_bench_enterprise]
2026-08-31T15:04:26.500231Z fillseq      :    0.425549 micros/op 2349900 ops/sec 21.277 seconds 50000000 operations;  130.0 MB/s
start step[ordinal=0, threadno=1, live_fibers=1]: ZipInputData
start step[ordinal=0, threadno=0, live_fibers=1]: ZipInputData
start step[ordinal=0, threadno=2, live_fibers=1]: ZipInputData
start step[ordinal=0, threadno=3, live_fibers=1]: ZipInputData
start step[ordinal=1, threadno=0, live_fibers=1]: WriteZipData
flush memtable
DB path: [/dev/shm/db_bench_enterprise]
2026-08-31T15:04:47.781666Z compact      : 64930635.000000 micros/op 0 ops/sec 64.931 seconds 1 operations;
DB path: [/dev/shm/db_bench_enterprise]
2026-08-31T15:05:52.712529Z readseq      :    0.049139 micros/op 20350268 ops/sec 2.457 seconds 50000000 operations; 1125.6 MB/s
DB path: [/dev/shm/db_bench_enterprise]
2026-08-31T15:05:55.169795Z readseq      :    0.048924 micros/op 20439531 ops/sec 2.446 seconds 50000000 operations; 1130.6 MB/s
DB path: [/dev/shm/db_bench_enterprise]
2026-08-31T15:05:57.616269Z readseq      :    0.048325 micros/op 20692820 ops/sec 2.416 seconds 50000000 operations; 1144.6 MB/s
DB path: [/dev/shm/db_bench_enterprise]
2026-08-31T15:06:00.032814Z readrandom   :    0.769532 micros/op 1299490 ops/sec 38.477 seconds 50000000 operations;   71.9 MB/s (50000000 of 50000000 found)

ended step[ordinal=0, threadno=1, live_fibers=1]: ZipInputData
ended step[ordinal=0, threadno=2, live_fibers=1]: ZipInputData
ended step[ordinal=0, threadno=3, live_fibers=1]: ZipInputData
ended step[ordinal=0, threadno=0, live_fibers=1]: ZipInputData
ended step[ordinal=1, threadno=0, live_fibers=1]: WriteZipData
