$ /home/runner/work/toplingdb/toplingdb/_run_prefix/topling/bin/db_bench -json logs/zipkeyvalue/db_bench-fillseq.yaml -num=50000000 -key_size=8 -value_size=50 -batch_size=1000 -benchmarks=nextwithkey,nextwithkey,nextwithkey,readseq,readseq,readseq -scan_omit_key -scan_omit_value -use_existing_db=1 -enable_zero_copy -progress_reports=false
RocksDB:    version 8.10.2
Date:       Mon Aug 31 15:06:38 2026
CPU:        4 * AMD EPYC 9V74 80-Core Processor
CPUCache:   1024 KB
Set seed to 1788188798735530 because --seed was 0
Initializing RocksDB Options from the specified file
Initializing RocksDB Options from command-line flags
Integrated BlobDB: blob cache disabled
Keys:       8 bytes each (+ 0 bytes user-defined timestamp)
Values:     50 bytes each (25 bytes after compression)
Entries:    50000000
Prefix:    0 bytes
Keys per prefix:    0
RawSize:    2765.7 MB (estimated)
FileSize:   1573.6 MB (estimated)
Write rate: 0 bytes/second
Read rate: 0 ops/second
Compression: Snappy
Compression sampling rate: 0
Memtablerep: CSPPMemTabFactory
Perf Level: 1
------------------------------------------------
DB path: [/dev/shm/db_bench_enterprise]
nextwithkey  :    0.019243 micros/op 51962790 ops/sec 0.962 seconds 50000000 operations;  396.4 MB/s
DB path: [/dev/shm/db_bench_enterprise]
nextwithkey  :    0.019944 micros/op 50135013 ops/sec 0.997 seconds 50000000 operations;  382.5 MB/s
DB path: [/dev/shm/db_bench_enterprise]
nextwithkey  :    0.019177 micros/op 52141558 ops/sec 0.959 seconds 50000000 operations;  397.8 MB/s
DB path: [/dev/shm/db_bench_enterprise]
readseq      :    0.019854 micros/op 50365806 ops/sec 0.993 seconds 50000000 operations;  384.3 MB/s
DB path: [/dev/shm/db_bench_enterprise]
readseq      :    0.019859 micros/op 50351503 ops/sec 0.993 seconds 50000000 operations;  384.2 MB/s
DB path: [/dev/shm/db_bench_enterprise]
readseq      :    0.019870 micros/op 50324998 ops/sec 0.994 seconds 50000000 operations;  383.9 MB/s
