RocksDB:    version 8.10.2
Date:       Fri Aug 14 09:35:23 2026
CPU:        4 * AMD EPYC 7763 64-Core Processor
CPUCache:   512 KB
Set seed to 1786700123434482 because --seed was 0
Initializing RocksDB Options from the specified file
Initializing RocksDB Options from command-line flags
Integrated BlobDB: blob cache disabled
Keys:       8 bytes each (+ 0 bytes user-defined timestamp)
Values:     50 bytes each (25 bytes after compression)
Entries:    50000000
Prefix:    0 bytes
Keys per prefix:    0
RawSize:    2765.7 MB (estimated)
FileSize:   1573.6 MB (estimated)
Write rate: 0 bytes/second
Read rate: 0 ops/second
Compression: Snappy
Compression sampling rate: 0
Memtablerep: SkipListFactory
Perf Level: 1
------------------------------------------------
Initializing RocksDB Options from the specified file
Initializing RocksDB Options from command-line flags
Integrated BlobDB: blob cache disabled
DB path: [/dev/shm/db_bench_rocksdb_v810]
2026-08-14T09:35:23.447472Z fillrandom   :       1.508 micros/op 663259 ops/sec 75.385 seconds 50000000 operations;   36.7 MB/s
flush memtable
DB path: [/dev/shm/db_bench_rocksdb_v810]
2026-08-14T09:36:39.131475Z compact      : 30391067.000 micros/op 0 ops/sec 30.391 seconds 1 operations;
DB path: [/dev/shm/db_bench_rocksdb_v810]
2026-08-14T09:37:09.522784Z readseq      :       0.135 micros/op 7423429 ops/sec 4.258 seconds 31606112 operations;  410.6 MB/s
DB path: [/dev/shm/db_bench_rocksdb_v810]
2026-08-14T09:37:13.780623Z readseq      :       0.095 micros/op 10518285 ops/sec 3.005 seconds 31606112 operations;  581.8 MB/s
DB path: [/dev/shm/db_bench_rocksdb_v810]
2026-08-14T09:37:16.785719Z readseq      :       0.094 micros/op 10610143 ops/sec 2.979 seconds 31606112 operations;  586.9 MB/s
DB path: [/dev/shm/db_bench_rocksdb_v810]
2026-08-14T09:37:19.764865Z readrandom   :       3.224 micros/op 310146 ops/sec 161.214 seconds 50000000 operations;   10.8 MB/s (31604217 of 50000000 found)

