RocksDB:    version 8.10.2
Date:       Fri Aug 14 09:40:01 2026
CPU:        4 * AMD EPYC 7763 64-Core Processor
CPUCache:   512 KB
Set seed to 1786700401295884 because --seed was 0
Initializing RocksDB Options from the specified file
Initializing RocksDB Options from command-line flags
Integrated BlobDB: blob cache disabled
Keys:       8 bytes each (+ 0 bytes user-defined timestamp)
Values:     50 bytes each (25 bytes after compression)
Entries:    50000000
Prefix:    0 bytes
Keys per prefix:    0
RawSize:    2765.7 MB (estimated)
FileSize:   1573.6 MB (estimated)
Write rate: 0 bytes/second
Read rate: 0 ops/second
Compression: Snappy
Compression sampling rate: 0
Memtablerep: SkipListFactory
Perf Level: 1
------------------------------------------------
Initializing RocksDB Options from the specified file
Initializing RocksDB Options from command-line flags
Integrated BlobDB: blob cache disabled
DB path: [/dev/shm/db_bench_rocksdb_v810]
2026-08-14T09:40:01.308347Z fillseq      :       0.264 micros/op 3782787 ops/sec 13.218 seconds 50000000 operations;  209.2 MB/s
flush memtable
DB path: [/dev/shm/db_bench_rocksdb_v810]
2026-08-14T09:40:14.758060Z compact      : 19457381.000 micros/op 0 ops/sec 19.457 seconds 1 operations;
DB path: [/dev/shm/db_bench_rocksdb_v810]
2026-08-14T09:40:34.215739Z readseq      :       0.154 micros/op 6496493 ops/sec 7.696 seconds 50000000 operations;  359.3 MB/s
DB path: [/dev/shm/db_bench_rocksdb_v810]
2026-08-14T09:40:41.912527Z readseq      :       0.094 micros/op 10630731 ops/sec 4.703 seconds 50000000 operations;  588.0 MB/s
DB path: [/dev/shm/db_bench_rocksdb_v810]
2026-08-14T09:40:46.616116Z readseq      :       0.093 micros/op 10706000 ops/sec 4.670 seconds 50000000 operations;  592.2 MB/s
DB path: [/dev/shm/db_bench_rocksdb_v810]
2026-08-14T09:40:51.286620Z readrandom   :       3.327 micros/op 300609 ops/sec 166.329 seconds 50000000 operations;   16.6 MB/s (50000000 of 50000000 found)

