RocksDB:    version 8.10.2
Date:       Fri Aug  7 21:27:08 2026
CPU:        4 * AMD EPYC 9V74 80-Core Processor
CPUCache:   1024 KB
sample_statm_fdcache: cachestat failed: Operation not permitted
Set seed to 1786138028829781 because --seed was 0
Initializing RocksDB Options from the specified file
Initializing RocksDB Options from command-line flags
Integrated BlobDB: blob cache disabled
Keys:       8 bytes each (+ 0 bytes user-defined timestamp)
Values:     50 bytes each (25 bytes after compression)
Entries:    100000000
Prefix:    0 bytes
Keys per prefix:    0
RawSize:    5531.3 MB (estimated)
FileSize:   3147.1 MB (estimated)
Write rate: 0 bytes/second
Read rate: 0 ops/second
Compression: Snappy
Compression sampling rate: 0
Memtablerep: SkipListFactory
Perf Level: 1
------------------------------------------------
Initializing RocksDB Options from the specified file
Initializing RocksDB Options from command-line flags
Integrated BlobDB: blob cache disabled
DB path: [/dev/shm/db_bench_rocksdb_v810]
2026-08-07T21:27:08.842495Z fillrandom   :       1.427 micros/op 700956 ops/sec 142.662 seconds 100000000 operations;   38.8 MB/s
flush memtable
DB path: [/dev/shm/db_bench_rocksdb_v810]
2026-08-07T21:29:31.865697Z compact      : 60119970.000 micros/op 0 ops/sec 60.120 seconds 1 operations;
DB path: [/dev/shm/db_bench_rocksdb_v810]
2026-08-07T21:30:31.985892Z readseq      :       0.147 micros/op 6800753 ops/sec 9.295 seconds 63213544 operations;  376.2 MB/s
DB path: [/dev/shm/db_bench_rocksdb_v810]
2026-08-07T21:30:41.281320Z readseq      :       0.104 micros/op 9660733 ops/sec 6.543 seconds 63213544 operations;  534.4 MB/s
DB path: [/dev/shm/db_bench_rocksdb_v810]
2026-08-07T21:30:47.824966Z readseq      :       0.104 micros/op 9643887 ops/sec 6.555 seconds 63213544 operations;  533.4 MB/s
DB path: [/dev/shm/db_bench_rocksdb_v810]
2026-08-07T21:30:54.379958Z readrandom   :       3.028 micros/op 330287 ops/sec 302.766 seconds 100000000 operations;   11.5 MB/s (63215534 of 100000000 found)

