RocksDB:    version 8.10.2
Date:       Fri Aug  7 21:35:57 2026
CPU:        4 * AMD EPYC 9V74 80-Core Processor
CPUCache:   1024 KB
sample_statm_fdcache: cachestat failed: Operation not permitted
Set seed to 1786138557770385 because --seed was 0
Initializing RocksDB Options from the specified file
Initializing RocksDB Options from command-line flags
Integrated BlobDB: blob cache disabled
Keys:       8 bytes each (+ 0 bytes user-defined timestamp)
Values:     50 bytes each (25 bytes after compression)
Entries:    100000000
Prefix:    0 bytes
Keys per prefix:    0
RawSize:    5531.3 MB (estimated)
FileSize:   3147.1 MB (estimated)
Write rate: 0 bytes/second
Read rate: 0 ops/second
Compression: Snappy
Compression sampling rate: 0
Memtablerep: SkipListFactory
Perf Level: 1
------------------------------------------------
Initializing RocksDB Options from the specified file
Initializing RocksDB Options from command-line flags
Integrated BlobDB: blob cache disabled
DB path: [/dev/shm/db_bench_rocksdb_v810]
2026-08-07T21:35:57.782893Z fillseq      :       0.246 micros/op 4059037 ops/sec 24.636 seconds 100000000 operations;  224.5 MB/s
flush memtable
DB path: [/dev/shm/db_bench_rocksdb_v810]
2026-08-07T21:36:22.625668Z compact      : 36003765.000 micros/op 0 ops/sec 36.004 seconds 1 operations;
DB path: [/dev/shm/db_bench_rocksdb_v810]
2026-08-07T21:36:58.629714Z readseq      :       0.176 micros/op 5691186 ops/sec 17.571 seconds 100000000 operations;  314.8 MB/s
DB path: [/dev/shm/db_bench_rocksdb_v810]
2026-08-07T21:37:16.201021Z readseq      :       0.102 micros/op 9785430 ops/sec 10.219 seconds 100000000 operations;  541.3 MB/s
DB path: [/dev/shm/db_bench_rocksdb_v810]
2026-08-07T21:37:26.420541Z readseq      :       0.102 micros/op 9820259 ops/sec 10.183 seconds 100000000 operations;  543.2 MB/s
DB path: [/dev/shm/db_bench_rocksdb_v810]
2026-08-07T21:37:36.603775Z readrandom   :       3.118 micros/op 320716 ops/sec 311.802 seconds 100000000 operations;   17.7 MB/s (100000000 of 100000000 found)

