RocksDB:    version 8.10.2
Date:       Fri Aug  7 17:18:04 2026
CPU:        4 * AMD EPYC 9V74 80-Core Processor
CPUCache:   1024 KB
Set seed to 1786123084806833 because --seed was 0
Initializing RocksDB Options from the specified file
Initializing RocksDB Options from command-line flags
Integrated BlobDB: blob cache disabled
Keys:       8 bytes each (+ 0 bytes user-defined timestamp)
Values:     50 bytes each (25 bytes after compression)
Entries:    50000000
Prefix:    0 bytes
Keys per prefix:    0
RawSize:    2765.7 MB (estimated)
FileSize:   1573.6 MB (estimated)
Write rate: 0 bytes/second
Read rate: 0 ops/second
Compression: Snappy
Compression sampling rate: 0
Memtablerep: SkipListFactory
Perf Level: 1
------------------------------------------------
Initializing RocksDB Options from the specified file
Initializing RocksDB Options from command-line flags
Integrated BlobDB: blob cache disabled
DB path: [/dev/shm/db_bench_rocksdb_v810]
2026-08-07T17:18:04.818986Z fillseq      :       0.251 micros/op 3991269 ops/sec 12.527 seconds 50000000 operations;  220.8 MB/s
flush memtable
DB path: [/dev/shm/db_bench_rocksdb_v810]
2026-08-07T17:18:17.566459Z compact      : 17945074.000 micros/op 0 ops/sec 17.945 seconds 1 operations;
DB path: [/dev/shm/db_bench_rocksdb_v810]
2026-08-07T17:18:35.511846Z readseq      :       0.166 micros/op 6012720 ops/sec 8.316 seconds 50000000 operations;  332.6 MB/s
DB path: [/dev/shm/db_bench_rocksdb_v810]
2026-08-07T17:18:43.827769Z readseq      :       0.101 micros/op 9947651 ops/sec 5.026 seconds 50000000 operations;  550.2 MB/s
DB path: [/dev/shm/db_bench_rocksdb_v810]
2026-08-07T17:18:48.854356Z readseq      :       0.100 micros/op 9964444 ops/sec 5.018 seconds 50000000 operations;  551.2 MB/s
DB path: [/dev/shm/db_bench_rocksdb_v810]
2026-08-07T17:18:53.872437Z readrandom   :       2.894 micros/op 345580 ops/sec 144.684 seconds 50000000 operations;   19.1 MB/s (50000000 of 50000000 found)

