RocksDB:    version 8.10.2
Date:       Fri Aug 14 09:32:50 2026
CPU:        4 * AMD EPYC 7763 64-Core Processor
CPUCache:   512 KB
Set seed to 1786699970693413 because --seed was 0
Initializing RocksDB Options from the specified file
Initializing RocksDB Options from command-line flags
Integrated BlobDB: blob cache disabled
Keys:       8 bytes each (+ 0 bytes user-defined timestamp)
Values:     50 bytes each (25 bytes after compression)
Entries:    50000000
Prefix:    0 bytes
Keys per prefix:    0
RawSize:    2765.7 MB (estimated)
FileSize:   1573.6 MB (estimated)
Write rate: 0 bytes/second
Read rate: 0 ops/second
Compression: Snappy
Compression sampling rate: 0
Memtablerep: CSPPMemTabFactory
Perf Level: 1
------------------------------------------------
DB path: [/dev/shm/db_bench_enterprise]
nextwithkey  :    0.025717 micros/op 38882909 ops/sec 1.286 seconds 50000000 operations;  296.7 MB/s
DB path: [/dev/shm/db_bench_enterprise]
nextwithkey  :    0.025527 micros/op 39172304 ops/sec 1.276 seconds 50000000 operations;  298.9 MB/s
DB path: [/dev/shm/db_bench_enterprise]
nextwithkey  :    0.025333 micros/op 39471025 ops/sec 1.267 seconds 50000000 operations;  301.1 MB/s
DB path: [/dev/shm/db_bench_enterprise]
readseq      :    0.025996 micros/op 38464230 ops/sec 1.300 seconds 50000000 operations;  293.5 MB/s
DB path: [/dev/shm/db_bench_enterprise]
readseq      :    0.026002 micros/op 38456272 ops/sec 1.300 seconds 50000000 operations;  293.4 MB/s
DB path: [/dev/shm/db_bench_enterprise]
readseq      :    0.025934 micros/op 38556833 ops/sec 1.297 seconds 50000000 operations;  294.2 MB/s
