RocksDB:    version 8.10.2
Date:       Fri Aug 14 09:35:17 2026
CPU:        4 * AMD EPYC 7763 64-Core Processor
CPUCache:   512 KB
Set seed to 1786700117151179 because --seed was 0
Initializing RocksDB Options from the specified file
Initializing RocksDB Options from command-line flags
Integrated BlobDB: blob cache disabled
Keys:       8 bytes each (+ 0 bytes user-defined timestamp)
Values:     50 bytes each (25 bytes after compression)
Entries:    50000000
Prefix:    0 bytes
Keys per prefix:    0
RawSize:    2765.7 MB (estimated)
FileSize:   1573.6 MB (estimated)
Write rate: 0 bytes/second
Read rate: 0 ops/second
Compression: Snappy
Compression sampling rate: 0
Memtablerep: CSPPMemTabFactory
Perf Level: 1
------------------------------------------------
DB path: [/dev/shm/db_bench_enterprise]
nextwithkey  :    0.019145 micros/op 52230176 ops/sec 0.957 seconds 50000000 operations;  398.5 MB/s
DB path: [/dev/shm/db_bench_enterprise]
nextwithkey  :    0.019228 micros/op 52001701 ops/sec 0.962 seconds 50000000 operations;  396.7 MB/s
DB path: [/dev/shm/db_bench_enterprise]
nextwithkey  :    0.019036 micros/op 52527188 ops/sec 0.952 seconds 50000000 operations;  400.8 MB/s
DB path: [/dev/shm/db_bench_enterprise]
readseq      :    0.019624 micros/op 50953960 ops/sec 0.981 seconds 50000000 operations;  388.7 MB/s
DB path: [/dev/shm/db_bench_enterprise]
readseq      :    0.019934 micros/op 50160413 ops/sec 0.997 seconds 50000000 operations;  382.7 MB/s
DB path: [/dev/shm/db_bench_enterprise]
readseq      :    0.019604 micros/op 51006563 ops/sec 0.980 seconds 50000000 operations;  389.1 MB/s
