RocksDB:    version 8.10.2
Date:       Fri Aug 14 09:32:58 2026
CPU:        4 * AMD EPYC 7763 64-Core Processor
CPUCache:   512 KB
Set seed to 1786699978897923 because --seed was 0
Initializing RocksDB Options from the specified file
Initializing RocksDB Options from command-line flags
Integrated BlobDB: blob cache disabled
Keys:       8 bytes each (+ 0 bytes user-defined timestamp)
Values:     50 bytes each (25 bytes after compression)
Entries:    50000000
Prefix:    0 bytes
Keys per prefix:    0
RawSize:    2765.7 MB (estimated)
FileSize:   1573.6 MB (estimated)
Write rate: 0 bytes/second
Read rate: 0 ops/second
Compression: Snappy
Compression sampling rate: 0
Memtablerep: CSPPMemTabFactory
Perf Level: 1
------------------------------------------------
Initializing RocksDB Options from the specified file
Initializing RocksDB Options from command-line flags
Integrated BlobDB: blob cache disabled
DB path: [/dev/shm/db_bench_enterprise]
2026-08-14T09:33:00.928644Z fillseq      :    0.443386 micros/op 2255365 ops/sec 22.169 seconds 50000000 operations;  124.8 MB/s
start step[ordinal=0, threadno=0, live_fibers=1]: ZipInputData
start step[ordinal=0, threadno=1, live_fibers=1]: ZipInputData
start step[ordinal=0, threadno=2, live_fibers=1]: ZipInputData
start step[ordinal=0, threadno=3, live_fibers=1]: ZipInputData
start step[ordinal=1, threadno=0, live_fibers=1]: WriteZipData
flush memtable
DB path: [/dev/shm/db_bench_enterprise]
2026-08-14T09:33:23.102256Z compact      : 65405711.000000 micros/op 0 ops/sec 65.406 seconds 1 operations;
DB path: [/dev/shm/db_bench_enterprise]
2026-08-14T09:34:28.508244Z readseq      :    0.049269 micros/op 20296466 ops/sec 2.463 seconds 50000000 operations; 1122.7 MB/s
DB path: [/dev/shm/db_bench_enterprise]
2026-08-14T09:34:30.971992Z readseq      :    0.049177 micros/op 20334213 ops/sec 2.459 seconds 50000000 operations; 1124.7 MB/s
DB path: [/dev/shm/db_bench_enterprise]
2026-08-14T09:34:33.431133Z readseq      :    0.049850 micros/op 20059874 ops/sec 2.493 seconds 50000000 operations; 1109.6 MB/s
DB path: [/dev/shm/db_bench_enterprise]
2026-08-14T09:34:35.923978Z readrandom   :    0.808360 micros/op 1237071 ops/sec 40.418 seconds 50000000 operations;   68.4 MB/s (50000000 of 50000000 found)

ended step[ordinal=0, threadno=2, live_fibers=1]: ZipInputData
ended step[ordinal=0, threadno=3, live_fibers=1]: ZipInputData
ended step[ordinal=0, threadno=0, live_fibers=1]: ZipInputData
ended step[ordinal=0, threadno=1, live_fibers=1]: ZipInputData
ended step[ordinal=1, threadno=0, live_fibers=1]: WriteZipData
