RocksDB:    version 8.10.2
Date:       Fri Aug 14 09:30:42 2026
CPU:        4 * AMD EPYC 7763 64-Core Processor
CPUCache:   512 KB
Set seed to 1786699842456708 because --seed was 0
Initializing RocksDB Options from the specified file
Initializing RocksDB Options from command-line flags
Integrated BlobDB: blob cache disabled
Keys:       8 bytes each (+ 0 bytes user-defined timestamp)
Values:     50 bytes each (25 bytes after compression)
Entries:    50000000
Prefix:    0 bytes
Keys per prefix:    0
RawSize:    2765.7 MB (estimated)
FileSize:   1573.6 MB (estimated)
Write rate: 0 bytes/second
Read rate: 0 ops/second
Compression: Snappy
Compression sampling rate: 0
Memtablerep: CSPPMemTabFactory
Perf Level: 1
------------------------------------------------
Initializing RocksDB Options from the specified file
Initializing RocksDB Options from command-line flags
Integrated BlobDB: blob cache disabled
DB path: [/dev/shm/db_bench_enterprise]
2026-08-14T09:30:44.488502Z fillrandom   :    0.899729 micros/op 1111437 ops/sec 44.987 seconds 50000000 operations;   61.5 MB/s
start step[ordinal=0, threadno=0, live_fibers=1]: ZipInputData
start step[ordinal=0, threadno=1, live_fibers=1]: ZipInputData
start step[ordinal=0, threadno=2, live_fibers=1]: ZipInputData
start step[ordinal=0, threadno=3, live_fibers=1]: ZipInputData
start step[ordinal=1, threadno=0, live_fibers=1]: WriteZipData
flush memtable
DB path: [/dev/shm/db_bench_enterprise]
2026-08-14T09:31:29.490929Z compact      : 39120267.000000 micros/op 0 ops/sec 39.120 seconds 1 operations;
DB path: [/dev/shm/db_bench_enterprise]
2026-08-14T09:32:08.611478Z readseq      :    0.061131 micros/op 16358146 ops/sec 3.057 seconds 50000000 operations;  904.8 MB/s
DB path: [/dev/shm/db_bench_enterprise]
2026-08-14T09:32:11.668330Z readseq      :    0.061098 micros/op 16366815 ops/sec 3.055 seconds 50000000 operations;  905.3 MB/s
DB path: [/dev/shm/db_bench_enterprise]
2026-08-14T09:32:14.723514Z readseq      :    0.060487 micros/op 16532215 ops/sec 3.024 seconds 50000000 operations;  914.4 MB/s
DB path: [/dev/shm/db_bench_enterprise]
2026-08-14T09:32:17.748166Z readrandom   :    0.623093 micros/op 1604894 ops/sec 31.155 seconds 50000000 operations;   56.1 MB/s (31606044 of 50000000 found)

ended step[ordinal=0, threadno=1, live_fibers=1]: ZipInputData
ended step[ordinal=0, threadno=3, live_fibers=1]: ZipInputData
ended step[ordinal=0, threadno=2, live_fibers=1]: ZipInputData
ended step[ordinal=0, threadno=0, live_fibers=1]: ZipInputData
ended step[ordinal=1, threadno=0, live_fibers=1]: WriteZipData
