Running as unit: run-r896f67eae21d4c1e80a46f2c8efc088a.scope; invocation ID: 993806d01fc0420b806ae309fbdd100d
RocksDB:    version 8.10.2
Date:       Sun Aug  9 09:43:16 2026
CPU:        4 * AMD EPYC 7763 64-Core Processor
CPUCache:   512 KB
Set seed to 1786268596379320 because --seed was 0
Initializing RocksDB Options from the specified file
Initializing RocksDB Options from command-line flags
Integrated BlobDB: blob cache disabled
Keys:       8 bytes each (+ 0 bytes user-defined timestamp)
Values:     50 bytes each (25 bytes after compression)
Entries:    100000000
Prefix:    0 bytes
Keys per prefix:    0
RawSize:    5531.3 MB (estimated)
FileSize:   3147.1 MB (estimated)
Write rate: 0 bytes/second
Read rate: 0 ops/second
Compression: Snappy
Compression sampling rate: 0
Memtablerep: CSPPMemTabFactory
Perf Level: 1
------------------------------------------------
Initializing RocksDB Options from the specified file
Initializing RocksDB Options from command-line flags
Integrated BlobDB: blob cache disabled
DB path: [/dev/shm/db_bench_enterprise]
2026-08-09T09:43:18.408757Z fillseq      :    0.563956 micros/op 1773186 ops/sec 56.396 seconds 100000000 operations;   98.1 MB/s
flush memtable
DB path: [/dev/shm/db_bench_enterprise]
2026-08-09T09:44:14.808911Z compact      : 130502198.000000 micros/op 0 ops/sec 130.502 seconds 1 operations;
DB path: [/dev/shm/db_bench_enterprise]
2026-08-09T09:46:25.311336Z readseq      :    0.049035 micros/op 20393525 ops/sec 4.904 seconds 100000000 operations; 1128.0 MB/s
DB path: [/dev/shm/db_bench_enterprise]
2026-08-09T09:46:30.215082Z readseq      :    0.048921 micros/op 20440877 ops/sec 4.892 seconds 100000000 operations; 1130.6 MB/s
DB path: [/dev/shm/db_bench_enterprise]
2026-08-09T09:46:35.107533Z readseq      :    0.048224 micros/op 20736270 ops/sec 4.822 seconds 100000000 operations; 1147.0 MB/s
DB path: [/dev/shm/db_bench_enterprise]
2026-08-09T09:46:39.930210Z readrandom   :    0.740186 micros/op 1351010 ops/sec 74.019 seconds 100000000 operations;   74.7 MB/s (100000000 of 100000000 found)

