$ /home/runner/work/toplingdb/toplingdb/_run_prefix/topling/bin/db_bench -json logs/zipkeyvalue/db_bench-fillseq-cspp.yaml -num=100000000 -key_size=8 -value_size=50 -batch_size=1000 -benchmarks=nextwithkey,nextwithkey,nextwithkey,readseq,readseq,readseq -scan_omit_key -scan_omit_value -use_existing_db=1 -enable_zero_copy -progress_reports=false
RocksDB:    version 8.10.2
Date:       Mon Sep 14 06:02:48 2026
CPU:        4 * AMD EPYC 7763 64-Core Processor
CPUCache:   512 KB
Set seed to 1789365768149507 because --seed was 0
Initializing RocksDB Options from the specified file
Initializing RocksDB Options from command-line flags
Integrated BlobDB: blob cache disabled
Keys:       8 bytes each (+ 0 bytes user-defined timestamp)
Values:     50 bytes each (25 bytes after compression)
Entries:    100000000
Prefix:    0 bytes
Keys per prefix:    0
RawSize:    5531.3 MB (estimated)
FileSize:   3147.1 MB (estimated)
Write rate: 0 bytes/second
Read rate: 0 ops/second
Compression: Snappy
Compression sampling rate: 0
Memtablerep: CSPPMemTabFactory
Perf Level: 1
------------------------------------------------
DB path: [/dev/shm/db_bench_enterprise]
nextwithkey  :    0.019501 micros/op 51276818 ops/sec 1.950 seconds 100000000 operations;  391.2 MB/s
DB path: [/dev/shm/db_bench_enterprise]
nextwithkey  :    0.019497 micros/op 51288390 ops/sec 1.950 seconds 100000000 operations;  391.3 MB/s
DB path: [/dev/shm/db_bench_enterprise]
nextwithkey  :    0.019593 micros/op 51036812 ops/sec 1.959 seconds 100000000 operations;  389.4 MB/s
DB path: [/dev/shm/db_bench_enterprise]
readseq      :    0.019989 micros/op 50025162 ops/sec 1.999 seconds 100000000 operations;  381.7 MB/s
DB path: [/dev/shm/db_bench_enterprise]
readseq      :    0.019998 micros/op 50002875 ops/sec 2.000 seconds 100000000 operations;  381.5 MB/s
DB path: [/dev/shm/db_bench_enterprise]
readseq      :    0.019982 micros/op 50044013 ops/sec 1.998 seconds 100000000 operations;  381.8 MB/s
