$ /home/runner/work/toplingdb/toplingdb/_run_prefix/topling/bin/db_bench -json logs/zipkeyvalue/db_bench-fillseq-cspp.yaml -num=100000000 -key_size=8 -value_size=50 -batch_size=1000 -benchmarks=fillseq,flush,compact,readseq,readseq,readseq,readrandom -enable_zero_copy -progress_reports=false -report_bench_start_time -compact_target_level=6
RocksDB:    version 8.10.2
Date:       Mon Sep 14 05:58:47 2026
CPU:        4 * AMD EPYC 7763 64-Core Processor
CPUCache:   512 KB
Set seed to 1789365527760533 because --seed was 0
Initializing RocksDB Options from the specified file
Initializing RocksDB Options from command-line flags
Integrated BlobDB: blob cache disabled
Keys:       8 bytes each (+ 0 bytes user-defined timestamp)
Values:     50 bytes each (25 bytes after compression)
Entries:    100000000
Prefix:    0 bytes
Keys per prefix:    0
RawSize:    5531.3 MB (estimated)
FileSize:   3147.1 MB (estimated)
Write rate: 0 bytes/second
Read rate: 0 ops/second
Compression: Snappy
Compression sampling rate: 0
Memtablerep: CSPPMemTabFactory
Perf Level: 1
------------------------------------------------
Initializing RocksDB Options from the specified file
Initializing RocksDB Options from command-line flags
Integrated BlobDB: blob cache disabled
DB path: [/dev/shm/db_bench_enterprise]
2026-09-14T05:58:49.790219Z fillseq      :    0.333457 micros/op 2998884 ops/sec 33.346 seconds 100000000 operations;  165.9 MB/s
start step[ordinal=0, threadno=0, live_fibers=1]: ZipInputData
start step[ordinal=0, threadno=1, live_fibers=1]: ZipInputData
start step[ordinal=0, threadno=2, live_fibers=1]: ZipInputData
start step[ordinal=0, threadno=3, live_fibers=1]: ZipInputData
start step[ordinal=1, threadno=0, live_fibers=1]: WriteZipData
flush memtable
DB path: [/dev/shm/db_bench_enterprise]
2026-09-14T05:59:23.165521Z compact      : 123444702.000000 micros/op 0 ops/sec 123.445 seconds 1 operations;
DB path: [/dev/shm/db_bench_enterprise]
2026-09-14T06:01:26.610450Z readseq      :    0.049148 micros/op 20346567 ops/sec 4.915 seconds 100000000 operations; 1125.4 MB/s
DB path: [/dev/shm/db_bench_enterprise]
2026-09-14T06:01:31.525509Z readseq      :    0.048181 micros/op 20754866 ops/sec 4.818 seconds 100000000 operations; 1148.0 MB/s
DB path: [/dev/shm/db_bench_enterprise]
2026-09-14T06:01:36.343859Z readseq      :    0.047893 micros/op 20879668 ops/sec 4.789 seconds 100000000 operations; 1154.9 MB/s
DB path: [/dev/shm/db_bench_enterprise]
2026-09-14T06:01:41.133435Z readrandom   :    0.658202 micros/op 1519290 ops/sec 65.820 seconds 100000000 operations;   84.0 MB/s (100000000 of 100000000 found)

ended step[ordinal=0, threadno=3, live_fibers=1]: ZipInputData
ended step[ordinal=0, threadno=0, live_fibers=1]: ZipInputData
ended step[ordinal=0, threadno=1, live_fibers=1]: ZipInputData
ended step[ordinal=0, threadno=2, live_fibers=1]: ZipInputData
ended step[ordinal=1, threadno=0, live_fibers=1]: WriteZipData
