$ /home/runner/work/toplingdb/toplingdb/_run_prefix/topling/bin/db_bench -json logs/zipkeyvalue/db_bench-fillseq.yaml -num=100000000 -key_size=8 -value_size=50 -batch_size=1000 -benchmarks=fillseq,flush,compact,readseq,readseq,readseq,readrandom -enable_zero_copy -progress_reports=false -report_bench_start_time -compact_target_level=6
RocksDB:    version 8.10.2
Date:       Mon Sep 14 05:54:36 2026
CPU:        4 * AMD EPYC 7763 64-Core Processor
CPUCache:   512 KB
Set seed to 1789365276941353 because --seed was 0
Initializing RocksDB Options from the specified file
Initializing RocksDB Options from command-line flags
Integrated BlobDB: blob cache disabled
Keys:       8 bytes each (+ 0 bytes user-defined timestamp)
Values:     50 bytes each (25 bytes after compression)
Entries:    100000000
Prefix:    0 bytes
Keys per prefix:    0
RawSize:    5531.3 MB (estimated)
FileSize:   3147.1 MB (estimated)
Write rate: 0 bytes/second
Read rate: 0 ops/second
Compression: Snappy
Compression sampling rate: 0
Memtablerep: OffsetSkipList
Perf Level: 1
------------------------------------------------
Initializing RocksDB Options from the specified file
Initializing RocksDB Options from command-line flags
Integrated BlobDB: blob cache disabled
DB path: [/dev/shm/db_bench_enterprise]
2026-09-14T05:54:38.967565Z fillseq      :    0.314733 micros/op 3177277 ops/sec 31.473 seconds 100000000 operations;  175.7 MB/s
start step[ordinal=0, threadno=0, live_fibers=1]: ZipInputData
start step[ordinal=0, threadno=1, live_fibers=1]: ZipInputData
start step[ordinal=0, threadno=2, live_fibers=1]: ZipInputData
start step[ordinal=0, threadno=3, live_fibers=1]: ZipInputData
start step[ordinal=1, threadno=0, live_fibers=1]: WriteZipData
flush memtable
DB path: [/dev/shm/db_bench_enterprise]
2026-09-14T05:55:10.455426Z compact      : 123356832.000000 micros/op 0 ops/sec 123.357 seconds 1 operations;
DB path: [/dev/shm/db_bench_enterprise]
2026-09-14T05:57:13.812495Z readseq      :    0.048103 micros/op 20788443 ops/sec 4.810 seconds 100000000 operations; 1149.9 MB/s
DB path: [/dev/shm/db_bench_enterprise]
2026-09-14T05:57:18.623473Z readseq      :    0.047776 micros/op 20930731 ops/sec 4.778 seconds 100000000 operations; 1157.7 MB/s
DB path: [/dev/shm/db_bench_enterprise]
2026-09-14T05:57:23.401431Z readseq      :    0.047629 micros/op 20995232 ops/sec 4.763 seconds 100000000 operations; 1161.3 MB/s
DB path: [/dev/shm/db_bench_enterprise]
2026-09-14T05:57:28.164635Z readrandom   :    0.661831 micros/op 1510958 ops/sec 66.183 seconds 100000000 operations;   83.6 MB/s (100000000 of 100000000 found)

ended step[ordinal=0, threadno=2, live_fibers=1]: ZipInputData
ended step[ordinal=0, threadno=1, live_fibers=1]: ZipInputData
ended step[ordinal=0, threadno=3, live_fibers=1]: ZipInputData
ended step[ordinal=0, threadno=0, live_fibers=1]: ZipInputData
ended step[ordinal=1, threadno=0, live_fibers=1]: WriteZipData
